repeat,length,role,calls,elapsed_ns,checksum
0,1,old,200000,270947,3428043392
0,1,new,200000,225682,3428043392
0,7,old,200000,803713,2068394496
0,7,new,200000,847746,2068394496
0,8,old,200000,949756,1751654528
0,8,new,200000,349043,1751654528
0,16,old,200000,2451053,3556112192
0,16,new,200000,618226,3556112192
0,28,old,200000,5280925,3888634880
0,28,new,200000,1391402,3888634880
0,64,old,200000,17513198,3117024768
0,64,new,200000,2904802,3117024768
0,128,old,131072,26570065,1305608192
0,128,new,131072,5102632,1305608192
0,8192,old,4096,60515040,2865192960
0,8192,new,4096,13389397,2865192960
0,16384,old,4096,113353376,1672568832
0,16384,new,4096,23611682,1672568832
1,1,new,200000,298929,3428043392
1,1,old,200000,261529,3428043392
1,7,new,200000,697635,2068394496
1,7,old,200000,657379,2068394496
1,8,new,200000,333814,1751654528
1,8,old,200000,765130,1751654528
1,16,new,200000,493032,3556112192
1,16,old,200000,1926673,3556112192
1,28,new,200000,1096511,3888634880
1,28,old,200000,4144079,3888634880
1,64,new,200000,2273722,3117024768
1,64,old,200000,13684108,3117024768
1,128,new,131072,4058790,1305608192
1,128,old,131072,20780879,1305608192
1,8192,new,4096,10620359,2865192960
1,8192,old,4096,47309056,2865192960
1,16384,new,4096,21269593,1672568832
1,16384,old,4096,94867527,1672568832
2,1,old,200000,211866,3428043392
2,1,new,200000,247103,3428043392
2,7,old,200000,631641,2068394496
2,7,new,200000,658622,2068394496
2,8,old,200000,741727,1751654528
2,8,new,200000,284212,1751654528
2,16,old,200000,1924027,3556112192
2,16,new,200000,484446,3556112192
2,28,old,200000,4153497,3888634880
2,28,new,200000,1087514,3888634880
2,64,old,200000,13698416,3117024768
2,64,new,200000,2279402,3117024768
2,128,old,131072,20856190,1305608192
2,128,new,131072,3954325,1305608192
2,8192,old,4096,47382473,2865192960
2,8192,new,4096,10631992,2865192960
2,16384,old,4096,95190531,1672568832
2,16384,new,4096,21347709,1672568832
3,1,new,200000,284081,3428043392
3,1,old,200000,248926,3428043392
3,7,new,200000,662979,2068394496
3,7,old,200000,632432,2068394496
3,8,new,200000,321211,1751654528
3,8,old,200000,746746,1751654528
3,16,new,200000,483885,3556112192
3,16,old,200000,1930720,3556112192
3,28,new,200000,1093023,3888634880
3,28,old,200000,4183904,3888634880
3,64,new,200000,2287548,3117024768
3,64,old,200000,13720847,3117024768
3,128,new,131072,3972819,1305608192
3,128,old,131072,20836303,1305608192
3,8192,new,4096,10600923,2865192960
3,8192,old,4096,47525741,2865192960
3,16384,new,4096,21338211,1672568832
3,16384,old,4096,95681420,1672568832
