       Fresh unicode-ident v1.0.24
       Fresh proc-macro2 v1.0.107
       Fresh quote v1.0.47
       Fresh libc v0.2.189
       Fresh syn v2.0.119
       Fresh syn v3.0.4
       Fresh pin-project-lite v0.2.17
       Fresh jobserver v0.1.35
       Fresh synstructure v0.13.2
       Fresh futures-core v0.3.34
       Fresh find-msvc-tools v0.1.12
       Fresh shlex v2.0.1
       Fresh cc v1.4.5
       Fresh zerofrom-derive v0.1.7
       Fresh itoa v1.0.18
       Fresh zerofrom v0.1.8
       Fresh yoke-derive v0.8.2
       Fresh tokio-macros v2.7.2
       Fresh socket2 v0.6.5
       Fresh mio v1.2.2
       Fresh smallvec v1.15.2
       Fresh stable_deref_trait v1.2.1
       Fresh tokio v1.53.1
       Fresh serde_core v1.0.229
       Fresh yoke v0.8.3
       Fresh typenum v1.20.1
       Fresh http v1.5.0
       Fresh futures-macro v0.3.34
       Fresh zerovec-derive v0.11.6
       Fresh futures-task v0.3.34
       Fresh futures-sink v0.3.34
       Fresh slab v0.4.12
       Fresh futures-util v0.3.34
       Fresh zerovec v0.11.8
       Fresh tracing-core v0.1.36
       Fresh cmake v0.1.58
       Fresh tracing-attributes v0.1.31
       Fresh displaydoc v0.2.7
       Fresh pkg-config v0.3.34
       Fresh dunce v1.0.5
       Fresh fs_extra v1.3.0
       Fresh tracing v0.1.44
       Fresh tokio-util v0.7.19
       Fresh http-body v1.1.0
       Fresh version_check v0.9.5
       Fresh percent-encoding v2.3.2
       Fresh serde_derive v1.0.229
       Fresh tower-service v0.3.3
       Fresh serde v1.0.229
       Fresh tinystr v0.8.4
       Fresh writeable v0.6.4
       Fresh zeroize v1.9.0
       Fresh litemap v0.8.3
       Fresh icu_locale_core v2.3.0
       Fresh generic-array v0.14.7
       Fresh zerotrie v0.2.5
       Fresh potential_utf v0.1.6
       Fresh atomic-waker v1.1.2
       Fresh try-lock v0.2.5
       Fresh utf8_iter v1.0.4
       Fresh fnv v1.0.7
       Fresh want v0.3.1
       Fresh icu_collections v2.3.0
       Fresh h2 v0.4.19
       Fresh icu_provider v2.3.1
       Fresh httparse v1.10.1
       Fresh rustls-pki-types v1.15.1
       Fresh aws-lc-sys v0.45.0
       Fresh sync_wrapper v1.0.2
       Fresh futures-channel v0.3.34
       Fresh tower-layer v0.3.3
       Fresh httpdate v1.0.3
       Fresh aws-lc-rs v1.18.1
       Fresh icu_normalizer_data v2.3.0
       Fresh hyper v1.11.0
       Fresh icu_properties_data v2.3.0
       Fresh crypto-common v0.1.7
       Fresh block-buffer v0.10.4
       Fresh base64 v0.22.1
       Fresh ipnet v2.12.2
       Fresh bytes v1.12.1
       Fresh untrusted v0.9.0
       Fresh hyper-util v0.1.20
       Fresh icu_properties v2.3.0
       Fresh rustls-webpki v0.103.15
       Fresh digest v0.10.7
       Fresh icu_normalizer v2.3.0
       Fresh tower v0.5.3
       Fresh http-body-util v0.1.5
       Fresh subtle v2.6.1
       Fresh memchr v2.8.3
       Fresh rustls v0.23.44
       Fresh idna_adapter v1.2.2
       Fresh aho-corasick v1.1.5
       Fresh form_urlencoded v1.2.2
       Fresh hybrid-array v0.4.14
       Fresh thiserror-impl v1.0.69
       Fresh regex-syntax v0.8.11
       Fresh autocfg v1.5.1
       Fresh thiserror v1.0.69
       Fresh regex-automata v0.4.18
       Fresh idna v1.1.0
       Fresh rand_core v0.10.1
       Fresh openssl-probe v0.2.1
       Fresh cpufeatures v0.2.17
       Fresh itertools v0.14.0
       Fresh sha2 v0.10.9
       Fresh rustls-native-certs v0.8.4
       Fresh anyhow v1.0.104
       Fresh url v2.5.8
       Fresh regex v1.13.1
       Fresh crypto-common v0.2.2
       Fresh block-buffer v0.12.1
       Fresh tokio-rustls v0.26.5
       Fresh async-trait v0.1.92
       Fresh cpufeatures v0.3.1
       Fresh scopeguard v1.2.0
       Fresh lock_api v0.4.14
       Fresh tower-http v0.6.11
       Fresh rustls-platform-verifier v0.7.0
       Fresh chacha20 v0.10.2
       Fresh digest v0.11.3
       Fresh hyper-rustls v0.27.9
       Fresh num-traits v0.2.19
       Fresh prost-derive v0.14.4
       Fresh parking_lot_core v0.9.12
       Fresh zmij v1.0.23
       Fresh thiserror-impl v2.0.20
       Fresh either v1.18.0
       Fresh ryu v1.0.23
       Fresh spin v0.10.1
       Fresh bitflags v2.13.1
       Fresh iana-time-zone v0.1.65
       Fresh triomphe v0.1.16
       Fresh crc-fast v1.10.0
       Fresh serde_urlencoded v0.7.1
       Fresh chrono v0.4.45
       Fresh archery v1.2.3
       Fresh itertools v0.15.0
       Fresh serde_json v1.0.151
       Fresh parking_lot v0.12.5
       Fresh rand v0.10.2
       Fresh thiserror v2.0.20
       Fresh md-5 v0.11.0
       Fresh reqwest v0.13.4
       Fresh quick-xml v0.41.0
       Fresh humantime v2.4.0
       Fresh object_store v0.14.1
       Fresh rpds v1.2.1
       Fresh linux-raw-sys v0.12.1
       Fresh unicase v2.9.0
       Fresh foldhash v0.1.5
       Fresh equivalent v1.0.2
       Fresh cfg-if v1.0.4
       Fresh hashbrown v0.17.1
       Fresh getrandom v0.4.3
       Fresh pulldown-cmark v0.13.4
       Fresh hashbrown v0.15.5
       Fresh indexmap v2.14.0
       Fresh prettyplease v0.2.37
       Fresh rustix v1.1.4
       Fresh once_cell v1.21.4
       Fresh fastrand v2.5.0
       Fresh fixedbitset v0.5.7
       Fresh tempfile v3.27.0
       Fresh prost-types v0.14.4
       Fresh petgraph v0.8.3
       Fresh pulldown-cmark-to-cmark v22.0.1
       Fresh multimap v0.10.1
       Fresh log v0.4.34
       Fresh heck v0.5.0
       Fresh prost-build v0.14.4
       Fresh protobuf-codegen v2.28.0
       Fresh tonic-build v0.14.6
       Fresh bitflags v1.3.2
       Fresh rustversion v1.0.23
       Fresh tonic-prost-build v0.14.6
       Fresh zerocopy v0.8.56
       Fresh protobuf-build v0.14.1
       Fresh getrandom v0.2.17
       Fresh mime v0.3.17
       Fresh rand_core v0.6.4
       Fresh axum-core v0.5.6
       Fresh ppv-lite86 v0.2.21
       Fresh pin-project-internal v1.1.13
       Fresh matchit v0.8.4
       Fresh axum v0.8.9
       Fresh rand_chacha v0.3.1
       Fresh pin-project v1.1.13
       Fresh protobuf v2.28.0
       Fresh hyper-timeout v0.5.2
       Fresh erased-serde v0.3.31
       Fresh tokio-stream v0.1.19
       Fresh byteorder v1.5.0
       Fresh slog v2.8.2
       Fresh raft-proto v0.7.0
       Fresh tonic v0.14.6
       Fresh fxhash v0.2.1
       Fresh rand v0.8.8
   Compiling kv9-raft v0.0.0 (/tmp/kv9-quorum-message-trace/crates/raft)
       Fresh prost v0.14.4
       Fresh getset v0.1.7
   Compiling kv9-server v0.0.0 (/tmp/kv9-quorum-message-trace/crates/server)
       Fresh raft v0.7.0
       Fresh tonic-prost v0.14.6
     Running `/home/dongxu/.rustup/toolchains/stable-x86_64-unknown-linux-gnu/bin/rustc --crate-name build_script_build --edition=2021 crates/raft/build.rs --error-format=json --json=diagnostic-rendered-ansi,artifacts,future-incompat --crate-type bin --emit=dep-info,link -C embed-bitcode=no -C debug-assertions=off --cfg 'feature="testing"' --check-cfg 'cfg(docsrs,test)' --check-cfg 'cfg(feature, values("quorum-trace", "read-stage-timing", "testing"))' -C metadata=6195583291e8b49b -C extra-filename=-d79d3d1ab208bd03 --out-dir /home/dongxu/kv9/target/release/build/kv9-raft-d79d3d1ab208bd03 -C strip=debuginfo -L dependency=/home/dongxu/kv9/target/release/deps --extern tonic_prost_build=/home/dongxu/kv9/target/release/deps/libtonic_prost_build-e532348ae68a08db.rlib`
     Running `/home/dongxu/.rustup/toolchains/stable-x86_64-unknown-linux-gnu/bin/rustc --crate-name build_script_build --edition=2021 crates/server/build.rs --error-format=json --json=diagnostic-rendered-ansi,artifacts,future-incompat --crate-type bin --emit=dep-info,link -C embed-bitcode=no -C debug-assertions=off --check-cfg 'cfg(docsrs,test)' --check-cfg 'cfg(feature, values("checkpoint-testing", "quorum-trace", "rpc-experiment"))' -C metadata=27e79c7dbcc624bf -C extra-filename=-82e47e5d99235fff --out-dir /home/dongxu/kv9/target/release/build/kv9-server-82e47e5d99235fff -C strip=debuginfo -L dependency=/home/dongxu/kv9/target/release/deps --extern tonic_prost_build=/home/dongxu/kv9/target/release/deps/libtonic_prost_build-e532348ae68a08db.rlib`
   Compiling kv9-engine v0.0.0 (/tmp/kv9-quorum-message-trace/crates/engine)
       Fresh tikv-jemalloc-sys v0.6.1+5.3.0-1-ge13ca993e8ccb9ba9847cc330696e02839f328f7
     Running `/home/dongxu/.rustup/toolchains/stable-x86_64-unknown-linux-gnu/bin/rustc --crate-name kv9_engine --edition=2021 crates/engine/src/lib.rs --error-format=json --json=diagnostic-rendered-ansi,artifacts,future-incompat --emit=dep-info,link -C opt-level=3 -C lto=thin -C codegen-units=1 --test --cfg 'feature="testing"' --check-cfg 'cfg(docsrs,test)' --check-cfg 'cfg(feature, values("testing"))' -C metadata=ce5ea6728f1d4591 -C extra-filename=-eff2e02b802b1590 --out-dir /home/dongxu/kv9/target/release/deps -C strip=debuginfo -L dependency=/home/dongxu/kv9/target/release/deps --extern futures_util=/home/dongxu/kv9/target/release/deps/libfutures_util-455d1842c1ed6ddf.rlib --extern kv9_common=/home/dongxu/kv9/target/release/deps/libkv9_common-6f43a4921a76199a.rlib --extern kv9_engine=/home/dongxu/kv9/target/release/deps/libkv9_engine-831163ec49c60d58.rlib --extern s3_client=/home/dongxu/kv9/target/release/deps/libobject_store-d141092d731e3aa1.rlib --extern rpds=/home/dongxu/kv9/target/release/deps/librpds-d0d9b5fbc070d539.rlib --extern serde=/home/dongxu/kv9/target/release/deps/libserde-0dda36f05aa0261c.rlib --extern serde_json=/home/dongxu/kv9/target/release/deps/libserde_json-87d58736268df41f.rlib --extern sha2=/home/dongxu/kv9/target/release/deps/libsha2-3222cd247b380c5d.rlib --extern thiserror=/home/dongxu/kv9/target/release/deps/libthiserror-2d1971d5356cd042.rlib --extern tokio=/home/dongxu/kv9/target/release/deps/libtokio-f8bd00cda329119c.rlib -L native=/home/dongxu/kv9/target/release/build/aws-lc-sys-1eb05279d79a7ec6/out`
       Fresh tikv-jemallocator v0.6.1
     Running `/home/dongxu/.rustup/toolchains/stable-x86_64-unknown-linux-gnu/bin/rustc --crate-name minio_checkpoint --edition=2021 crates/engine/tests/minio_checkpoint.rs --error-format=json --json=diagnostic-rendered-ansi,artifacts,future-incompat --emit=dep-info,link -C opt-level=3 -C lto=thin -C codegen-units=1 --test --cfg 'feature="testing"' --check-cfg 'cfg(docsrs,test)' --check-cfg 'cfg(feature, values("testing"))' -C metadata=50de45254196579d -C extra-filename=-65c0d8feb7213e20 --out-dir /home/dongxu/kv9/target/release/deps -C strip=debuginfo -L dependency=/home/dongxu/kv9/target/release/deps --extern futures_util=/home/dongxu/kv9/target/release/deps/libfutures_util-455d1842c1ed6ddf.rlib --extern kv9_common=/home/dongxu/kv9/target/release/deps/libkv9_common-6f43a4921a76199a.rlib --extern kv9_engine=/home/dongxu/kv9/target/release/deps/libkv9_engine-831163ec49c60d58.rlib --extern kv9_engine=/home/dongxu/kv9/target/release/deps/libkv9_engine-831163ec49c60d58.rlib --extern s3_client=/home/dongxu/kv9/target/release/deps/libobject_store-d141092d731e3aa1.rlib --extern rpds=/home/dongxu/kv9/target/release/deps/librpds-d0d9b5fbc070d539.rlib --extern serde=/home/dongxu/kv9/target/release/deps/libserde-0dda36f05aa0261c.rlib --extern serde_json=/home/dongxu/kv9/target/release/deps/libserde_json-87d58736268df41f.rlib --extern sha2=/home/dongxu/kv9/target/release/deps/libsha2-3222cd247b380c5d.rlib --extern thiserror=/home/dongxu/kv9/target/release/deps/libthiserror-2d1971d5356cd042.rlib --extern tokio=/home/dongxu/kv9/target/release/deps/libtokio-f8bd00cda329119c.rlib -L native=/home/dongxu/kv9/target/release/build/aws-lc-sys-1eb05279d79a7ec6/out`
     Running `/home/dongxu/kv9/target/release/build/kv9-raft-d79d3d1ab208bd03/build-script-build`
     Running `/home/dongxu/kv9/target/release/build/kv9-server-82e47e5d99235fff/build-script-build`
     Running `/home/dongxu/.rustup/toolchains/stable-x86_64-unknown-linux-gnu/bin/rustc --crate-name kv9_raft --edition=2021 crates/raft/src/lib.rs --error-format=json --json=diagnostic-rendered-ansi,artifacts,future-incompat --crate-type lib --emit=dep-info,metadata,link -C opt-level=3 -C linker-plugin-lto -C codegen-units=1 --cfg 'feature="testing"' --check-cfg 'cfg(docsrs,test)' --check-cfg 'cfg(feature, values("quorum-trace", "read-stage-timing", "testing"))' -C metadata=bfdb01b1cbdd9f38 -C extra-filename=-70f0478564581e06 --out-dir /home/dongxu/kv9/target/release/deps -C strip=debuginfo -L dependency=/home/dongxu/kv9/target/release/deps --extern kv9_common=/home/dongxu/kv9/target/release/deps/libkv9_common-6f43a4921a76199a.rmeta --extern kv9_engine=/home/dongxu/kv9/target/release/deps/libkv9_engine-831163ec49c60d58.rmeta --extern prost=/home/dongxu/kv9/target/release/deps/libprost-227e46d31a4c3c3b.rmeta --extern protobuf=/home/dongxu/kv9/target/release/deps/libprotobuf-279f7bebe303cc1a.rmeta --extern raft=/home/dongxu/kv9/target/release/deps/libraft-e3cd0545a5c82c1c.rmeta --extern slog=/home/dongxu/kv9/target/release/deps/libslog-8fcf38c9b0147ce6.rmeta --extern tokio=/home/dongxu/kv9/target/release/deps/libtokio-f8bd00cda329119c.rmeta --extern tokio_stream=/home/dongxu/kv9/target/release/deps/libtokio_stream-a21724dcd9836f82.rmeta --extern tonic=/home/dongxu/kv9/target/release/deps/libtonic-6068a496acef1cc7.rmeta --extern tonic_prost=/home/dongxu/kv9/target/release/deps/libtonic_prost-2b7cdc135de33403.rmeta -L native=/home/dongxu/kv9/target/release/build/aws-lc-sys-1eb05279d79a7ec6/out`
     Running `/home/dongxu/.rustup/toolchains/stable-x86_64-unknown-linux-gnu/bin/rustc --crate-name kv9_raft --edition=2021 crates/raft/src/lib.rs --error-format=json --json=diagnostic-rendered-ansi,artifacts,future-incompat --emit=dep-info,link -C opt-level=3 -C lto=thin -C codegen-units=1 --test --cfg 'feature="testing"' --check-cfg 'cfg(docsrs,test)' --check-cfg 'cfg(feature, values("quorum-trace", "read-stage-timing", "testing"))' -C metadata=dd0f20c337642730 -C extra-filename=-856114b0b3db343d --out-dir /home/dongxu/kv9/target/release/deps -C strip=debuginfo -L dependency=/home/dongxu/kv9/target/release/deps --extern kv9_common=/home/dongxu/kv9/target/release/deps/libkv9_common-6f43a4921a76199a.rlib --extern kv9_engine=/home/dongxu/kv9/target/release/deps/libkv9_engine-831163ec49c60d58.rlib --extern prost=/home/dongxu/kv9/target/release/deps/libprost-227e46d31a4c3c3b.rlib --extern protobuf=/home/dongxu/kv9/target/release/deps/libprotobuf-279f7bebe303cc1a.rlib --extern raft=/home/dongxu/kv9/target/release/deps/libraft-e3cd0545a5c82c1c.rlib --extern slog=/home/dongxu/kv9/target/release/deps/libslog-8fcf38c9b0147ce6.rlib --extern tokio=/home/dongxu/kv9/target/release/deps/libtokio-f8bd00cda329119c.rlib --extern tokio_stream=/home/dongxu/kv9/target/release/deps/libtokio_stream-a21724dcd9836f82.rlib --extern tonic=/home/dongxu/kv9/target/release/deps/libtonic-6068a496acef1cc7.rlib --extern tonic_prost=/home/dongxu/kv9/target/release/deps/libtonic_prost-2b7cdc135de33403.rlib -L native=/home/dongxu/kv9/target/release/build/aws-lc-sys-1eb05279d79a7ec6/out`
   Compiling kv9-region v0.0.0 (/tmp/kv9-quorum-message-trace/crates/region)
     Running `/home/dongxu/.rustup/toolchains/stable-x86_64-unknown-linux-gnu/bin/rustc --crate-name kv9_region --edition=2021 crates/region/src/lib.rs --error-format=json --json=diagnostic-rendered-ansi,artifacts,future-incompat --crate-type lib --emit=dep-info,metadata,link -C opt-level=3 -C linker-plugin-lto -C codegen-units=1 --check-cfg 'cfg(docsrs,test)' --check-cfg 'cfg(feature, values("testing"))' -C metadata=aebd6cbfae46fbfc -C extra-filename=-4b823f6d817bf3e8 --out-dir /home/dongxu/kv9/target/release/deps -C strip=debuginfo -L dependency=/home/dongxu/kv9/target/release/deps --extern kv9_common=/home/dongxu/kv9/target/release/deps/libkv9_common-6f43a4921a76199a.rmeta --extern kv9_engine=/home/dongxu/kv9/target/release/deps/libkv9_engine-831163ec49c60d58.rmeta --extern kv9_raft=/home/dongxu/kv9/target/release/deps/libkv9_raft-70f0478564581e06.rmeta -L native=/home/dongxu/kv9/target/release/build/aws-lc-sys-1eb05279d79a7ec6/out`
   Compiling kv9-meta v0.0.0 (/tmp/kv9-quorum-message-trace/crates/meta)
     Running `/home/dongxu/.rustup/toolchains/stable-x86_64-unknown-linux-gnu/bin/rustc --crate-name kv9_meta --edition=2021 crates/meta/src/lib.rs --error-format=json --json=diagnostic-rendered-ansi,artifacts,future-incompat --crate-type lib --emit=dep-info,metadata,link -C opt-level=3 -C linker-plugin-lto -C codegen-units=1 --check-cfg 'cfg(docsrs,test)' --check-cfg 'cfg(feature, values())' -C metadata=880be2461121f9a9 -C extra-filename=-75aed97043a43c1f --out-dir /home/dongxu/kv9/target/release/deps -C strip=debuginfo -L dependency=/home/dongxu/kv9/target/release/deps --extern kv9_common=/home/dongxu/kv9/target/release/deps/libkv9_common-6f43a4921a76199a.rmeta --extern kv9_engine=/home/dongxu/kv9/target/release/deps/libkv9_engine-831163ec49c60d58.rmeta --extern kv9_raft=/home/dongxu/kv9/target/release/deps/libkv9_raft-70f0478564581e06.rmeta --extern kv9_region=/home/dongxu/kv9/target/release/deps/libkv9_region-4b823f6d817bf3e8.rmeta -L native=/home/dongxu/kv9/target/release/build/aws-lc-sys-1eb05279d79a7ec6/out`
   Compiling kv9-txn v0.0.0 (/tmp/kv9-quorum-message-trace/crates/txn)
     Running `/home/dongxu/.rustup/toolchains/stable-x86_64-unknown-linux-gnu/bin/rustc --crate-name kv9_txn --edition=2021 crates/txn/src/lib.rs --error-format=json --json=diagnostic-rendered-ansi,artifacts,future-incompat --crate-type lib --emit=dep-info,metadata,link -C opt-level=3 -C linker-plugin-lto -C codegen-units=1 --check-cfg 'cfg(docsrs,test)' --check-cfg 'cfg(feature, values())' -C metadata=988839997529b4a7 -C extra-filename=-e9f9421d53eea3e9 --out-dir /home/dongxu/kv9/target/release/deps -C strip=debuginfo -L dependency=/home/dongxu/kv9/target/release/deps --extern kv9_common=/home/dongxu/kv9/target/release/deps/libkv9_common-6f43a4921a76199a.rmeta --extern kv9_engine=/home/dongxu/kv9/target/release/deps/libkv9_engine-831163ec49c60d58.rmeta --extern kv9_region=/home/dongxu/kv9/target/release/deps/libkv9_region-4b823f6d817bf3e8.rmeta -L native=/home/dongxu/kv9/target/release/build/aws-lc-sys-1eb05279d79a7ec6/out`
     Running `/home/dongxu/.rustup/toolchains/stable-x86_64-unknown-linux-gnu/bin/rustc --crate-name kv9_server --edition=2021 crates/server/src/lib.rs --error-format=json --json=diagnostic-rendered-ansi,artifacts,future-incompat --crate-type lib --emit=dep-info,metadata,link -C opt-level=3 -C linker-plugin-lto -C codegen-units=1 --check-cfg 'cfg(docsrs,test)' --check-cfg 'cfg(feature, values("checkpoint-testing", "quorum-trace", "rpc-experiment"))' -C metadata=2ab8244d1577eb71 -C extra-filename=-26ecb0f4ec380de5 --out-dir /home/dongxu/kv9/target/release/deps -C strip=debuginfo -L dependency=/home/dongxu/kv9/target/release/deps --extern futures_util=/home/dongxu/kv9/target/release/deps/libfutures_util-455d1842c1ed6ddf.rmeta --extern kv9_common=/home/dongxu/kv9/target/release/deps/libkv9_common-6f43a4921a76199a.rmeta --extern kv9_engine=/home/dongxu/kv9/target/release/deps/libkv9_engine-831163ec49c60d58.rmeta --extern kv9_meta=/home/dongxu/kv9/target/release/deps/libkv9_meta-75aed97043a43c1f.rmeta --extern kv9_raft=/home/dongxu/kv9/target/release/deps/libkv9_raft-70f0478564581e06.rmeta --extern kv9_region=/home/dongxu/kv9/target/release/deps/libkv9_region-4b823f6d817bf3e8.rmeta --extern kv9_txn=/home/dongxu/kv9/target/release/deps/libkv9_txn-e9f9421d53eea3e9.rmeta --extern prost=/home/dongxu/kv9/target/release/deps/libprost-227e46d31a4c3c3b.rmeta --extern serde=/home/dongxu/kv9/target/release/deps/libserde-0dda36f05aa0261c.rmeta --extern serde_json=/home/dongxu/kv9/target/release/deps/libserde_json-87d58736268df41f.rmeta --extern sha2=/home/dongxu/kv9/target/release/deps/libsha2-3222cd247b380c5d.rmeta --extern tokio=/home/dongxu/kv9/target/release/deps/libtokio-f8bd00cda329119c.rmeta --extern tokio_stream=/home/dongxu/kv9/target/release/deps/libtokio_stream-a21724dcd9836f82.rmeta --extern tokio_util=/home/dongxu/kv9/target/release/deps/libtokio_util-525f24cfb5646704.rmeta --extern tonic=/home/dongxu/kv9/target/release/deps/libtonic-6068a496acef1cc7.rmeta --extern tonic_prost=/home/dongxu/kv9/target/release/deps/libtonic_prost-2b7cdc135de33403.rmeta -L native=/home/dongxu/kv9/target/release/build/aws-lc-sys-1eb05279d79a7ec6/out`
     Running `/home/dongxu/.rustup/toolchains/stable-x86_64-unknown-linux-gnu/bin/rustc --crate-name kv9_server --edition=2021 crates/server/src/lib.rs --error-format=json --json=diagnostic-rendered-ansi,artifacts,future-incompat --emit=dep-info,link -C opt-level=3 -C lto=thin -C codegen-units=1 --test --check-cfg 'cfg(docsrs,test)' --check-cfg 'cfg(feature, values("checkpoint-testing", "quorum-trace", "rpc-experiment"))' -C metadata=538c5931d8de1059 -C extra-filename=-63a95d798b34c062 --out-dir /home/dongxu/kv9/target/release/deps -C strip=debuginfo -L dependency=/home/dongxu/kv9/target/release/deps --extern futures_util=/home/dongxu/kv9/target/release/deps/libfutures_util-455d1842c1ed6ddf.rlib --extern kv9_common=/home/dongxu/kv9/target/release/deps/libkv9_common-6f43a4921a76199a.rlib --extern kv9_engine=/home/dongxu/kv9/target/release/deps/libkv9_engine-831163ec49c60d58.rlib --extern kv9_meta=/home/dongxu/kv9/target/release/deps/libkv9_meta-75aed97043a43c1f.rlib --extern kv9_raft=/home/dongxu/kv9/target/release/deps/libkv9_raft-70f0478564581e06.rlib --extern kv9_region=/home/dongxu/kv9/target/release/deps/libkv9_region-4b823f6d817bf3e8.rlib --extern kv9_txn=/home/dongxu/kv9/target/release/deps/libkv9_txn-e9f9421d53eea3e9.rlib --extern prost=/home/dongxu/kv9/target/release/deps/libprost-227e46d31a4c3c3b.rlib --extern protobuf=/home/dongxu/kv9/target/release/deps/libprotobuf-279f7bebe303cc1a.rlib --extern raft=/home/dongxu/kv9/target/release/deps/libraft-e3cd0545a5c82c1c.rlib --extern serde=/home/dongxu/kv9/target/release/deps/libserde-0dda36f05aa0261c.rlib --extern serde_json=/home/dongxu/kv9/target/release/deps/libserde_json-87d58736268df41f.rlib --extern sha2=/home/dongxu/kv9/target/release/deps/libsha2-3222cd247b380c5d.rlib --extern tokio=/home/dongxu/kv9/target/release/deps/libtokio-f8bd00cda329119c.rlib --extern tokio_stream=/home/dongxu/kv9/target/release/deps/libtokio_stream-a21724dcd9836f82.rlib --extern tokio_util=/home/dongxu/kv9/target/release/deps/libtokio_util-525f24cfb5646704.rlib --extern tonic=/home/dongxu/kv9/target/release/deps/libtonic-6068a496acef1cc7.rlib --extern tonic_prost=/home/dongxu/kv9/target/release/deps/libtonic_prost-2b7cdc135de33403.rlib -L native=/home/dongxu/kv9/target/release/build/aws-lc-sys-1eb05279d79a7ec6/out`
     Running `/home/dongxu/.rustup/toolchains/stable-x86_64-unknown-linux-gnu/bin/rustc --crate-name workload_loopback --edition=2021 crates/server/examples/workload-loopback.rs --error-format=json --json=diagnostic-rendered-ansi,artifacts,future-incompat --crate-type bin --emit=dep-info,link -C opt-level=3 -C lto=thin -C codegen-units=1 --check-cfg 'cfg(docsrs,test)' --check-cfg 'cfg(feature, values("checkpoint-testing", "quorum-trace", "rpc-experiment"))' -C metadata=cc0c98d861b31aa9 -C extra-filename=-1b9e60e2af689f44 --out-dir /home/dongxu/kv9/target/release/examples -C strip=debuginfo -L dependency=/home/dongxu/kv9/target/release/deps --extern futures_util=/home/dongxu/kv9/target/release/deps/libfutures_util-455d1842c1ed6ddf.rlib --extern kv9_common=/home/dongxu/kv9/target/release/deps/libkv9_common-6f43a4921a76199a.rlib --extern kv9_engine=/home/dongxu/kv9/target/release/deps/libkv9_engine-831163ec49c60d58.rlib --extern kv9_meta=/home/dongxu/kv9/target/release/deps/libkv9_meta-75aed97043a43c1f.rlib --extern kv9_raft=/home/dongxu/kv9/target/release/deps/libkv9_raft-70f0478564581e06.rlib --extern kv9_region=/home/dongxu/kv9/target/release/deps/libkv9_region-4b823f6d817bf3e8.rlib --extern kv9_server=/home/dongxu/kv9/target/release/deps/libkv9_server-26ecb0f4ec380de5.rlib --extern kv9_txn=/home/dongxu/kv9/target/release/deps/libkv9_txn-e9f9421d53eea3e9.rlib --extern prost=/home/dongxu/kv9/target/release/deps/libprost-227e46d31a4c3c3b.rlib --extern protobuf=/home/dongxu/kv9/target/release/deps/libprotobuf-279f7bebe303cc1a.rlib --extern raft=/home/dongxu/kv9/target/release/deps/libraft-e3cd0545a5c82c1c.rlib --extern serde=/home/dongxu/kv9/target/release/deps/libserde-0dda36f05aa0261c.rlib --extern serde_json=/home/dongxu/kv9/target/release/deps/libserde_json-87d58736268df41f.rlib --extern sha2=/home/dongxu/kv9/target/release/deps/libsha2-3222cd247b380c5d.rlib --extern tokio=/home/dongxu/kv9/target/release/deps/libtokio-f8bd00cda329119c.rlib --extern tokio_stream=/home/dongxu/kv9/target/release/deps/libtokio_stream-a21724dcd9836f82.rlib --extern tokio_util=/home/dongxu/kv9/target/release/deps/libtokio_util-525f24cfb5646704.rlib --extern tonic=/home/dongxu/kv9/target/release/deps/libtonic-6068a496acef1cc7.rlib --extern tonic_prost=/home/dongxu/kv9/target/release/deps/libtonic_prost-2b7cdc135de33403.rlib -L native=/home/dongxu/kv9/target/release/build/aws-lc-sys-1eb05279d79a7ec6/out`
   Compiling kv9 v0.0.0 (/tmp/kv9-quorum-message-trace)
     Running `/home/dongxu/.rustup/toolchains/stable-x86_64-unknown-linux-gnu/bin/rustc --crate-name kv9 --edition=2021 src/main.rs --error-format=json --json=diagnostic-rendered-ansi,artifacts,future-incompat --emit=dep-info,link -C opt-level=3 -C lto=thin -C codegen-units=1 --test --check-cfg 'cfg(docsrs,test)' --check-cfg 'cfg(feature, values("checkpoint-testing", "partition-testing", "quorum-trace", "rpc-experiment"))' -C metadata=878eb882489fd32a -C extra-filename=-baa824aa6d490448 --out-dir /home/dongxu/kv9/target/release/deps -C strip=debuginfo -L dependency=/home/dongxu/kv9/target/release/deps --extern kv9_common=/home/dongxu/kv9/target/release/deps/libkv9_common-6f43a4921a76199a.rlib --extern kv9_engine=/home/dongxu/kv9/target/release/deps/libkv9_engine-831163ec49c60d58.rlib --extern kv9_meta=/home/dongxu/kv9/target/release/deps/libkv9_meta-75aed97043a43c1f.rlib --extern kv9_raft=/home/dongxu/kv9/target/release/deps/libkv9_raft-70f0478564581e06.rlib --extern kv9_region=/home/dongxu/kv9/target/release/deps/libkv9_region-4b823f6d817bf3e8.rlib --extern kv9_server=/home/dongxu/kv9/target/release/deps/libkv9_server-26ecb0f4ec380de5.rlib --extern kv9_txn=/home/dongxu/kv9/target/release/deps/libkv9_txn-e9f9421d53eea3e9.rlib --extern tikv_jemallocator=/home/dongxu/kv9/target/release/deps/libtikv_jemallocator-5ed8c615b51a6d32.rlib -L native=/home/dongxu/kv9/target/release/build/aws-lc-sys-1eb05279d79a7ec6/out -L native=/home/dongxu/kv9/target/release/build/tikv-jemalloc-sys-6b1888eb065cfaf0/out/build/lib`
     Running `/home/dongxu/.rustup/toolchains/stable-x86_64-unknown-linux-gnu/bin/rustc --crate-name admission_pressure --edition=2021 crates/server/examples/admission-pressure.rs --error-format=json --json=diagnostic-rendered-ansi,artifacts,future-incompat --crate-type bin --emit=dep-info,link -C opt-level=3 -C lto=thin -C codegen-units=1 --check-cfg 'cfg(docsrs,test)' --check-cfg 'cfg(feature, values("checkpoint-testing", "quorum-trace", "rpc-experiment"))' -C metadata=5723afc5bc2804f7 -C extra-filename=-87ce01491f432d99 --out-dir /home/dongxu/kv9/target/release/examples -C strip=debuginfo -L dependency=/home/dongxu/kv9/target/release/deps --extern futures_util=/home/dongxu/kv9/target/release/deps/libfutures_util-455d1842c1ed6ddf.rlib --extern kv9_common=/home/dongxu/kv9/target/release/deps/libkv9_common-6f43a4921a76199a.rlib --extern kv9_engine=/home/dongxu/kv9/target/release/deps/libkv9_engine-831163ec49c60d58.rlib --extern kv9_meta=/home/dongxu/kv9/target/release/deps/libkv9_meta-75aed97043a43c1f.rlib --extern kv9_raft=/home/dongxu/kv9/target/release/deps/libkv9_raft-70f0478564581e06.rlib --extern kv9_region=/home/dongxu/kv9/target/release/deps/libkv9_region-4b823f6d817bf3e8.rlib --extern kv9_server=/home/dongxu/kv9/target/release/deps/libkv9_server-26ecb0f4ec380de5.rlib --extern kv9_txn=/home/dongxu/kv9/target/release/deps/libkv9_txn-e9f9421d53eea3e9.rlib --extern prost=/home/dongxu/kv9/target/release/deps/libprost-227e46d31a4c3c3b.rlib --extern protobuf=/home/dongxu/kv9/target/release/deps/libprotobuf-279f7bebe303cc1a.rlib --extern raft=/home/dongxu/kv9/target/release/deps/libraft-e3cd0545a5c82c1c.rlib --extern serde=/home/dongxu/kv9/target/release/deps/libserde-0dda36f05aa0261c.rlib --extern serde_json=/home/dongxu/kv9/target/release/deps/libserde_json-87d58736268df41f.rlib --extern sha2=/home/dongxu/kv9/target/release/deps/libsha2-3222cd247b380c5d.rlib --extern tokio=/home/dongxu/kv9/target/release/deps/libtokio-f8bd00cda329119c.rlib --extern tokio_stream=/home/dongxu/kv9/target/release/deps/libtokio_stream-a21724dcd9836f82.rlib --extern tokio_util=/home/dongxu/kv9/target/release/deps/libtokio_util-525f24cfb5646704.rlib --extern tonic=/home/dongxu/kv9/target/release/deps/libtonic-6068a496acef1cc7.rlib --extern tonic_prost=/home/dongxu/kv9/target/release/deps/libtonic_prost-2b7cdc135de33403.rlib -L native=/home/dongxu/kv9/target/release/build/aws-lc-sys-1eb05279d79a7ec6/out`
     Running `/home/dongxu/.rustup/toolchains/stable-x86_64-unknown-linux-gnu/bin/rustc --crate-name latency_overhead --edition=2021 crates/server/examples/latency-overhead.rs --error-format=json --json=diagnostic-rendered-ansi,artifacts,future-incompat --crate-type bin --emit=dep-info,link -C opt-level=3 -C lto=thin -C codegen-units=1 --check-cfg 'cfg(docsrs,test)' --check-cfg 'cfg(feature, values("checkpoint-testing", "quorum-trace", "rpc-experiment"))' -C metadata=71c6b0dcabd1d5ca -C extra-filename=-a22d652dd390a471 --out-dir /home/dongxu/kv9/target/release/examples -C strip=debuginfo -L dependency=/home/dongxu/kv9/target/release/deps --extern futures_util=/home/dongxu/kv9/target/release/deps/libfutures_util-455d1842c1ed6ddf.rlib --extern kv9_common=/home/dongxu/kv9/target/release/deps/libkv9_common-6f43a4921a76199a.rlib --extern kv9_engine=/home/dongxu/kv9/target/release/deps/libkv9_engine-831163ec49c60d58.rlib --extern kv9_meta=/home/dongxu/kv9/target/release/deps/libkv9_meta-75aed97043a43c1f.rlib --extern kv9_raft=/home/dongxu/kv9/target/release/deps/libkv9_raft-70f0478564581e06.rlib --extern kv9_region=/home/dongxu/kv9/target/release/deps/libkv9_region-4b823f6d817bf3e8.rlib --extern kv9_server=/home/dongxu/kv9/target/release/deps/libkv9_server-26ecb0f4ec380de5.rlib --extern kv9_txn=/home/dongxu/kv9/target/release/deps/libkv9_txn-e9f9421d53eea3e9.rlib --extern prost=/home/dongxu/kv9/target/release/deps/libprost-227e46d31a4c3c3b.rlib --extern protobuf=/home/dongxu/kv9/target/release/deps/libprotobuf-279f7bebe303cc1a.rlib --extern raft=/home/dongxu/kv9/target/release/deps/libraft-e3cd0545a5c82c1c.rlib --extern serde=/home/dongxu/kv9/target/release/deps/libserde-0dda36f05aa0261c.rlib --extern serde_json=/home/dongxu/kv9/target/release/deps/libserde_json-87d58736268df41f.rlib --extern sha2=/home/dongxu/kv9/target/release/deps/libsha2-3222cd247b380c5d.rlib --extern tokio=/home/dongxu/kv9/target/release/deps/libtokio-f8bd00cda329119c.rlib --extern tokio_stream=/home/dongxu/kv9/target/release/deps/libtokio_stream-a21724dcd9836f82.rlib --extern tokio_util=/home/dongxu/kv9/target/release/deps/libtokio_util-525f24cfb5646704.rlib --extern tonic=/home/dongxu/kv9/target/release/deps/libtonic-6068a496acef1cc7.rlib --extern tonic_prost=/home/dongxu/kv9/target/release/deps/libtonic_prost-2b7cdc135de33403.rlib -L native=/home/dongxu/kv9/target/release/build/aws-lc-sys-1eb05279d79a7ec6/out`
     Running `/home/dongxu/.rustup/toolchains/stable-x86_64-unknown-linux-gnu/bin/rustc --crate-name kv9_batch_benchmark --edition=2021 crates/server/src/bin/kv9-batch-benchmark.rs --error-format=json --json=diagnostic-rendered-ansi,artifacts,future-incompat --emit=dep-info,link -C opt-level=3 -C lto=thin -C codegen-units=1 --test --check-cfg 'cfg(docsrs,test)' --check-cfg 'cfg(feature, values("checkpoint-testing", "quorum-trace", "rpc-experiment"))' -C metadata=12c39d69e1afbf34 -C extra-filename=-a722e3093a42ac2a --out-dir /home/dongxu/kv9/target/release/deps -C strip=debuginfo -L dependency=/home/dongxu/kv9/target/release/deps --extern futures_util=/home/dongxu/kv9/target/release/deps/libfutures_util-455d1842c1ed6ddf.rlib --extern kv9_common=/home/dongxu/kv9/target/release/deps/libkv9_common-6f43a4921a76199a.rlib --extern kv9_engine=/home/dongxu/kv9/target/release/deps/libkv9_engine-831163ec49c60d58.rlib --extern kv9_meta=/home/dongxu/kv9/target/release/deps/libkv9_meta-75aed97043a43c1f.rlib --extern kv9_raft=/home/dongxu/kv9/target/release/deps/libkv9_raft-70f0478564581e06.rlib --extern kv9_region=/home/dongxu/kv9/target/release/deps/libkv9_region-4b823f6d817bf3e8.rlib --extern kv9_server=/home/dongxu/kv9/target/release/deps/libkv9_server-26ecb0f4ec380de5.rlib --extern kv9_txn=/home/dongxu/kv9/target/release/deps/libkv9_txn-e9f9421d53eea3e9.rlib --extern prost=/home/dongxu/kv9/target/release/deps/libprost-227e46d31a4c3c3b.rlib --extern protobuf=/home/dongxu/kv9/target/release/deps/libprotobuf-279f7bebe303cc1a.rlib --extern raft=/home/dongxu/kv9/target/release/deps/libraft-e3cd0545a5c82c1c.rlib --extern serde=/home/dongxu/kv9/target/release/deps/libserde-0dda36f05aa0261c.rlib --extern serde_json=/home/dongxu/kv9/target/release/deps/libserde_json-87d58736268df41f.rlib --extern sha2=/home/dongxu/kv9/target/release/deps/libsha2-3222cd247b380c5d.rlib --extern tokio=/home/dongxu/kv9/target/release/deps/libtokio-f8bd00cda329119c.rlib --extern tokio_stream=/home/dongxu/kv9/target/release/deps/libtokio_stream-a21724dcd9836f82.rlib --extern tokio_util=/home/dongxu/kv9/target/release/deps/libtokio_util-525f24cfb5646704.rlib --extern tonic=/home/dongxu/kv9/target/release/deps/libtonic-6068a496acef1cc7.rlib --extern tonic_prost=/home/dongxu/kv9/target/release/deps/libtonic_prost-2b7cdc135de33403.rlib -L native=/home/dongxu/kv9/target/release/build/aws-lc-sys-1eb05279d79a7ec6/out`
     Running `/home/dongxu/.rustup/toolchains/stable-x86_64-unknown-linux-gnu/bin/rustc --crate-name kv9_workload --edition=2021 crates/server/src/bin/kv9-workload.rs --error-format=json --json=diagnostic-rendered-ansi,artifacts,future-incompat --emit=dep-info,link -C opt-level=3 -C lto=thin -C codegen-units=1 --test --check-cfg 'cfg(docsrs,test)' --check-cfg 'cfg(feature, values("checkpoint-testing", "quorum-trace", "rpc-experiment"))' -C metadata=6dba686b8236ec52 -C extra-filename=-ff8afc0e401b4235 --out-dir /home/dongxu/kv9/target/release/deps -C strip=debuginfo -L dependency=/home/dongxu/kv9/target/release/deps --extern futures_util=/home/dongxu/kv9/target/release/deps/libfutures_util-455d1842c1ed6ddf.rlib --extern kv9_common=/home/dongxu/kv9/target/release/deps/libkv9_common-6f43a4921a76199a.rlib --extern kv9_engine=/home/dongxu/kv9/target/release/deps/libkv9_engine-831163ec49c60d58.rlib --extern kv9_meta=/home/dongxu/kv9/target/release/deps/libkv9_meta-75aed97043a43c1f.rlib --extern kv9_raft=/home/dongxu/kv9/target/release/deps/libkv9_raft-70f0478564581e06.rlib --extern kv9_region=/home/dongxu/kv9/target/release/deps/libkv9_region-4b823f6d817bf3e8.rlib --extern kv9_server=/home/dongxu/kv9/target/release/deps/libkv9_server-26ecb0f4ec380de5.rlib --extern kv9_txn=/home/dongxu/kv9/target/release/deps/libkv9_txn-e9f9421d53eea3e9.rlib --extern prost=/home/dongxu/kv9/target/release/deps/libprost-227e46d31a4c3c3b.rlib --extern protobuf=/home/dongxu/kv9/target/release/deps/libprotobuf-279f7bebe303cc1a.rlib --extern raft=/home/dongxu/kv9/target/release/deps/libraft-e3cd0545a5c82c1c.rlib --extern serde=/home/dongxu/kv9/target/release/deps/libserde-0dda36f05aa0261c.rlib --extern serde_json=/home/dongxu/kv9/target/release/deps/libserde_json-87d58736268df41f.rlib --extern sha2=/home/dongxu/kv9/target/release/deps/libsha2-3222cd247b380c5d.rlib --extern tokio=/home/dongxu/kv9/target/release/deps/libtokio-f8bd00cda329119c.rlib --extern tokio_stream=/home/dongxu/kv9/target/release/deps/libtokio_stream-a21724dcd9836f82.rlib --extern tokio_util=/home/dongxu/kv9/target/release/deps/libtokio_util-525f24cfb5646704.rlib --extern tonic=/home/dongxu/kv9/target/release/deps/libtonic-6068a496acef1cc7.rlib --extern tonic_prost=/home/dongxu/kv9/target/release/deps/libtonic_prost-2b7cdc135de33403.rlib -L native=/home/dongxu/kv9/target/release/build/aws-lc-sys-1eb05279d79a7ec6/out`
     Running `/home/dongxu/.rustup/toolchains/stable-x86_64-unknown-linux-gnu/bin/rustc --crate-name kv9_batch_workload --edition=2021 crates/server/src/bin/kv9-batch-workload.rs --error-format=json --json=diagnostic-rendered-ansi,artifacts,future-incompat --emit=dep-info,link -C opt-level=3 -C lto=thin -C codegen-units=1 --test --check-cfg 'cfg(docsrs,test)' --check-cfg 'cfg(feature, values("checkpoint-testing", "quorum-trace", "rpc-experiment"))' -C metadata=8113a9778c0e4a0b -C extra-filename=-c315f391401305a0 --out-dir /home/dongxu/kv9/target/release/deps -C strip=debuginfo -L dependency=/home/dongxu/kv9/target/release/deps --extern futures_util=/home/dongxu/kv9/target/release/deps/libfutures_util-455d1842c1ed6ddf.rlib --extern kv9_common=/home/dongxu/kv9/target/release/deps/libkv9_common-6f43a4921a76199a.rlib --extern kv9_engine=/home/dongxu/kv9/target/release/deps/libkv9_engine-831163ec49c60d58.rlib --extern kv9_meta=/home/dongxu/kv9/target/release/deps/libkv9_meta-75aed97043a43c1f.rlib --extern kv9_raft=/home/dongxu/kv9/target/release/deps/libkv9_raft-70f0478564581e06.rlib --extern kv9_region=/home/dongxu/kv9/target/release/deps/libkv9_region-4b823f6d817bf3e8.rlib --extern kv9_server=/home/dongxu/kv9/target/release/deps/libkv9_server-26ecb0f4ec380de5.rlib --extern kv9_txn=/home/dongxu/kv9/target/release/deps/libkv9_txn-e9f9421d53eea3e9.rlib --extern prost=/home/dongxu/kv9/target/release/deps/libprost-227e46d31a4c3c3b.rlib --extern protobuf=/home/dongxu/kv9/target/release/deps/libprotobuf-279f7bebe303cc1a.rlib --extern raft=/home/dongxu/kv9/target/release/deps/libraft-e3cd0545a5c82c1c.rlib --extern serde=/home/dongxu/kv9/target/release/deps/libserde-0dda36f05aa0261c.rlib --extern serde_json=/home/dongxu/kv9/target/release/deps/libserde_json-87d58736268df41f.rlib --extern sha2=/home/dongxu/kv9/target/release/deps/libsha2-3222cd247b380c5d.rlib --extern tokio=/home/dongxu/kv9/target/release/deps/libtokio-f8bd00cda329119c.rlib --extern tokio_stream=/home/dongxu/kv9/target/release/deps/libtokio_stream-a21724dcd9836f82.rlib --extern tokio_util=/home/dongxu/kv9/target/release/deps/libtokio_util-525f24cfb5646704.rlib --extern tonic=/home/dongxu/kv9/target/release/deps/libtonic-6068a496acef1cc7.rlib --extern tonic_prost=/home/dongxu/kv9/target/release/deps/libtonic_prost-2b7cdc135de33403.rlib -L native=/home/dongxu/kv9/target/release/build/aws-lc-sys-1eb05279d79a7ec6/out`
     Running `/home/dongxu/.rustup/toolchains/stable-x86_64-unknown-linux-gnu/bin/rustc --crate-name catalog --edition=2021 crates/meta/tests/catalog.rs --error-format=json --json=diagnostic-rendered-ansi,artifacts,future-incompat --emit=dep-info,link -C opt-level=3 -C lto=thin -C codegen-units=1 --test --check-cfg 'cfg(docsrs,test)' --check-cfg 'cfg(feature, values())' -C metadata=64c73a97f747533b -C extra-filename=-64e138a049a9735a --out-dir /home/dongxu/kv9/target/release/deps -C strip=debuginfo -L dependency=/home/dongxu/kv9/target/release/deps --extern kv9_common=/home/dongxu/kv9/target/release/deps/libkv9_common-6f43a4921a76199a.rlib --extern kv9_engine=/home/dongxu/kv9/target/release/deps/libkv9_engine-831163ec49c60d58.rlib --extern kv9_meta=/home/dongxu/kv9/target/release/deps/libkv9_meta-75aed97043a43c1f.rlib --extern kv9_raft=/home/dongxu/kv9/target/release/deps/libkv9_raft-70f0478564581e06.rlib --extern kv9_region=/home/dongxu/kv9/target/release/deps/libkv9_region-4b823f6d817bf3e8.rlib -L native=/home/dongxu/kv9/target/release/build/aws-lc-sys-1eb05279d79a7ec6/out`
     Running `/home/dongxu/.rustup/toolchains/stable-x86_64-unknown-linux-gnu/bin/rustc --crate-name admission --edition=2021 crates/meta/tests/admission.rs --error-format=json --json=diagnostic-rendered-ansi,artifacts,future-incompat --emit=dep-info,link -C opt-level=3 -C lto=thin -C codegen-units=1 --test --check-cfg 'cfg(docsrs,test)' --check-cfg 'cfg(feature, values())' -C metadata=20ecb94c7ff969cf -C extra-filename=-e1fea2c9080256d4 --out-dir /home/dongxu/kv9/target/release/deps -C strip=debuginfo -L dependency=/home/dongxu/kv9/target/release/deps --extern kv9_common=/home/dongxu/kv9/target/release/deps/libkv9_common-6f43a4921a76199a.rlib --extern kv9_engine=/home/dongxu/kv9/target/release/deps/libkv9_engine-831163ec49c60d58.rlib --extern kv9_meta=/home/dongxu/kv9/target/release/deps/libkv9_meta-75aed97043a43c1f.rlib --extern kv9_raft=/home/dongxu/kv9/target/release/deps/libkv9_raft-70f0478564581e06.rlib --extern kv9_region=/home/dongxu/kv9/target/release/deps/libkv9_region-4b823f6d817bf3e8.rlib -L native=/home/dongxu/kv9/target/release/build/aws-lc-sys-1eb05279d79a7ec6/out`
     Running `/home/dongxu/.rustup/toolchains/stable-x86_64-unknown-linux-gnu/bin/rustc --crate-name catalog_facade --edition=2021 crates/meta/tests/catalog_facade.rs --error-format=json --json=diagnostic-rendered-ansi,artifacts,future-incompat --emit=dep-info,link -C opt-level=3 -C lto=thin -C codegen-units=1 --test --check-cfg 'cfg(docsrs,test)' --check-cfg 'cfg(feature, values())' -C metadata=36ea8cce79265cb1 -C extra-filename=-b6fe32fa1d0310aa --out-dir /home/dongxu/kv9/target/release/deps -C strip=debuginfo -L dependency=/home/dongxu/kv9/target/release/deps --extern kv9_common=/home/dongxu/kv9/target/release/deps/libkv9_common-6f43a4921a76199a.rlib --extern kv9_engine=/home/dongxu/kv9/target/release/deps/libkv9_engine-831163ec49c60d58.rlib --extern kv9_meta=/home/dongxu/kv9/target/release/deps/libkv9_meta-75aed97043a43c1f.rlib --extern kv9_raft=/home/dongxu/kv9/target/release/deps/libkv9_raft-70f0478564581e06.rlib --extern kv9_region=/home/dongxu/kv9/target/release/deps/libkv9_region-4b823f6d817bf3e8.rlib -L native=/home/dongxu/kv9/target/release/build/aws-lc-sys-1eb05279d79a7ec6/out`
     Running `/home/dongxu/.rustup/toolchains/stable-x86_64-unknown-linux-gnu/bin/rustc --crate-name endpoint --edition=2021 crates/meta/tests/endpoint.rs --error-format=json --json=diagnostic-rendered-ansi,artifacts,future-incompat --emit=dep-info,link -C opt-level=3 -C lto=thin -C codegen-units=1 --test --check-cfg 'cfg(docsrs,test)' --check-cfg 'cfg(feature, values())' -C metadata=b4d39d5dcc5a720a -C extra-filename=-330ec82a3a34d3ec --out-dir /home/dongxu/kv9/target/release/deps -C strip=debuginfo -L dependency=/home/dongxu/kv9/target/release/deps --extern kv9_common=/home/dongxu/kv9/target/release/deps/libkv9_common-6f43a4921a76199a.rlib --extern kv9_engine=/home/dongxu/kv9/target/release/deps/libkv9_engine-831163ec49c60d58.rlib --extern kv9_meta=/home/dongxu/kv9/target/release/deps/libkv9_meta-75aed97043a43c1f.rlib --extern kv9_raft=/home/dongxu/kv9/target/release/deps/libkv9_raft-70f0478564581e06.rlib --extern kv9_region=/home/dongxu/kv9/target/release/deps/libkv9_region-4b823f6d817bf3e8.rlib -L native=/home/dongxu/kv9/target/release/build/aws-lc-sys-1eb05279d79a7ec6/out`
     Running `/home/dongxu/.rustup/toolchains/stable-x86_64-unknown-linux-gnu/bin/rustc --crate-name kv9_txn --edition=2021 crates/txn/src/lib.rs --error-format=json --json=diagnostic-rendered-ansi,artifacts,future-incompat --emit=dep-info,link -C opt-level=3 -C lto=thin -C codegen-units=1 --test --check-cfg 'cfg(docsrs,test)' --check-cfg 'cfg(feature, values())' -C metadata=b95134fa511674a4 -C extra-filename=-346b87e9c855e362 --out-dir /home/dongxu/kv9/target/release/deps -C strip=debuginfo -L dependency=/home/dongxu/kv9/target/release/deps --extern kv9_common=/home/dongxu/kv9/target/release/deps/libkv9_common-6f43a4921a76199a.rlib --extern kv9_engine=/home/dongxu/kv9/target/release/deps/libkv9_engine-831163ec49c60d58.rlib --extern kv9_region=/home/dongxu/kv9/target/release/deps/libkv9_region-4b823f6d817bf3e8.rlib -L native=/home/dongxu/kv9/target/release/build/aws-lc-sys-1eb05279d79a7ec6/out`
     Running `/home/dongxu/.rustup/toolchains/stable-x86_64-unknown-linux-gnu/bin/rustc --crate-name kv9_meta --edition=2021 crates/meta/src/lib.rs --error-format=json --json=diagnostic-rendered-ansi,artifacts,future-incompat --emit=dep-info,link -C opt-level=3 -C lto=thin -C codegen-units=1 --test --check-cfg 'cfg(docsrs,test)' --check-cfg 'cfg(feature, values())' -C metadata=f8eab37bcb231d10 -C extra-filename=-41f608735a56b2dd --out-dir /home/dongxu/kv9/target/release/deps -C strip=debuginfo -L dependency=/home/dongxu/kv9/target/release/deps --extern kv9_common=/home/dongxu/kv9/target/release/deps/libkv9_common-6f43a4921a76199a.rlib --extern kv9_engine=/home/dongxu/kv9/target/release/deps/libkv9_engine-831163ec49c60d58.rlib --extern kv9_raft=/home/dongxu/kv9/target/release/deps/libkv9_raft-70f0478564581e06.rlib --extern kv9_region=/home/dongxu/kv9/target/release/deps/libkv9_region-4b823f6d817bf3e8.rlib -L native=/home/dongxu/kv9/target/release/build/aws-lc-sys-1eb05279d79a7ec6/out`
     Running `/home/dongxu/.rustup/toolchains/stable-x86_64-unknown-linux-gnu/bin/rustc --crate-name driver_lock_order --edition=2021 crates/raft/tests/driver_lock_order.rs --error-format=json --json=diagnostic-rendered-ansi,artifacts,future-incompat --emit=dep-info,link -C opt-level=3 -C lto=thin -C codegen-units=1 --test --cfg 'feature="testing"' --check-cfg 'cfg(docsrs,test)' --check-cfg 'cfg(feature, values("quorum-trace", "read-stage-timing", "testing"))' -C metadata=ecdddd3564d63153 -C extra-filename=-dd1a9530b8de210a --out-dir /home/dongxu/kv9/target/release/deps -C strip=debuginfo -L dependency=/home/dongxu/kv9/target/release/deps --extern kv9_common=/home/dongxu/kv9/target/release/deps/libkv9_common-6f43a4921a76199a.rlib --extern kv9_engine=/home/dongxu/kv9/target/release/deps/libkv9_engine-831163ec49c60d58.rlib --extern kv9_raft=/home/dongxu/kv9/target/release/deps/libkv9_raft-70f0478564581e06.rlib --extern prost=/home/dongxu/kv9/target/release/deps/libprost-227e46d31a4c3c3b.rlib --extern protobuf=/home/dongxu/kv9/target/release/deps/libprotobuf-279f7bebe303cc1a.rlib --extern raft=/home/dongxu/kv9/target/release/deps/libraft-e3cd0545a5c82c1c.rlib --extern slog=/home/dongxu/kv9/target/release/deps/libslog-8fcf38c9b0147ce6.rlib --extern tokio=/home/dongxu/kv9/target/release/deps/libtokio-f8bd00cda329119c.rlib --extern tokio_stream=/home/dongxu/kv9/target/release/deps/libtokio_stream-a21724dcd9836f82.rlib --extern tonic=/home/dongxu/kv9/target/release/deps/libtonic-6068a496acef1cc7.rlib --extern tonic_prost=/home/dongxu/kv9/target/release/deps/libtonic_prost-2b7cdc135de33403.rlib -L native=/home/dongxu/kv9/target/release/build/aws-lc-sys-1eb05279d79a7ec6/out`
     Running `/home/dongxu/.rustup/toolchains/stable-x86_64-unknown-linux-gnu/bin/rustc --crate-name membership --edition=2021 crates/raft/tests/membership.rs --error-format=json --json=diagnostic-rendered-ansi,artifacts,future-incompat --emit=dep-info,link -C opt-level=3 -C lto=thin -C codegen-units=1 --test --cfg 'feature="testing"' --check-cfg 'cfg(docsrs,test)' --check-cfg 'cfg(feature, values("quorum-trace", "read-stage-timing", "testing"))' -C metadata=b2ff67a941b3d83f -C extra-filename=-219eaa5609158690 --out-dir /home/dongxu/kv9/target/release/deps -C strip=debuginfo -L dependency=/home/dongxu/kv9/target/release/deps --extern kv9_common=/home/dongxu/kv9/target/release/deps/libkv9_common-6f43a4921a76199a.rlib --extern kv9_engine=/home/dongxu/kv9/target/release/deps/libkv9_engine-831163ec49c60d58.rlib --extern kv9_raft=/home/dongxu/kv9/target/release/deps/libkv9_raft-70f0478564581e06.rlib --extern prost=/home/dongxu/kv9/target/release/deps/libprost-227e46d31a4c3c3b.rlib --extern protobuf=/home/dongxu/kv9/target/release/deps/libprotobuf-279f7bebe303cc1a.rlib --extern raft=/home/dongxu/kv9/target/release/deps/libraft-e3cd0545a5c82c1c.rlib --extern slog=/home/dongxu/kv9/target/release/deps/libslog-8fcf38c9b0147ce6.rlib --extern tokio=/home/dongxu/kv9/target/release/deps/libtokio-f8bd00cda329119c.rlib --extern tokio_stream=/home/dongxu/kv9/target/release/deps/libtokio_stream-a21724dcd9836f82.rlib --extern tonic=/home/dongxu/kv9/target/release/deps/libtonic-6068a496acef1cc7.rlib --extern tonic_prost=/home/dongxu/kv9/target/release/deps/libtonic_prost-2b7cdc135de33403.rlib -L native=/home/dongxu/kv9/target/release/build/aws-lc-sys-1eb05279d79a7ec6/out`
     Running `/home/dongxu/.rustup/toolchains/stable-x86_64-unknown-linux-gnu/bin/rustc --crate-name kv9_region --edition=2021 crates/region/src/lib.rs --error-format=json --json=diagnostic-rendered-ansi,artifacts,future-incompat --emit=dep-info,link -C opt-level=3 -C lto=thin -C codegen-units=1 --test --check-cfg 'cfg(docsrs,test)' --check-cfg 'cfg(feature, values("testing"))' -C metadata=29f57c298ed17675 -C extra-filename=-8abe441808428127 --out-dir /home/dongxu/kv9/target/release/deps -C strip=debuginfo -L dependency=/home/dongxu/kv9/target/release/deps --extern kv9_common=/home/dongxu/kv9/target/release/deps/libkv9_common-6f43a4921a76199a.rlib --extern kv9_engine=/home/dongxu/kv9/target/release/deps/libkv9_engine-831163ec49c60d58.rlib --extern kv9_raft=/home/dongxu/kv9/target/release/deps/libkv9_raft-70f0478564581e06.rlib -L native=/home/dongxu/kv9/target/release/build/aws-lc-sys-1eb05279d79a7ec6/out`
     Running `/home/dongxu/.rustup/toolchains/stable-x86_64-unknown-linux-gnu/bin/rustc --crate-name check_wire_floor --edition=2021 crates/raft/examples/check-wire-floor.rs --error-format=json --json=diagnostic-rendered-ansi,artifacts,future-incompat --crate-type bin --emit=dep-info,link -C opt-level=3 -C lto=thin -C codegen-units=1 --cfg 'feature="testing"' --check-cfg 'cfg(docsrs,test)' --check-cfg 'cfg(feature, values("quorum-trace", "read-stage-timing", "testing"))' -C metadata=5f2715c5bf78abc7 -C extra-filename=-b1259c68afd1045b --out-dir /home/dongxu/kv9/target/release/examples -C strip=debuginfo -L dependency=/home/dongxu/kv9/target/release/deps --extern kv9_common=/home/dongxu/kv9/target/release/deps/libkv9_common-6f43a4921a76199a.rlib --extern kv9_engine=/home/dongxu/kv9/target/release/deps/libkv9_engine-831163ec49c60d58.rlib --extern kv9_raft=/home/dongxu/kv9/target/release/deps/libkv9_raft-70f0478564581e06.rlib --extern prost=/home/dongxu/kv9/target/release/deps/libprost-227e46d31a4c3c3b.rlib --extern protobuf=/home/dongxu/kv9/target/release/deps/libprotobuf-279f7bebe303cc1a.rlib --extern raft=/home/dongxu/kv9/target/release/deps/libraft-e3cd0545a5c82c1c.rlib --extern slog=/home/dongxu/kv9/target/release/deps/libslog-8fcf38c9b0147ce6.rlib --extern tokio=/home/dongxu/kv9/target/release/deps/libtokio-f8bd00cda329119c.rlib --extern tokio_stream=/home/dongxu/kv9/target/release/deps/libtokio_stream-a21724dcd9836f82.rlib --extern tonic=/home/dongxu/kv9/target/release/deps/libtonic-6068a496acef1cc7.rlib --extern tonic_prost=/home/dongxu/kv9/target/release/deps/libtonic_prost-2b7cdc135de33403.rlib -L native=/home/dongxu/kv9/target/release/build/aws-lc-sys-1eb05279d79a7ec6/out`
     Running `/home/dongxu/.rustup/toolchains/stable-x86_64-unknown-linux-gnu/bin/rustc --crate-name frame_bad_input --edition=2021 crates/raft/tests/frame_bad_input.rs --error-format=json --json=diagnostic-rendered-ansi,artifacts,future-incompat --emit=dep-info,link -C opt-level=3 -C lto=thin -C codegen-units=1 --test --cfg 'feature="testing"' --check-cfg 'cfg(docsrs,test)' --check-cfg 'cfg(feature, values("quorum-trace", "read-stage-timing", "testing"))' -C metadata=67c6cd93c6bf0eab -C extra-filename=-fa775f2b09481cf3 --out-dir /home/dongxu/kv9/target/release/deps -C strip=debuginfo -L dependency=/home/dongxu/kv9/target/release/deps --extern kv9_common=/home/dongxu/kv9/target/release/deps/libkv9_common-6f43a4921a76199a.rlib --extern kv9_engine=/home/dongxu/kv9/target/release/deps/libkv9_engine-831163ec49c60d58.rlib --extern kv9_raft=/home/dongxu/kv9/target/release/deps/libkv9_raft-70f0478564581e06.rlib --extern prost=/home/dongxu/kv9/target/release/deps/libprost-227e46d31a4c3c3b.rlib --extern protobuf=/home/dongxu/kv9/target/release/deps/libprotobuf-279f7bebe303cc1a.rlib --extern raft=/home/dongxu/kv9/target/release/deps/libraft-e3cd0545a5c82c1c.rlib --extern slog=/home/dongxu/kv9/target/release/deps/libslog-8fcf38c9b0147ce6.rlib --extern tokio=/home/dongxu/kv9/target/release/deps/libtokio-f8bd00cda329119c.rlib --extern tokio_stream=/home/dongxu/kv9/target/release/deps/libtokio_stream-a21724dcd9836f82.rlib --extern tonic=/home/dongxu/kv9/target/release/deps/libtonic-6068a496acef1cc7.rlib --extern tonic_prost=/home/dongxu/kv9/target/release/deps/libtonic_prost-2b7cdc135de33403.rlib -L native=/home/dongxu/kv9/target/release/build/aws-lc-sys-1eb05279d79a7ec6/out`
     Running `/home/dongxu/.rustup/toolchains/stable-x86_64-unknown-linux-gnu/bin/rustc --crate-name segment_publication_probe --edition=2021 crates/engine/examples/segment_publication_probe.rs --error-format=json --json=diagnostic-rendered-ansi,artifacts,future-incompat --crate-type bin --emit=dep-info,link -C opt-level=3 -C lto=thin -C codegen-units=1 --cfg 'feature="testing"' --check-cfg 'cfg(docsrs,test)' --check-cfg 'cfg(feature, values("testing"))' -C metadata=e0f910c71efc2593 -C extra-filename=-3f8b72d23a083cc0 --out-dir /home/dongxu/kv9/target/release/examples -C strip=debuginfo -L dependency=/home/dongxu/kv9/target/release/deps --extern futures_util=/home/dongxu/kv9/target/release/deps/libfutures_util-455d1842c1ed6ddf.rlib --extern kv9_common=/home/dongxu/kv9/target/release/deps/libkv9_common-6f43a4921a76199a.rlib --extern kv9_engine=/home/dongxu/kv9/target/release/deps/libkv9_engine-831163ec49c60d58.rlib --extern kv9_engine=/home/dongxu/kv9/target/release/deps/libkv9_engine-831163ec49c60d58.rlib --extern s3_client=/home/dongxu/kv9/target/release/deps/libobject_store-d141092d731e3aa1.rlib --extern rpds=/home/dongxu/kv9/target/release/deps/librpds-d0d9b5fbc070d539.rlib --extern serde=/home/dongxu/kv9/target/release/deps/libserde-0dda36f05aa0261c.rlib --extern serde_json=/home/dongxu/kv9/target/release/deps/libserde_json-87d58736268df41f.rlib --extern sha2=/home/dongxu/kv9/target/release/deps/libsha2-3222cd247b380c5d.rlib --extern thiserror=/home/dongxu/kv9/target/release/deps/libthiserror-2d1971d5356cd042.rlib --extern tokio=/home/dongxu/kv9/target/release/deps/libtokio-f8bd00cda329119c.rlib -L native=/home/dongxu/kv9/target/release/build/aws-lc-sys-1eb05279d79a7ec6/out`
     Running `/home/dongxu/.rustup/toolchains/stable-x86_64-unknown-linux-gnu/bin/rustc --crate-name minio_backend --edition=2021 crates/engine/tests/minio_backend.rs --error-format=json --json=diagnostic-rendered-ansi,artifacts,future-incompat --emit=dep-info,link -C opt-level=3 -C lto=thin -C codegen-units=1 --test --cfg 'feature="testing"' --check-cfg 'cfg(docsrs,test)' --check-cfg 'cfg(feature, values("testing"))' -C metadata=a04aeb8e2e168626 -C extra-filename=-41db417c7722471f --out-dir /home/dongxu/kv9/target/release/deps -C strip=debuginfo -L dependency=/home/dongxu/kv9/target/release/deps --extern futures_util=/home/dongxu/kv9/target/release/deps/libfutures_util-455d1842c1ed6ddf.rlib --extern kv9_common=/home/dongxu/kv9/target/release/deps/libkv9_common-6f43a4921a76199a.rlib --extern kv9_engine=/home/dongxu/kv9/target/release/deps/libkv9_engine-831163ec49c60d58.rlib --extern kv9_engine=/home/dongxu/kv9/target/release/deps/libkv9_engine-831163ec49c60d58.rlib --extern s3_client=/home/dongxu/kv9/target/release/deps/libobject_store-d141092d731e3aa1.rlib --extern rpds=/home/dongxu/kv9/target/release/deps/librpds-d0d9b5fbc070d539.rlib --extern serde=/home/dongxu/kv9/target/release/deps/libserde-0dda36f05aa0261c.rlib --extern serde_json=/home/dongxu/kv9/target/release/deps/libserde_json-87d58736268df41f.rlib --extern sha2=/home/dongxu/kv9/target/release/deps/libsha2-3222cd247b380c5d.rlib --extern thiserror=/home/dongxu/kv9/target/release/deps/libthiserror-2d1971d5356cd042.rlib --extern tokio=/home/dongxu/kv9/target/release/deps/libtokio-f8bd00cda329119c.rlib -L native=/home/dongxu/kv9/target/release/build/aws-lc-sys-1eb05279d79a7ec6/out`
     Running `/home/dongxu/.rustup/toolchains/stable-x86_64-unknown-linux-gnu/bin/rustc --crate-name object_safety --edition=2021 crates/engine/tests/object_safety.rs --error-format=json --json=diagnostic-rendered-ansi,artifacts,future-incompat --emit=dep-info,link -C opt-level=3 -C lto=thin -C codegen-units=1 --test --cfg 'feature="testing"' --check-cfg 'cfg(docsrs,test)' --check-cfg 'cfg(feature, values("testing"))' -C metadata=ff55e19dff8d8842 -C extra-filename=-24219b83694478e6 --out-dir /home/dongxu/kv9/target/release/deps -C strip=debuginfo -L dependency=/home/dongxu/kv9/target/release/deps --extern futures_util=/home/dongxu/kv9/target/release/deps/libfutures_util-455d1842c1ed6ddf.rlib --extern kv9_common=/home/dongxu/kv9/target/release/deps/libkv9_common-6f43a4921a76199a.rlib --extern kv9_engine=/home/dongxu/kv9/target/release/deps/libkv9_engine-831163ec49c60d58.rlib --extern kv9_engine=/home/dongxu/kv9/target/release/deps/libkv9_engine-831163ec49c60d58.rlib --extern s3_client=/home/dongxu/kv9/target/release/deps/libobject_store-d141092d731e3aa1.rlib --extern rpds=/home/dongxu/kv9/target/release/deps/librpds-d0d9b5fbc070d539.rlib --extern serde=/home/dongxu/kv9/target/release/deps/libserde-0dda36f05aa0261c.rlib --extern serde_json=/home/dongxu/kv9/target/release/deps/libserde_json-87d58736268df41f.rlib --extern sha2=/home/dongxu/kv9/target/release/deps/libsha2-3222cd247b380c5d.rlib --extern thiserror=/home/dongxu/kv9/target/release/deps/libthiserror-2d1971d5356cd042.rlib --extern tokio=/home/dongxu/kv9/target/release/deps/libtokio-f8bd00cda329119c.rlib -L native=/home/dongxu/kv9/target/release/build/aws-lc-sys-1eb05279d79a7ec6/out`
     Running `/home/dongxu/.rustup/toolchains/stable-x86_64-unknown-linux-gnu/bin/rustc --crate-name batch_atomicity --edition=2021 crates/engine/tests/batch_atomicity.rs --error-format=json --json=diagnostic-rendered-ansi,artifacts,future-incompat --emit=dep-info,link -C opt-level=3 -C lto=thin -C codegen-units=1 --test --cfg 'feature="testing"' --check-cfg 'cfg(docsrs,test)' --check-cfg 'cfg(feature, values("testing"))' -C metadata=bc0558cd60a41784 -C extra-filename=-a57fa33639f9424d --out-dir /home/dongxu/kv9/target/release/deps -C strip=debuginfo -L dependency=/home/dongxu/kv9/target/release/deps --extern futures_util=/home/dongxu/kv9/target/release/deps/libfutures_util-455d1842c1ed6ddf.rlib --extern kv9_common=/home/dongxu/kv9/target/release/deps/libkv9_common-6f43a4921a76199a.rlib --extern kv9_engine=/home/dongxu/kv9/target/release/deps/libkv9_engine-831163ec49c60d58.rlib --extern kv9_engine=/home/dongxu/kv9/target/release/deps/libkv9_engine-831163ec49c60d58.rlib --extern s3_client=/home/dongxu/kv9/target/release/deps/libobject_store-d141092d731e3aa1.rlib --extern rpds=/home/dongxu/kv9/target/release/deps/librpds-d0d9b5fbc070d539.rlib --extern serde=/home/dongxu/kv9/target/release/deps/libserde-0dda36f05aa0261c.rlib --extern serde_json=/home/dongxu/kv9/target/release/deps/libserde_json-87d58736268df41f.rlib --extern sha2=/home/dongxu/kv9/target/release/deps/libsha2-3222cd247b380c5d.rlib --extern thiserror=/home/dongxu/kv9/target/release/deps/libthiserror-2d1971d5356cd042.rlib --extern tokio=/home/dongxu/kv9/target/release/deps/libtokio-f8bd00cda329119c.rlib -L native=/home/dongxu/kv9/target/release/build/aws-lc-sys-1eb05279d79a7ec6/out`
   Compiling kv9-common v0.0.0 (/tmp/kv9-quorum-message-trace/crates/common)
     Running `/home/dongxu/.rustup/toolchains/stable-x86_64-unknown-linux-gnu/bin/rustc --crate-name kv9_common --edition=2021 crates/common/src/lib.rs --error-format=json --json=diagnostic-rendered-ansi,artifacts,future-incompat --emit=dep-info,link -C opt-level=3 -C lto=thin -C codegen-units=1 --test --cfg 'feature="testing"' --check-cfg 'cfg(docsrs,test)' --check-cfg 'cfg(feature, values("testing"))' -C metadata=2441f4c867fd6078 -C extra-filename=-588d5d81608feed7 --out-dir /home/dongxu/kv9/target/release/deps -C strip=debuginfo -L dependency=/home/dongxu/kv9/target/release/deps --extern serde=/home/dongxu/kv9/target/release/deps/libserde-0dda36f05aa0261c.rlib --extern sha2=/home/dongxu/kv9/target/release/deps/libsha2-3222cd247b380c5d.rlib --extern thiserror=/home/dongxu/kv9/target/release/deps/libthiserror-2d1971d5356cd042.rlib`
    Finished `release` profile [optimized] target(s) in 1m 56s
