       Fresh unicode-ident v1.0.24
       Fresh proc-macro2 v1.0.107
       Fresh quote v1.0.47
       Fresh libc v0.2.189
       Fresh syn v2.0.119
       Fresh syn v3.0.4
       Fresh pin-project-lite v0.2.17
       Fresh jobserver v0.1.35
       Fresh synstructure v0.13.2
       Fresh find-msvc-tools v0.1.12
       Fresh shlex v2.0.1
       Fresh futures-core v0.3.34
       Fresh cc v1.4.5
       Fresh zerofrom-derive v0.1.7
       Fresh itoa v1.0.18
       Fresh zerofrom v0.1.8
       Fresh yoke-derive v0.8.2
       Fresh tokio-macros v2.7.2
       Fresh mio v1.2.2
       Fresh socket2 v0.6.5
       Fresh stable_deref_trait v1.2.1
       Fresh smallvec v1.15.2
       Fresh tokio v1.53.1
       Fresh yoke v0.8.3
       Fresh serde_core v1.0.229
       Fresh http v1.5.0
       Fresh zerovec-derive v0.11.6
       Fresh futures-macro v0.3.34
       Fresh slab v0.4.12
       Fresh typenum v1.20.1
       Fresh futures-task v0.3.34
       Fresh futures-sink v0.3.34
       Fresh futures-util v0.3.34
       Fresh zerovec v0.11.8
       Fresh cmake v0.1.58
       Fresh tracing-core v0.1.36
       Fresh tracing-attributes v0.1.31
       Fresh displaydoc v0.2.7
       Fresh dunce v1.0.5
       Fresh fs_extra v1.3.0
       Fresh pkg-config v0.3.34
       Fresh tracing v0.1.44
       Fresh tokio-util v0.7.19
       Fresh http-body v1.1.0
       Fresh percent-encoding v2.3.2
       Fresh tower-service v0.3.3
       Fresh version_check v0.9.5
       Fresh tinystr v0.8.4
       Fresh serde_derive v1.0.229
       Fresh litemap v0.8.3
       Fresh writeable v0.6.4
       Fresh zeroize v1.9.0
       Fresh serde v1.0.229
       Fresh icu_locale_core v2.3.0
       Fresh zerotrie v0.2.5
       Fresh potential_utf v0.1.6
       Fresh fnv v1.0.7
       Fresh try-lock v0.2.5
       Fresh atomic-waker v1.1.2
       Fresh utf8_iter v1.0.4
       Fresh h2 v0.4.19
       Fresh icu_collections v2.3.0
       Fresh want v0.3.1
       Fresh generic-array v0.14.7
       Fresh icu_provider v2.3.1
       Fresh rustls-pki-types v1.15.1
       Fresh httparse v1.10.1
       Fresh aws-lc-sys v0.45.0
       Fresh futures-channel v0.3.34
       Fresh sync_wrapper v1.0.2
       Fresh tower-layer v0.3.3
       Fresh httpdate v1.0.3
       Fresh bytes v1.12.1
       Fresh aws-lc-rs v1.18.1
       Fresh hyper v1.11.0
       Fresh icu_normalizer_data v2.3.0
       Fresh icu_properties_data v2.3.0
       Fresh base64 v0.22.1
       Fresh untrusted v0.9.0
       Fresh ipnet v2.12.2
       Fresh hyper-util v0.1.20
       Fresh rustls-webpki v0.103.15
       Fresh icu_properties v2.3.0
       Fresh icu_normalizer v2.3.0
       Fresh tower v0.5.3
       Fresh crypto-common v0.1.7
       Fresh block-buffer v0.10.4
       Fresh aho-corasick v1.1.5
       Fresh http-body-util v0.1.5
       Fresh subtle v2.6.1
       Fresh regex-syntax v0.8.11
       Fresh memchr v2.8.3
       Fresh rustls v0.23.44
       Fresh regex-automata v0.4.18
       Fresh digest v0.10.7
       Fresh idna_adapter v1.2.2
       Fresh form_urlencoded v1.2.2
       Fresh hybrid-array v0.4.14
       Fresh autocfg v1.5.1
       Fresh idna v1.1.0
       Fresh itertools v0.14.0
       Fresh anyhow v1.0.104
       Fresh regex v1.13.1
       Fresh thiserror-impl v1.0.69
       Fresh rand_core v0.10.1
       Fresh openssl-probe v0.2.1
       Fresh rustls-native-certs v0.8.4
       Fresh thiserror v1.0.69
       Fresh prost-derive v0.14.4
       Fresh url v2.5.8
       Fresh block-buffer v0.12.1
       Fresh crypto-common v0.2.2
       Fresh tokio-rustls v0.26.5
       Fresh async-trait v0.1.92
       Fresh cpufeatures v0.3.1
       Fresh bitflags v2.13.1
       Fresh scopeguard v1.2.0
       Fresh cpufeatures v0.2.17
       Fresh lock_api v0.4.14
       Fresh sha2 v0.10.9
       Fresh tower-http v0.6.11
       Fresh rustls-platform-verifier v0.7.0
       Fresh chacha20 v0.10.2
       Fresh hyper-rustls v0.27.9
       Fresh digest v0.11.3
       Fresh num-traits v0.2.19
       Fresh zmij v1.0.23
       Fresh parking_lot_core v0.9.12
       Fresh thiserror-impl v2.0.20
       Fresh either v1.18.0
       Fresh ryu v1.0.23
       Fresh spin v0.10.1
       Fresh iana-time-zone v0.1.65
       Fresh triomphe v0.1.16
       Fresh serde_urlencoded v0.7.1
       Fresh archery v1.2.3
       Fresh chrono v0.4.45
       Fresh crc-fast v1.10.0
       Fresh itertools v0.15.0
       Fresh thiserror v2.0.20
       Fresh rand v0.10.2
       Fresh parking_lot v0.12.5
       Fresh serde_json v1.0.151
       Fresh md-5 v0.11.0
       Fresh reqwest v0.13.4
       Fresh quick-xml v0.41.0
       Fresh unicase v2.9.0
       Fresh humantime v2.4.0
       Fresh cfg-if v1.0.4
       Fresh linux-raw-sys v0.12.1
       Fresh equivalent v1.0.2
       Fresh foldhash v0.1.5
       Fresh hashbrown v0.17.1
       Fresh rustix v1.1.4
       Fresh object_store v0.14.1
       Fresh hashbrown v0.15.5
       Fresh indexmap v2.14.0
       Fresh getrandom v0.4.3
       Fresh pulldown-cmark v0.13.4
       Fresh rpds v1.2.1
       Fresh prettyplease v0.2.37
       Fresh once_cell v1.21.4
       Fresh fastrand v2.5.0
       Fresh fixedbitset v0.5.7
       Fresh tempfile v3.27.0
       Fresh petgraph v0.8.3
       Fresh prost-types v0.14.4
       Fresh pulldown-cmark-to-cmark v22.0.1
       Fresh heck v0.5.0
       Fresh multimap v0.10.1
       Fresh log v0.4.34
       Fresh protobuf-codegen v2.28.0
       Fresh prost-build v0.14.4
       Fresh tonic-build v0.14.6
       Fresh bitflags v1.3.2
       Fresh zerocopy v0.8.56
       Fresh rustversion v1.0.23
       Fresh tonic-prost-build v0.14.6
       Fresh protobuf-build v0.14.1
       Fresh getrandom v0.2.17
       Fresh mime v0.3.17
       Fresh rand_core v0.6.4
       Fresh axum-core v0.5.6
       Fresh ppv-lite86 v0.2.21
       Fresh pin-project-internal v1.1.13
       Fresh matchit v0.8.4
       Fresh axum v0.8.9
       Fresh rand_chacha v0.3.1
       Fresh pin-project v1.1.13
       Fresh protobuf v2.28.0
       Fresh hyper-timeout v0.5.2
       Fresh erased-serde v0.3.31
       Fresh tokio-stream v0.1.19
       Fresh byteorder v1.5.0
       Fresh raft-proto v0.7.0
       Fresh slog v2.8.2
       Fresh fxhash v0.2.1
       Fresh tonic v0.14.6
       Fresh rand v0.8.8
   Compiling kv9-raft v0.0.0 (/tmp/kv9-quorum-message-trace/crates/raft)
       Fresh prost v0.14.4
       Fresh getset v0.1.7
   Compiling kv9-server v0.0.0 (/tmp/kv9-quorum-message-trace/crates/server)
       Fresh raft v0.7.0
       Fresh tonic-prost v0.14.6
     Running `/home/dongxu/.rustup/toolchains/stable-x86_64-unknown-linux-gnu/bin/clippy-driver /home/dongxu/.rustup/toolchains/stable-x86_64-unknown-linux-gnu/bin/rustc --crate-name build_script_build --edition=2021 crates/raft/build.rs --error-format=json --json=diagnostic-rendered-ansi,artifacts,future-incompat --crate-type bin --emit=dep-info,link -C embed-bitcode=no -C debug-assertions=off --cfg 'feature="testing"' --check-cfg 'cfg(docsrs,test)' --check-cfg 'cfg(feature, values("quorum-trace", "read-stage-timing", "testing"))' -C metadata=d680bfb010b3875b -C extra-filename=-38a2e57f37ae1028 --out-dir /home/dongxu/kv9/target/release/build/kv9-raft-38a2e57f37ae1028 -C strip=debuginfo -L dependency=/home/dongxu/kv9/target/release/deps --extern tonic_prost_build=/home/dongxu/kv9/target/release/deps/libtonic_prost_build-e532348ae68a08db.rlib`
     Running `/home/dongxu/.rustup/toolchains/stable-x86_64-unknown-linux-gnu/bin/clippy-driver /home/dongxu/.rustup/toolchains/stable-x86_64-unknown-linux-gnu/bin/rustc --crate-name build_script_build --edition=2021 crates/server/build.rs --error-format=json --json=diagnostic-rendered-ansi,artifacts,future-incompat --crate-type bin --emit=dep-info,link -C embed-bitcode=no -C debug-assertions=off --check-cfg 'cfg(docsrs,test)' --check-cfg 'cfg(feature, values("checkpoint-testing", "quorum-trace", "rpc-experiment"))' -C metadata=2980aec5af152874 -C extra-filename=-1d0e5db0517391ce --out-dir /home/dongxu/kv9/target/release/build/kv9-server-1d0e5db0517391ce -C strip=debuginfo -L dependency=/home/dongxu/kv9/target/release/deps --extern tonic_prost_build=/home/dongxu/kv9/target/release/deps/libtonic_prost_build-e532348ae68a08db.rlib`
    Checking kv9-engine v0.0.0 (/tmp/kv9-quorum-message-trace/crates/engine)
       Fresh tikv-jemalloc-sys v0.6.1+5.3.0-1-ge13ca993e8ccb9ba9847cc330696e02839f328f7
       Fresh tikv-jemallocator v0.6.1
     Running `/home/dongxu/.rustup/toolchains/stable-x86_64-unknown-linux-gnu/bin/clippy-driver /home/dongxu/.rustup/toolchains/stable-x86_64-unknown-linux-gnu/bin/rustc --crate-name kv9_engine --edition=2021 crates/engine/src/lib.rs --error-format=json --json=diagnostic-rendered-ansi,artifacts,future-incompat --emit=dep-info,metadata -C opt-level=3 -C linker-plugin-lto -C codegen-units=1 --test --cfg 'feature="testing"' --check-cfg 'cfg(docsrs,test)' --check-cfg 'cfg(feature, values("testing"))' -C metadata=34964af7bc9b9fd4 -C extra-filename=-3e3a4fe3ed1258fc --out-dir /home/dongxu/kv9/target/release/deps -C strip=debuginfo -L dependency=/home/dongxu/kv9/target/release/deps --extern futures_util=/home/dongxu/kv9/target/release/deps/libfutures_util-dcbb90b3018f35e7.rmeta --extern kv9_common=/home/dongxu/kv9/target/release/deps/libkv9_common-6bdfe562d3805606.rmeta --extern kv9_engine=/home/dongxu/kv9/target/release/deps/libkv9_engine-58bced4d0ca8997d.rmeta --extern s3_client=/home/dongxu/kv9/target/release/deps/libobject_store-0420c184122d5edb.rmeta --extern rpds=/home/dongxu/kv9/target/release/deps/librpds-dc064f7771172337.rmeta --extern serde=/home/dongxu/kv9/target/release/deps/libserde-5dc9487a3e6a6de7.rmeta --extern serde_json=/home/dongxu/kv9/target/release/deps/libserde_json-615daee37c3db556.rmeta --extern sha2=/home/dongxu/kv9/target/release/deps/libsha2-a20c6462c7edfb8a.rmeta --extern thiserror=/home/dongxu/kv9/target/release/deps/libthiserror-1d12ea43caae814d.rmeta --extern tokio=/home/dongxu/kv9/target/release/deps/libtokio-81f6abbc3ac0c83d.rmeta -L native=/home/dongxu/kv9/target/release/build/aws-lc-sys-1eb05279d79a7ec6/out`
     Running `/home/dongxu/.rustup/toolchains/stable-x86_64-unknown-linux-gnu/bin/clippy-driver /home/dongxu/.rustup/toolchains/stable-x86_64-unknown-linux-gnu/bin/rustc --crate-name segment_publication_probe --edition=2021 crates/engine/examples/segment_publication_probe.rs --error-format=json --json=diagnostic-rendered-ansi,artifacts,future-incompat --crate-type bin --emit=dep-info,metadata -C opt-level=3 -C lto=thin -C codegen-units=1 --cfg 'feature="testing"' --check-cfg 'cfg(docsrs,test)' --check-cfg 'cfg(feature, values("testing"))' -C metadata=0061908811a21d0a -C extra-filename=-499604bff28cba5a --out-dir /home/dongxu/kv9/target/release/examples -C strip=debuginfo -L dependency=/home/dongxu/kv9/target/release/deps --extern futures_util=/home/dongxu/kv9/target/release/deps/libfutures_util-dcbb90b3018f35e7.rmeta --extern kv9_common=/home/dongxu/kv9/target/release/deps/libkv9_common-6bdfe562d3805606.rmeta --extern kv9_engine=/home/dongxu/kv9/target/release/deps/libkv9_engine-58bced4d0ca8997d.rmeta --extern kv9_engine=/home/dongxu/kv9/target/release/deps/libkv9_engine-58bced4d0ca8997d.rmeta --extern s3_client=/home/dongxu/kv9/target/release/deps/libobject_store-0420c184122d5edb.rmeta --extern rpds=/home/dongxu/kv9/target/release/deps/librpds-dc064f7771172337.rmeta --extern serde=/home/dongxu/kv9/target/release/deps/libserde-5dc9487a3e6a6de7.rmeta --extern serde_json=/home/dongxu/kv9/target/release/deps/libserde_json-615daee37c3db556.rmeta --extern sha2=/home/dongxu/kv9/target/release/deps/libsha2-a20c6462c7edfb8a.rmeta --extern thiserror=/home/dongxu/kv9/target/release/deps/libthiserror-1d12ea43caae814d.rmeta --extern tokio=/home/dongxu/kv9/target/release/deps/libtokio-81f6abbc3ac0c83d.rmeta -L native=/home/dongxu/kv9/target/release/build/aws-lc-sys-1eb05279d79a7ec6/out`
     Running `/home/dongxu/.rustup/toolchains/stable-x86_64-unknown-linux-gnu/bin/clippy-driver /home/dongxu/.rustup/toolchains/stable-x86_64-unknown-linux-gnu/bin/rustc --crate-name object_safety --edition=2021 crates/engine/tests/object_safety.rs --error-format=json --json=diagnostic-rendered-ansi,artifacts,future-incompat --emit=dep-info,metadata -C opt-level=3 -C lto=thin -C codegen-units=1 --test --cfg 'feature="testing"' --check-cfg 'cfg(docsrs,test)' --check-cfg 'cfg(feature, values("testing"))' -C metadata=4b1f141819cfef67 -C extra-filename=-93479365d4eba270 --out-dir /home/dongxu/kv9/target/release/deps -C strip=debuginfo -L dependency=/home/dongxu/kv9/target/release/deps --extern futures_util=/home/dongxu/kv9/target/release/deps/libfutures_util-dcbb90b3018f35e7.rmeta --extern kv9_common=/home/dongxu/kv9/target/release/deps/libkv9_common-6bdfe562d3805606.rmeta --extern kv9_engine=/home/dongxu/kv9/target/release/deps/libkv9_engine-58bced4d0ca8997d.rmeta --extern kv9_engine=/home/dongxu/kv9/target/release/deps/libkv9_engine-58bced4d0ca8997d.rmeta --extern s3_client=/home/dongxu/kv9/target/release/deps/libobject_store-0420c184122d5edb.rmeta --extern rpds=/home/dongxu/kv9/target/release/deps/librpds-dc064f7771172337.rmeta --extern serde=/home/dongxu/kv9/target/release/deps/libserde-5dc9487a3e6a6de7.rmeta --extern serde_json=/home/dongxu/kv9/target/release/deps/libserde_json-615daee37c3db556.rmeta --extern sha2=/home/dongxu/kv9/target/release/deps/libsha2-a20c6462c7edfb8a.rmeta --extern thiserror=/home/dongxu/kv9/target/release/deps/libthiserror-1d12ea43caae814d.rmeta --extern tokio=/home/dongxu/kv9/target/release/deps/libtokio-81f6abbc3ac0c83d.rmeta -L native=/home/dongxu/kv9/target/release/build/aws-lc-sys-1eb05279d79a7ec6/out`
     Running `/home/dongxu/.rustup/toolchains/stable-x86_64-unknown-linux-gnu/bin/clippy-driver /home/dongxu/.rustup/toolchains/stable-x86_64-unknown-linux-gnu/bin/rustc --crate-name batch_atomicity --edition=2021 crates/engine/tests/batch_atomicity.rs --error-format=json --json=diagnostic-rendered-ansi,artifacts,future-incompat --emit=dep-info,metadata -C opt-level=3 -C lto=thin -C codegen-units=1 --test --cfg 'feature="testing"' --check-cfg 'cfg(docsrs,test)' --check-cfg 'cfg(feature, values("testing"))' -C metadata=5b112db9a80417ce -C extra-filename=-c211b03c5a2c6dcd --out-dir /home/dongxu/kv9/target/release/deps -C strip=debuginfo -L dependency=/home/dongxu/kv9/target/release/deps --extern futures_util=/home/dongxu/kv9/target/release/deps/libfutures_util-dcbb90b3018f35e7.rmeta --extern kv9_common=/home/dongxu/kv9/target/release/deps/libkv9_common-6bdfe562d3805606.rmeta --extern kv9_engine=/home/dongxu/kv9/target/release/deps/libkv9_engine-58bced4d0ca8997d.rmeta --extern kv9_engine=/home/dongxu/kv9/target/release/deps/libkv9_engine-58bced4d0ca8997d.rmeta --extern s3_client=/home/dongxu/kv9/target/release/deps/libobject_store-0420c184122d5edb.rmeta --extern rpds=/home/dongxu/kv9/target/release/deps/librpds-dc064f7771172337.rmeta --extern serde=/home/dongxu/kv9/target/release/deps/libserde-5dc9487a3e6a6de7.rmeta --extern serde_json=/home/dongxu/kv9/target/release/deps/libserde_json-615daee37c3db556.rmeta --extern sha2=/home/dongxu/kv9/target/release/deps/libsha2-a20c6462c7edfb8a.rmeta --extern thiserror=/home/dongxu/kv9/target/release/deps/libthiserror-1d12ea43caae814d.rmeta --extern tokio=/home/dongxu/kv9/target/release/deps/libtokio-81f6abbc3ac0c83d.rmeta -L native=/home/dongxu/kv9/target/release/build/aws-lc-sys-1eb05279d79a7ec6/out`
     Running `/home/dongxu/.rustup/toolchains/stable-x86_64-unknown-linux-gnu/bin/clippy-driver /home/dongxu/.rustup/toolchains/stable-x86_64-unknown-linux-gnu/bin/rustc --crate-name minio_backend --edition=2021 crates/engine/tests/minio_backend.rs --error-format=json --json=diagnostic-rendered-ansi,artifacts,future-incompat --emit=dep-info,metadata -C opt-level=3 -C lto=thin -C codegen-units=1 --test --cfg 'feature="testing"' --check-cfg 'cfg(docsrs,test)' --check-cfg 'cfg(feature, values("testing"))' -C metadata=993e27faca1eef70 -C extra-filename=-d9258cc3a7f71f86 --out-dir /home/dongxu/kv9/target/release/deps -C strip=debuginfo -L dependency=/home/dongxu/kv9/target/release/deps --extern futures_util=/home/dongxu/kv9/target/release/deps/libfutures_util-dcbb90b3018f35e7.rmeta --extern kv9_common=/home/dongxu/kv9/target/release/deps/libkv9_common-6bdfe562d3805606.rmeta --extern kv9_engine=/home/dongxu/kv9/target/release/deps/libkv9_engine-58bced4d0ca8997d.rmeta --extern kv9_engine=/home/dongxu/kv9/target/release/deps/libkv9_engine-58bced4d0ca8997d.rmeta --extern s3_client=/home/dongxu/kv9/target/release/deps/libobject_store-0420c184122d5edb.rmeta --extern rpds=/home/dongxu/kv9/target/release/deps/librpds-dc064f7771172337.rmeta --extern serde=/home/dongxu/kv9/target/release/deps/libserde-5dc9487a3e6a6de7.rmeta --extern serde_json=/home/dongxu/kv9/target/release/deps/libserde_json-615daee37c3db556.rmeta --extern sha2=/home/dongxu/kv9/target/release/deps/libsha2-a20c6462c7edfb8a.rmeta --extern thiserror=/home/dongxu/kv9/target/release/deps/libthiserror-1d12ea43caae814d.rmeta --extern tokio=/home/dongxu/kv9/target/release/deps/libtokio-81f6abbc3ac0c83d.rmeta -L native=/home/dongxu/kv9/target/release/build/aws-lc-sys-1eb05279d79a7ec6/out`
     Running `/home/dongxu/kv9/target/release/build/kv9-raft-38a2e57f37ae1028/build-script-build`
     Running `/home/dongxu/.rustup/toolchains/stable-x86_64-unknown-linux-gnu/bin/clippy-driver /home/dongxu/.rustup/toolchains/stable-x86_64-unknown-linux-gnu/bin/rustc --crate-name kv9_raft --edition=2021 crates/raft/src/lib.rs --error-format=json --json=diagnostic-rendered-ansi,artifacts,future-incompat --crate-type lib --emit=dep-info,metadata -C opt-level=3 -C linker-plugin-lto -C codegen-units=1 --cfg 'feature="testing"' --check-cfg 'cfg(docsrs,test)' --check-cfg 'cfg(feature, values("quorum-trace", "read-stage-timing", "testing"))' -C metadata=770c0efa2d7ae88d -C extra-filename=-da2a4cdc8ec47149 --out-dir /home/dongxu/kv9/target/release/deps -C strip=debuginfo -L dependency=/home/dongxu/kv9/target/release/deps --extern kv9_common=/home/dongxu/kv9/target/release/deps/libkv9_common-6bdfe562d3805606.rmeta --extern kv9_engine=/home/dongxu/kv9/target/release/deps/libkv9_engine-58bced4d0ca8997d.rmeta --extern prost=/home/dongxu/kv9/target/release/deps/libprost-fd78165f2138ed5c.rmeta --extern protobuf=/home/dongxu/kv9/target/release/deps/libprotobuf-1117643358869062.rmeta --extern raft=/home/dongxu/kv9/target/release/deps/libraft-2085f8ce155ce540.rmeta --extern slog=/home/dongxu/kv9/target/release/deps/libslog-b849f5d25589a885.rmeta --extern tokio=/home/dongxu/kv9/target/release/deps/libtokio-81f6abbc3ac0c83d.rmeta --extern tokio_stream=/home/dongxu/kv9/target/release/deps/libtokio_stream-affa9c0265f286ae.rmeta --extern tonic=/home/dongxu/kv9/target/release/deps/libtonic-d67d075281df17a1.rmeta --extern tonic_prost=/home/dongxu/kv9/target/release/deps/libtonic_prost-b652bc0fac79abfc.rmeta -L native=/home/dongxu/kv9/target/release/build/aws-lc-sys-1eb05279d79a7ec6/out`
     Running `/home/dongxu/kv9/target/release/build/kv9-server-1d0e5db0517391ce/build-script-build`
     Running `/home/dongxu/.rustup/toolchains/stable-x86_64-unknown-linux-gnu/bin/clippy-driver /home/dongxu/.rustup/toolchains/stable-x86_64-unknown-linux-gnu/bin/rustc --crate-name kv9_raft --edition=2021 crates/raft/src/lib.rs --error-format=json --json=diagnostic-rendered-ansi,artifacts,future-incompat --emit=dep-info,metadata -C opt-level=3 -C linker-plugin-lto -C codegen-units=1 --test --cfg 'feature="testing"' --check-cfg 'cfg(docsrs,test)' --check-cfg 'cfg(feature, values("quorum-trace", "read-stage-timing", "testing"))' -C metadata=d9b91f2ee93f1407 -C extra-filename=-77092ae5ae98b42d --out-dir /home/dongxu/kv9/target/release/deps -C strip=debuginfo -L dependency=/home/dongxu/kv9/target/release/deps --extern kv9_common=/home/dongxu/kv9/target/release/deps/libkv9_common-6bdfe562d3805606.rmeta --extern kv9_engine=/home/dongxu/kv9/target/release/deps/libkv9_engine-58bced4d0ca8997d.rmeta --extern prost=/home/dongxu/kv9/target/release/deps/libprost-fd78165f2138ed5c.rmeta --extern protobuf=/home/dongxu/kv9/target/release/deps/libprotobuf-1117643358869062.rmeta --extern raft=/home/dongxu/kv9/target/release/deps/libraft-2085f8ce155ce540.rmeta --extern slog=/home/dongxu/kv9/target/release/deps/libslog-b849f5d25589a885.rmeta --extern tokio=/home/dongxu/kv9/target/release/deps/libtokio-81f6abbc3ac0c83d.rmeta --extern tokio_stream=/home/dongxu/kv9/target/release/deps/libtokio_stream-affa9c0265f286ae.rmeta --extern tonic=/home/dongxu/kv9/target/release/deps/libtonic-d67d075281df17a1.rmeta --extern tonic_prost=/home/dongxu/kv9/target/release/deps/libtonic_prost-b652bc0fac79abfc.rmeta -L native=/home/dongxu/kv9/target/release/build/aws-lc-sys-1eb05279d79a7ec6/out`
     Running `/home/dongxu/.rustup/toolchains/stable-x86_64-unknown-linux-gnu/bin/clippy-driver /home/dongxu/.rustup/toolchains/stable-x86_64-unknown-linux-gnu/bin/rustc --crate-name minio_checkpoint --edition=2021 crates/engine/tests/minio_checkpoint.rs --error-format=json --json=diagnostic-rendered-ansi,artifacts,future-incompat --emit=dep-info,metadata -C opt-level=3 -C lto=thin -C codegen-units=1 --test --cfg 'feature="testing"' --check-cfg 'cfg(docsrs,test)' --check-cfg 'cfg(feature, values("testing"))' -C metadata=cb7854d0ae67ffe0 -C extra-filename=-3dee2d7e0a5611aa --out-dir /home/dongxu/kv9/target/release/deps -C strip=debuginfo -L dependency=/home/dongxu/kv9/target/release/deps --extern futures_util=/home/dongxu/kv9/target/release/deps/libfutures_util-dcbb90b3018f35e7.rmeta --extern kv9_common=/home/dongxu/kv9/target/release/deps/libkv9_common-6bdfe562d3805606.rmeta --extern kv9_engine=/home/dongxu/kv9/target/release/deps/libkv9_engine-58bced4d0ca8997d.rmeta --extern kv9_engine=/home/dongxu/kv9/target/release/deps/libkv9_engine-58bced4d0ca8997d.rmeta --extern s3_client=/home/dongxu/kv9/target/release/deps/libobject_store-0420c184122d5edb.rmeta --extern rpds=/home/dongxu/kv9/target/release/deps/librpds-dc064f7771172337.rmeta --extern serde=/home/dongxu/kv9/target/release/deps/libserde-5dc9487a3e6a6de7.rmeta --extern serde_json=/home/dongxu/kv9/target/release/deps/libserde_json-615daee37c3db556.rmeta --extern sha2=/home/dongxu/kv9/target/release/deps/libsha2-a20c6462c7edfb8a.rmeta --extern thiserror=/home/dongxu/kv9/target/release/deps/libthiserror-1d12ea43caae814d.rmeta --extern tokio=/home/dongxu/kv9/target/release/deps/libtokio-81f6abbc3ac0c83d.rmeta -L native=/home/dongxu/kv9/target/release/build/aws-lc-sys-1eb05279d79a7ec6/out`
    Checking kv9-common v0.0.0 (/tmp/kv9-quorum-message-trace/crates/common)
     Running `/home/dongxu/.rustup/toolchains/stable-x86_64-unknown-linux-gnu/bin/clippy-driver /home/dongxu/.rustup/toolchains/stable-x86_64-unknown-linux-gnu/bin/rustc --crate-name kv9_common --edition=2021 crates/common/src/lib.rs --error-format=json --json=diagnostic-rendered-ansi,artifacts,future-incompat --emit=dep-info,metadata -C opt-level=3 -C linker-plugin-lto -C codegen-units=1 --test --cfg 'feature="testing"' --check-cfg 'cfg(docsrs,test)' --check-cfg 'cfg(feature, values("testing"))' -C metadata=c6097c4015345a29 -C extra-filename=-771853b6c7d5cf09 --out-dir /home/dongxu/kv9/target/release/deps -C strip=debuginfo -L dependency=/home/dongxu/kv9/target/release/deps --extern serde=/home/dongxu/kv9/target/release/deps/libserde-5dc9487a3e6a6de7.rmeta --extern sha2=/home/dongxu/kv9/target/release/deps/libsha2-a20c6462c7edfb8a.rmeta --extern thiserror=/home/dongxu/kv9/target/release/deps/libthiserror-1d12ea43caae814d.rmeta`
    Checking kv9-region v0.0.0 (/tmp/kv9-quorum-message-trace/crates/region)
     Running `/home/dongxu/.rustup/toolchains/stable-x86_64-unknown-linux-gnu/bin/clippy-driver /home/dongxu/.rustup/toolchains/stable-x86_64-unknown-linux-gnu/bin/rustc --crate-name kv9_region --edition=2021 crates/region/src/lib.rs --error-format=json --json=diagnostic-rendered-ansi,artifacts,future-incompat --crate-type lib --emit=dep-info,metadata -C opt-level=3 -C linker-plugin-lto -C codegen-units=1 --check-cfg 'cfg(docsrs,test)' --check-cfg 'cfg(feature, values("testing"))' -C metadata=5dd0c8466c070c4a -C extra-filename=-74eb277163708671 --out-dir /home/dongxu/kv9/target/release/deps -C strip=debuginfo -L dependency=/home/dongxu/kv9/target/release/deps --extern kv9_common=/home/dongxu/kv9/target/release/deps/libkv9_common-6bdfe562d3805606.rmeta --extern kv9_engine=/home/dongxu/kv9/target/release/deps/libkv9_engine-58bced4d0ca8997d.rmeta --extern kv9_raft=/home/dongxu/kv9/target/release/deps/libkv9_raft-da2a4cdc8ec47149.rmeta -L native=/home/dongxu/kv9/target/release/build/aws-lc-sys-1eb05279d79a7ec6/out`
     Running `/home/dongxu/.rustup/toolchains/stable-x86_64-unknown-linux-gnu/bin/clippy-driver /home/dongxu/.rustup/toolchains/stable-x86_64-unknown-linux-gnu/bin/rustc --crate-name membership --edition=2021 crates/raft/tests/membership.rs --error-format=json --json=diagnostic-rendered-ansi,artifacts,future-incompat --emit=dep-info,metadata -C opt-level=3 -C lto=thin -C codegen-units=1 --test --cfg 'feature="testing"' --check-cfg 'cfg(docsrs,test)' --check-cfg 'cfg(feature, values("quorum-trace", "read-stage-timing", "testing"))' -C metadata=108e61b1b790149a -C extra-filename=-1ea535ef079f8669 --out-dir /home/dongxu/kv9/target/release/deps -C strip=debuginfo -L dependency=/home/dongxu/kv9/target/release/deps --extern kv9_common=/home/dongxu/kv9/target/release/deps/libkv9_common-6bdfe562d3805606.rmeta --extern kv9_engine=/home/dongxu/kv9/target/release/deps/libkv9_engine-58bced4d0ca8997d.rmeta --extern kv9_raft=/home/dongxu/kv9/target/release/deps/libkv9_raft-da2a4cdc8ec47149.rmeta --extern prost=/home/dongxu/kv9/target/release/deps/libprost-fd78165f2138ed5c.rmeta --extern protobuf=/home/dongxu/kv9/target/release/deps/libprotobuf-1117643358869062.rmeta --extern raft=/home/dongxu/kv9/target/release/deps/libraft-2085f8ce155ce540.rmeta --extern slog=/home/dongxu/kv9/target/release/deps/libslog-b849f5d25589a885.rmeta --extern tokio=/home/dongxu/kv9/target/release/deps/libtokio-81f6abbc3ac0c83d.rmeta --extern tokio_stream=/home/dongxu/kv9/target/release/deps/libtokio_stream-affa9c0265f286ae.rmeta --extern tonic=/home/dongxu/kv9/target/release/deps/libtonic-d67d075281df17a1.rmeta --extern tonic_prost=/home/dongxu/kv9/target/release/deps/libtonic_prost-b652bc0fac79abfc.rmeta -L native=/home/dongxu/kv9/target/release/build/aws-lc-sys-1eb05279d79a7ec6/out`
     Running `/home/dongxu/.rustup/toolchains/stable-x86_64-unknown-linux-gnu/bin/clippy-driver /home/dongxu/.rustup/toolchains/stable-x86_64-unknown-linux-gnu/bin/rustc --crate-name frame_bad_input --edition=2021 crates/raft/tests/frame_bad_input.rs --error-format=json --json=diagnostic-rendered-ansi,artifacts,future-incompat --emit=dep-info,metadata -C opt-level=3 -C lto=thin -C codegen-units=1 --test --cfg 'feature="testing"' --check-cfg 'cfg(docsrs,test)' --check-cfg 'cfg(feature, values("quorum-trace", "read-stage-timing", "testing"))' -C metadata=8c38fdef4a208d6e -C extra-filename=-3a23ce5bc5171954 --out-dir /home/dongxu/kv9/target/release/deps -C strip=debuginfo -L dependency=/home/dongxu/kv9/target/release/deps --extern kv9_common=/home/dongxu/kv9/target/release/deps/libkv9_common-6bdfe562d3805606.rmeta --extern kv9_engine=/home/dongxu/kv9/target/release/deps/libkv9_engine-58bced4d0ca8997d.rmeta --extern kv9_raft=/home/dongxu/kv9/target/release/deps/libkv9_raft-da2a4cdc8ec47149.rmeta --extern prost=/home/dongxu/kv9/target/release/deps/libprost-fd78165f2138ed5c.rmeta --extern protobuf=/home/dongxu/kv9/target/release/deps/libprotobuf-1117643358869062.rmeta --extern raft=/home/dongxu/kv9/target/release/deps/libraft-2085f8ce155ce540.rmeta --extern slog=/home/dongxu/kv9/target/release/deps/libslog-b849f5d25589a885.rmeta --extern tokio=/home/dongxu/kv9/target/release/deps/libtokio-81f6abbc3ac0c83d.rmeta --extern tokio_stream=/home/dongxu/kv9/target/release/deps/libtokio_stream-affa9c0265f286ae.rmeta --extern tonic=/home/dongxu/kv9/target/release/deps/libtonic-d67d075281df17a1.rmeta --extern tonic_prost=/home/dongxu/kv9/target/release/deps/libtonic_prost-b652bc0fac79abfc.rmeta -L native=/home/dongxu/kv9/target/release/build/aws-lc-sys-1eb05279d79a7ec6/out`
     Running `/home/dongxu/.rustup/toolchains/stable-x86_64-unknown-linux-gnu/bin/clippy-driver /home/dongxu/.rustup/toolchains/stable-x86_64-unknown-linux-gnu/bin/rustc --crate-name check_wire_floor --edition=2021 crates/raft/examples/check-wire-floor.rs --error-format=json --json=diagnostic-rendered-ansi,artifacts,future-incompat --crate-type bin --emit=dep-info,metadata -C opt-level=3 -C lto=thin -C codegen-units=1 --cfg 'feature="testing"' --check-cfg 'cfg(docsrs,test)' --check-cfg 'cfg(feature, values("quorum-trace", "read-stage-timing", "testing"))' -C metadata=703a1b67016edf17 -C extra-filename=-5cdbd38e0e37c5f0 --out-dir /home/dongxu/kv9/target/release/examples -C strip=debuginfo -L dependency=/home/dongxu/kv9/target/release/deps --extern kv9_common=/home/dongxu/kv9/target/release/deps/libkv9_common-6bdfe562d3805606.rmeta --extern kv9_engine=/home/dongxu/kv9/target/release/deps/libkv9_engine-58bced4d0ca8997d.rmeta --extern kv9_raft=/home/dongxu/kv9/target/release/deps/libkv9_raft-da2a4cdc8ec47149.rmeta --extern prost=/home/dongxu/kv9/target/release/deps/libprost-fd78165f2138ed5c.rmeta --extern protobuf=/home/dongxu/kv9/target/release/deps/libprotobuf-1117643358869062.rmeta --extern raft=/home/dongxu/kv9/target/release/deps/libraft-2085f8ce155ce540.rmeta --extern slog=/home/dongxu/kv9/target/release/deps/libslog-b849f5d25589a885.rmeta --extern tokio=/home/dongxu/kv9/target/release/deps/libtokio-81f6abbc3ac0c83d.rmeta --extern tokio_stream=/home/dongxu/kv9/target/release/deps/libtokio_stream-affa9c0265f286ae.rmeta --extern tonic=/home/dongxu/kv9/target/release/deps/libtonic-d67d075281df17a1.rmeta --extern tonic_prost=/home/dongxu/kv9/target/release/deps/libtonic_prost-b652bc0fac79abfc.rmeta -L native=/home/dongxu/kv9/target/release/build/aws-lc-sys-1eb05279d79a7ec6/out`
     Running `/home/dongxu/.rustup/toolchains/stable-x86_64-unknown-linux-gnu/bin/clippy-driver /home/dongxu/.rustup/toolchains/stable-x86_64-unknown-linux-gnu/bin/rustc --crate-name driver_lock_order --edition=2021 crates/raft/tests/driver_lock_order.rs --error-format=json --json=diagnostic-rendered-ansi,artifacts,future-incompat --emit=dep-info,metadata -C opt-level=3 -C lto=thin -C codegen-units=1 --test --cfg 'feature="testing"' --check-cfg 'cfg(docsrs,test)' --check-cfg 'cfg(feature, values("quorum-trace", "read-stage-timing", "testing"))' -C metadata=50d0f15091569b43 -C extra-filename=-8371e8890d5002f6 --out-dir /home/dongxu/kv9/target/release/deps -C strip=debuginfo -L dependency=/home/dongxu/kv9/target/release/deps --extern kv9_common=/home/dongxu/kv9/target/release/deps/libkv9_common-6bdfe562d3805606.rmeta --extern kv9_engine=/home/dongxu/kv9/target/release/deps/libkv9_engine-58bced4d0ca8997d.rmeta --extern kv9_raft=/home/dongxu/kv9/target/release/deps/libkv9_raft-da2a4cdc8ec47149.rmeta --extern prost=/home/dongxu/kv9/target/release/deps/libprost-fd78165f2138ed5c.rmeta --extern protobuf=/home/dongxu/kv9/target/release/deps/libprotobuf-1117643358869062.rmeta --extern raft=/home/dongxu/kv9/target/release/deps/libraft-2085f8ce155ce540.rmeta --extern slog=/home/dongxu/kv9/target/release/deps/libslog-b849f5d25589a885.rmeta --extern tokio=/home/dongxu/kv9/target/release/deps/libtokio-81f6abbc3ac0c83d.rmeta --extern tokio_stream=/home/dongxu/kv9/target/release/deps/libtokio_stream-affa9c0265f286ae.rmeta --extern tonic=/home/dongxu/kv9/target/release/deps/libtonic-d67d075281df17a1.rmeta --extern tonic_prost=/home/dongxu/kv9/target/release/deps/libtonic_prost-b652bc0fac79abfc.rmeta -L native=/home/dongxu/kv9/target/release/build/aws-lc-sys-1eb05279d79a7ec6/out`
    Checking kv9-meta v0.0.0 (/tmp/kv9-quorum-message-trace/crates/meta)
     Running `/home/dongxu/.rustup/toolchains/stable-x86_64-unknown-linux-gnu/bin/clippy-driver /home/dongxu/.rustup/toolchains/stable-x86_64-unknown-linux-gnu/bin/rustc --crate-name kv9_meta --edition=2021 crates/meta/src/lib.rs --error-format=json --json=diagnostic-rendered-ansi,artifacts,future-incompat --crate-type lib --emit=dep-info,metadata -C opt-level=3 -C linker-plugin-lto -C codegen-units=1 --check-cfg 'cfg(docsrs,test)' --check-cfg 'cfg(feature, values())' -C metadata=bc5bf59ef6856957 -C extra-filename=-1c1a1abaa9087cff --out-dir /home/dongxu/kv9/target/release/deps -C strip=debuginfo -L dependency=/home/dongxu/kv9/target/release/deps --extern kv9_common=/home/dongxu/kv9/target/release/deps/libkv9_common-6bdfe562d3805606.rmeta --extern kv9_engine=/home/dongxu/kv9/target/release/deps/libkv9_engine-58bced4d0ca8997d.rmeta --extern kv9_raft=/home/dongxu/kv9/target/release/deps/libkv9_raft-da2a4cdc8ec47149.rmeta --extern kv9_region=/home/dongxu/kv9/target/release/deps/libkv9_region-74eb277163708671.rmeta -L native=/home/dongxu/kv9/target/release/build/aws-lc-sys-1eb05279d79a7ec6/out`
    Checking kv9-txn v0.0.0 (/tmp/kv9-quorum-message-trace/crates/txn)
     Running `/home/dongxu/.rustup/toolchains/stable-x86_64-unknown-linux-gnu/bin/clippy-driver /home/dongxu/.rustup/toolchains/stable-x86_64-unknown-linux-gnu/bin/rustc --crate-name kv9_txn --edition=2021 crates/txn/src/lib.rs --error-format=json --json=diagnostic-rendered-ansi,artifacts,future-incompat --crate-type lib --emit=dep-info,metadata -C opt-level=3 -C linker-plugin-lto -C codegen-units=1 --check-cfg 'cfg(docsrs,test)' --check-cfg 'cfg(feature, values())' -C metadata=d5b9ae8be4822c19 -C extra-filename=-70a0d14028ce67fe --out-dir /home/dongxu/kv9/target/release/deps -C strip=debuginfo -L dependency=/home/dongxu/kv9/target/release/deps --extern kv9_common=/home/dongxu/kv9/target/release/deps/libkv9_common-6bdfe562d3805606.rmeta --extern kv9_engine=/home/dongxu/kv9/target/release/deps/libkv9_engine-58bced4d0ca8997d.rmeta --extern kv9_region=/home/dongxu/kv9/target/release/deps/libkv9_region-74eb277163708671.rmeta -L native=/home/dongxu/kv9/target/release/build/aws-lc-sys-1eb05279d79a7ec6/out`
     Running `/home/dongxu/.rustup/toolchains/stable-x86_64-unknown-linux-gnu/bin/clippy-driver /home/dongxu/.rustup/toolchains/stable-x86_64-unknown-linux-gnu/bin/rustc --crate-name kv9_meta --edition=2021 crates/meta/src/lib.rs --error-format=json --json=diagnostic-rendered-ansi,artifacts,future-incompat --emit=dep-info,metadata -C opt-level=3 -C linker-plugin-lto -C codegen-units=1 --test --check-cfg 'cfg(docsrs,test)' --check-cfg 'cfg(feature, values())' -C metadata=6c43e2fc03c86daa -C extra-filename=-4826f8c99abdf039 --out-dir /home/dongxu/kv9/target/release/deps -C strip=debuginfo -L dependency=/home/dongxu/kv9/target/release/deps --extern kv9_common=/home/dongxu/kv9/target/release/deps/libkv9_common-6bdfe562d3805606.rmeta --extern kv9_engine=/home/dongxu/kv9/target/release/deps/libkv9_engine-58bced4d0ca8997d.rmeta --extern kv9_raft=/home/dongxu/kv9/target/release/deps/libkv9_raft-da2a4cdc8ec47149.rmeta --extern kv9_region=/home/dongxu/kv9/target/release/deps/libkv9_region-74eb277163708671.rmeta -L native=/home/dongxu/kv9/target/release/build/aws-lc-sys-1eb05279d79a7ec6/out`
     Running `/home/dongxu/.rustup/toolchains/stable-x86_64-unknown-linux-gnu/bin/clippy-driver /home/dongxu/.rustup/toolchains/stable-x86_64-unknown-linux-gnu/bin/rustc --crate-name kv9_txn --edition=2021 crates/txn/src/lib.rs --error-format=json --json=diagnostic-rendered-ansi,artifacts,future-incompat --emit=dep-info,metadata -C opt-level=3 -C linker-plugin-lto -C codegen-units=1 --test --check-cfg 'cfg(docsrs,test)' --check-cfg 'cfg(feature, values())' -C metadata=41df885f5236043e -C extra-filename=-829e887c1eadf610 --out-dir /home/dongxu/kv9/target/release/deps -C strip=debuginfo -L dependency=/home/dongxu/kv9/target/release/deps --extern kv9_common=/home/dongxu/kv9/target/release/deps/libkv9_common-6bdfe562d3805606.rmeta --extern kv9_engine=/home/dongxu/kv9/target/release/deps/libkv9_engine-58bced4d0ca8997d.rmeta --extern kv9_region=/home/dongxu/kv9/target/release/deps/libkv9_region-74eb277163708671.rmeta -L native=/home/dongxu/kv9/target/release/build/aws-lc-sys-1eb05279d79a7ec6/out`
     Running `/home/dongxu/.rustup/toolchains/stable-x86_64-unknown-linux-gnu/bin/clippy-driver /home/dongxu/.rustup/toolchains/stable-x86_64-unknown-linux-gnu/bin/rustc --crate-name kv9_region --edition=2021 crates/region/src/lib.rs --error-format=json --json=diagnostic-rendered-ansi,artifacts,future-incompat --emit=dep-info,metadata -C opt-level=3 -C linker-plugin-lto -C codegen-units=1 --test --check-cfg 'cfg(docsrs,test)' --check-cfg 'cfg(feature, values("testing"))' -C metadata=f2a8de0544bdea9a -C extra-filename=-d9b9f000173655db --out-dir /home/dongxu/kv9/target/release/deps -C strip=debuginfo -L dependency=/home/dongxu/kv9/target/release/deps --extern kv9_common=/home/dongxu/kv9/target/release/deps/libkv9_common-6bdfe562d3805606.rmeta --extern kv9_engine=/home/dongxu/kv9/target/release/deps/libkv9_engine-58bced4d0ca8997d.rmeta --extern kv9_raft=/home/dongxu/kv9/target/release/deps/libkv9_raft-da2a4cdc8ec47149.rmeta -L native=/home/dongxu/kv9/target/release/build/aws-lc-sys-1eb05279d79a7ec6/out`
     Running `/home/dongxu/.rustup/toolchains/stable-x86_64-unknown-linux-gnu/bin/clippy-driver /home/dongxu/.rustup/toolchains/stable-x86_64-unknown-linux-gnu/bin/rustc --crate-name kv9_server --edition=2021 crates/server/src/lib.rs --error-format=json --json=diagnostic-rendered-ansi,artifacts,future-incompat --crate-type lib --emit=dep-info,metadata -C opt-level=3 -C linker-plugin-lto -C codegen-units=1 --check-cfg 'cfg(docsrs,test)' --check-cfg 'cfg(feature, values("checkpoint-testing", "quorum-trace", "rpc-experiment"))' -C metadata=50e8d3ef10cfb8d8 -C extra-filename=-bcfca1537763fac8 --out-dir /home/dongxu/kv9/target/release/deps -C strip=debuginfo -L dependency=/home/dongxu/kv9/target/release/deps --extern futures_util=/home/dongxu/kv9/target/release/deps/libfutures_util-dcbb90b3018f35e7.rmeta --extern kv9_common=/home/dongxu/kv9/target/release/deps/libkv9_common-6bdfe562d3805606.rmeta --extern kv9_engine=/home/dongxu/kv9/target/release/deps/libkv9_engine-58bced4d0ca8997d.rmeta --extern kv9_meta=/home/dongxu/kv9/target/release/deps/libkv9_meta-1c1a1abaa9087cff.rmeta --extern kv9_raft=/home/dongxu/kv9/target/release/deps/libkv9_raft-da2a4cdc8ec47149.rmeta --extern kv9_region=/home/dongxu/kv9/target/release/deps/libkv9_region-74eb277163708671.rmeta --extern kv9_txn=/home/dongxu/kv9/target/release/deps/libkv9_txn-70a0d14028ce67fe.rmeta --extern prost=/home/dongxu/kv9/target/release/deps/libprost-fd78165f2138ed5c.rmeta --extern serde=/home/dongxu/kv9/target/release/deps/libserde-5dc9487a3e6a6de7.rmeta --extern serde_json=/home/dongxu/kv9/target/release/deps/libserde_json-615daee37c3db556.rmeta --extern sha2=/home/dongxu/kv9/target/release/deps/libsha2-a20c6462c7edfb8a.rmeta --extern tokio=/home/dongxu/kv9/target/release/deps/libtokio-81f6abbc3ac0c83d.rmeta --extern tokio_stream=/home/dongxu/kv9/target/release/deps/libtokio_stream-affa9c0265f286ae.rmeta --extern tokio_util=/home/dongxu/kv9/target/release/deps/libtokio_util-2212101142e82cfd.rmeta --extern tonic=/home/dongxu/kv9/target/release/deps/libtonic-d67d075281df17a1.rmeta --extern tonic_prost=/home/dongxu/kv9/target/release/deps/libtonic_prost-b652bc0fac79abfc.rmeta -L native=/home/dongxu/kv9/target/release/build/aws-lc-sys-1eb05279d79a7ec6/out`
     Running `/home/dongxu/.rustup/toolchains/stable-x86_64-unknown-linux-gnu/bin/clippy-driver /home/dongxu/.rustup/toolchains/stable-x86_64-unknown-linux-gnu/bin/rustc --crate-name catalog_facade --edition=2021 crates/meta/tests/catalog_facade.rs --error-format=json --json=diagnostic-rendered-ansi,artifacts,future-incompat --emit=dep-info,metadata -C opt-level=3 -C lto=thin -C codegen-units=1 --test --check-cfg 'cfg(docsrs,test)' --check-cfg 'cfg(feature, values())' -C metadata=ea2ac93a86bc82f3 -C extra-filename=-3701a876e9764107 --out-dir /home/dongxu/kv9/target/release/deps -C strip=debuginfo -L dependency=/home/dongxu/kv9/target/release/deps --extern kv9_common=/home/dongxu/kv9/target/release/deps/libkv9_common-6bdfe562d3805606.rmeta --extern kv9_engine=/home/dongxu/kv9/target/release/deps/libkv9_engine-58bced4d0ca8997d.rmeta --extern kv9_meta=/home/dongxu/kv9/target/release/deps/libkv9_meta-1c1a1abaa9087cff.rmeta --extern kv9_raft=/home/dongxu/kv9/target/release/deps/libkv9_raft-da2a4cdc8ec47149.rmeta --extern kv9_region=/home/dongxu/kv9/target/release/deps/libkv9_region-74eb277163708671.rmeta -L native=/home/dongxu/kv9/target/release/build/aws-lc-sys-1eb05279d79a7ec6/out`
     Running `/home/dongxu/.rustup/toolchains/stable-x86_64-unknown-linux-gnu/bin/clippy-driver /home/dongxu/.rustup/toolchains/stable-x86_64-unknown-linux-gnu/bin/rustc --crate-name endpoint --edition=2021 crates/meta/tests/endpoint.rs --error-format=json --json=diagnostic-rendered-ansi,artifacts,future-incompat --emit=dep-info,metadata -C opt-level=3 -C lto=thin -C codegen-units=1 --test --check-cfg 'cfg(docsrs,test)' --check-cfg 'cfg(feature, values())' -C metadata=4d55f7d8dbec3c1a -C extra-filename=-3fd0416f867772b2 --out-dir /home/dongxu/kv9/target/release/deps -C strip=debuginfo -L dependency=/home/dongxu/kv9/target/release/deps --extern kv9_common=/home/dongxu/kv9/target/release/deps/libkv9_common-6bdfe562d3805606.rmeta --extern kv9_engine=/home/dongxu/kv9/target/release/deps/libkv9_engine-58bced4d0ca8997d.rmeta --extern kv9_meta=/home/dongxu/kv9/target/release/deps/libkv9_meta-1c1a1abaa9087cff.rmeta --extern kv9_raft=/home/dongxu/kv9/target/release/deps/libkv9_raft-da2a4cdc8ec47149.rmeta --extern kv9_region=/home/dongxu/kv9/target/release/deps/libkv9_region-74eb277163708671.rmeta -L native=/home/dongxu/kv9/target/release/build/aws-lc-sys-1eb05279d79a7ec6/out`
     Running `/home/dongxu/.rustup/toolchains/stable-x86_64-unknown-linux-gnu/bin/clippy-driver /home/dongxu/.rustup/toolchains/stable-x86_64-unknown-linux-gnu/bin/rustc --crate-name admission --edition=2021 crates/meta/tests/admission.rs --error-format=json --json=diagnostic-rendered-ansi,artifacts,future-incompat --emit=dep-info,metadata -C opt-level=3 -C lto=thin -C codegen-units=1 --test --check-cfg 'cfg(docsrs,test)' --check-cfg 'cfg(feature, values())' -C metadata=704dffc6f0bd87fe -C extra-filename=-be84a507033660c0 --out-dir /home/dongxu/kv9/target/release/deps -C strip=debuginfo -L dependency=/home/dongxu/kv9/target/release/deps --extern kv9_common=/home/dongxu/kv9/target/release/deps/libkv9_common-6bdfe562d3805606.rmeta --extern kv9_engine=/home/dongxu/kv9/target/release/deps/libkv9_engine-58bced4d0ca8997d.rmeta --extern kv9_meta=/home/dongxu/kv9/target/release/deps/libkv9_meta-1c1a1abaa9087cff.rmeta --extern kv9_raft=/home/dongxu/kv9/target/release/deps/libkv9_raft-da2a4cdc8ec47149.rmeta --extern kv9_region=/home/dongxu/kv9/target/release/deps/libkv9_region-74eb277163708671.rmeta -L native=/home/dongxu/kv9/target/release/build/aws-lc-sys-1eb05279d79a7ec6/out`
     Running `/home/dongxu/.rustup/toolchains/stable-x86_64-unknown-linux-gnu/bin/clippy-driver /home/dongxu/.rustup/toolchains/stable-x86_64-unknown-linux-gnu/bin/rustc --crate-name catalog --edition=2021 crates/meta/tests/catalog.rs --error-format=json --json=diagnostic-rendered-ansi,artifacts,future-incompat --emit=dep-info,metadata -C opt-level=3 -C lto=thin -C codegen-units=1 --test --check-cfg 'cfg(docsrs,test)' --check-cfg 'cfg(feature, values())' -C metadata=ee5403da649e4131 -C extra-filename=-94d01e013d2bc144 --out-dir /home/dongxu/kv9/target/release/deps -C strip=debuginfo -L dependency=/home/dongxu/kv9/target/release/deps --extern kv9_common=/home/dongxu/kv9/target/release/deps/libkv9_common-6bdfe562d3805606.rmeta --extern kv9_engine=/home/dongxu/kv9/target/release/deps/libkv9_engine-58bced4d0ca8997d.rmeta --extern kv9_meta=/home/dongxu/kv9/target/release/deps/libkv9_meta-1c1a1abaa9087cff.rmeta --extern kv9_raft=/home/dongxu/kv9/target/release/deps/libkv9_raft-da2a4cdc8ec47149.rmeta --extern kv9_region=/home/dongxu/kv9/target/release/deps/libkv9_region-74eb277163708671.rmeta -L native=/home/dongxu/kv9/target/release/build/aws-lc-sys-1eb05279d79a7ec6/out`
     Running `/home/dongxu/.rustup/toolchains/stable-x86_64-unknown-linux-gnu/bin/clippy-driver /home/dongxu/.rustup/toolchains/stable-x86_64-unknown-linux-gnu/bin/rustc --crate-name kv9_server --edition=2021 crates/server/src/lib.rs --error-format=json --json=diagnostic-rendered-ansi,artifacts,future-incompat --emit=dep-info,metadata -C opt-level=3 -C linker-plugin-lto -C codegen-units=1 --test --check-cfg 'cfg(docsrs,test)' --check-cfg 'cfg(feature, values("checkpoint-testing", "quorum-trace", "rpc-experiment"))' -C metadata=bf670127414cf01e -C extra-filename=-348edf7075dfd1bf --out-dir /home/dongxu/kv9/target/release/deps -C strip=debuginfo -L dependency=/home/dongxu/kv9/target/release/deps --extern futures_util=/home/dongxu/kv9/target/release/deps/libfutures_util-dcbb90b3018f35e7.rmeta --extern kv9_common=/home/dongxu/kv9/target/release/deps/libkv9_common-6bdfe562d3805606.rmeta --extern kv9_engine=/home/dongxu/kv9/target/release/deps/libkv9_engine-58bced4d0ca8997d.rmeta --extern kv9_meta=/home/dongxu/kv9/target/release/deps/libkv9_meta-1c1a1abaa9087cff.rmeta --extern kv9_raft=/home/dongxu/kv9/target/release/deps/libkv9_raft-da2a4cdc8ec47149.rmeta --extern kv9_region=/home/dongxu/kv9/target/release/deps/libkv9_region-74eb277163708671.rmeta --extern kv9_txn=/home/dongxu/kv9/target/release/deps/libkv9_txn-70a0d14028ce67fe.rmeta --extern prost=/home/dongxu/kv9/target/release/deps/libprost-fd78165f2138ed5c.rmeta --extern protobuf=/home/dongxu/kv9/target/release/deps/libprotobuf-1117643358869062.rmeta --extern raft=/home/dongxu/kv9/target/release/deps/libraft-2085f8ce155ce540.rmeta --extern serde=/home/dongxu/kv9/target/release/deps/libserde-5dc9487a3e6a6de7.rmeta --extern serde_json=/home/dongxu/kv9/target/release/deps/libserde_json-615daee37c3db556.rmeta --extern sha2=/home/dongxu/kv9/target/release/deps/libsha2-a20c6462c7edfb8a.rmeta --extern tokio=/home/dongxu/kv9/target/release/deps/libtokio-81f6abbc3ac0c83d.rmeta --extern tokio_stream=/home/dongxu/kv9/target/release/deps/libtokio_stream-affa9c0265f286ae.rmeta --extern tokio_util=/home/dongxu/kv9/target/release/deps/libtokio_util-2212101142e82cfd.rmeta --extern tonic=/home/dongxu/kv9/target/release/deps/libtonic-d67d075281df17a1.rmeta --extern tonic_prost=/home/dongxu/kv9/target/release/deps/libtonic_prost-b652bc0fac79abfc.rmeta -L native=/home/dongxu/kv9/target/release/build/aws-lc-sys-1eb05279d79a7ec6/out`
    Checking kv9 v0.0.0 (/tmp/kv9-quorum-message-trace)
     Running `/home/dongxu/.rustup/toolchains/stable-x86_64-unknown-linux-gnu/bin/clippy-driver /home/dongxu/.rustup/toolchains/stable-x86_64-unknown-linux-gnu/bin/rustc --crate-name kv9_batch_workload --edition=2021 crates/server/src/bin/kv9-batch-workload.rs --error-format=json --json=diagnostic-rendered-ansi,artifacts,future-incompat --emit=dep-info,metadata -C opt-level=3 -C lto=thin -C codegen-units=1 --test --check-cfg 'cfg(docsrs,test)' --check-cfg 'cfg(feature, values("checkpoint-testing", "quorum-trace", "rpc-experiment"))' -C metadata=62a7bc16b0a2644b -C extra-filename=-1eebb622c227c812 --out-dir /home/dongxu/kv9/target/release/deps -C strip=debuginfo -L dependency=/home/dongxu/kv9/target/release/deps --extern futures_util=/home/dongxu/kv9/target/release/deps/libfutures_util-dcbb90b3018f35e7.rmeta --extern kv9_common=/home/dongxu/kv9/target/release/deps/libkv9_common-6bdfe562d3805606.rmeta --extern kv9_engine=/home/dongxu/kv9/target/release/deps/libkv9_engine-58bced4d0ca8997d.rmeta --extern kv9_meta=/home/dongxu/kv9/target/release/deps/libkv9_meta-1c1a1abaa9087cff.rmeta --extern kv9_raft=/home/dongxu/kv9/target/release/deps/libkv9_raft-da2a4cdc8ec47149.rmeta --extern kv9_region=/home/dongxu/kv9/target/release/deps/libkv9_region-74eb277163708671.rmeta --extern kv9_server=/home/dongxu/kv9/target/release/deps/libkv9_server-bcfca1537763fac8.rmeta --extern kv9_txn=/home/dongxu/kv9/target/release/deps/libkv9_txn-70a0d14028ce67fe.rmeta --extern prost=/home/dongxu/kv9/target/release/deps/libprost-fd78165f2138ed5c.rmeta --extern protobuf=/home/dongxu/kv9/target/release/deps/libprotobuf-1117643358869062.rmeta --extern raft=/home/dongxu/kv9/target/release/deps/libraft-2085f8ce155ce540.rmeta --extern serde=/home/dongxu/kv9/target/release/deps/libserde-5dc9487a3e6a6de7.rmeta --extern serde_json=/home/dongxu/kv9/target/release/deps/libserde_json-615daee37c3db556.rmeta --extern sha2=/home/dongxu/kv9/target/release/deps/libsha2-a20c6462c7edfb8a.rmeta --extern tokio=/home/dongxu/kv9/target/release/deps/libtokio-81f6abbc3ac0c83d.rmeta --extern tokio_stream=/home/dongxu/kv9/target/release/deps/libtokio_stream-affa9c0265f286ae.rmeta --extern tokio_util=/home/dongxu/kv9/target/release/deps/libtokio_util-2212101142e82cfd.rmeta --extern tonic=/home/dongxu/kv9/target/release/deps/libtonic-d67d075281df17a1.rmeta --extern tonic_prost=/home/dongxu/kv9/target/release/deps/libtonic_prost-b652bc0fac79abfc.rmeta -L native=/home/dongxu/kv9/target/release/build/aws-lc-sys-1eb05279d79a7ec6/out`
     Running `/home/dongxu/.rustup/toolchains/stable-x86_64-unknown-linux-gnu/bin/clippy-driver /home/dongxu/.rustup/toolchains/stable-x86_64-unknown-linux-gnu/bin/rustc --crate-name kv9 --edition=2021 src/main.rs --error-format=json --json=diagnostic-rendered-ansi,artifacts,future-incompat --emit=dep-info,metadata -C opt-level=3 -C lto=thin -C codegen-units=1 --test --check-cfg 'cfg(docsrs,test)' --check-cfg 'cfg(feature, values("checkpoint-testing", "partition-testing", "quorum-trace", "rpc-experiment"))' -C metadata=0234b5e9e73ed646 -C extra-filename=-577dea3bfcbf7831 --out-dir /home/dongxu/kv9/target/release/deps -C strip=debuginfo -L dependency=/home/dongxu/kv9/target/release/deps --extern kv9_common=/home/dongxu/kv9/target/release/deps/libkv9_common-6bdfe562d3805606.rmeta --extern kv9_engine=/home/dongxu/kv9/target/release/deps/libkv9_engine-58bced4d0ca8997d.rmeta --extern kv9_meta=/home/dongxu/kv9/target/release/deps/libkv9_meta-1c1a1abaa9087cff.rmeta --extern kv9_raft=/home/dongxu/kv9/target/release/deps/libkv9_raft-da2a4cdc8ec47149.rmeta --extern kv9_region=/home/dongxu/kv9/target/release/deps/libkv9_region-74eb277163708671.rmeta --extern kv9_server=/home/dongxu/kv9/target/release/deps/libkv9_server-bcfca1537763fac8.rmeta --extern kv9_txn=/home/dongxu/kv9/target/release/deps/libkv9_txn-70a0d14028ce67fe.rmeta --extern tikv_jemallocator=/home/dongxu/kv9/target/release/deps/libtikv_jemallocator-f5d954e547af8ffb.rmeta -L native=/home/dongxu/kv9/target/release/build/aws-lc-sys-1eb05279d79a7ec6/out -L native=/home/dongxu/kv9/target/release/build/tikv-jemalloc-sys-6b1888eb065cfaf0/out/build/lib`
     Running `/home/dongxu/.rustup/toolchains/stable-x86_64-unknown-linux-gnu/bin/clippy-driver /home/dongxu/.rustup/toolchains/stable-x86_64-unknown-linux-gnu/bin/rustc --crate-name kv9_batch_workload --edition=2021 crates/server/src/bin/kv9-batch-workload.rs --error-format=json --json=diagnostic-rendered-ansi,artifacts,future-incompat --crate-type bin --emit=dep-info,metadata -C opt-level=3 -C lto=thin -C codegen-units=1 --check-cfg 'cfg(docsrs,test)' --check-cfg 'cfg(feature, values("checkpoint-testing", "quorum-trace", "rpc-experiment"))' -C metadata=7271bc012227ac21 -C extra-filename=-89995f6084d44c5d --out-dir /home/dongxu/kv9/target/release/deps -C strip=debuginfo -L dependency=/home/dongxu/kv9/target/release/deps --extern futures_util=/home/dongxu/kv9/target/release/deps/libfutures_util-dcbb90b3018f35e7.rmeta --extern kv9_common=/home/dongxu/kv9/target/release/deps/libkv9_common-6bdfe562d3805606.rmeta --extern kv9_engine=/home/dongxu/kv9/target/release/deps/libkv9_engine-58bced4d0ca8997d.rmeta --extern kv9_meta=/home/dongxu/kv9/target/release/deps/libkv9_meta-1c1a1abaa9087cff.rmeta --extern kv9_raft=/home/dongxu/kv9/target/release/deps/libkv9_raft-da2a4cdc8ec47149.rmeta --extern kv9_region=/home/dongxu/kv9/target/release/deps/libkv9_region-74eb277163708671.rmeta --extern kv9_server=/home/dongxu/kv9/target/release/deps/libkv9_server-bcfca1537763fac8.rmeta --extern kv9_txn=/home/dongxu/kv9/target/release/deps/libkv9_txn-70a0d14028ce67fe.rmeta --extern prost=/home/dongxu/kv9/target/release/deps/libprost-fd78165f2138ed5c.rmeta --extern serde=/home/dongxu/kv9/target/release/deps/libserde-5dc9487a3e6a6de7.rmeta --extern serde_json=/home/dongxu/kv9/target/release/deps/libserde_json-615daee37c3db556.rmeta --extern sha2=/home/dongxu/kv9/target/release/deps/libsha2-a20c6462c7edfb8a.rmeta --extern tokio=/home/dongxu/kv9/target/release/deps/libtokio-81f6abbc3ac0c83d.rmeta --extern tokio_stream=/home/dongxu/kv9/target/release/deps/libtokio_stream-affa9c0265f286ae.rmeta --extern tokio_util=/home/dongxu/kv9/target/release/deps/libtokio_util-2212101142e82cfd.rmeta --extern tonic=/home/dongxu/kv9/target/release/deps/libtonic-d67d075281df17a1.rmeta --extern tonic_prost=/home/dongxu/kv9/target/release/deps/libtonic_prost-b652bc0fac79abfc.rmeta -L native=/home/dongxu/kv9/target/release/build/aws-lc-sys-1eb05279d79a7ec6/out`
     Running `/home/dongxu/.rustup/toolchains/stable-x86_64-unknown-linux-gnu/bin/clippy-driver /home/dongxu/.rustup/toolchains/stable-x86_64-unknown-linux-gnu/bin/rustc --crate-name kv9 --edition=2021 src/main.rs --error-format=json --json=diagnostic-rendered-ansi,artifacts,future-incompat --crate-type bin --emit=dep-info,metadata -C opt-level=3 -C lto=thin -C codegen-units=1 --check-cfg 'cfg(docsrs,test)' --check-cfg 'cfg(feature, values("checkpoint-testing", "partition-testing", "quorum-trace", "rpc-experiment"))' -C metadata=ac463f2f204f6eaf -C extra-filename=-03172328c9afc2ac --out-dir /home/dongxu/kv9/target/release/deps -C strip=debuginfo -L dependency=/home/dongxu/kv9/target/release/deps --extern kv9_common=/home/dongxu/kv9/target/release/deps/libkv9_common-6bdfe562d3805606.rmeta --extern kv9_engine=/home/dongxu/kv9/target/release/deps/libkv9_engine-58bced4d0ca8997d.rmeta --extern kv9_meta=/home/dongxu/kv9/target/release/deps/libkv9_meta-1c1a1abaa9087cff.rmeta --extern kv9_raft=/home/dongxu/kv9/target/release/deps/libkv9_raft-da2a4cdc8ec47149.rmeta --extern kv9_region=/home/dongxu/kv9/target/release/deps/libkv9_region-74eb277163708671.rmeta --extern kv9_server=/home/dongxu/kv9/target/release/deps/libkv9_server-bcfca1537763fac8.rmeta --extern kv9_txn=/home/dongxu/kv9/target/release/deps/libkv9_txn-70a0d14028ce67fe.rmeta --extern tikv_jemallocator=/home/dongxu/kv9/target/release/deps/libtikv_jemallocator-f5d954e547af8ffb.rmeta -L native=/home/dongxu/kv9/target/release/build/aws-lc-sys-1eb05279d79a7ec6/out -L native=/home/dongxu/kv9/target/release/build/tikv-jemalloc-sys-6b1888eb065cfaf0/out/build/lib`
     Running `/home/dongxu/.rustup/toolchains/stable-x86_64-unknown-linux-gnu/bin/clippy-driver /home/dongxu/.rustup/toolchains/stable-x86_64-unknown-linux-gnu/bin/rustc --crate-name workload_loopback --edition=2021 crates/server/examples/workload-loopback.rs --error-format=json --json=diagnostic-rendered-ansi,artifacts,future-incompat --crate-type bin --emit=dep-info,metadata -C opt-level=3 -C lto=thin -C codegen-units=1 --check-cfg 'cfg(docsrs,test)' --check-cfg 'cfg(feature, values("checkpoint-testing", "quorum-trace", "rpc-experiment"))' -C metadata=fd3616829d74bcf3 -C extra-filename=-6139205212733403 --out-dir /home/dongxu/kv9/target/release/examples -C strip=debuginfo -L dependency=/home/dongxu/kv9/target/release/deps --extern futures_util=/home/dongxu/kv9/target/release/deps/libfutures_util-dcbb90b3018f35e7.rmeta --extern kv9_common=/home/dongxu/kv9/target/release/deps/libkv9_common-6bdfe562d3805606.rmeta --extern kv9_engine=/home/dongxu/kv9/target/release/deps/libkv9_engine-58bced4d0ca8997d.rmeta --extern kv9_meta=/home/dongxu/kv9/target/release/deps/libkv9_meta-1c1a1abaa9087cff.rmeta --extern kv9_raft=/home/dongxu/kv9/target/release/deps/libkv9_raft-da2a4cdc8ec47149.rmeta --extern kv9_region=/home/dongxu/kv9/target/release/deps/libkv9_region-74eb277163708671.rmeta --extern kv9_server=/home/dongxu/kv9/target/release/deps/libkv9_server-bcfca1537763fac8.rmeta --extern kv9_txn=/home/dongxu/kv9/target/release/deps/libkv9_txn-70a0d14028ce67fe.rmeta --extern prost=/home/dongxu/kv9/target/release/deps/libprost-fd78165f2138ed5c.rmeta --extern protobuf=/home/dongxu/kv9/target/release/deps/libprotobuf-1117643358869062.rmeta --extern raft=/home/dongxu/kv9/target/release/deps/libraft-2085f8ce155ce540.rmeta --extern serde=/home/dongxu/kv9/target/release/deps/libserde-5dc9487a3e6a6de7.rmeta --extern serde_json=/home/dongxu/kv9/target/release/deps/libserde_json-615daee37c3db556.rmeta --extern sha2=/home/dongxu/kv9/target/release/deps/libsha2-a20c6462c7edfb8a.rmeta --extern tokio=/home/dongxu/kv9/target/release/deps/libtokio-81f6abbc3ac0c83d.rmeta --extern tokio_stream=/home/dongxu/kv9/target/release/deps/libtokio_stream-affa9c0265f286ae.rmeta --extern tokio_util=/home/dongxu/kv9/target/release/deps/libtokio_util-2212101142e82cfd.rmeta --extern tonic=/home/dongxu/kv9/target/release/deps/libtonic-d67d075281df17a1.rmeta --extern tonic_prost=/home/dongxu/kv9/target/release/deps/libtonic_prost-b652bc0fac79abfc.rmeta -L native=/home/dongxu/kv9/target/release/build/aws-lc-sys-1eb05279d79a7ec6/out`
     Running `/home/dongxu/.rustup/toolchains/stable-x86_64-unknown-linux-gnu/bin/clippy-driver /home/dongxu/.rustup/toolchains/stable-x86_64-unknown-linux-gnu/bin/rustc --crate-name admission_pressure --edition=2021 crates/server/examples/admission-pressure.rs --error-format=json --json=diagnostic-rendered-ansi,artifacts,future-incompat --crate-type bin --emit=dep-info,metadata -C opt-level=3 -C lto=thin -C codegen-units=1 --check-cfg 'cfg(docsrs,test)' --check-cfg 'cfg(feature, values("checkpoint-testing", "quorum-trace", "rpc-experiment"))' -C metadata=b285b7e07d7e0fdc -C extra-filename=-fc030be2270bb378 --out-dir /home/dongxu/kv9/target/release/examples -C strip=debuginfo -L dependency=/home/dongxu/kv9/target/release/deps --extern futures_util=/home/dongxu/kv9/target/release/deps/libfutures_util-dcbb90b3018f35e7.rmeta --extern kv9_common=/home/dongxu/kv9/target/release/deps/libkv9_common-6bdfe562d3805606.rmeta --extern kv9_engine=/home/dongxu/kv9/target/release/deps/libkv9_engine-58bced4d0ca8997d.rmeta --extern kv9_meta=/home/dongxu/kv9/target/release/deps/libkv9_meta-1c1a1abaa9087cff.rmeta --extern kv9_raft=/home/dongxu/kv9/target/release/deps/libkv9_raft-da2a4cdc8ec47149.rmeta --extern kv9_region=/home/dongxu/kv9/target/release/deps/libkv9_region-74eb277163708671.rmeta --extern kv9_server=/home/dongxu/kv9/target/release/deps/libkv9_server-bcfca1537763fac8.rmeta --extern kv9_txn=/home/dongxu/kv9/target/release/deps/libkv9_txn-70a0d14028ce67fe.rmeta --extern prost=/home/dongxu/kv9/target/release/deps/libprost-fd78165f2138ed5c.rmeta --extern protobuf=/home/dongxu/kv9/target/release/deps/libprotobuf-1117643358869062.rmeta --extern raft=/home/dongxu/kv9/target/release/deps/libraft-2085f8ce155ce540.rmeta --extern serde=/home/dongxu/kv9/target/release/deps/libserde-5dc9487a3e6a6de7.rmeta --extern serde_json=/home/dongxu/kv9/target/release/deps/libserde_json-615daee37c3db556.rmeta --extern sha2=/home/dongxu/kv9/target/release/deps/libsha2-a20c6462c7edfb8a.rmeta --extern tokio=/home/dongxu/kv9/target/release/deps/libtokio-81f6abbc3ac0c83d.rmeta --extern tokio_stream=/home/dongxu/kv9/target/release/deps/libtokio_stream-affa9c0265f286ae.rmeta --extern tokio_util=/home/dongxu/kv9/target/release/deps/libtokio_util-2212101142e82cfd.rmeta --extern tonic=/home/dongxu/kv9/target/release/deps/libtonic-d67d075281df17a1.rmeta --extern tonic_prost=/home/dongxu/kv9/target/release/deps/libtonic_prost-b652bc0fac79abfc.rmeta -L native=/home/dongxu/kv9/target/release/build/aws-lc-sys-1eb05279d79a7ec6/out`
     Running `/home/dongxu/.rustup/toolchains/stable-x86_64-unknown-linux-gnu/bin/clippy-driver /home/dongxu/.rustup/toolchains/stable-x86_64-unknown-linux-gnu/bin/rustc --crate-name kv9_workload --edition=2021 crates/server/src/bin/kv9-workload.rs --error-format=json --json=diagnostic-rendered-ansi,artifacts,future-incompat --crate-type bin --emit=dep-info,metadata -C opt-level=3 -C lto=thin -C codegen-units=1 --check-cfg 'cfg(docsrs,test)' --check-cfg 'cfg(feature, values("checkpoint-testing", "quorum-trace", "rpc-experiment"))' -C metadata=eb8ae6212cd4fe42 -C extra-filename=-4054a3408763a3b1 --out-dir /home/dongxu/kv9/target/release/deps -C strip=debuginfo -L dependency=/home/dongxu/kv9/target/release/deps --extern futures_util=/home/dongxu/kv9/target/release/deps/libfutures_util-dcbb90b3018f35e7.rmeta --extern kv9_common=/home/dongxu/kv9/target/release/deps/libkv9_common-6bdfe562d3805606.rmeta --extern kv9_engine=/home/dongxu/kv9/target/release/deps/libkv9_engine-58bced4d0ca8997d.rmeta --extern kv9_meta=/home/dongxu/kv9/target/release/deps/libkv9_meta-1c1a1abaa9087cff.rmeta --extern kv9_raft=/home/dongxu/kv9/target/release/deps/libkv9_raft-da2a4cdc8ec47149.rmeta --extern kv9_region=/home/dongxu/kv9/target/release/deps/libkv9_region-74eb277163708671.rmeta --extern kv9_server=/home/dongxu/kv9/target/release/deps/libkv9_server-bcfca1537763fac8.rmeta --extern kv9_txn=/home/dongxu/kv9/target/release/deps/libkv9_txn-70a0d14028ce67fe.rmeta --extern prost=/home/dongxu/kv9/target/release/deps/libprost-fd78165f2138ed5c.rmeta --extern serde=/home/dongxu/kv9/target/release/deps/libserde-5dc9487a3e6a6de7.rmeta --extern serde_json=/home/dongxu/kv9/target/release/deps/libserde_json-615daee37c3db556.rmeta --extern sha2=/home/dongxu/kv9/target/release/deps/libsha2-a20c6462c7edfb8a.rmeta --extern tokio=/home/dongxu/kv9/target/release/deps/libtokio-81f6abbc3ac0c83d.rmeta --extern tokio_stream=/home/dongxu/kv9/target/release/deps/libtokio_stream-affa9c0265f286ae.rmeta --extern tokio_util=/home/dongxu/kv9/target/release/deps/libtokio_util-2212101142e82cfd.rmeta --extern tonic=/home/dongxu/kv9/target/release/deps/libtonic-d67d075281df17a1.rmeta --extern tonic_prost=/home/dongxu/kv9/target/release/deps/libtonic_prost-b652bc0fac79abfc.rmeta -L native=/home/dongxu/kv9/target/release/build/aws-lc-sys-1eb05279d79a7ec6/out`
     Running `/home/dongxu/.rustup/toolchains/stable-x86_64-unknown-linux-gnu/bin/clippy-driver /home/dongxu/.rustup/toolchains/stable-x86_64-unknown-linux-gnu/bin/rustc --crate-name latency_overhead --edition=2021 crates/server/examples/latency-overhead.rs --error-format=json --json=diagnostic-rendered-ansi,artifacts,future-incompat --crate-type bin --emit=dep-info,metadata -C opt-level=3 -C lto=thin -C codegen-units=1 --check-cfg 'cfg(docsrs,test)' --check-cfg 'cfg(feature, values("checkpoint-testing", "quorum-trace", "rpc-experiment"))' -C metadata=7769c732dd437bed -C extra-filename=-393ad1d2bdc449f0 --out-dir /home/dongxu/kv9/target/release/examples -C strip=debuginfo -L dependency=/home/dongxu/kv9/target/release/deps --extern futures_util=/home/dongxu/kv9/target/release/deps/libfutures_util-dcbb90b3018f35e7.rmeta --extern kv9_common=/home/dongxu/kv9/target/release/deps/libkv9_common-6bdfe562d3805606.rmeta --extern kv9_engine=/home/dongxu/kv9/target/release/deps/libkv9_engine-58bced4d0ca8997d.rmeta --extern kv9_meta=/home/dongxu/kv9/target/release/deps/libkv9_meta-1c1a1abaa9087cff.rmeta --extern kv9_raft=/home/dongxu/kv9/target/release/deps/libkv9_raft-da2a4cdc8ec47149.rmeta --extern kv9_region=/home/dongxu/kv9/target/release/deps/libkv9_region-74eb277163708671.rmeta --extern kv9_server=/home/dongxu/kv9/target/release/deps/libkv9_server-bcfca1537763fac8.rmeta --extern kv9_txn=/home/dongxu/kv9/target/release/deps/libkv9_txn-70a0d14028ce67fe.rmeta --extern prost=/home/dongxu/kv9/target/release/deps/libprost-fd78165f2138ed5c.rmeta --extern protobuf=/home/dongxu/kv9/target/release/deps/libprotobuf-1117643358869062.rmeta --extern raft=/home/dongxu/kv9/target/release/deps/libraft-2085f8ce155ce540.rmeta --extern serde=/home/dongxu/kv9/target/release/deps/libserde-5dc9487a3e6a6de7.rmeta --extern serde_json=/home/dongxu/kv9/target/release/deps/libserde_json-615daee37c3db556.rmeta --extern sha2=/home/dongxu/kv9/target/release/deps/libsha2-a20c6462c7edfb8a.rmeta --extern tokio=/home/dongxu/kv9/target/release/deps/libtokio-81f6abbc3ac0c83d.rmeta --extern tokio_stream=/home/dongxu/kv9/target/release/deps/libtokio_stream-affa9c0265f286ae.rmeta --extern tokio_util=/home/dongxu/kv9/target/release/deps/libtokio_util-2212101142e82cfd.rmeta --extern tonic=/home/dongxu/kv9/target/release/deps/libtonic-d67d075281df17a1.rmeta --extern tonic_prost=/home/dongxu/kv9/target/release/deps/libtonic_prost-b652bc0fac79abfc.rmeta -L native=/home/dongxu/kv9/target/release/build/aws-lc-sys-1eb05279d79a7ec6/out`
     Running `/home/dongxu/.rustup/toolchains/stable-x86_64-unknown-linux-gnu/bin/clippy-driver /home/dongxu/.rustup/toolchains/stable-x86_64-unknown-linux-gnu/bin/rustc --crate-name kv9_workload --edition=2021 crates/server/src/bin/kv9-workload.rs --error-format=json --json=diagnostic-rendered-ansi,artifacts,future-incompat --emit=dep-info,metadata -C opt-level=3 -C lto=thin -C codegen-units=1 --test --check-cfg 'cfg(docsrs,test)' --check-cfg 'cfg(feature, values("checkpoint-testing", "quorum-trace", "rpc-experiment"))' -C metadata=c381c31808877ef1 -C extra-filename=-938eb39c30960d26 --out-dir /home/dongxu/kv9/target/release/deps -C strip=debuginfo -L dependency=/home/dongxu/kv9/target/release/deps --extern futures_util=/home/dongxu/kv9/target/release/deps/libfutures_util-dcbb90b3018f35e7.rmeta --extern kv9_common=/home/dongxu/kv9/target/release/deps/libkv9_common-6bdfe562d3805606.rmeta --extern kv9_engine=/home/dongxu/kv9/target/release/deps/libkv9_engine-58bced4d0ca8997d.rmeta --extern kv9_meta=/home/dongxu/kv9/target/release/deps/libkv9_meta-1c1a1abaa9087cff.rmeta --extern kv9_raft=/home/dongxu/kv9/target/release/deps/libkv9_raft-da2a4cdc8ec47149.rmeta --extern kv9_region=/home/dongxu/kv9/target/release/deps/libkv9_region-74eb277163708671.rmeta --extern kv9_server=/home/dongxu/kv9/target/release/deps/libkv9_server-bcfca1537763fac8.rmeta --extern kv9_txn=/home/dongxu/kv9/target/release/deps/libkv9_txn-70a0d14028ce67fe.rmeta --extern prost=/home/dongxu/kv9/target/release/deps/libprost-fd78165f2138ed5c.rmeta --extern protobuf=/home/dongxu/kv9/target/release/deps/libprotobuf-1117643358869062.rmeta --extern raft=/home/dongxu/kv9/target/release/deps/libraft-2085f8ce155ce540.rmeta --extern serde=/home/dongxu/kv9/target/release/deps/libserde-5dc9487a3e6a6de7.rmeta --extern serde_json=/home/dongxu/kv9/target/release/deps/libserde_json-615daee37c3db556.rmeta --extern sha2=/home/dongxu/kv9/target/release/deps/libsha2-a20c6462c7edfb8a.rmeta --extern tokio=/home/dongxu/kv9/target/release/deps/libtokio-81f6abbc3ac0c83d.rmeta --extern tokio_stream=/home/dongxu/kv9/target/release/deps/libtokio_stream-affa9c0265f286ae.rmeta --extern tokio_util=/home/dongxu/kv9/target/release/deps/libtokio_util-2212101142e82cfd.rmeta --extern tonic=/home/dongxu/kv9/target/release/deps/libtonic-d67d075281df17a1.rmeta --extern tonic_prost=/home/dongxu/kv9/target/release/deps/libtonic_prost-b652bc0fac79abfc.rmeta -L native=/home/dongxu/kv9/target/release/build/aws-lc-sys-1eb05279d79a7ec6/out`
     Running `/home/dongxu/.rustup/toolchains/stable-x86_64-unknown-linux-gnu/bin/clippy-driver /home/dongxu/.rustup/toolchains/stable-x86_64-unknown-linux-gnu/bin/rustc --crate-name kv9_batch_benchmark --edition=2021 crates/server/src/bin/kv9-batch-benchmark.rs --error-format=json --json=diagnostic-rendered-ansi,artifacts,future-incompat --crate-type bin --emit=dep-info,metadata -C opt-level=3 -C lto=thin -C codegen-units=1 --check-cfg 'cfg(docsrs,test)' --check-cfg 'cfg(feature, values("checkpoint-testing", "quorum-trace", "rpc-experiment"))' -C metadata=161f83b2105f0b04 -C extra-filename=-76f1e04eae4a6461 --out-dir /home/dongxu/kv9/target/release/deps -C strip=debuginfo -L dependency=/home/dongxu/kv9/target/release/deps --extern futures_util=/home/dongxu/kv9/target/release/deps/libfutures_util-dcbb90b3018f35e7.rmeta --extern kv9_common=/home/dongxu/kv9/target/release/deps/libkv9_common-6bdfe562d3805606.rmeta --extern kv9_engine=/home/dongxu/kv9/target/release/deps/libkv9_engine-58bced4d0ca8997d.rmeta --extern kv9_meta=/home/dongxu/kv9/target/release/deps/libkv9_meta-1c1a1abaa9087cff.rmeta --extern kv9_raft=/home/dongxu/kv9/target/release/deps/libkv9_raft-da2a4cdc8ec47149.rmeta --extern kv9_region=/home/dongxu/kv9/target/release/deps/libkv9_region-74eb277163708671.rmeta --extern kv9_server=/home/dongxu/kv9/target/release/deps/libkv9_server-bcfca1537763fac8.rmeta --extern kv9_txn=/home/dongxu/kv9/target/release/deps/libkv9_txn-70a0d14028ce67fe.rmeta --extern prost=/home/dongxu/kv9/target/release/deps/libprost-fd78165f2138ed5c.rmeta --extern serde=/home/dongxu/kv9/target/release/deps/libserde-5dc9487a3e6a6de7.rmeta --extern serde_json=/home/dongxu/kv9/target/release/deps/libserde_json-615daee37c3db556.rmeta --extern sha2=/home/dongxu/kv9/target/release/deps/libsha2-a20c6462c7edfb8a.rmeta --extern tokio=/home/dongxu/kv9/target/release/deps/libtokio-81f6abbc3ac0c83d.rmeta --extern tokio_stream=/home/dongxu/kv9/target/release/deps/libtokio_stream-affa9c0265f286ae.rmeta --extern tokio_util=/home/dongxu/kv9/target/release/deps/libtokio_util-2212101142e82cfd.rmeta --extern tonic=/home/dongxu/kv9/target/release/deps/libtonic-d67d075281df17a1.rmeta --extern tonic_prost=/home/dongxu/kv9/target/release/deps/libtonic_prost-b652bc0fac79abfc.rmeta -L native=/home/dongxu/kv9/target/release/build/aws-lc-sys-1eb05279d79a7ec6/out`
     Running `/home/dongxu/.rustup/toolchains/stable-x86_64-unknown-linux-gnu/bin/clippy-driver /home/dongxu/.rustup/toolchains/stable-x86_64-unknown-linux-gnu/bin/rustc --crate-name kv9_batch_benchmark --edition=2021 crates/server/src/bin/kv9-batch-benchmark.rs --error-format=json --json=diagnostic-rendered-ansi,artifacts,future-incompat --emit=dep-info,metadata -C opt-level=3 -C lto=thin -C codegen-units=1 --test --check-cfg 'cfg(docsrs,test)' --check-cfg 'cfg(feature, values("checkpoint-testing", "quorum-trace", "rpc-experiment"))' -C metadata=1484cff58349f5d0 -C extra-filename=-7becf65089a91a98 --out-dir /home/dongxu/kv9/target/release/deps -C strip=debuginfo -L dependency=/home/dongxu/kv9/target/release/deps --extern futures_util=/home/dongxu/kv9/target/release/deps/libfutures_util-dcbb90b3018f35e7.rmeta --extern kv9_common=/home/dongxu/kv9/target/release/deps/libkv9_common-6bdfe562d3805606.rmeta --extern kv9_engine=/home/dongxu/kv9/target/release/deps/libkv9_engine-58bced4d0ca8997d.rmeta --extern kv9_meta=/home/dongxu/kv9/target/release/deps/libkv9_meta-1c1a1abaa9087cff.rmeta --extern kv9_raft=/home/dongxu/kv9/target/release/deps/libkv9_raft-da2a4cdc8ec47149.rmeta --extern kv9_region=/home/dongxu/kv9/target/release/deps/libkv9_region-74eb277163708671.rmeta --extern kv9_server=/home/dongxu/kv9/target/release/deps/libkv9_server-bcfca1537763fac8.rmeta --extern kv9_txn=/home/dongxu/kv9/target/release/deps/libkv9_txn-70a0d14028ce67fe.rmeta --extern prost=/home/dongxu/kv9/target/release/deps/libprost-fd78165f2138ed5c.rmeta --extern protobuf=/home/dongxu/kv9/target/release/deps/libprotobuf-1117643358869062.rmeta --extern raft=/home/dongxu/kv9/target/release/deps/libraft-2085f8ce155ce540.rmeta --extern serde=/home/dongxu/kv9/target/release/deps/libserde-5dc9487a3e6a6de7.rmeta --extern serde_json=/home/dongxu/kv9/target/release/deps/libserde_json-615daee37c3db556.rmeta --extern sha2=/home/dongxu/kv9/target/release/deps/libsha2-a20c6462c7edfb8a.rmeta --extern tokio=/home/dongxu/kv9/target/release/deps/libtokio-81f6abbc3ac0c83d.rmeta --extern tokio_stream=/home/dongxu/kv9/target/release/deps/libtokio_stream-affa9c0265f286ae.rmeta --extern tokio_util=/home/dongxu/kv9/target/release/deps/libtokio_util-2212101142e82cfd.rmeta --extern tonic=/home/dongxu/kv9/target/release/deps/libtonic-d67d075281df17a1.rmeta --extern tonic_prost=/home/dongxu/kv9/target/release/deps/libtonic_prost-b652bc0fac79abfc.rmeta -L native=/home/dongxu/kv9/target/release/build/aws-lc-sys-1eb05279d79a7ec6/out`
    Finished `release` profile [optimized] target(s) in 4.12s
