       Fresh unicode-ident v1.0.24
       Fresh proc-macro2 v1.0.107
       Fresh quote v1.0.47
       Fresh libc v0.2.189
       Fresh syn v2.0.119
       Fresh syn v3.0.4
       Fresh pin-project-lite v0.2.17
       Fresh futures-core v0.3.34
       Fresh synstructure v0.13.2
       Fresh itoa v1.0.18
       Fresh tokio-macros v2.7.2
       Fresh zerofrom-derive v0.1.7
       Fresh yoke-derive v0.8.2
       Fresh mio v1.2.2
       Fresh socket2 v0.6.5
       Fresh zerofrom v0.1.8
       Fresh stable_deref_trait v1.2.1
       Fresh smallvec v1.15.2
       Fresh tokio v1.53.1
       Fresh yoke v0.8.3
       Fresh jobserver v0.1.35
       Fresh shlex v2.0.1
       Fresh find-msvc-tools v0.1.12
       Fresh http v1.5.0
       Fresh cc v1.4.5
       Fresh futures-macro v0.3.34
       Fresh zerovec-derive v0.11.6
       Fresh futures-sink v0.3.34
       Fresh slab v0.4.12
       Fresh bytes v1.12.1
       Fresh futures-task v0.3.34
       Fresh futures-util v0.3.34
       Fresh zerovec v0.11.8
       Fresh cmake v0.1.58
       Fresh serde_core v1.0.229
       Fresh tracing-core v0.1.36
       Fresh tracing-attributes v0.1.31
       Fresh displaydoc v0.2.7
       Fresh pkg-config v0.3.34
       Fresh dunce v1.0.5
       Fresh typenum v1.20.1
       Fresh fs_extra v1.3.0
       Fresh tracing v0.1.44
       Fresh tokio-util v0.7.19
       Fresh aho-corasick v1.1.5
       Fresh http-body v1.1.0
       Fresh percent-encoding v2.3.2
       Fresh regex-syntax v0.8.11
       Fresh tower-service v0.3.3
       Fresh regex-automata v0.4.18
       Fresh tinystr v0.8.4
       Fresh anyhow v1.0.104
       Fresh itertools v0.14.0
       Fresh regex v1.13.1
       Fresh zeroize v1.9.0
       Fresh writeable v0.6.4
       Fresh litemap v0.8.3
       Fresh version_check v0.9.5
       Fresh icu_locale_core v2.3.0
       Fresh prost-derive v0.14.4
       Fresh zerotrie v0.2.5
       Fresh potential_utf v0.1.6
       Fresh serde_derive v1.0.229
       Fresh try-lock v0.2.5
       Fresh fnv v1.0.7
       Fresh utf8_iter v1.0.4
       Fresh atomic-waker v1.1.2
       Fresh icu_collections v2.3.0
       Fresh want v0.3.1
       Fresh h2 v0.4.19
       Fresh serde v1.0.229
       Fresh icu_provider v2.3.1
       Fresh httparse v1.10.1
       Fresh rustls-pki-types v1.15.1
       Fresh aws-lc-sys v0.45.0
       Fresh sync_wrapper v1.0.2
       Fresh futures-channel v0.3.34
       Fresh httpdate v1.0.3
       Fresh tower-layer v0.3.3
       Fresh hyper v1.11.0
       Fresh aws-lc-rs v1.18.1
       Fresh generic-array v0.14.7
       Fresh icu_normalizer_data v2.3.0
       Fresh icu_properties_data v2.3.0
       Fresh hashbrown v0.17.1
       Fresh unicase v2.9.0
       Fresh foldhash v0.1.5
       Fresh ipnet v2.12.2
       Fresh base64 v0.22.1
       Fresh untrusted v0.9.0
       Fresh equivalent v1.0.2
       Fresh linux-raw-sys v0.12.1
       Fresh cfg-if v1.0.4
       Fresh rustix v1.1.4
       Fresh indexmap v2.14.0
       Fresh rustls-webpki v0.103.15
       Fresh hashbrown v0.15.5
       Fresh hyper-util v0.1.20
       Fresh icu_normalizer v2.3.0
       Fresh pulldown-cmark v0.13.4
       Fresh icu_properties v2.3.0
       Fresh prettyplease v0.2.37
       Fresh tower v0.5.3
       Fresh http-body-util v0.1.5
       Fresh once_cell v1.21.4
       Fresh memchr v2.8.3
       Fresh fixedbitset v0.5.7
       Fresh subtle v2.6.1
       Fresh fastrand v2.5.0
       Fresh petgraph v0.8.3
       Fresh rustls v0.23.44
       Fresh prost-types v0.14.4
       Fresh tempfile v3.27.0
       Fresh pulldown-cmark-to-cmark v22.0.1
       Fresh idna_adapter v1.2.2
       Fresh block-buffer v0.10.4
       Fresh crypto-common v0.1.7
       Fresh form_urlencoded v1.2.2
       Fresh hybrid-array v0.4.14
       Fresh heck v0.5.0
       Fresh multimap v0.10.1
       Fresh autocfg v1.5.1
       Fresh prost-build v0.14.4
       Fresh digest v0.10.7
       Fresh idna v1.1.0
       Fresh protobuf-codegen v2.28.0
       Fresh tonic-build v0.14.6
       Fresh openssl-probe v0.2.1
       Fresh rand_core v0.10.1
       Fresh bitflags v1.3.2
       Fresh rustls-native-certs v0.8.4
       Fresh protobuf-build v0.14.1
       Fresh tonic-prost-build v0.14.6
       Fresh zerocopy v0.8.56
       Fresh url v2.5.8
       Fresh rustversion v1.0.23
       Fresh crypto-common v0.2.2
       Fresh block-buffer v0.12.1
       Fresh tokio-rustls v0.26.5
       Fresh getrandom v0.2.17
       Fresh thiserror-impl v1.0.69
       Fresh async-trait v0.1.92
       Fresh scopeguard v1.2.0
       Fresh mime v0.3.17
       Fresh bitflags v2.13.1
       Fresh log v0.4.34
       Fresh cpufeatures v0.3.1
       Fresh tower-http v0.6.11
       Fresh rustls-platform-verifier v0.7.0
       Fresh chacha20 v0.10.2
       Fresh axum-core v0.5.6
       Fresh lock_api v0.4.14
       Fresh thiserror v1.0.69
       Fresh rand_core v0.6.4
       Fresh digest v0.11.3
       Fresh hyper-rustls v0.27.9
       Fresh num-traits v0.2.19
       Fresh ppv-lite86 v0.2.21
       Fresh parking_lot_core v0.9.12
       Fresh zmij v1.0.23
       Fresh getrandom v0.4.3
       Fresh pin-project-internal v1.1.13
       Fresh thiserror-impl v2.0.20
       Fresh spin v0.10.1
       Fresh ryu v1.0.23
       Fresh cpufeatures v0.2.17
       Fresh matchit v0.8.4
       Fresh triomphe v0.1.16
       Fresh either v1.18.0
       Fresh iana-time-zone v0.1.65
       Fresh axum v0.8.9
       Fresh archery v1.2.3
       Fresh chrono v0.4.45
       Fresh itertools v0.15.0
       Fresh sha2 v0.10.9
       Fresh serde_urlencoded v0.7.1
       Fresh rand v0.10.2
       Fresh thiserror v2.0.20
       Fresh pin-project v1.1.13
       Fresh crc-fast v1.10.0
       Fresh serde_json v1.0.151
       Fresh parking_lot v0.12.5
       Fresh rand_chacha v0.3.1
       Fresh reqwest v0.13.4
       Fresh md-5 v0.11.0
       Fresh protobuf v2.28.0
       Fresh quick-xml v0.41.0
       Fresh hyper-timeout v0.5.2
       Fresh erased-serde v0.3.31
       Fresh tokio-stream v0.1.19
       Fresh byteorder v1.5.0
       Fresh humantime v2.4.0
       Fresh tonic v0.14.6
       Fresh slog v2.8.2
       Fresh object_store v0.14.1
       Fresh fxhash v0.2.1
       Fresh rand v0.8.8
       Fresh raft-proto v0.7.0
       Fresh kv9-common v0.0.0 (/tmp/kv9-quorum-message-trace/crates/common)
       Fresh rpds v1.2.1
   Compiling kv9-raft v0.0.0 (/tmp/kv9-quorum-message-trace/crates/raft)
       Fresh prost v0.14.4
       Fresh getset v0.1.7
       Fresh kv9-engine v0.0.0 (/tmp/kv9-quorum-message-trace/crates/engine)
       Fresh tonic-prost v0.14.6
       Fresh raft v0.7.0
     Running `/home/dongxu/.rustup/toolchains/stable-x86_64-unknown-linux-gnu/bin/clippy-driver /home/dongxu/.rustup/toolchains/stable-x86_64-unknown-linux-gnu/bin/rustc --crate-name build_script_build --edition=2021 crates/raft/build.rs --error-format=json --json=diagnostic-rendered-ansi,artifacts,future-incompat --crate-type bin --emit=dep-info,link -C embed-bitcode=no -C debug-assertions=off --cfg 'feature="read-stage-timing"' --cfg 'feature="testing"' --check-cfg 'cfg(docsrs,test)' --check-cfg 'cfg(feature, values("quorum-trace", "read-stage-timing", "testing"))' -C metadata=2a8d5bf7d108a9b3 -C extra-filename=-2b2f14ed90155bbd --out-dir /home/dongxu/kv9/target/release/build/kv9-raft-2b2f14ed90155bbd -C strip=debuginfo -L dependency=/home/dongxu/kv9/target/release/deps --extern tonic_prost_build=/home/dongxu/kv9/target/release/deps/libtonic_prost_build-e532348ae68a08db.rlib`
     Running `/home/dongxu/kv9/target/release/build/kv9-raft-2b2f14ed90155bbd/build-script-build`
     Running `/home/dongxu/.rustup/toolchains/stable-x86_64-unknown-linux-gnu/bin/clippy-driver /home/dongxu/.rustup/toolchains/stable-x86_64-unknown-linux-gnu/bin/rustc --crate-name kv9_raft --edition=2021 crates/raft/src/lib.rs --error-format=json --json=diagnostic-rendered-ansi,artifacts,future-incompat --crate-type lib --emit=dep-info,metadata -C opt-level=3 -C linker-plugin-lto -C codegen-units=1 --cfg 'feature="read-stage-timing"' --cfg 'feature="testing"' --check-cfg 'cfg(docsrs,test)' --check-cfg 'cfg(feature, values("quorum-trace", "read-stage-timing", "testing"))' -C metadata=fc29358f839ac943 -C extra-filename=-4fe415a690013107 --out-dir /home/dongxu/kv9/target/release/deps -C strip=debuginfo -L dependency=/home/dongxu/kv9/target/release/deps --extern kv9_common=/home/dongxu/kv9/target/release/deps/libkv9_common-6bdfe562d3805606.rmeta --extern kv9_engine=/home/dongxu/kv9/target/release/deps/libkv9_engine-58bced4d0ca8997d.rmeta --extern prost=/home/dongxu/kv9/target/release/deps/libprost-fd78165f2138ed5c.rmeta --extern protobuf=/home/dongxu/kv9/target/release/deps/libprotobuf-1117643358869062.rmeta --extern raft=/home/dongxu/kv9/target/release/deps/libraft-2085f8ce155ce540.rmeta --extern slog=/home/dongxu/kv9/target/release/deps/libslog-b849f5d25589a885.rmeta --extern tokio=/home/dongxu/kv9/target/release/deps/libtokio-81f6abbc3ac0c83d.rmeta --extern tokio_stream=/home/dongxu/kv9/target/release/deps/libtokio_stream-affa9c0265f286ae.rmeta --extern tonic=/home/dongxu/kv9/target/release/deps/libtonic-d67d075281df17a1.rmeta --extern tonic_prost=/home/dongxu/kv9/target/release/deps/libtonic_prost-b652bc0fac79abfc.rmeta -L native=/home/dongxu/kv9/target/release/build/aws-lc-sys-1eb05279d79a7ec6/out`
     Running `/home/dongxu/.rustup/toolchains/stable-x86_64-unknown-linux-gnu/bin/clippy-driver /home/dongxu/.rustup/toolchains/stable-x86_64-unknown-linux-gnu/bin/rustc --crate-name kv9_raft --edition=2021 crates/raft/src/lib.rs --error-format=json --json=diagnostic-rendered-ansi,artifacts,future-incompat --emit=dep-info,metadata -C opt-level=3 -C linker-plugin-lto -C codegen-units=1 --test --cfg 'feature="read-stage-timing"' --cfg 'feature="testing"' --check-cfg 'cfg(docsrs,test)' --check-cfg 'cfg(feature, values("quorum-trace", "read-stage-timing", "testing"))' -C metadata=242e37eb040acd8e -C extra-filename=-0bfba7efd2c82a7e --out-dir /home/dongxu/kv9/target/release/deps -C strip=debuginfo -L dependency=/home/dongxu/kv9/target/release/deps --extern kv9_common=/home/dongxu/kv9/target/release/deps/libkv9_common-6bdfe562d3805606.rmeta --extern kv9_engine=/home/dongxu/kv9/target/release/deps/libkv9_engine-58bced4d0ca8997d.rmeta --extern prost=/home/dongxu/kv9/target/release/deps/libprost-fd78165f2138ed5c.rmeta --extern protobuf=/home/dongxu/kv9/target/release/deps/libprotobuf-1117643358869062.rmeta --extern raft=/home/dongxu/kv9/target/release/deps/libraft-2085f8ce155ce540.rmeta --extern slog=/home/dongxu/kv9/target/release/deps/libslog-b849f5d25589a885.rmeta --extern tokio=/home/dongxu/kv9/target/release/deps/libtokio-81f6abbc3ac0c83d.rmeta --extern tokio_stream=/home/dongxu/kv9/target/release/deps/libtokio_stream-affa9c0265f286ae.rmeta --extern tonic=/home/dongxu/kv9/target/release/deps/libtonic-d67d075281df17a1.rmeta --extern tonic_prost=/home/dongxu/kv9/target/release/deps/libtonic_prost-b652bc0fac79abfc.rmeta -L native=/home/dongxu/kv9/target/release/build/aws-lc-sys-1eb05279d79a7ec6/out`
    Checking kv9-region v0.0.0 (/tmp/kv9-quorum-message-trace/crates/region)
     Running `/home/dongxu/.rustup/toolchains/stable-x86_64-unknown-linux-gnu/bin/clippy-driver /home/dongxu/.rustup/toolchains/stable-x86_64-unknown-linux-gnu/bin/rustc --crate-name kv9_region --edition=2021 crates/region/src/lib.rs --error-format=json --json=diagnostic-rendered-ansi,artifacts,future-incompat --crate-type lib --emit=dep-info,metadata -C opt-level=3 -C linker-plugin-lto -C codegen-units=1 --check-cfg 'cfg(docsrs,test)' --check-cfg 'cfg(feature, values("testing"))' -C metadata=f336cba1e552a4d6 -C extra-filename=-da89feaae4558b1e --out-dir /home/dongxu/kv9/target/release/deps -C strip=debuginfo -L dependency=/home/dongxu/kv9/target/release/deps --extern kv9_common=/home/dongxu/kv9/target/release/deps/libkv9_common-6bdfe562d3805606.rmeta --extern kv9_engine=/home/dongxu/kv9/target/release/deps/libkv9_engine-58bced4d0ca8997d.rmeta --extern kv9_raft=/home/dongxu/kv9/target/release/deps/libkv9_raft-4fe415a690013107.rmeta -L native=/home/dongxu/kv9/target/release/build/aws-lc-sys-1eb05279d79a7ec6/out`
     Running `/home/dongxu/.rustup/toolchains/stable-x86_64-unknown-linux-gnu/bin/clippy-driver /home/dongxu/.rustup/toolchains/stable-x86_64-unknown-linux-gnu/bin/rustc --crate-name membership --edition=2021 crates/raft/tests/membership.rs --error-format=json --json=diagnostic-rendered-ansi,artifacts,future-incompat --emit=dep-info,metadata -C opt-level=3 -C lto=thin -C codegen-units=1 --test --cfg 'feature="read-stage-timing"' --cfg 'feature="testing"' --check-cfg 'cfg(docsrs,test)' --check-cfg 'cfg(feature, values("quorum-trace", "read-stage-timing", "testing"))' -C metadata=4aa61e62387aabf9 -C extra-filename=-16a1d309c8dfef17 --out-dir /home/dongxu/kv9/target/release/deps -C strip=debuginfo -L dependency=/home/dongxu/kv9/target/release/deps --extern kv9_common=/home/dongxu/kv9/target/release/deps/libkv9_common-6bdfe562d3805606.rmeta --extern kv9_engine=/home/dongxu/kv9/target/release/deps/libkv9_engine-58bced4d0ca8997d.rmeta --extern kv9_raft=/home/dongxu/kv9/target/release/deps/libkv9_raft-4fe415a690013107.rmeta --extern prost=/home/dongxu/kv9/target/release/deps/libprost-fd78165f2138ed5c.rmeta --extern protobuf=/home/dongxu/kv9/target/release/deps/libprotobuf-1117643358869062.rmeta --extern raft=/home/dongxu/kv9/target/release/deps/libraft-2085f8ce155ce540.rmeta --extern slog=/home/dongxu/kv9/target/release/deps/libslog-b849f5d25589a885.rmeta --extern tokio=/home/dongxu/kv9/target/release/deps/libtokio-81f6abbc3ac0c83d.rmeta --extern tokio_stream=/home/dongxu/kv9/target/release/deps/libtokio_stream-affa9c0265f286ae.rmeta --extern tonic=/home/dongxu/kv9/target/release/deps/libtonic-d67d075281df17a1.rmeta --extern tonic_prost=/home/dongxu/kv9/target/release/deps/libtonic_prost-b652bc0fac79abfc.rmeta -L native=/home/dongxu/kv9/target/release/build/aws-lc-sys-1eb05279d79a7ec6/out`
     Running `/home/dongxu/.rustup/toolchains/stable-x86_64-unknown-linux-gnu/bin/clippy-driver /home/dongxu/.rustup/toolchains/stable-x86_64-unknown-linux-gnu/bin/rustc --crate-name check_wire_floor --edition=2021 crates/raft/examples/check-wire-floor.rs --error-format=json --json=diagnostic-rendered-ansi,artifacts,future-incompat --crate-type bin --emit=dep-info,metadata -C opt-level=3 -C lto=thin -C codegen-units=1 --cfg 'feature="read-stage-timing"' --cfg 'feature="testing"' --check-cfg 'cfg(docsrs,test)' --check-cfg 'cfg(feature, values("quorum-trace", "read-stage-timing", "testing"))' -C metadata=08322f1610839049 -C extra-filename=-ff0a7413b3cfdf06 --out-dir /home/dongxu/kv9/target/release/examples -C strip=debuginfo -L dependency=/home/dongxu/kv9/target/release/deps --extern kv9_common=/home/dongxu/kv9/target/release/deps/libkv9_common-6bdfe562d3805606.rmeta --extern kv9_engine=/home/dongxu/kv9/target/release/deps/libkv9_engine-58bced4d0ca8997d.rmeta --extern kv9_raft=/home/dongxu/kv9/target/release/deps/libkv9_raft-4fe415a690013107.rmeta --extern prost=/home/dongxu/kv9/target/release/deps/libprost-fd78165f2138ed5c.rmeta --extern protobuf=/home/dongxu/kv9/target/release/deps/libprotobuf-1117643358869062.rmeta --extern raft=/home/dongxu/kv9/target/release/deps/libraft-2085f8ce155ce540.rmeta --extern slog=/home/dongxu/kv9/target/release/deps/libslog-b849f5d25589a885.rmeta --extern tokio=/home/dongxu/kv9/target/release/deps/libtokio-81f6abbc3ac0c83d.rmeta --extern tokio_stream=/home/dongxu/kv9/target/release/deps/libtokio_stream-affa9c0265f286ae.rmeta --extern tonic=/home/dongxu/kv9/target/release/deps/libtonic-d67d075281df17a1.rmeta --extern tonic_prost=/home/dongxu/kv9/target/release/deps/libtonic_prost-b652bc0fac79abfc.rmeta -L native=/home/dongxu/kv9/target/release/build/aws-lc-sys-1eb05279d79a7ec6/out`
     Running `/home/dongxu/.rustup/toolchains/stable-x86_64-unknown-linux-gnu/bin/clippy-driver /home/dongxu/.rustup/toolchains/stable-x86_64-unknown-linux-gnu/bin/rustc --crate-name driver_lock_order --edition=2021 crates/raft/tests/driver_lock_order.rs --error-format=json --json=diagnostic-rendered-ansi,artifacts,future-incompat --emit=dep-info,metadata -C opt-level=3 -C lto=thin -C codegen-units=1 --test --cfg 'feature="read-stage-timing"' --cfg 'feature="testing"' --check-cfg 'cfg(docsrs,test)' --check-cfg 'cfg(feature, values("quorum-trace", "read-stage-timing", "testing"))' -C metadata=d3015794547dfcba -C extra-filename=-12647db721b1c529 --out-dir /home/dongxu/kv9/target/release/deps -C strip=debuginfo -L dependency=/home/dongxu/kv9/target/release/deps --extern kv9_common=/home/dongxu/kv9/target/release/deps/libkv9_common-6bdfe562d3805606.rmeta --extern kv9_engine=/home/dongxu/kv9/target/release/deps/libkv9_engine-58bced4d0ca8997d.rmeta --extern kv9_raft=/home/dongxu/kv9/target/release/deps/libkv9_raft-4fe415a690013107.rmeta --extern prost=/home/dongxu/kv9/target/release/deps/libprost-fd78165f2138ed5c.rmeta --extern protobuf=/home/dongxu/kv9/target/release/deps/libprotobuf-1117643358869062.rmeta --extern raft=/home/dongxu/kv9/target/release/deps/libraft-2085f8ce155ce540.rmeta --extern slog=/home/dongxu/kv9/target/release/deps/libslog-b849f5d25589a885.rmeta --extern tokio=/home/dongxu/kv9/target/release/deps/libtokio-81f6abbc3ac0c83d.rmeta --extern tokio_stream=/home/dongxu/kv9/target/release/deps/libtokio_stream-affa9c0265f286ae.rmeta --extern tonic=/home/dongxu/kv9/target/release/deps/libtonic-d67d075281df17a1.rmeta --extern tonic_prost=/home/dongxu/kv9/target/release/deps/libtonic_prost-b652bc0fac79abfc.rmeta -L native=/home/dongxu/kv9/target/release/build/aws-lc-sys-1eb05279d79a7ec6/out`
     Running `/home/dongxu/.rustup/toolchains/stable-x86_64-unknown-linux-gnu/bin/clippy-driver /home/dongxu/.rustup/toolchains/stable-x86_64-unknown-linux-gnu/bin/rustc --crate-name frame_bad_input --edition=2021 crates/raft/tests/frame_bad_input.rs --error-format=json --json=diagnostic-rendered-ansi,artifacts,future-incompat --emit=dep-info,metadata -C opt-level=3 -C lto=thin -C codegen-units=1 --test --cfg 'feature="read-stage-timing"' --cfg 'feature="testing"' --check-cfg 'cfg(docsrs,test)' --check-cfg 'cfg(feature, values("quorum-trace", "read-stage-timing", "testing"))' -C metadata=3776a73c1185cf15 -C extra-filename=-46ee1676b2170930 --out-dir /home/dongxu/kv9/target/release/deps -C strip=debuginfo -L dependency=/home/dongxu/kv9/target/release/deps --extern kv9_common=/home/dongxu/kv9/target/release/deps/libkv9_common-6bdfe562d3805606.rmeta --extern kv9_engine=/home/dongxu/kv9/target/release/deps/libkv9_engine-58bced4d0ca8997d.rmeta --extern kv9_raft=/home/dongxu/kv9/target/release/deps/libkv9_raft-4fe415a690013107.rmeta --extern prost=/home/dongxu/kv9/target/release/deps/libprost-fd78165f2138ed5c.rmeta --extern protobuf=/home/dongxu/kv9/target/release/deps/libprotobuf-1117643358869062.rmeta --extern raft=/home/dongxu/kv9/target/release/deps/libraft-2085f8ce155ce540.rmeta --extern slog=/home/dongxu/kv9/target/release/deps/libslog-b849f5d25589a885.rmeta --extern tokio=/home/dongxu/kv9/target/release/deps/libtokio-81f6abbc3ac0c83d.rmeta --extern tokio_stream=/home/dongxu/kv9/target/release/deps/libtokio_stream-affa9c0265f286ae.rmeta --extern tonic=/home/dongxu/kv9/target/release/deps/libtonic-d67d075281df17a1.rmeta --extern tonic_prost=/home/dongxu/kv9/target/release/deps/libtonic_prost-b652bc0fac79abfc.rmeta -L native=/home/dongxu/kv9/target/release/build/aws-lc-sys-1eb05279d79a7ec6/out`
    Checking kv9-meta v0.0.0 (/tmp/kv9-quorum-message-trace/crates/meta)
     Running `/home/dongxu/.rustup/toolchains/stable-x86_64-unknown-linux-gnu/bin/clippy-driver /home/dongxu/.rustup/toolchains/stable-x86_64-unknown-linux-gnu/bin/rustc --crate-name kv9_meta --edition=2021 crates/meta/src/lib.rs --error-format=json --json=diagnostic-rendered-ansi,artifacts,future-incompat --crate-type lib --emit=dep-info,metadata -C opt-level=3 -C linker-plugin-lto -C codegen-units=1 --check-cfg 'cfg(docsrs,test)' --check-cfg 'cfg(feature, values())' -C metadata=18ca171b52a9691d -C extra-filename=-51422320c18750fc --out-dir /home/dongxu/kv9/target/release/deps -C strip=debuginfo -L dependency=/home/dongxu/kv9/target/release/deps --extern kv9_common=/home/dongxu/kv9/target/release/deps/libkv9_common-6bdfe562d3805606.rmeta --extern kv9_engine=/home/dongxu/kv9/target/release/deps/libkv9_engine-58bced4d0ca8997d.rmeta --extern kv9_raft=/home/dongxu/kv9/target/release/deps/libkv9_raft-4fe415a690013107.rmeta --extern kv9_region=/home/dongxu/kv9/target/release/deps/libkv9_region-da89feaae4558b1e.rmeta -L native=/home/dongxu/kv9/target/release/build/aws-lc-sys-1eb05279d79a7ec6/out`
    Checking kv9-txn v0.0.0 (/tmp/kv9-quorum-message-trace/crates/txn)
     Running `/home/dongxu/.rustup/toolchains/stable-x86_64-unknown-linux-gnu/bin/clippy-driver /home/dongxu/.rustup/toolchains/stable-x86_64-unknown-linux-gnu/bin/rustc --crate-name kv9_txn --edition=2021 crates/txn/src/lib.rs --error-format=json --json=diagnostic-rendered-ansi,artifacts,future-incompat --crate-type lib --emit=dep-info,metadata -C opt-level=3 -C linker-plugin-lto -C codegen-units=1 --check-cfg 'cfg(docsrs,test)' --check-cfg 'cfg(feature, values())' -C metadata=9b8771b550f1261c -C extra-filename=-d13f9cd5b02f4f86 --out-dir /home/dongxu/kv9/target/release/deps -C strip=debuginfo -L dependency=/home/dongxu/kv9/target/release/deps --extern kv9_common=/home/dongxu/kv9/target/release/deps/libkv9_common-6bdfe562d3805606.rmeta --extern kv9_engine=/home/dongxu/kv9/target/release/deps/libkv9_engine-58bced4d0ca8997d.rmeta --extern kv9_region=/home/dongxu/kv9/target/release/deps/libkv9_region-da89feaae4558b1e.rmeta -L native=/home/dongxu/kv9/target/release/build/aws-lc-sys-1eb05279d79a7ec6/out`
    Checking kv9-server v0.0.0 (/tmp/kv9-quorum-message-trace/crates/server)
     Running `/home/dongxu/.rustup/toolchains/stable-x86_64-unknown-linux-gnu/bin/clippy-driver /home/dongxu/.rustup/toolchains/stable-x86_64-unknown-linux-gnu/bin/rustc --crate-name kv9_server --edition=2021 crates/server/src/lib.rs --error-format=json --json=diagnostic-rendered-ansi,artifacts,future-incompat --crate-type lib --emit=dep-info,metadata -C opt-level=3 -C linker-plugin-lto -C codegen-units=1 --check-cfg 'cfg(docsrs,test)' --check-cfg 'cfg(feature, values("checkpoint-testing", "quorum-trace", "rpc-experiment"))' -C metadata=d5b368941db78134 -C extra-filename=-f5cabfae941e5e88 --out-dir /home/dongxu/kv9/target/release/deps -C strip=debuginfo -L dependency=/home/dongxu/kv9/target/release/deps --extern futures_util=/home/dongxu/kv9/target/release/deps/libfutures_util-dcbb90b3018f35e7.rmeta --extern kv9_common=/home/dongxu/kv9/target/release/deps/libkv9_common-6bdfe562d3805606.rmeta --extern kv9_engine=/home/dongxu/kv9/target/release/deps/libkv9_engine-58bced4d0ca8997d.rmeta --extern kv9_meta=/home/dongxu/kv9/target/release/deps/libkv9_meta-51422320c18750fc.rmeta --extern kv9_raft=/home/dongxu/kv9/target/release/deps/libkv9_raft-4fe415a690013107.rmeta --extern kv9_region=/home/dongxu/kv9/target/release/deps/libkv9_region-da89feaae4558b1e.rmeta --extern kv9_txn=/home/dongxu/kv9/target/release/deps/libkv9_txn-d13f9cd5b02f4f86.rmeta --extern prost=/home/dongxu/kv9/target/release/deps/libprost-fd78165f2138ed5c.rmeta --extern serde=/home/dongxu/kv9/target/release/deps/libserde-5dc9487a3e6a6de7.rmeta --extern serde_json=/home/dongxu/kv9/target/release/deps/libserde_json-615daee37c3db556.rmeta --extern sha2=/home/dongxu/kv9/target/release/deps/libsha2-a20c6462c7edfb8a.rmeta --extern tokio=/home/dongxu/kv9/target/release/deps/libtokio-81f6abbc3ac0c83d.rmeta --extern tokio_stream=/home/dongxu/kv9/target/release/deps/libtokio_stream-affa9c0265f286ae.rmeta --extern tokio_util=/home/dongxu/kv9/target/release/deps/libtokio_util-2212101142e82cfd.rmeta --extern tonic=/home/dongxu/kv9/target/release/deps/libtonic-d67d075281df17a1.rmeta --extern tonic_prost=/home/dongxu/kv9/target/release/deps/libtonic_prost-b652bc0fac79abfc.rmeta -L native=/home/dongxu/kv9/target/release/build/aws-lc-sys-1eb05279d79a7ec6/out`
     Running `/home/dongxu/.rustup/toolchains/stable-x86_64-unknown-linux-gnu/bin/clippy-driver /home/dongxu/.rustup/toolchains/stable-x86_64-unknown-linux-gnu/bin/rustc --crate-name kv9_server --edition=2021 crates/server/src/lib.rs --error-format=json --json=diagnostic-rendered-ansi,artifacts,future-incompat --emit=dep-info,metadata -C opt-level=3 -C linker-plugin-lto -C codegen-units=1 --test --check-cfg 'cfg(docsrs,test)' --check-cfg 'cfg(feature, values("checkpoint-testing", "quorum-trace", "rpc-experiment"))' -C metadata=aeefe65909e471a8 -C extra-filename=-6dbdf7828f69eb9b --out-dir /home/dongxu/kv9/target/release/deps -C strip=debuginfo -L dependency=/home/dongxu/kv9/target/release/deps --extern futures_util=/home/dongxu/kv9/target/release/deps/libfutures_util-dcbb90b3018f35e7.rmeta --extern kv9_common=/home/dongxu/kv9/target/release/deps/libkv9_common-6bdfe562d3805606.rmeta --extern kv9_engine=/home/dongxu/kv9/target/release/deps/libkv9_engine-58bced4d0ca8997d.rmeta --extern kv9_meta=/home/dongxu/kv9/target/release/deps/libkv9_meta-51422320c18750fc.rmeta --extern kv9_raft=/home/dongxu/kv9/target/release/deps/libkv9_raft-4fe415a690013107.rmeta --extern kv9_region=/home/dongxu/kv9/target/release/deps/libkv9_region-da89feaae4558b1e.rmeta --extern kv9_txn=/home/dongxu/kv9/target/release/deps/libkv9_txn-d13f9cd5b02f4f86.rmeta --extern prost=/home/dongxu/kv9/target/release/deps/libprost-fd78165f2138ed5c.rmeta --extern protobuf=/home/dongxu/kv9/target/release/deps/libprotobuf-1117643358869062.rmeta --extern raft=/home/dongxu/kv9/target/release/deps/libraft-2085f8ce155ce540.rmeta --extern serde=/home/dongxu/kv9/target/release/deps/libserde-5dc9487a3e6a6de7.rmeta --extern serde_json=/home/dongxu/kv9/target/release/deps/libserde_json-615daee37c3db556.rmeta --extern sha2=/home/dongxu/kv9/target/release/deps/libsha2-a20c6462c7edfb8a.rmeta --extern tokio=/home/dongxu/kv9/target/release/deps/libtokio-81f6abbc3ac0c83d.rmeta --extern tokio_stream=/home/dongxu/kv9/target/release/deps/libtokio_stream-affa9c0265f286ae.rmeta --extern tokio_util=/home/dongxu/kv9/target/release/deps/libtokio_util-2212101142e82cfd.rmeta --extern tonic=/home/dongxu/kv9/target/release/deps/libtonic-d67d075281df17a1.rmeta --extern tonic_prost=/home/dongxu/kv9/target/release/deps/libtonic_prost-b652bc0fac79abfc.rmeta -L native=/home/dongxu/kv9/target/release/build/aws-lc-sys-1eb05279d79a7ec6/out`
     Running `/home/dongxu/.rustup/toolchains/stable-x86_64-unknown-linux-gnu/bin/clippy-driver /home/dongxu/.rustup/toolchains/stable-x86_64-unknown-linux-gnu/bin/rustc --crate-name admission_pressure --edition=2021 crates/server/examples/admission-pressure.rs --error-format=json --json=diagnostic-rendered-ansi,artifacts,future-incompat --crate-type bin --emit=dep-info,metadata -C opt-level=3 -C lto=thin -C codegen-units=1 --check-cfg 'cfg(docsrs,test)' --check-cfg 'cfg(feature, values("checkpoint-testing", "quorum-trace", "rpc-experiment"))' -C metadata=3a664d0e78cd06be -C extra-filename=-41fed09f75472249 --out-dir /home/dongxu/kv9/target/release/examples -C strip=debuginfo -L dependency=/home/dongxu/kv9/target/release/deps --extern futures_util=/home/dongxu/kv9/target/release/deps/libfutures_util-dcbb90b3018f35e7.rmeta --extern kv9_common=/home/dongxu/kv9/target/release/deps/libkv9_common-6bdfe562d3805606.rmeta --extern kv9_engine=/home/dongxu/kv9/target/release/deps/libkv9_engine-58bced4d0ca8997d.rmeta --extern kv9_meta=/home/dongxu/kv9/target/release/deps/libkv9_meta-51422320c18750fc.rmeta --extern kv9_raft=/home/dongxu/kv9/target/release/deps/libkv9_raft-4fe415a690013107.rmeta --extern kv9_region=/home/dongxu/kv9/target/release/deps/libkv9_region-da89feaae4558b1e.rmeta --extern kv9_server=/home/dongxu/kv9/target/release/deps/libkv9_server-f5cabfae941e5e88.rmeta --extern kv9_txn=/home/dongxu/kv9/target/release/deps/libkv9_txn-d13f9cd5b02f4f86.rmeta --extern prost=/home/dongxu/kv9/target/release/deps/libprost-fd78165f2138ed5c.rmeta --extern protobuf=/home/dongxu/kv9/target/release/deps/libprotobuf-1117643358869062.rmeta --extern raft=/home/dongxu/kv9/target/release/deps/libraft-2085f8ce155ce540.rmeta --extern serde=/home/dongxu/kv9/target/release/deps/libserde-5dc9487a3e6a6de7.rmeta --extern serde_json=/home/dongxu/kv9/target/release/deps/libserde_json-615daee37c3db556.rmeta --extern sha2=/home/dongxu/kv9/target/release/deps/libsha2-a20c6462c7edfb8a.rmeta --extern tokio=/home/dongxu/kv9/target/release/deps/libtokio-81f6abbc3ac0c83d.rmeta --extern tokio_stream=/home/dongxu/kv9/target/release/deps/libtokio_stream-affa9c0265f286ae.rmeta --extern tokio_util=/home/dongxu/kv9/target/release/deps/libtokio_util-2212101142e82cfd.rmeta --extern tonic=/home/dongxu/kv9/target/release/deps/libtonic-d67d075281df17a1.rmeta --extern tonic_prost=/home/dongxu/kv9/target/release/deps/libtonic_prost-b652bc0fac79abfc.rmeta -L native=/home/dongxu/kv9/target/release/build/aws-lc-sys-1eb05279d79a7ec6/out`
     Running `/home/dongxu/.rustup/toolchains/stable-x86_64-unknown-linux-gnu/bin/clippy-driver /home/dongxu/.rustup/toolchains/stable-x86_64-unknown-linux-gnu/bin/rustc --crate-name kv9_batch_workload --edition=2021 crates/server/src/bin/kv9-batch-workload.rs --error-format=json --json=diagnostic-rendered-ansi,artifacts,future-incompat --emit=dep-info,metadata -C opt-level=3 -C lto=thin -C codegen-units=1 --test --check-cfg 'cfg(docsrs,test)' --check-cfg 'cfg(feature, values("checkpoint-testing", "quorum-trace", "rpc-experiment"))' -C metadata=ba43992163d0ba12 -C extra-filename=-90a39c0364f7a65f --out-dir /home/dongxu/kv9/target/release/deps -C strip=debuginfo -L dependency=/home/dongxu/kv9/target/release/deps --extern futures_util=/home/dongxu/kv9/target/release/deps/libfutures_util-dcbb90b3018f35e7.rmeta --extern kv9_common=/home/dongxu/kv9/target/release/deps/libkv9_common-6bdfe562d3805606.rmeta --extern kv9_engine=/home/dongxu/kv9/target/release/deps/libkv9_engine-58bced4d0ca8997d.rmeta --extern kv9_meta=/home/dongxu/kv9/target/release/deps/libkv9_meta-51422320c18750fc.rmeta --extern kv9_raft=/home/dongxu/kv9/target/release/deps/libkv9_raft-4fe415a690013107.rmeta --extern kv9_region=/home/dongxu/kv9/target/release/deps/libkv9_region-da89feaae4558b1e.rmeta --extern kv9_server=/home/dongxu/kv9/target/release/deps/libkv9_server-f5cabfae941e5e88.rmeta --extern kv9_txn=/home/dongxu/kv9/target/release/deps/libkv9_txn-d13f9cd5b02f4f86.rmeta --extern prost=/home/dongxu/kv9/target/release/deps/libprost-fd78165f2138ed5c.rmeta --extern protobuf=/home/dongxu/kv9/target/release/deps/libprotobuf-1117643358869062.rmeta --extern raft=/home/dongxu/kv9/target/release/deps/libraft-2085f8ce155ce540.rmeta --extern serde=/home/dongxu/kv9/target/release/deps/libserde-5dc9487a3e6a6de7.rmeta --extern serde_json=/home/dongxu/kv9/target/release/deps/libserde_json-615daee37c3db556.rmeta --extern sha2=/home/dongxu/kv9/target/release/deps/libsha2-a20c6462c7edfb8a.rmeta --extern tokio=/home/dongxu/kv9/target/release/deps/libtokio-81f6abbc3ac0c83d.rmeta --extern tokio_stream=/home/dongxu/kv9/target/release/deps/libtokio_stream-affa9c0265f286ae.rmeta --extern tokio_util=/home/dongxu/kv9/target/release/deps/libtokio_util-2212101142e82cfd.rmeta --extern tonic=/home/dongxu/kv9/target/release/deps/libtonic-d67d075281df17a1.rmeta --extern tonic_prost=/home/dongxu/kv9/target/release/deps/libtonic_prost-b652bc0fac79abfc.rmeta -L native=/home/dongxu/kv9/target/release/build/aws-lc-sys-1eb05279d79a7ec6/out`
     Running `/home/dongxu/.rustup/toolchains/stable-x86_64-unknown-linux-gnu/bin/clippy-driver /home/dongxu/.rustup/toolchains/stable-x86_64-unknown-linux-gnu/bin/rustc --crate-name latency_overhead --edition=2021 crates/server/examples/latency-overhead.rs --error-format=json --json=diagnostic-rendered-ansi,artifacts,future-incompat --crate-type bin --emit=dep-info,metadata -C opt-level=3 -C lto=thin -C codegen-units=1 --check-cfg 'cfg(docsrs,test)' --check-cfg 'cfg(feature, values("checkpoint-testing", "quorum-trace", "rpc-experiment"))' -C metadata=2a9a111a1ed811bc -C extra-filename=-2a18c1f71d619208 --out-dir /home/dongxu/kv9/target/release/examples -C strip=debuginfo -L dependency=/home/dongxu/kv9/target/release/deps --extern futures_util=/home/dongxu/kv9/target/release/deps/libfutures_util-dcbb90b3018f35e7.rmeta --extern kv9_common=/home/dongxu/kv9/target/release/deps/libkv9_common-6bdfe562d3805606.rmeta --extern kv9_engine=/home/dongxu/kv9/target/release/deps/libkv9_engine-58bced4d0ca8997d.rmeta --extern kv9_meta=/home/dongxu/kv9/target/release/deps/libkv9_meta-51422320c18750fc.rmeta --extern kv9_raft=/home/dongxu/kv9/target/release/deps/libkv9_raft-4fe415a690013107.rmeta --extern kv9_region=/home/dongxu/kv9/target/release/deps/libkv9_region-da89feaae4558b1e.rmeta --extern kv9_server=/home/dongxu/kv9/target/release/deps/libkv9_server-f5cabfae941e5e88.rmeta --extern kv9_txn=/home/dongxu/kv9/target/release/deps/libkv9_txn-d13f9cd5b02f4f86.rmeta --extern prost=/home/dongxu/kv9/target/release/deps/libprost-fd78165f2138ed5c.rmeta --extern protobuf=/home/dongxu/kv9/target/release/deps/libprotobuf-1117643358869062.rmeta --extern raft=/home/dongxu/kv9/target/release/deps/libraft-2085f8ce155ce540.rmeta --extern serde=/home/dongxu/kv9/target/release/deps/libserde-5dc9487a3e6a6de7.rmeta --extern serde_json=/home/dongxu/kv9/target/release/deps/libserde_json-615daee37c3db556.rmeta --extern sha2=/home/dongxu/kv9/target/release/deps/libsha2-a20c6462c7edfb8a.rmeta --extern tokio=/home/dongxu/kv9/target/release/deps/libtokio-81f6abbc3ac0c83d.rmeta --extern tokio_stream=/home/dongxu/kv9/target/release/deps/libtokio_stream-affa9c0265f286ae.rmeta --extern tokio_util=/home/dongxu/kv9/target/release/deps/libtokio_util-2212101142e82cfd.rmeta --extern tonic=/home/dongxu/kv9/target/release/deps/libtonic-d67d075281df17a1.rmeta --extern tonic_prost=/home/dongxu/kv9/target/release/deps/libtonic_prost-b652bc0fac79abfc.rmeta -L native=/home/dongxu/kv9/target/release/build/aws-lc-sys-1eb05279d79a7ec6/out`
     Running `/home/dongxu/.rustup/toolchains/stable-x86_64-unknown-linux-gnu/bin/clippy-driver /home/dongxu/.rustup/toolchains/stable-x86_64-unknown-linux-gnu/bin/rustc --crate-name workload_loopback --edition=2021 crates/server/examples/workload-loopback.rs --error-format=json --json=diagnostic-rendered-ansi,artifacts,future-incompat --crate-type bin --emit=dep-info,metadata -C opt-level=3 -C lto=thin -C codegen-units=1 --check-cfg 'cfg(docsrs,test)' --check-cfg 'cfg(feature, values("checkpoint-testing", "quorum-trace", "rpc-experiment"))' -C metadata=728d029f26cbfa60 -C extra-filename=-90d20e5ff7becfdf --out-dir /home/dongxu/kv9/target/release/examples -C strip=debuginfo -L dependency=/home/dongxu/kv9/target/release/deps --extern futures_util=/home/dongxu/kv9/target/release/deps/libfutures_util-dcbb90b3018f35e7.rmeta --extern kv9_common=/home/dongxu/kv9/target/release/deps/libkv9_common-6bdfe562d3805606.rmeta --extern kv9_engine=/home/dongxu/kv9/target/release/deps/libkv9_engine-58bced4d0ca8997d.rmeta --extern kv9_meta=/home/dongxu/kv9/target/release/deps/libkv9_meta-51422320c18750fc.rmeta --extern kv9_raft=/home/dongxu/kv9/target/release/deps/libkv9_raft-4fe415a690013107.rmeta --extern kv9_region=/home/dongxu/kv9/target/release/deps/libkv9_region-da89feaae4558b1e.rmeta --extern kv9_server=/home/dongxu/kv9/target/release/deps/libkv9_server-f5cabfae941e5e88.rmeta --extern kv9_txn=/home/dongxu/kv9/target/release/deps/libkv9_txn-d13f9cd5b02f4f86.rmeta --extern prost=/home/dongxu/kv9/target/release/deps/libprost-fd78165f2138ed5c.rmeta --extern protobuf=/home/dongxu/kv9/target/release/deps/libprotobuf-1117643358869062.rmeta --extern raft=/home/dongxu/kv9/target/release/deps/libraft-2085f8ce155ce540.rmeta --extern serde=/home/dongxu/kv9/target/release/deps/libserde-5dc9487a3e6a6de7.rmeta --extern serde_json=/home/dongxu/kv9/target/release/deps/libserde_json-615daee37c3db556.rmeta --extern sha2=/home/dongxu/kv9/target/release/deps/libsha2-a20c6462c7edfb8a.rmeta --extern tokio=/home/dongxu/kv9/target/release/deps/libtokio-81f6abbc3ac0c83d.rmeta --extern tokio_stream=/home/dongxu/kv9/target/release/deps/libtokio_stream-affa9c0265f286ae.rmeta --extern tokio_util=/home/dongxu/kv9/target/release/deps/libtokio_util-2212101142e82cfd.rmeta --extern tonic=/home/dongxu/kv9/target/release/deps/libtonic-d67d075281df17a1.rmeta --extern tonic_prost=/home/dongxu/kv9/target/release/deps/libtonic_prost-b652bc0fac79abfc.rmeta -L native=/home/dongxu/kv9/target/release/build/aws-lc-sys-1eb05279d79a7ec6/out`
     Running `/home/dongxu/.rustup/toolchains/stable-x86_64-unknown-linux-gnu/bin/clippy-driver /home/dongxu/.rustup/toolchains/stable-x86_64-unknown-linux-gnu/bin/rustc --crate-name kv9_workload --edition=2021 crates/server/src/bin/kv9-workload.rs --error-format=json --json=diagnostic-rendered-ansi,artifacts,future-incompat --crate-type bin --emit=dep-info,metadata -C opt-level=3 -C lto=thin -C codegen-units=1 --check-cfg 'cfg(docsrs,test)' --check-cfg 'cfg(feature, values("checkpoint-testing", "quorum-trace", "rpc-experiment"))' -C metadata=c2300938cf9bd3ab -C extra-filename=-eeafc2953ec45a28 --out-dir /home/dongxu/kv9/target/release/deps -C strip=debuginfo -L dependency=/home/dongxu/kv9/target/release/deps --extern futures_util=/home/dongxu/kv9/target/release/deps/libfutures_util-dcbb90b3018f35e7.rmeta --extern kv9_common=/home/dongxu/kv9/target/release/deps/libkv9_common-6bdfe562d3805606.rmeta --extern kv9_engine=/home/dongxu/kv9/target/release/deps/libkv9_engine-58bced4d0ca8997d.rmeta --extern kv9_meta=/home/dongxu/kv9/target/release/deps/libkv9_meta-51422320c18750fc.rmeta --extern kv9_raft=/home/dongxu/kv9/target/release/deps/libkv9_raft-4fe415a690013107.rmeta --extern kv9_region=/home/dongxu/kv9/target/release/deps/libkv9_region-da89feaae4558b1e.rmeta --extern kv9_server=/home/dongxu/kv9/target/release/deps/libkv9_server-f5cabfae941e5e88.rmeta --extern kv9_txn=/home/dongxu/kv9/target/release/deps/libkv9_txn-d13f9cd5b02f4f86.rmeta --extern prost=/home/dongxu/kv9/target/release/deps/libprost-fd78165f2138ed5c.rmeta --extern serde=/home/dongxu/kv9/target/release/deps/libserde-5dc9487a3e6a6de7.rmeta --extern serde_json=/home/dongxu/kv9/target/release/deps/libserde_json-615daee37c3db556.rmeta --extern sha2=/home/dongxu/kv9/target/release/deps/libsha2-a20c6462c7edfb8a.rmeta --extern tokio=/home/dongxu/kv9/target/release/deps/libtokio-81f6abbc3ac0c83d.rmeta --extern tokio_stream=/home/dongxu/kv9/target/release/deps/libtokio_stream-affa9c0265f286ae.rmeta --extern tokio_util=/home/dongxu/kv9/target/release/deps/libtokio_util-2212101142e82cfd.rmeta --extern tonic=/home/dongxu/kv9/target/release/deps/libtonic-d67d075281df17a1.rmeta --extern tonic_prost=/home/dongxu/kv9/target/release/deps/libtonic_prost-b652bc0fac79abfc.rmeta -L native=/home/dongxu/kv9/target/release/build/aws-lc-sys-1eb05279d79a7ec6/out`
     Running `/home/dongxu/.rustup/toolchains/stable-x86_64-unknown-linux-gnu/bin/clippy-driver /home/dongxu/.rustup/toolchains/stable-x86_64-unknown-linux-gnu/bin/rustc --crate-name kv9_batch_benchmark --edition=2021 crates/server/src/bin/kv9-batch-benchmark.rs --error-format=json --json=diagnostic-rendered-ansi,artifacts,future-incompat --crate-type bin --emit=dep-info,metadata -C opt-level=3 -C lto=thin -C codegen-units=1 --check-cfg 'cfg(docsrs,test)' --check-cfg 'cfg(feature, values("checkpoint-testing", "quorum-trace", "rpc-experiment"))' -C metadata=573a2b6b8a2c7475 -C extra-filename=-ef7ae6bc70b6228c --out-dir /home/dongxu/kv9/target/release/deps -C strip=debuginfo -L dependency=/home/dongxu/kv9/target/release/deps --extern futures_util=/home/dongxu/kv9/target/release/deps/libfutures_util-dcbb90b3018f35e7.rmeta --extern kv9_common=/home/dongxu/kv9/target/release/deps/libkv9_common-6bdfe562d3805606.rmeta --extern kv9_engine=/home/dongxu/kv9/target/release/deps/libkv9_engine-58bced4d0ca8997d.rmeta --extern kv9_meta=/home/dongxu/kv9/target/release/deps/libkv9_meta-51422320c18750fc.rmeta --extern kv9_raft=/home/dongxu/kv9/target/release/deps/libkv9_raft-4fe415a690013107.rmeta --extern kv9_region=/home/dongxu/kv9/target/release/deps/libkv9_region-da89feaae4558b1e.rmeta --extern kv9_server=/home/dongxu/kv9/target/release/deps/libkv9_server-f5cabfae941e5e88.rmeta --extern kv9_txn=/home/dongxu/kv9/target/release/deps/libkv9_txn-d13f9cd5b02f4f86.rmeta --extern prost=/home/dongxu/kv9/target/release/deps/libprost-fd78165f2138ed5c.rmeta --extern serde=/home/dongxu/kv9/target/release/deps/libserde-5dc9487a3e6a6de7.rmeta --extern serde_json=/home/dongxu/kv9/target/release/deps/libserde_json-615daee37c3db556.rmeta --extern sha2=/home/dongxu/kv9/target/release/deps/libsha2-a20c6462c7edfb8a.rmeta --extern tokio=/home/dongxu/kv9/target/release/deps/libtokio-81f6abbc3ac0c83d.rmeta --extern tokio_stream=/home/dongxu/kv9/target/release/deps/libtokio_stream-affa9c0265f286ae.rmeta --extern tokio_util=/home/dongxu/kv9/target/release/deps/libtokio_util-2212101142e82cfd.rmeta --extern tonic=/home/dongxu/kv9/target/release/deps/libtonic-d67d075281df17a1.rmeta --extern tonic_prost=/home/dongxu/kv9/target/release/deps/libtonic_prost-b652bc0fac79abfc.rmeta -L native=/home/dongxu/kv9/target/release/build/aws-lc-sys-1eb05279d79a7ec6/out`
     Running `/home/dongxu/.rustup/toolchains/stable-x86_64-unknown-linux-gnu/bin/clippy-driver /home/dongxu/.rustup/toolchains/stable-x86_64-unknown-linux-gnu/bin/rustc --crate-name kv9_workload --edition=2021 crates/server/src/bin/kv9-workload.rs --error-format=json --json=diagnostic-rendered-ansi,artifacts,future-incompat --emit=dep-info,metadata -C opt-level=3 -C lto=thin -C codegen-units=1 --test --check-cfg 'cfg(docsrs,test)' --check-cfg 'cfg(feature, values("checkpoint-testing", "quorum-trace", "rpc-experiment"))' -C metadata=881b732180e3ade9 -C extra-filename=-2f05143d810d531a --out-dir /home/dongxu/kv9/target/release/deps -C strip=debuginfo -L dependency=/home/dongxu/kv9/target/release/deps --extern futures_util=/home/dongxu/kv9/target/release/deps/libfutures_util-dcbb90b3018f35e7.rmeta --extern kv9_common=/home/dongxu/kv9/target/release/deps/libkv9_common-6bdfe562d3805606.rmeta --extern kv9_engine=/home/dongxu/kv9/target/release/deps/libkv9_engine-58bced4d0ca8997d.rmeta --extern kv9_meta=/home/dongxu/kv9/target/release/deps/libkv9_meta-51422320c18750fc.rmeta --extern kv9_raft=/home/dongxu/kv9/target/release/deps/libkv9_raft-4fe415a690013107.rmeta --extern kv9_region=/home/dongxu/kv9/target/release/deps/libkv9_region-da89feaae4558b1e.rmeta --extern kv9_server=/home/dongxu/kv9/target/release/deps/libkv9_server-f5cabfae941e5e88.rmeta --extern kv9_txn=/home/dongxu/kv9/target/release/deps/libkv9_txn-d13f9cd5b02f4f86.rmeta --extern prost=/home/dongxu/kv9/target/release/deps/libprost-fd78165f2138ed5c.rmeta --extern protobuf=/home/dongxu/kv9/target/release/deps/libprotobuf-1117643358869062.rmeta --extern raft=/home/dongxu/kv9/target/release/deps/libraft-2085f8ce155ce540.rmeta --extern serde=/home/dongxu/kv9/target/release/deps/libserde-5dc9487a3e6a6de7.rmeta --extern serde_json=/home/dongxu/kv9/target/release/deps/libserde_json-615daee37c3db556.rmeta --extern sha2=/home/dongxu/kv9/target/release/deps/libsha2-a20c6462c7edfb8a.rmeta --extern tokio=/home/dongxu/kv9/target/release/deps/libtokio-81f6abbc3ac0c83d.rmeta --extern tokio_stream=/home/dongxu/kv9/target/release/deps/libtokio_stream-affa9c0265f286ae.rmeta --extern tokio_util=/home/dongxu/kv9/target/release/deps/libtokio_util-2212101142e82cfd.rmeta --extern tonic=/home/dongxu/kv9/target/release/deps/libtonic-d67d075281df17a1.rmeta --extern tonic_prost=/home/dongxu/kv9/target/release/deps/libtonic_prost-b652bc0fac79abfc.rmeta -L native=/home/dongxu/kv9/target/release/build/aws-lc-sys-1eb05279d79a7ec6/out`
     Running `/home/dongxu/.rustup/toolchains/stable-x86_64-unknown-linux-gnu/bin/clippy-driver /home/dongxu/.rustup/toolchains/stable-x86_64-unknown-linux-gnu/bin/rustc --crate-name kv9_batch_benchmark --edition=2021 crates/server/src/bin/kv9-batch-benchmark.rs --error-format=json --json=diagnostic-rendered-ansi,artifacts,future-incompat --emit=dep-info,metadata -C opt-level=3 -C lto=thin -C codegen-units=1 --test --check-cfg 'cfg(docsrs,test)' --check-cfg 'cfg(feature, values("checkpoint-testing", "quorum-trace", "rpc-experiment"))' -C metadata=143e6a59815ed1f6 -C extra-filename=-97eb6b5ec91d35c6 --out-dir /home/dongxu/kv9/target/release/deps -C strip=debuginfo -L dependency=/home/dongxu/kv9/target/release/deps --extern futures_util=/home/dongxu/kv9/target/release/deps/libfutures_util-dcbb90b3018f35e7.rmeta --extern kv9_common=/home/dongxu/kv9/target/release/deps/libkv9_common-6bdfe562d3805606.rmeta --extern kv9_engine=/home/dongxu/kv9/target/release/deps/libkv9_engine-58bced4d0ca8997d.rmeta --extern kv9_meta=/home/dongxu/kv9/target/release/deps/libkv9_meta-51422320c18750fc.rmeta --extern kv9_raft=/home/dongxu/kv9/target/release/deps/libkv9_raft-4fe415a690013107.rmeta --extern kv9_region=/home/dongxu/kv9/target/release/deps/libkv9_region-da89feaae4558b1e.rmeta --extern kv9_server=/home/dongxu/kv9/target/release/deps/libkv9_server-f5cabfae941e5e88.rmeta --extern kv9_txn=/home/dongxu/kv9/target/release/deps/libkv9_txn-d13f9cd5b02f4f86.rmeta --extern prost=/home/dongxu/kv9/target/release/deps/libprost-fd78165f2138ed5c.rmeta --extern protobuf=/home/dongxu/kv9/target/release/deps/libprotobuf-1117643358869062.rmeta --extern raft=/home/dongxu/kv9/target/release/deps/libraft-2085f8ce155ce540.rmeta --extern serde=/home/dongxu/kv9/target/release/deps/libserde-5dc9487a3e6a6de7.rmeta --extern serde_json=/home/dongxu/kv9/target/release/deps/libserde_json-615daee37c3db556.rmeta --extern sha2=/home/dongxu/kv9/target/release/deps/libsha2-a20c6462c7edfb8a.rmeta --extern tokio=/home/dongxu/kv9/target/release/deps/libtokio-81f6abbc3ac0c83d.rmeta --extern tokio_stream=/home/dongxu/kv9/target/release/deps/libtokio_stream-affa9c0265f286ae.rmeta --extern tokio_util=/home/dongxu/kv9/target/release/deps/libtokio_util-2212101142e82cfd.rmeta --extern tonic=/home/dongxu/kv9/target/release/deps/libtonic-d67d075281df17a1.rmeta --extern tonic_prost=/home/dongxu/kv9/target/release/deps/libtonic_prost-b652bc0fac79abfc.rmeta -L native=/home/dongxu/kv9/target/release/build/aws-lc-sys-1eb05279d79a7ec6/out`
     Running `/home/dongxu/.rustup/toolchains/stable-x86_64-unknown-linux-gnu/bin/clippy-driver /home/dongxu/.rustup/toolchains/stable-x86_64-unknown-linux-gnu/bin/rustc --crate-name kv9_batch_workload --edition=2021 crates/server/src/bin/kv9-batch-workload.rs --error-format=json --json=diagnostic-rendered-ansi,artifacts,future-incompat --crate-type bin --emit=dep-info,metadata -C opt-level=3 -C lto=thin -C codegen-units=1 --check-cfg 'cfg(docsrs,test)' --check-cfg 'cfg(feature, values("checkpoint-testing", "quorum-trace", "rpc-experiment"))' -C metadata=2a5658b10aa085bf -C extra-filename=-55ba1082621a2531 --out-dir /home/dongxu/kv9/target/release/deps -C strip=debuginfo -L dependency=/home/dongxu/kv9/target/release/deps --extern futures_util=/home/dongxu/kv9/target/release/deps/libfutures_util-dcbb90b3018f35e7.rmeta --extern kv9_common=/home/dongxu/kv9/target/release/deps/libkv9_common-6bdfe562d3805606.rmeta --extern kv9_engine=/home/dongxu/kv9/target/release/deps/libkv9_engine-58bced4d0ca8997d.rmeta --extern kv9_meta=/home/dongxu/kv9/target/release/deps/libkv9_meta-51422320c18750fc.rmeta --extern kv9_raft=/home/dongxu/kv9/target/release/deps/libkv9_raft-4fe415a690013107.rmeta --extern kv9_region=/home/dongxu/kv9/target/release/deps/libkv9_region-da89feaae4558b1e.rmeta --extern kv9_server=/home/dongxu/kv9/target/release/deps/libkv9_server-f5cabfae941e5e88.rmeta --extern kv9_txn=/home/dongxu/kv9/target/release/deps/libkv9_txn-d13f9cd5b02f4f86.rmeta --extern prost=/home/dongxu/kv9/target/release/deps/libprost-fd78165f2138ed5c.rmeta --extern serde=/home/dongxu/kv9/target/release/deps/libserde-5dc9487a3e6a6de7.rmeta --extern serde_json=/home/dongxu/kv9/target/release/deps/libserde_json-615daee37c3db556.rmeta --extern sha2=/home/dongxu/kv9/target/release/deps/libsha2-a20c6462c7edfb8a.rmeta --extern tokio=/home/dongxu/kv9/target/release/deps/libtokio-81f6abbc3ac0c83d.rmeta --extern tokio_stream=/home/dongxu/kv9/target/release/deps/libtokio_stream-affa9c0265f286ae.rmeta --extern tokio_util=/home/dongxu/kv9/target/release/deps/libtokio_util-2212101142e82cfd.rmeta --extern tonic=/home/dongxu/kv9/target/release/deps/libtonic-d67d075281df17a1.rmeta --extern tonic_prost=/home/dongxu/kv9/target/release/deps/libtonic_prost-b652bc0fac79abfc.rmeta -L native=/home/dongxu/kv9/target/release/build/aws-lc-sys-1eb05279d79a7ec6/out`
    Finished `release` profile [optimized] target(s) in 3.95s
