       Fresh unicode-ident v1.0.24
       Fresh proc-macro2 v1.0.107
       Fresh quote v1.0.47
       Fresh libc v0.2.189
       Fresh syn v2.0.119
       Fresh syn v3.0.4
       Fresh pin-project-lite v0.2.17
       Fresh futures-core v0.3.34
       Fresh synstructure v0.13.2
       Fresh itoa v1.0.18
       Fresh tokio-macros v2.7.2
       Fresh zerofrom-derive v0.1.7
       Fresh yoke-derive v0.8.2
       Fresh socket2 v0.6.5
       Fresh mio v1.2.2
       Fresh zerofrom v0.1.8
       Fresh smallvec v1.15.2
       Fresh stable_deref_trait v1.2.1
       Fresh tokio v1.53.1
       Fresh yoke v0.8.3
       Fresh jobserver v0.1.35
       Fresh shlex v2.0.1
       Fresh find-msvc-tools v0.1.12
       Fresh cc v1.4.5
       Fresh http v1.5.0
       Fresh futures-macro v0.3.34
       Fresh zerovec-derive v0.11.6
       Fresh futures-task v0.3.34
       Fresh futures-sink v0.3.34
       Fresh bytes v1.12.1
       Fresh slab v0.4.12
       Fresh futures-util v0.3.34
       Fresh serde_core v1.0.229
       Fresh zerovec v0.11.8
       Fresh cmake v0.1.58
       Fresh tracing-core v0.1.36
       Fresh tracing-attributes v0.1.31
       Fresh displaydoc v0.2.7
       Fresh pkg-config v0.3.34
       Fresh dunce v1.0.5
       Fresh fs_extra v1.3.0
       Fresh typenum v1.20.1
       Fresh tracing v0.1.44
       Fresh tokio-util v0.7.19
       Fresh aho-corasick v1.1.5
       Fresh http-body v1.1.0
       Fresh percent-encoding v2.3.2
       Fresh regex-syntax v0.8.11
       Fresh tower-service v0.3.3
       Fresh regex-automata v0.4.18
       Fresh tinystr v0.8.4
       Fresh regex v1.13.1
       Fresh anyhow v1.0.104
       Fresh itertools v0.14.0
       Fresh writeable v0.6.4
       Fresh litemap v0.8.3
       Fresh version_check v0.9.5
       Fresh zeroize v1.9.0
       Fresh icu_locale_core v2.3.0
       Fresh prost-derive v0.14.4
       Fresh zerotrie v0.2.5
       Fresh potential_utf v0.1.6
       Fresh serde_derive v1.0.229
       Fresh utf8_iter v1.0.4
       Fresh fnv v1.0.7
       Fresh atomic-waker v1.1.2
       Fresh try-lock v0.2.5
       Fresh want v0.3.1
       Fresh h2 v0.4.19
       Fresh icu_collections v2.3.0
       Fresh serde v1.0.229
       Fresh icu_provider v2.3.1
       Fresh httparse v1.10.1
       Fresh rustls-pki-types v1.15.1
       Fresh aws-lc-sys v0.45.0
       Fresh sync_wrapper v1.0.2
       Fresh futures-channel v0.3.34
       Fresh httpdate v1.0.3
       Fresh tower-layer v0.3.3
       Fresh hyper v1.11.0
       Fresh aws-lc-rs v1.18.1
       Fresh generic-array v0.14.7
       Fresh icu_properties_data v2.3.0
       Fresh icu_normalizer_data v2.3.0
       Fresh ipnet v2.12.2
       Fresh linux-raw-sys v0.12.1
       Fresh foldhash v0.1.5
       Fresh hashbrown v0.17.1
       Fresh equivalent v1.0.2
       Fresh cfg-if v1.0.4
       Fresh untrusted v0.9.0
       Fresh base64 v0.22.1
       Fresh unicase v2.9.0
       Fresh hyper-util v0.1.20
       Fresh pulldown-cmark v0.13.4
       Fresh rustls-webpki v0.103.15
       Fresh hashbrown v0.15.5
       Fresh indexmap v2.14.0
       Fresh icu_properties v2.3.0
       Fresh rustix v1.1.4
       Fresh icu_normalizer v2.3.0
       Fresh prettyplease v0.2.37
       Fresh tower v0.5.3
       Fresh http-body-util v0.1.5
       Fresh fixedbitset v0.5.7
       Fresh memchr v2.8.3
       Fresh fastrand v2.5.0
       Fresh subtle v2.6.1
       Fresh once_cell v1.21.4
       Fresh petgraph v0.8.3
       Fresh rustls v0.23.44
       Fresh prost-types v0.14.4
       Fresh tempfile v3.27.0
       Fresh idna_adapter v1.2.2
       Fresh pulldown-cmark-to-cmark v22.0.1
       Fresh block-buffer v0.10.4
       Fresh crypto-common v0.1.7
       Fresh form_urlencoded v1.2.2
       Fresh hybrid-array v0.4.14
       Fresh autocfg v1.5.1
       Fresh heck v0.5.0
       Fresh multimap v0.10.1
       Fresh prost-build v0.14.4
       Fresh digest v0.10.7
       Fresh idna v1.1.0
       Fresh protobuf-codegen v2.28.0
       Fresh tonic-build v0.14.6
       Fresh bitflags v1.3.2
       Fresh rand_core v0.10.1
       Fresh openssl-probe v0.2.1
       Fresh rustls-native-certs v0.8.4
       Fresh protobuf-build v0.14.1
       Fresh tonic-prost-build v0.14.6
       Fresh url v2.5.8
       Fresh zerocopy v0.8.56
       Fresh rustversion v1.0.23
       Fresh block-buffer v0.12.1
       Fresh crypto-common v0.2.2
       Fresh tokio-rustls v0.26.5
       Fresh getrandom v0.2.17
       Fresh async-trait v0.1.92
       Fresh thiserror-impl v1.0.69
       Fresh cpufeatures v0.3.1
       Fresh log v0.4.34
       Fresh mime v0.3.17
       Fresh bitflags v2.13.1
       Fresh scopeguard v1.2.0
       Fresh tower-http v0.6.11
       Fresh lock_api v0.4.14
       Fresh axum-core v0.5.6
       Fresh rustls-platform-verifier v0.7.0
       Fresh thiserror v1.0.69
       Fresh chacha20 v0.10.2
       Fresh digest v0.11.3
       Fresh hyper-rustls v0.27.9
       Fresh rand_core v0.6.4
       Fresh ppv-lite86 v0.2.21
       Fresh num-traits v0.2.19
       Fresh parking_lot_core v0.9.12
       Fresh zmij v1.0.23
       Fresh getrandom v0.4.3
       Fresh pin-project-internal v1.1.13
       Fresh thiserror-impl v2.0.20
       Fresh matchit v0.8.4
       Fresh spin v0.10.1
       Fresh ryu v1.0.23
       Fresh either v1.18.0
       Fresh cpufeatures v0.2.17
       Fresh iana-time-zone v0.1.65
       Fresh triomphe v0.1.16
       Fresh crc-fast v1.10.0
       Fresh serde_urlencoded v0.7.1
       Fresh archery v1.2.3
       Fresh chrono v0.4.45
       Fresh itertools v0.15.0
       Fresh sha2 v0.10.9
       Fresh rand v0.10.2
       Fresh pin-project v1.1.13
       Fresh thiserror v2.0.20
       Fresh axum v0.8.9
       Fresh serde_json v1.0.151
       Fresh parking_lot v0.12.5
       Fresh rand_chacha v0.3.1
       Fresh reqwest v0.13.4
       Fresh md-5 v0.11.0
       Fresh protobuf v2.28.0
       Fresh quick-xml v0.41.0
       Fresh hyper-timeout v0.5.2
       Fresh erased-serde v0.3.31
       Fresh tokio-stream v0.1.19
       Fresh byteorder v1.5.0
       Fresh humantime v2.4.0
       Fresh tonic v0.14.6
       Fresh slog v2.8.2
       Fresh fxhash v0.2.1
       Fresh object_store v0.14.1
       Fresh raft-proto v0.7.0
       Fresh rand v0.8.8
    Checking kv9-common v0.0.0 (/tmp/kv9-quorum-message-trace/crates/common)
       Fresh rpds v1.2.1
   Compiling kv9-raft v0.0.0 (/tmp/kv9-quorum-message-trace/crates/raft)
       Fresh prost v0.14.4
       Fresh getset v0.1.7
       Fresh tonic-prost v0.14.6
     Running `/home/dongxu/.rustup/toolchains/stable-x86_64-unknown-linux-gnu/bin/clippy-driver /home/dongxu/.rustup/toolchains/stable-x86_64-unknown-linux-gnu/bin/rustc --crate-name kv9_common --edition=2021 crates/common/src/lib.rs --error-format=json --json=diagnostic-rendered-ansi,artifacts,future-incompat --crate-type lib --emit=dep-info,metadata -C opt-level=3 -C linker-plugin-lto -C codegen-units=1 --cfg 'feature="testing"' --check-cfg 'cfg(docsrs,test)' --check-cfg 'cfg(feature, values("testing"))' -C metadata=7941a8f2d39a6fdd -C extra-filename=-6bdfe562d3805606 --out-dir /home/dongxu/kv9/target/release/deps -C strip=debuginfo -L dependency=/home/dongxu/kv9/target/release/deps --extern serde=/home/dongxu/kv9/target/release/deps/libserde-5dc9487a3e6a6de7.rmeta --extern sha2=/home/dongxu/kv9/target/release/deps/libsha2-a20c6462c7edfb8a.rmeta --extern thiserror=/home/dongxu/kv9/target/release/deps/libthiserror-1d12ea43caae814d.rmeta`
     Running `/home/dongxu/.rustup/toolchains/stable-x86_64-unknown-linux-gnu/bin/clippy-driver /home/dongxu/.rustup/toolchains/stable-x86_64-unknown-linux-gnu/bin/rustc --crate-name build_script_build --edition=2021 crates/raft/build.rs --error-format=json --json=diagnostic-rendered-ansi,artifacts,future-incompat --crate-type bin --emit=dep-info,link -C embed-bitcode=no -C debug-assertions=off --cfg 'feature="quorum-trace"' --cfg 'feature="read-stage-timing"' --cfg 'feature="testing"' --check-cfg 'cfg(docsrs,test)' --check-cfg 'cfg(feature, values("quorum-trace", "read-stage-timing", "testing"))' -C metadata=94acaf53c535e462 -C extra-filename=-a7afde5153ebd776 --out-dir /home/dongxu/kv9/target/release/build/kv9-raft-a7afde5153ebd776 -C strip=debuginfo -L dependency=/home/dongxu/kv9/target/release/deps --extern tonic_prost_build=/home/dongxu/kv9/target/release/deps/libtonic_prost_build-e532348ae68a08db.rlib`
       Fresh raft v0.7.0
   Compiling kv9-server v0.0.0 (/tmp/kv9-quorum-message-trace/crates/server)
     Running `/home/dongxu/.rustup/toolchains/stable-x86_64-unknown-linux-gnu/bin/clippy-driver /home/dongxu/.rustup/toolchains/stable-x86_64-unknown-linux-gnu/bin/rustc --crate-name build_script_build --edition=2021 crates/server/build.rs --error-format=json --json=diagnostic-rendered-ansi,artifacts,future-incompat --crate-type bin --emit=dep-info,link -C embed-bitcode=no -C debug-assertions=off --cfg 'feature="quorum-trace"' --check-cfg 'cfg(docsrs,test)' --check-cfg 'cfg(feature, values("checkpoint-testing", "quorum-trace", "rpc-experiment"))' -C metadata=db57c9ab2acce177 -C extra-filename=-1ad7246248929ba2 --out-dir /home/dongxu/kv9/target/release/build/kv9-server-1ad7246248929ba2 -C strip=debuginfo -L dependency=/home/dongxu/kv9/target/release/deps --extern tonic_prost_build=/home/dongxu/kv9/target/release/deps/libtonic_prost_build-e532348ae68a08db.rlib`
     Running `/home/dongxu/kv9/target/release/build/kv9-raft-a7afde5153ebd776/build-script-build`
     Running `/home/dongxu/kv9/target/release/build/kv9-server-1ad7246248929ba2/build-script-build`
    Checking kv9-engine v0.0.0 (/tmp/kv9-quorum-message-trace/crates/engine)
     Running `/home/dongxu/.rustup/toolchains/stable-x86_64-unknown-linux-gnu/bin/clippy-driver /home/dongxu/.rustup/toolchains/stable-x86_64-unknown-linux-gnu/bin/rustc --crate-name kv9_engine --edition=2021 crates/engine/src/lib.rs --error-format=json --json=diagnostic-rendered-ansi,artifacts,future-incompat --crate-type lib --emit=dep-info,metadata -C opt-level=3 -C linker-plugin-lto -C codegen-units=1 --cfg 'feature="testing"' --check-cfg 'cfg(docsrs,test)' --check-cfg 'cfg(feature, values("testing"))' -C metadata=2a2c6a4213a46441 -C extra-filename=-58bced4d0ca8997d --out-dir /home/dongxu/kv9/target/release/deps -C strip=debuginfo -L dependency=/home/dongxu/kv9/target/release/deps --extern futures_util=/home/dongxu/kv9/target/release/deps/libfutures_util-dcbb90b3018f35e7.rmeta --extern kv9_common=/home/dongxu/kv9/target/release/deps/libkv9_common-6bdfe562d3805606.rmeta --extern s3_client=/home/dongxu/kv9/target/release/deps/libobject_store-0420c184122d5edb.rmeta --extern rpds=/home/dongxu/kv9/target/release/deps/librpds-dc064f7771172337.rmeta --extern serde=/home/dongxu/kv9/target/release/deps/libserde-5dc9487a3e6a6de7.rmeta --extern serde_json=/home/dongxu/kv9/target/release/deps/libserde_json-615daee37c3db556.rmeta --extern sha2=/home/dongxu/kv9/target/release/deps/libsha2-a20c6462c7edfb8a.rmeta --extern thiserror=/home/dongxu/kv9/target/release/deps/libthiserror-1d12ea43caae814d.rmeta --extern tokio=/home/dongxu/kv9/target/release/deps/libtokio-81f6abbc3ac0c83d.rmeta -L native=/home/dongxu/kv9/target/release/build/aws-lc-sys-1eb05279d79a7ec6/out`
     Running `/home/dongxu/.rustup/toolchains/stable-x86_64-unknown-linux-gnu/bin/clippy-driver /home/dongxu/.rustup/toolchains/stable-x86_64-unknown-linux-gnu/bin/rustc --crate-name kv9_raft --edition=2021 crates/raft/src/lib.rs --error-format=json --json=diagnostic-rendered-ansi,artifacts,future-incompat --crate-type lib --emit=dep-info,metadata -C opt-level=3 -C linker-plugin-lto -C codegen-units=1 --cfg 'feature="quorum-trace"' --cfg 'feature="read-stage-timing"' --cfg 'feature="testing"' --check-cfg 'cfg(docsrs,test)' --check-cfg 'cfg(feature, values("quorum-trace", "read-stage-timing", "testing"))' -C metadata=4b98ccafe64fbac6 -C extra-filename=-9cc2c29e5e1204ca --out-dir /home/dongxu/kv9/target/release/deps -C strip=debuginfo -L dependency=/home/dongxu/kv9/target/release/deps --extern kv9_common=/home/dongxu/kv9/target/release/deps/libkv9_common-6bdfe562d3805606.rmeta --extern kv9_engine=/home/dongxu/kv9/target/release/deps/libkv9_engine-58bced4d0ca8997d.rmeta --extern prost=/home/dongxu/kv9/target/release/deps/libprost-fd78165f2138ed5c.rmeta --extern protobuf=/home/dongxu/kv9/target/release/deps/libprotobuf-1117643358869062.rmeta --extern raft=/home/dongxu/kv9/target/release/deps/libraft-2085f8ce155ce540.rmeta --extern serde=/home/dongxu/kv9/target/release/deps/libserde-5dc9487a3e6a6de7.rmeta --extern slog=/home/dongxu/kv9/target/release/deps/libslog-b849f5d25589a885.rmeta --extern tokio=/home/dongxu/kv9/target/release/deps/libtokio-81f6abbc3ac0c83d.rmeta --extern tokio_stream=/home/dongxu/kv9/target/release/deps/libtokio_stream-affa9c0265f286ae.rmeta --extern tonic=/home/dongxu/kv9/target/release/deps/libtonic-d67d075281df17a1.rmeta --extern tonic_prost=/home/dongxu/kv9/target/release/deps/libtonic_prost-b652bc0fac79abfc.rmeta -L native=/home/dongxu/kv9/target/release/build/aws-lc-sys-1eb05279d79a7ec6/out`
     Running `/home/dongxu/.rustup/toolchains/stable-x86_64-unknown-linux-gnu/bin/clippy-driver /home/dongxu/.rustup/toolchains/stable-x86_64-unknown-linux-gnu/bin/rustc --crate-name kv9_raft --edition=2021 crates/raft/src/lib.rs --error-format=json --json=diagnostic-rendered-ansi,artifacts,future-incompat --emit=dep-info,metadata -C opt-level=3 -C linker-plugin-lto -C codegen-units=1 --test --cfg 'feature="quorum-trace"' --cfg 'feature="read-stage-timing"' --cfg 'feature="testing"' --check-cfg 'cfg(docsrs,test)' --check-cfg 'cfg(feature, values("quorum-trace", "read-stage-timing", "testing"))' -C metadata=fdf026b31b8ba220 -C extra-filename=-ff309b01a9079977 --out-dir /home/dongxu/kv9/target/release/deps -C strip=debuginfo -L dependency=/home/dongxu/kv9/target/release/deps --extern kv9_common=/home/dongxu/kv9/target/release/deps/libkv9_common-6bdfe562d3805606.rmeta --extern kv9_engine=/home/dongxu/kv9/target/release/deps/libkv9_engine-58bced4d0ca8997d.rmeta --extern prost=/home/dongxu/kv9/target/release/deps/libprost-fd78165f2138ed5c.rmeta --extern protobuf=/home/dongxu/kv9/target/release/deps/libprotobuf-1117643358869062.rmeta --extern raft=/home/dongxu/kv9/target/release/deps/libraft-2085f8ce155ce540.rmeta --extern serde=/home/dongxu/kv9/target/release/deps/libserde-5dc9487a3e6a6de7.rmeta --extern slog=/home/dongxu/kv9/target/release/deps/libslog-b849f5d25589a885.rmeta --extern tokio=/home/dongxu/kv9/target/release/deps/libtokio-81f6abbc3ac0c83d.rmeta --extern tokio_stream=/home/dongxu/kv9/target/release/deps/libtokio_stream-affa9c0265f286ae.rmeta --extern tonic=/home/dongxu/kv9/target/release/deps/libtonic-d67d075281df17a1.rmeta --extern tonic_prost=/home/dongxu/kv9/target/release/deps/libtonic_prost-b652bc0fac79abfc.rmeta -L native=/home/dongxu/kv9/target/release/build/aws-lc-sys-1eb05279d79a7ec6/out`
    Checking kv9-region v0.0.0 (/tmp/kv9-quorum-message-trace/crates/region)
     Running `/home/dongxu/.rustup/toolchains/stable-x86_64-unknown-linux-gnu/bin/clippy-driver /home/dongxu/.rustup/toolchains/stable-x86_64-unknown-linux-gnu/bin/rustc --crate-name kv9_region --edition=2021 crates/region/src/lib.rs --error-format=json --json=diagnostic-rendered-ansi,artifacts,future-incompat --crate-type lib --emit=dep-info,metadata -C opt-level=3 -C linker-plugin-lto -C codegen-units=1 --check-cfg 'cfg(docsrs,test)' --check-cfg 'cfg(feature, values("testing"))' -C metadata=c5198a2c6db43eff -C extra-filename=-daeda8af0c1f9c9e --out-dir /home/dongxu/kv9/target/release/deps -C strip=debuginfo -L dependency=/home/dongxu/kv9/target/release/deps --extern kv9_common=/home/dongxu/kv9/target/release/deps/libkv9_common-6bdfe562d3805606.rmeta --extern kv9_engine=/home/dongxu/kv9/target/release/deps/libkv9_engine-58bced4d0ca8997d.rmeta --extern kv9_raft=/home/dongxu/kv9/target/release/deps/libkv9_raft-9cc2c29e5e1204ca.rmeta -L native=/home/dongxu/kv9/target/release/build/aws-lc-sys-1eb05279d79a7ec6/out`
     Running `/home/dongxu/.rustup/toolchains/stable-x86_64-unknown-linux-gnu/bin/clippy-driver /home/dongxu/.rustup/toolchains/stable-x86_64-unknown-linux-gnu/bin/rustc --crate-name membership --edition=2021 crates/raft/tests/membership.rs --error-format=json --json=diagnostic-rendered-ansi,artifacts,future-incompat --emit=dep-info,metadata -C opt-level=3 -C lto=thin -C codegen-units=1 --test --cfg 'feature="quorum-trace"' --cfg 'feature="read-stage-timing"' --cfg 'feature="testing"' --check-cfg 'cfg(docsrs,test)' --check-cfg 'cfg(feature, values("quorum-trace", "read-stage-timing", "testing"))' -C metadata=bcf8f2ba43d60551 -C extra-filename=-edb0232d85291349 --out-dir /home/dongxu/kv9/target/release/deps -C strip=debuginfo -L dependency=/home/dongxu/kv9/target/release/deps --extern kv9_common=/home/dongxu/kv9/target/release/deps/libkv9_common-6bdfe562d3805606.rmeta --extern kv9_engine=/home/dongxu/kv9/target/release/deps/libkv9_engine-58bced4d0ca8997d.rmeta --extern kv9_raft=/home/dongxu/kv9/target/release/deps/libkv9_raft-9cc2c29e5e1204ca.rmeta --extern prost=/home/dongxu/kv9/target/release/deps/libprost-fd78165f2138ed5c.rmeta --extern protobuf=/home/dongxu/kv9/target/release/deps/libprotobuf-1117643358869062.rmeta --extern raft=/home/dongxu/kv9/target/release/deps/libraft-2085f8ce155ce540.rmeta --extern serde=/home/dongxu/kv9/target/release/deps/libserde-5dc9487a3e6a6de7.rmeta --extern slog=/home/dongxu/kv9/target/release/deps/libslog-b849f5d25589a885.rmeta --extern tokio=/home/dongxu/kv9/target/release/deps/libtokio-81f6abbc3ac0c83d.rmeta --extern tokio_stream=/home/dongxu/kv9/target/release/deps/libtokio_stream-affa9c0265f286ae.rmeta --extern tonic=/home/dongxu/kv9/target/release/deps/libtonic-d67d075281df17a1.rmeta --extern tonic_prost=/home/dongxu/kv9/target/release/deps/libtonic_prost-b652bc0fac79abfc.rmeta -L native=/home/dongxu/kv9/target/release/build/aws-lc-sys-1eb05279d79a7ec6/out`
     Running `/home/dongxu/.rustup/toolchains/stable-x86_64-unknown-linux-gnu/bin/clippy-driver /home/dongxu/.rustup/toolchains/stable-x86_64-unknown-linux-gnu/bin/rustc --crate-name frame_bad_input --edition=2021 crates/raft/tests/frame_bad_input.rs --error-format=json --json=diagnostic-rendered-ansi,artifacts,future-incompat --emit=dep-info,metadata -C opt-level=3 -C lto=thin -C codegen-units=1 --test --cfg 'feature="quorum-trace"' --cfg 'feature="read-stage-timing"' --cfg 'feature="testing"' --check-cfg 'cfg(docsrs,test)' --check-cfg 'cfg(feature, values("quorum-trace", "read-stage-timing", "testing"))' -C metadata=44499fbde99b8ea2 -C extra-filename=-b4943c958c3f57c9 --out-dir /home/dongxu/kv9/target/release/deps -C strip=debuginfo -L dependency=/home/dongxu/kv9/target/release/deps --extern kv9_common=/home/dongxu/kv9/target/release/deps/libkv9_common-6bdfe562d3805606.rmeta --extern kv9_engine=/home/dongxu/kv9/target/release/deps/libkv9_engine-58bced4d0ca8997d.rmeta --extern kv9_raft=/home/dongxu/kv9/target/release/deps/libkv9_raft-9cc2c29e5e1204ca.rmeta --extern prost=/home/dongxu/kv9/target/release/deps/libprost-fd78165f2138ed5c.rmeta --extern protobuf=/home/dongxu/kv9/target/release/deps/libprotobuf-1117643358869062.rmeta --extern raft=/home/dongxu/kv9/target/release/deps/libraft-2085f8ce155ce540.rmeta --extern serde=/home/dongxu/kv9/target/release/deps/libserde-5dc9487a3e6a6de7.rmeta --extern slog=/home/dongxu/kv9/target/release/deps/libslog-b849f5d25589a885.rmeta --extern tokio=/home/dongxu/kv9/target/release/deps/libtokio-81f6abbc3ac0c83d.rmeta --extern tokio_stream=/home/dongxu/kv9/target/release/deps/libtokio_stream-affa9c0265f286ae.rmeta --extern tonic=/home/dongxu/kv9/target/release/deps/libtonic-d67d075281df17a1.rmeta --extern tonic_prost=/home/dongxu/kv9/target/release/deps/libtonic_prost-b652bc0fac79abfc.rmeta -L native=/home/dongxu/kv9/target/release/build/aws-lc-sys-1eb05279d79a7ec6/out`
     Running `/home/dongxu/.rustup/toolchains/stable-x86_64-unknown-linux-gnu/bin/clippy-driver /home/dongxu/.rustup/toolchains/stable-x86_64-unknown-linux-gnu/bin/rustc --crate-name driver_lock_order --edition=2021 crates/raft/tests/driver_lock_order.rs --error-format=json --json=diagnostic-rendered-ansi,artifacts,future-incompat --emit=dep-info,metadata -C opt-level=3 -C lto=thin -C codegen-units=1 --test --cfg 'feature="quorum-trace"' --cfg 'feature="read-stage-timing"' --cfg 'feature="testing"' --check-cfg 'cfg(docsrs,test)' --check-cfg 'cfg(feature, values("quorum-trace", "read-stage-timing", "testing"))' -C metadata=aea899f36d028818 -C extra-filename=-f079f05fc19c276b --out-dir /home/dongxu/kv9/target/release/deps -C strip=debuginfo -L dependency=/home/dongxu/kv9/target/release/deps --extern kv9_common=/home/dongxu/kv9/target/release/deps/libkv9_common-6bdfe562d3805606.rmeta --extern kv9_engine=/home/dongxu/kv9/target/release/deps/libkv9_engine-58bced4d0ca8997d.rmeta --extern kv9_raft=/home/dongxu/kv9/target/release/deps/libkv9_raft-9cc2c29e5e1204ca.rmeta --extern prost=/home/dongxu/kv9/target/release/deps/libprost-fd78165f2138ed5c.rmeta --extern protobuf=/home/dongxu/kv9/target/release/deps/libprotobuf-1117643358869062.rmeta --extern raft=/home/dongxu/kv9/target/release/deps/libraft-2085f8ce155ce540.rmeta --extern serde=/home/dongxu/kv9/target/release/deps/libserde-5dc9487a3e6a6de7.rmeta --extern slog=/home/dongxu/kv9/target/release/deps/libslog-b849f5d25589a885.rmeta --extern tokio=/home/dongxu/kv9/target/release/deps/libtokio-81f6abbc3ac0c83d.rmeta --extern tokio_stream=/home/dongxu/kv9/target/release/deps/libtokio_stream-affa9c0265f286ae.rmeta --extern tonic=/home/dongxu/kv9/target/release/deps/libtonic-d67d075281df17a1.rmeta --extern tonic_prost=/home/dongxu/kv9/target/release/deps/libtonic_prost-b652bc0fac79abfc.rmeta -L native=/home/dongxu/kv9/target/release/build/aws-lc-sys-1eb05279d79a7ec6/out`
     Running `/home/dongxu/.rustup/toolchains/stable-x86_64-unknown-linux-gnu/bin/clippy-driver /home/dongxu/.rustup/toolchains/stable-x86_64-unknown-linux-gnu/bin/rustc --crate-name check_wire_floor --edition=2021 crates/raft/examples/check-wire-floor.rs --error-format=json --json=diagnostic-rendered-ansi,artifacts,future-incompat --crate-type bin --emit=dep-info,metadata -C opt-level=3 -C lto=thin -C codegen-units=1 --cfg 'feature="quorum-trace"' --cfg 'feature="read-stage-timing"' --cfg 'feature="testing"' --check-cfg 'cfg(docsrs,test)' --check-cfg 'cfg(feature, values("quorum-trace", "read-stage-timing", "testing"))' -C metadata=ab24853485663063 -C extra-filename=-99fc5e164c567a34 --out-dir /home/dongxu/kv9/target/release/examples -C strip=debuginfo -L dependency=/home/dongxu/kv9/target/release/deps --extern kv9_common=/home/dongxu/kv9/target/release/deps/libkv9_common-6bdfe562d3805606.rmeta --extern kv9_engine=/home/dongxu/kv9/target/release/deps/libkv9_engine-58bced4d0ca8997d.rmeta --extern kv9_raft=/home/dongxu/kv9/target/release/deps/libkv9_raft-9cc2c29e5e1204ca.rmeta --extern prost=/home/dongxu/kv9/target/release/deps/libprost-fd78165f2138ed5c.rmeta --extern protobuf=/home/dongxu/kv9/target/release/deps/libprotobuf-1117643358869062.rmeta --extern raft=/home/dongxu/kv9/target/release/deps/libraft-2085f8ce155ce540.rmeta --extern serde=/home/dongxu/kv9/target/release/deps/libserde-5dc9487a3e6a6de7.rmeta --extern slog=/home/dongxu/kv9/target/release/deps/libslog-b849f5d25589a885.rmeta --extern tokio=/home/dongxu/kv9/target/release/deps/libtokio-81f6abbc3ac0c83d.rmeta --extern tokio_stream=/home/dongxu/kv9/target/release/deps/libtokio_stream-affa9c0265f286ae.rmeta --extern tonic=/home/dongxu/kv9/target/release/deps/libtonic-d67d075281df17a1.rmeta --extern tonic_prost=/home/dongxu/kv9/target/release/deps/libtonic_prost-b652bc0fac79abfc.rmeta -L native=/home/dongxu/kv9/target/release/build/aws-lc-sys-1eb05279d79a7ec6/out`
    Checking kv9-meta v0.0.0 (/tmp/kv9-quorum-message-trace/crates/meta)
     Running `/home/dongxu/.rustup/toolchains/stable-x86_64-unknown-linux-gnu/bin/clippy-driver /home/dongxu/.rustup/toolchains/stable-x86_64-unknown-linux-gnu/bin/rustc --crate-name kv9_meta --edition=2021 crates/meta/src/lib.rs --error-format=json --json=diagnostic-rendered-ansi,artifacts,future-incompat --crate-type lib --emit=dep-info,metadata -C opt-level=3 -C linker-plugin-lto -C codegen-units=1 --check-cfg 'cfg(docsrs,test)' --check-cfg 'cfg(feature, values())' -C metadata=8c586f0a82169c99 -C extra-filename=-cdd1616597b19448 --out-dir /home/dongxu/kv9/target/release/deps -C strip=debuginfo -L dependency=/home/dongxu/kv9/target/release/deps --extern kv9_common=/home/dongxu/kv9/target/release/deps/libkv9_common-6bdfe562d3805606.rmeta --extern kv9_engine=/home/dongxu/kv9/target/release/deps/libkv9_engine-58bced4d0ca8997d.rmeta --extern kv9_raft=/home/dongxu/kv9/target/release/deps/libkv9_raft-9cc2c29e5e1204ca.rmeta --extern kv9_region=/home/dongxu/kv9/target/release/deps/libkv9_region-daeda8af0c1f9c9e.rmeta -L native=/home/dongxu/kv9/target/release/build/aws-lc-sys-1eb05279d79a7ec6/out`
    Checking kv9-txn v0.0.0 (/tmp/kv9-quorum-message-trace/crates/txn)
     Running `/home/dongxu/.rustup/toolchains/stable-x86_64-unknown-linux-gnu/bin/clippy-driver /home/dongxu/.rustup/toolchains/stable-x86_64-unknown-linux-gnu/bin/rustc --crate-name kv9_txn --edition=2021 crates/txn/src/lib.rs --error-format=json --json=diagnostic-rendered-ansi,artifacts,future-incompat --crate-type lib --emit=dep-info,metadata -C opt-level=3 -C linker-plugin-lto -C codegen-units=1 --check-cfg 'cfg(docsrs,test)' --check-cfg 'cfg(feature, values())' -C metadata=ba833432d32e2250 -C extra-filename=-df0fc2bca827fdcb --out-dir /home/dongxu/kv9/target/release/deps -C strip=debuginfo -L dependency=/home/dongxu/kv9/target/release/deps --extern kv9_common=/home/dongxu/kv9/target/release/deps/libkv9_common-6bdfe562d3805606.rmeta --extern kv9_engine=/home/dongxu/kv9/target/release/deps/libkv9_engine-58bced4d0ca8997d.rmeta --extern kv9_region=/home/dongxu/kv9/target/release/deps/libkv9_region-daeda8af0c1f9c9e.rmeta -L native=/home/dongxu/kv9/target/release/build/aws-lc-sys-1eb05279d79a7ec6/out`
     Running `/home/dongxu/.rustup/toolchains/stable-x86_64-unknown-linux-gnu/bin/clippy-driver /home/dongxu/.rustup/toolchains/stable-x86_64-unknown-linux-gnu/bin/rustc --crate-name kv9_server --edition=2021 crates/server/src/lib.rs --error-format=json --json=diagnostic-rendered-ansi,artifacts,future-incompat --emit=dep-info,metadata -C opt-level=3 -C linker-plugin-lto -C codegen-units=1 --test --cfg 'feature="quorum-trace"' --check-cfg 'cfg(docsrs,test)' --check-cfg 'cfg(feature, values("checkpoint-testing", "quorum-trace", "rpc-experiment"))' -C metadata=5a786ba95e3cee9e -C extra-filename=-8ffc0603303e7cb8 --out-dir /home/dongxu/kv9/target/release/deps -C strip=debuginfo -L dependency=/home/dongxu/kv9/target/release/deps --extern futures_util=/home/dongxu/kv9/target/release/deps/libfutures_util-dcbb90b3018f35e7.rmeta --extern kv9_common=/home/dongxu/kv9/target/release/deps/libkv9_common-6bdfe562d3805606.rmeta --extern kv9_engine=/home/dongxu/kv9/target/release/deps/libkv9_engine-58bced4d0ca8997d.rmeta --extern kv9_meta=/home/dongxu/kv9/target/release/deps/libkv9_meta-cdd1616597b19448.rmeta --extern kv9_raft=/home/dongxu/kv9/target/release/deps/libkv9_raft-9cc2c29e5e1204ca.rmeta --extern kv9_region=/home/dongxu/kv9/target/release/deps/libkv9_region-daeda8af0c1f9c9e.rmeta --extern kv9_txn=/home/dongxu/kv9/target/release/deps/libkv9_txn-df0fc2bca827fdcb.rmeta --extern prost=/home/dongxu/kv9/target/release/deps/libprost-fd78165f2138ed5c.rmeta --extern protobuf=/home/dongxu/kv9/target/release/deps/libprotobuf-1117643358869062.rmeta --extern raft=/home/dongxu/kv9/target/release/deps/libraft-2085f8ce155ce540.rmeta --extern serde=/home/dongxu/kv9/target/release/deps/libserde-5dc9487a3e6a6de7.rmeta --extern serde_json=/home/dongxu/kv9/target/release/deps/libserde_json-615daee37c3db556.rmeta --extern sha2=/home/dongxu/kv9/target/release/deps/libsha2-a20c6462c7edfb8a.rmeta --extern tokio=/home/dongxu/kv9/target/release/deps/libtokio-81f6abbc3ac0c83d.rmeta --extern tokio_stream=/home/dongxu/kv9/target/release/deps/libtokio_stream-affa9c0265f286ae.rmeta --extern tokio_util=/home/dongxu/kv9/target/release/deps/libtokio_util-2212101142e82cfd.rmeta --extern tonic=/home/dongxu/kv9/target/release/deps/libtonic-d67d075281df17a1.rmeta --extern tonic_prost=/home/dongxu/kv9/target/release/deps/libtonic_prost-b652bc0fac79abfc.rmeta -L native=/home/dongxu/kv9/target/release/build/aws-lc-sys-1eb05279d79a7ec6/out`
     Running `/home/dongxu/.rustup/toolchains/stable-x86_64-unknown-linux-gnu/bin/clippy-driver /home/dongxu/.rustup/toolchains/stable-x86_64-unknown-linux-gnu/bin/rustc --crate-name kv9_server --edition=2021 crates/server/src/lib.rs --error-format=json --json=diagnostic-rendered-ansi,artifacts,future-incompat --crate-type lib --emit=dep-info,metadata -C opt-level=3 -C linker-plugin-lto -C codegen-units=1 --cfg 'feature="quorum-trace"' --check-cfg 'cfg(docsrs,test)' --check-cfg 'cfg(feature, values("checkpoint-testing", "quorum-trace", "rpc-experiment"))' -C metadata=5b8583510b31b733 -C extra-filename=-e801bbe7755c70b0 --out-dir /home/dongxu/kv9/target/release/deps -C strip=debuginfo -L dependency=/home/dongxu/kv9/target/release/deps --extern futures_util=/home/dongxu/kv9/target/release/deps/libfutures_util-dcbb90b3018f35e7.rmeta --extern kv9_common=/home/dongxu/kv9/target/release/deps/libkv9_common-6bdfe562d3805606.rmeta --extern kv9_engine=/home/dongxu/kv9/target/release/deps/libkv9_engine-58bced4d0ca8997d.rmeta --extern kv9_meta=/home/dongxu/kv9/target/release/deps/libkv9_meta-cdd1616597b19448.rmeta --extern kv9_raft=/home/dongxu/kv9/target/release/deps/libkv9_raft-9cc2c29e5e1204ca.rmeta --extern kv9_region=/home/dongxu/kv9/target/release/deps/libkv9_region-daeda8af0c1f9c9e.rmeta --extern kv9_txn=/home/dongxu/kv9/target/release/deps/libkv9_txn-df0fc2bca827fdcb.rmeta --extern prost=/home/dongxu/kv9/target/release/deps/libprost-fd78165f2138ed5c.rmeta --extern serde=/home/dongxu/kv9/target/release/deps/libserde-5dc9487a3e6a6de7.rmeta --extern serde_json=/home/dongxu/kv9/target/release/deps/libserde_json-615daee37c3db556.rmeta --extern sha2=/home/dongxu/kv9/target/release/deps/libsha2-a20c6462c7edfb8a.rmeta --extern tokio=/home/dongxu/kv9/target/release/deps/libtokio-81f6abbc3ac0c83d.rmeta --extern tokio_stream=/home/dongxu/kv9/target/release/deps/libtokio_stream-affa9c0265f286ae.rmeta --extern tokio_util=/home/dongxu/kv9/target/release/deps/libtokio_util-2212101142e82cfd.rmeta --extern tonic=/home/dongxu/kv9/target/release/deps/libtonic-d67d075281df17a1.rmeta --extern tonic_prost=/home/dongxu/kv9/target/release/deps/libtonic_prost-b652bc0fac79abfc.rmeta -L native=/home/dongxu/kv9/target/release/build/aws-lc-sys-1eb05279d79a7ec6/out`
     Running `/home/dongxu/.rustup/toolchains/stable-x86_64-unknown-linux-gnu/bin/clippy-driver /home/dongxu/.rustup/toolchains/stable-x86_64-unknown-linux-gnu/bin/rustc --crate-name workload_loopback --edition=2021 crates/server/examples/workload-loopback.rs --error-format=json --json=diagnostic-rendered-ansi,artifacts,future-incompat --crate-type bin --emit=dep-info,metadata -C opt-level=3 -C lto=thin -C codegen-units=1 --cfg 'feature="quorum-trace"' --check-cfg 'cfg(docsrs,test)' --check-cfg 'cfg(feature, values("checkpoint-testing", "quorum-trace", "rpc-experiment"))' -C metadata=23f4c46ba137f9f0 -C extra-filename=-f2d9a2cfcbd46ced --out-dir /home/dongxu/kv9/target/release/examples -C strip=debuginfo -L dependency=/home/dongxu/kv9/target/release/deps --extern futures_util=/home/dongxu/kv9/target/release/deps/libfutures_util-dcbb90b3018f35e7.rmeta --extern kv9_common=/home/dongxu/kv9/target/release/deps/libkv9_common-6bdfe562d3805606.rmeta --extern kv9_engine=/home/dongxu/kv9/target/release/deps/libkv9_engine-58bced4d0ca8997d.rmeta --extern kv9_meta=/home/dongxu/kv9/target/release/deps/libkv9_meta-cdd1616597b19448.rmeta --extern kv9_raft=/home/dongxu/kv9/target/release/deps/libkv9_raft-9cc2c29e5e1204ca.rmeta --extern kv9_region=/home/dongxu/kv9/target/release/deps/libkv9_region-daeda8af0c1f9c9e.rmeta --extern kv9_server=/home/dongxu/kv9/target/release/deps/libkv9_server-e801bbe7755c70b0.rmeta --extern kv9_txn=/home/dongxu/kv9/target/release/deps/libkv9_txn-df0fc2bca827fdcb.rmeta --extern prost=/home/dongxu/kv9/target/release/deps/libprost-fd78165f2138ed5c.rmeta --extern protobuf=/home/dongxu/kv9/target/release/deps/libprotobuf-1117643358869062.rmeta --extern raft=/home/dongxu/kv9/target/release/deps/libraft-2085f8ce155ce540.rmeta --extern serde=/home/dongxu/kv9/target/release/deps/libserde-5dc9487a3e6a6de7.rmeta --extern serde_json=/home/dongxu/kv9/target/release/deps/libserde_json-615daee37c3db556.rmeta --extern sha2=/home/dongxu/kv9/target/release/deps/libsha2-a20c6462c7edfb8a.rmeta --extern tokio=/home/dongxu/kv9/target/release/deps/libtokio-81f6abbc3ac0c83d.rmeta --extern tokio_stream=/home/dongxu/kv9/target/release/deps/libtokio_stream-affa9c0265f286ae.rmeta --extern tokio_util=/home/dongxu/kv9/target/release/deps/libtokio_util-2212101142e82cfd.rmeta --extern tonic=/home/dongxu/kv9/target/release/deps/libtonic-d67d075281df17a1.rmeta --extern tonic_prost=/home/dongxu/kv9/target/release/deps/libtonic_prost-b652bc0fac79abfc.rmeta -L native=/home/dongxu/kv9/target/release/build/aws-lc-sys-1eb05279d79a7ec6/out`
     Running `/home/dongxu/.rustup/toolchains/stable-x86_64-unknown-linux-gnu/bin/clippy-driver /home/dongxu/.rustup/toolchains/stable-x86_64-unknown-linux-gnu/bin/rustc --crate-name kv9_workload --edition=2021 crates/server/src/bin/kv9-workload.rs --error-format=json --json=diagnostic-rendered-ansi,artifacts,future-incompat --emit=dep-info,metadata -C opt-level=3 -C lto=thin -C codegen-units=1 --test --cfg 'feature="quorum-trace"' --check-cfg 'cfg(docsrs,test)' --check-cfg 'cfg(feature, values("checkpoint-testing", "quorum-trace", "rpc-experiment"))' -C metadata=02b59db8a63d5bd4 -C extra-filename=-09f7507bbf31bd2c --out-dir /home/dongxu/kv9/target/release/deps -C strip=debuginfo -L dependency=/home/dongxu/kv9/target/release/deps --extern futures_util=/home/dongxu/kv9/target/release/deps/libfutures_util-dcbb90b3018f35e7.rmeta --extern kv9_common=/home/dongxu/kv9/target/release/deps/libkv9_common-6bdfe562d3805606.rmeta --extern kv9_engine=/home/dongxu/kv9/target/release/deps/libkv9_engine-58bced4d0ca8997d.rmeta --extern kv9_meta=/home/dongxu/kv9/target/release/deps/libkv9_meta-cdd1616597b19448.rmeta --extern kv9_raft=/home/dongxu/kv9/target/release/deps/libkv9_raft-9cc2c29e5e1204ca.rmeta --extern kv9_region=/home/dongxu/kv9/target/release/deps/libkv9_region-daeda8af0c1f9c9e.rmeta --extern kv9_server=/home/dongxu/kv9/target/release/deps/libkv9_server-e801bbe7755c70b0.rmeta --extern kv9_txn=/home/dongxu/kv9/target/release/deps/libkv9_txn-df0fc2bca827fdcb.rmeta --extern prost=/home/dongxu/kv9/target/release/deps/libprost-fd78165f2138ed5c.rmeta --extern protobuf=/home/dongxu/kv9/target/release/deps/libprotobuf-1117643358869062.rmeta --extern raft=/home/dongxu/kv9/target/release/deps/libraft-2085f8ce155ce540.rmeta --extern serde=/home/dongxu/kv9/target/release/deps/libserde-5dc9487a3e6a6de7.rmeta --extern serde_json=/home/dongxu/kv9/target/release/deps/libserde_json-615daee37c3db556.rmeta --extern sha2=/home/dongxu/kv9/target/release/deps/libsha2-a20c6462c7edfb8a.rmeta --extern tokio=/home/dongxu/kv9/target/release/deps/libtokio-81f6abbc3ac0c83d.rmeta --extern tokio_stream=/home/dongxu/kv9/target/release/deps/libtokio_stream-affa9c0265f286ae.rmeta --extern tokio_util=/home/dongxu/kv9/target/release/deps/libtokio_util-2212101142e82cfd.rmeta --extern tonic=/home/dongxu/kv9/target/release/deps/libtonic-d67d075281df17a1.rmeta --extern tonic_prost=/home/dongxu/kv9/target/release/deps/libtonic_prost-b652bc0fac79abfc.rmeta -L native=/home/dongxu/kv9/target/release/build/aws-lc-sys-1eb05279d79a7ec6/out`
     Running `/home/dongxu/.rustup/toolchains/stable-x86_64-unknown-linux-gnu/bin/clippy-driver /home/dongxu/.rustup/toolchains/stable-x86_64-unknown-linux-gnu/bin/rustc --crate-name kv9_batch_workload --edition=2021 crates/server/src/bin/kv9-batch-workload.rs --error-format=json --json=diagnostic-rendered-ansi,artifacts,future-incompat --emit=dep-info,metadata -C opt-level=3 -C lto=thin -C codegen-units=1 --test --cfg 'feature="quorum-trace"' --check-cfg 'cfg(docsrs,test)' --check-cfg 'cfg(feature, values("checkpoint-testing", "quorum-trace", "rpc-experiment"))' -C metadata=2af7f3b86c0013e9 -C extra-filename=-17accd39990e0b61 --out-dir /home/dongxu/kv9/target/release/deps -C strip=debuginfo -L dependency=/home/dongxu/kv9/target/release/deps --extern futures_util=/home/dongxu/kv9/target/release/deps/libfutures_util-dcbb90b3018f35e7.rmeta --extern kv9_common=/home/dongxu/kv9/target/release/deps/libkv9_common-6bdfe562d3805606.rmeta --extern kv9_engine=/home/dongxu/kv9/target/release/deps/libkv9_engine-58bced4d0ca8997d.rmeta --extern kv9_meta=/home/dongxu/kv9/target/release/deps/libkv9_meta-cdd1616597b19448.rmeta --extern kv9_raft=/home/dongxu/kv9/target/release/deps/libkv9_raft-9cc2c29e5e1204ca.rmeta --extern kv9_region=/home/dongxu/kv9/target/release/deps/libkv9_region-daeda8af0c1f9c9e.rmeta --extern kv9_server=/home/dongxu/kv9/target/release/deps/libkv9_server-e801bbe7755c70b0.rmeta --extern kv9_txn=/home/dongxu/kv9/target/release/deps/libkv9_txn-df0fc2bca827fdcb.rmeta --extern prost=/home/dongxu/kv9/target/release/deps/libprost-fd78165f2138ed5c.rmeta --extern protobuf=/home/dongxu/kv9/target/release/deps/libprotobuf-1117643358869062.rmeta --extern raft=/home/dongxu/kv9/target/release/deps/libraft-2085f8ce155ce540.rmeta --extern serde=/home/dongxu/kv9/target/release/deps/libserde-5dc9487a3e6a6de7.rmeta --extern serde_json=/home/dongxu/kv9/target/release/deps/libserde_json-615daee37c3db556.rmeta --extern sha2=/home/dongxu/kv9/target/release/deps/libsha2-a20c6462c7edfb8a.rmeta --extern tokio=/home/dongxu/kv9/target/release/deps/libtokio-81f6abbc3ac0c83d.rmeta --extern tokio_stream=/home/dongxu/kv9/target/release/deps/libtokio_stream-affa9c0265f286ae.rmeta --extern tokio_util=/home/dongxu/kv9/target/release/deps/libtokio_util-2212101142e82cfd.rmeta --extern tonic=/home/dongxu/kv9/target/release/deps/libtonic-d67d075281df17a1.rmeta --extern tonic_prost=/home/dongxu/kv9/target/release/deps/libtonic_prost-b652bc0fac79abfc.rmeta -L native=/home/dongxu/kv9/target/release/build/aws-lc-sys-1eb05279d79a7ec6/out`
     Running `/home/dongxu/.rustup/toolchains/stable-x86_64-unknown-linux-gnu/bin/clippy-driver /home/dongxu/.rustup/toolchains/stable-x86_64-unknown-linux-gnu/bin/rustc --crate-name admission_pressure --edition=2021 crates/server/examples/admission-pressure.rs --error-format=json --json=diagnostic-rendered-ansi,artifacts,future-incompat --crate-type bin --emit=dep-info,metadata -C opt-level=3 -C lto=thin -C codegen-units=1 --cfg 'feature="quorum-trace"' --check-cfg 'cfg(docsrs,test)' --check-cfg 'cfg(feature, values("checkpoint-testing", "quorum-trace", "rpc-experiment"))' -C metadata=f4836692b844ecc7 -C extra-filename=-f10247a026051eb7 --out-dir /home/dongxu/kv9/target/release/examples -C strip=debuginfo -L dependency=/home/dongxu/kv9/target/release/deps --extern futures_util=/home/dongxu/kv9/target/release/deps/libfutures_util-dcbb90b3018f35e7.rmeta --extern kv9_common=/home/dongxu/kv9/target/release/deps/libkv9_common-6bdfe562d3805606.rmeta --extern kv9_engine=/home/dongxu/kv9/target/release/deps/libkv9_engine-58bced4d0ca8997d.rmeta --extern kv9_meta=/home/dongxu/kv9/target/release/deps/libkv9_meta-cdd1616597b19448.rmeta --extern kv9_raft=/home/dongxu/kv9/target/release/deps/libkv9_raft-9cc2c29e5e1204ca.rmeta --extern kv9_region=/home/dongxu/kv9/target/release/deps/libkv9_region-daeda8af0c1f9c9e.rmeta --extern kv9_server=/home/dongxu/kv9/target/release/deps/libkv9_server-e801bbe7755c70b0.rmeta --extern kv9_txn=/home/dongxu/kv9/target/release/deps/libkv9_txn-df0fc2bca827fdcb.rmeta --extern prost=/home/dongxu/kv9/target/release/deps/libprost-fd78165f2138ed5c.rmeta --extern protobuf=/home/dongxu/kv9/target/release/deps/libprotobuf-1117643358869062.rmeta --extern raft=/home/dongxu/kv9/target/release/deps/libraft-2085f8ce155ce540.rmeta --extern serde=/home/dongxu/kv9/target/release/deps/libserde-5dc9487a3e6a6de7.rmeta --extern serde_json=/home/dongxu/kv9/target/release/deps/libserde_json-615daee37c3db556.rmeta --extern sha2=/home/dongxu/kv9/target/release/deps/libsha2-a20c6462c7edfb8a.rmeta --extern tokio=/home/dongxu/kv9/target/release/deps/libtokio-81f6abbc3ac0c83d.rmeta --extern tokio_stream=/home/dongxu/kv9/target/release/deps/libtokio_stream-affa9c0265f286ae.rmeta --extern tokio_util=/home/dongxu/kv9/target/release/deps/libtokio_util-2212101142e82cfd.rmeta --extern tonic=/home/dongxu/kv9/target/release/deps/libtonic-d67d075281df17a1.rmeta --extern tonic_prost=/home/dongxu/kv9/target/release/deps/libtonic_prost-b652bc0fac79abfc.rmeta -L native=/home/dongxu/kv9/target/release/build/aws-lc-sys-1eb05279d79a7ec6/out`
     Running `/home/dongxu/.rustup/toolchains/stable-x86_64-unknown-linux-gnu/bin/clippy-driver /home/dongxu/.rustup/toolchains/stable-x86_64-unknown-linux-gnu/bin/rustc --crate-name kv9_batch_benchmark --edition=2021 crates/server/src/bin/kv9-batch-benchmark.rs --error-format=json --json=diagnostic-rendered-ansi,artifacts,future-incompat --emit=dep-info,metadata -C opt-level=3 -C lto=thin -C codegen-units=1 --test --cfg 'feature="quorum-trace"' --check-cfg 'cfg(docsrs,test)' --check-cfg 'cfg(feature, values("checkpoint-testing", "quorum-trace", "rpc-experiment"))' -C metadata=e1615961fac9c36a -C extra-filename=-040bdb035222e047 --out-dir /home/dongxu/kv9/target/release/deps -C strip=debuginfo -L dependency=/home/dongxu/kv9/target/release/deps --extern futures_util=/home/dongxu/kv9/target/release/deps/libfutures_util-dcbb90b3018f35e7.rmeta --extern kv9_common=/home/dongxu/kv9/target/release/deps/libkv9_common-6bdfe562d3805606.rmeta --extern kv9_engine=/home/dongxu/kv9/target/release/deps/libkv9_engine-58bced4d0ca8997d.rmeta --extern kv9_meta=/home/dongxu/kv9/target/release/deps/libkv9_meta-cdd1616597b19448.rmeta --extern kv9_raft=/home/dongxu/kv9/target/release/deps/libkv9_raft-9cc2c29e5e1204ca.rmeta --extern kv9_region=/home/dongxu/kv9/target/release/deps/libkv9_region-daeda8af0c1f9c9e.rmeta --extern kv9_server=/home/dongxu/kv9/target/release/deps/libkv9_server-e801bbe7755c70b0.rmeta --extern kv9_txn=/home/dongxu/kv9/target/release/deps/libkv9_txn-df0fc2bca827fdcb.rmeta --extern prost=/home/dongxu/kv9/target/release/deps/libprost-fd78165f2138ed5c.rmeta --extern protobuf=/home/dongxu/kv9/target/release/deps/libprotobuf-1117643358869062.rmeta --extern raft=/home/dongxu/kv9/target/release/deps/libraft-2085f8ce155ce540.rmeta --extern serde=/home/dongxu/kv9/target/release/deps/libserde-5dc9487a3e6a6de7.rmeta --extern serde_json=/home/dongxu/kv9/target/release/deps/libserde_json-615daee37c3db556.rmeta --extern sha2=/home/dongxu/kv9/target/release/deps/libsha2-a20c6462c7edfb8a.rmeta --extern tokio=/home/dongxu/kv9/target/release/deps/libtokio-81f6abbc3ac0c83d.rmeta --extern tokio_stream=/home/dongxu/kv9/target/release/deps/libtokio_stream-affa9c0265f286ae.rmeta --extern tokio_util=/home/dongxu/kv9/target/release/deps/libtokio_util-2212101142e82cfd.rmeta --extern tonic=/home/dongxu/kv9/target/release/deps/libtonic-d67d075281df17a1.rmeta --extern tonic_prost=/home/dongxu/kv9/target/release/deps/libtonic_prost-b652bc0fac79abfc.rmeta -L native=/home/dongxu/kv9/target/release/build/aws-lc-sys-1eb05279d79a7ec6/out`
     Running `/home/dongxu/.rustup/toolchains/stable-x86_64-unknown-linux-gnu/bin/clippy-driver /home/dongxu/.rustup/toolchains/stable-x86_64-unknown-linux-gnu/bin/rustc --crate-name kv9_batch_benchmark --edition=2021 crates/server/src/bin/kv9-batch-benchmark.rs --error-format=json --json=diagnostic-rendered-ansi,artifacts,future-incompat --crate-type bin --emit=dep-info,metadata -C opt-level=3 -C lto=thin -C codegen-units=1 --cfg 'feature="quorum-trace"' --check-cfg 'cfg(docsrs,test)' --check-cfg 'cfg(feature, values("checkpoint-testing", "quorum-trace", "rpc-experiment"))' -C metadata=5e8df8132ef98912 -C extra-filename=-7968f4232eeb8c0f --out-dir /home/dongxu/kv9/target/release/deps -C strip=debuginfo -L dependency=/home/dongxu/kv9/target/release/deps --extern futures_util=/home/dongxu/kv9/target/release/deps/libfutures_util-dcbb90b3018f35e7.rmeta --extern kv9_common=/home/dongxu/kv9/target/release/deps/libkv9_common-6bdfe562d3805606.rmeta --extern kv9_engine=/home/dongxu/kv9/target/release/deps/libkv9_engine-58bced4d0ca8997d.rmeta --extern kv9_meta=/home/dongxu/kv9/target/release/deps/libkv9_meta-cdd1616597b19448.rmeta --extern kv9_raft=/home/dongxu/kv9/target/release/deps/libkv9_raft-9cc2c29e5e1204ca.rmeta --extern kv9_region=/home/dongxu/kv9/target/release/deps/libkv9_region-daeda8af0c1f9c9e.rmeta --extern kv9_server=/home/dongxu/kv9/target/release/deps/libkv9_server-e801bbe7755c70b0.rmeta --extern kv9_txn=/home/dongxu/kv9/target/release/deps/libkv9_txn-df0fc2bca827fdcb.rmeta --extern prost=/home/dongxu/kv9/target/release/deps/libprost-fd78165f2138ed5c.rmeta --extern serde=/home/dongxu/kv9/target/release/deps/libserde-5dc9487a3e6a6de7.rmeta --extern serde_json=/home/dongxu/kv9/target/release/deps/libserde_json-615daee37c3db556.rmeta --extern sha2=/home/dongxu/kv9/target/release/deps/libsha2-a20c6462c7edfb8a.rmeta --extern tokio=/home/dongxu/kv9/target/release/deps/libtokio-81f6abbc3ac0c83d.rmeta --extern tokio_stream=/home/dongxu/kv9/target/release/deps/libtokio_stream-affa9c0265f286ae.rmeta --extern tokio_util=/home/dongxu/kv9/target/release/deps/libtokio_util-2212101142e82cfd.rmeta --extern tonic=/home/dongxu/kv9/target/release/deps/libtonic-d67d075281df17a1.rmeta --extern tonic_prost=/home/dongxu/kv9/target/release/deps/libtonic_prost-b652bc0fac79abfc.rmeta -L native=/home/dongxu/kv9/target/release/build/aws-lc-sys-1eb05279d79a7ec6/out`
     Running `/home/dongxu/.rustup/toolchains/stable-x86_64-unknown-linux-gnu/bin/clippy-driver /home/dongxu/.rustup/toolchains/stable-x86_64-unknown-linux-gnu/bin/rustc --crate-name kv9_workload --edition=2021 crates/server/src/bin/kv9-workload.rs --error-format=json --json=diagnostic-rendered-ansi,artifacts,future-incompat --crate-type bin --emit=dep-info,metadata -C opt-level=3 -C lto=thin -C codegen-units=1 --cfg 'feature="quorum-trace"' --check-cfg 'cfg(docsrs,test)' --check-cfg 'cfg(feature, values("checkpoint-testing", "quorum-trace", "rpc-experiment"))' -C metadata=cafd3831dfa2dd7f -C extra-filename=-a958aea545243fa2 --out-dir /home/dongxu/kv9/target/release/deps -C strip=debuginfo -L dependency=/home/dongxu/kv9/target/release/deps --extern futures_util=/home/dongxu/kv9/target/release/deps/libfutures_util-dcbb90b3018f35e7.rmeta --extern kv9_common=/home/dongxu/kv9/target/release/deps/libkv9_common-6bdfe562d3805606.rmeta --extern kv9_engine=/home/dongxu/kv9/target/release/deps/libkv9_engine-58bced4d0ca8997d.rmeta --extern kv9_meta=/home/dongxu/kv9/target/release/deps/libkv9_meta-cdd1616597b19448.rmeta --extern kv9_raft=/home/dongxu/kv9/target/release/deps/libkv9_raft-9cc2c29e5e1204ca.rmeta --extern kv9_region=/home/dongxu/kv9/target/release/deps/libkv9_region-daeda8af0c1f9c9e.rmeta --extern kv9_server=/home/dongxu/kv9/target/release/deps/libkv9_server-e801bbe7755c70b0.rmeta --extern kv9_txn=/home/dongxu/kv9/target/release/deps/libkv9_txn-df0fc2bca827fdcb.rmeta --extern prost=/home/dongxu/kv9/target/release/deps/libprost-fd78165f2138ed5c.rmeta --extern serde=/home/dongxu/kv9/target/release/deps/libserde-5dc9487a3e6a6de7.rmeta --extern serde_json=/home/dongxu/kv9/target/release/deps/libserde_json-615daee37c3db556.rmeta --extern sha2=/home/dongxu/kv9/target/release/deps/libsha2-a20c6462c7edfb8a.rmeta --extern tokio=/home/dongxu/kv9/target/release/deps/libtokio-81f6abbc3ac0c83d.rmeta --extern tokio_stream=/home/dongxu/kv9/target/release/deps/libtokio_stream-affa9c0265f286ae.rmeta --extern tokio_util=/home/dongxu/kv9/target/release/deps/libtokio_util-2212101142e82cfd.rmeta --extern tonic=/home/dongxu/kv9/target/release/deps/libtonic-d67d075281df17a1.rmeta --extern tonic_prost=/home/dongxu/kv9/target/release/deps/libtonic_prost-b652bc0fac79abfc.rmeta -L native=/home/dongxu/kv9/target/release/build/aws-lc-sys-1eb05279d79a7ec6/out`
     Running `/home/dongxu/.rustup/toolchains/stable-x86_64-unknown-linux-gnu/bin/clippy-driver /home/dongxu/.rustup/toolchains/stable-x86_64-unknown-linux-gnu/bin/rustc --crate-name latency_overhead --edition=2021 crates/server/examples/latency-overhead.rs --error-format=json --json=diagnostic-rendered-ansi,artifacts,future-incompat --crate-type bin --emit=dep-info,metadata -C opt-level=3 -C lto=thin -C codegen-units=1 --cfg 'feature="quorum-trace"' --check-cfg 'cfg(docsrs,test)' --check-cfg 'cfg(feature, values("checkpoint-testing", "quorum-trace", "rpc-experiment"))' -C metadata=8dd76b0e43737fba -C extra-filename=-9dd6ee56077a9d4b --out-dir /home/dongxu/kv9/target/release/examples -C strip=debuginfo -L dependency=/home/dongxu/kv9/target/release/deps --extern futures_util=/home/dongxu/kv9/target/release/deps/libfutures_util-dcbb90b3018f35e7.rmeta --extern kv9_common=/home/dongxu/kv9/target/release/deps/libkv9_common-6bdfe562d3805606.rmeta --extern kv9_engine=/home/dongxu/kv9/target/release/deps/libkv9_engine-58bced4d0ca8997d.rmeta --extern kv9_meta=/home/dongxu/kv9/target/release/deps/libkv9_meta-cdd1616597b19448.rmeta --extern kv9_raft=/home/dongxu/kv9/target/release/deps/libkv9_raft-9cc2c29e5e1204ca.rmeta --extern kv9_region=/home/dongxu/kv9/target/release/deps/libkv9_region-daeda8af0c1f9c9e.rmeta --extern kv9_server=/home/dongxu/kv9/target/release/deps/libkv9_server-e801bbe7755c70b0.rmeta --extern kv9_txn=/home/dongxu/kv9/target/release/deps/libkv9_txn-df0fc2bca827fdcb.rmeta --extern prost=/home/dongxu/kv9/target/release/deps/libprost-fd78165f2138ed5c.rmeta --extern protobuf=/home/dongxu/kv9/target/release/deps/libprotobuf-1117643358869062.rmeta --extern raft=/home/dongxu/kv9/target/release/deps/libraft-2085f8ce155ce540.rmeta --extern serde=/home/dongxu/kv9/target/release/deps/libserde-5dc9487a3e6a6de7.rmeta --extern serde_json=/home/dongxu/kv9/target/release/deps/libserde_json-615daee37c3db556.rmeta --extern sha2=/home/dongxu/kv9/target/release/deps/libsha2-a20c6462c7edfb8a.rmeta --extern tokio=/home/dongxu/kv9/target/release/deps/libtokio-81f6abbc3ac0c83d.rmeta --extern tokio_stream=/home/dongxu/kv9/target/release/deps/libtokio_stream-affa9c0265f286ae.rmeta --extern tokio_util=/home/dongxu/kv9/target/release/deps/libtokio_util-2212101142e82cfd.rmeta --extern tonic=/home/dongxu/kv9/target/release/deps/libtonic-d67d075281df17a1.rmeta --extern tonic_prost=/home/dongxu/kv9/target/release/deps/libtonic_prost-b652bc0fac79abfc.rmeta -L native=/home/dongxu/kv9/target/release/build/aws-lc-sys-1eb05279d79a7ec6/out`
     Running `/home/dongxu/.rustup/toolchains/stable-x86_64-unknown-linux-gnu/bin/clippy-driver /home/dongxu/.rustup/toolchains/stable-x86_64-unknown-linux-gnu/bin/rustc --crate-name kv9_batch_workload --edition=2021 crates/server/src/bin/kv9-batch-workload.rs --error-format=json --json=diagnostic-rendered-ansi,artifacts,future-incompat --crate-type bin --emit=dep-info,metadata -C opt-level=3 -C lto=thin -C codegen-units=1 --cfg 'feature="quorum-trace"' --check-cfg 'cfg(docsrs,test)' --check-cfg 'cfg(feature, values("checkpoint-testing", "quorum-trace", "rpc-experiment"))' -C metadata=9b57434d4de24e59 -C extra-filename=-9478f9b292695321 --out-dir /home/dongxu/kv9/target/release/deps -C strip=debuginfo -L dependency=/home/dongxu/kv9/target/release/deps --extern futures_util=/home/dongxu/kv9/target/release/deps/libfutures_util-dcbb90b3018f35e7.rmeta --extern kv9_common=/home/dongxu/kv9/target/release/deps/libkv9_common-6bdfe562d3805606.rmeta --extern kv9_engine=/home/dongxu/kv9/target/release/deps/libkv9_engine-58bced4d0ca8997d.rmeta --extern kv9_meta=/home/dongxu/kv9/target/release/deps/libkv9_meta-cdd1616597b19448.rmeta --extern kv9_raft=/home/dongxu/kv9/target/release/deps/libkv9_raft-9cc2c29e5e1204ca.rmeta --extern kv9_region=/home/dongxu/kv9/target/release/deps/libkv9_region-daeda8af0c1f9c9e.rmeta --extern kv9_server=/home/dongxu/kv9/target/release/deps/libkv9_server-e801bbe7755c70b0.rmeta --extern kv9_txn=/home/dongxu/kv9/target/release/deps/libkv9_txn-df0fc2bca827fdcb.rmeta --extern prost=/home/dongxu/kv9/target/release/deps/libprost-fd78165f2138ed5c.rmeta --extern serde=/home/dongxu/kv9/target/release/deps/libserde-5dc9487a3e6a6de7.rmeta --extern serde_json=/home/dongxu/kv9/target/release/deps/libserde_json-615daee37c3db556.rmeta --extern sha2=/home/dongxu/kv9/target/release/deps/libsha2-a20c6462c7edfb8a.rmeta --extern tokio=/home/dongxu/kv9/target/release/deps/libtokio-81f6abbc3ac0c83d.rmeta --extern tokio_stream=/home/dongxu/kv9/target/release/deps/libtokio_stream-affa9c0265f286ae.rmeta --extern tokio_util=/home/dongxu/kv9/target/release/deps/libtokio_util-2212101142e82cfd.rmeta --extern tonic=/home/dongxu/kv9/target/release/deps/libtonic-d67d075281df17a1.rmeta --extern tonic_prost=/home/dongxu/kv9/target/release/deps/libtonic_prost-b652bc0fac79abfc.rmeta -L native=/home/dongxu/kv9/target/release/build/aws-lc-sys-1eb05279d79a7ec6/out`
    Finished `release` profile [optimized] target(s) in 4.69s
