
running 1 test
test wal::preallocation_tests::small_batch_encoder_microbenchmark ... WAL_SMALL_MICRO={"batches":20000,"mean_ns":93.8883,"mutations":1,"p99_ns":121,"payload_bytes":46,"reserved":false,"scope":"hot fixed batch validation, encoding and buffer drop only; timer overhead included; no I/O or database throughput","total_ns":1877766,"value_bytes":0}
WAL_SMALL_MICRO={"batches":20000,"mean_ns":31.9942,"mutations":1,"p99_ns":41,"payload_bytes":46,"reserved":true,"scope":"hot fixed batch validation, encoding and buffer drop only; timer overhead included; no I/O or database throughput","total_ns":639884,"value_bytes":0}
WAL_SMALL_MICRO={"batches":20000,"mean_ns":31.82675,"mutations":1,"p99_ns":41,"payload_bytes":46,"reserved":true,"scope":"hot fixed batch validation, encoding and buffer drop only; timer overhead included; no I/O or database throughput","total_ns":636535,"value_bytes":0}
WAL_SMALL_MICRO={"batches":20000,"mean_ns":92.59695,"mutations":1,"p99_ns":110,"payload_bytes":46,"reserved":false,"scope":"hot fixed batch validation, encoding and buffer drop only; timer overhead included; no I/O or database throughput","total_ns":1851939,"value_bytes":0}
WAL_SMALL_MICRO={"batches":20000,"mean_ns":112.73795,"mutations":1,"p99_ns":151,"payload_bytes":302,"reserved":false,"scope":"hot fixed batch validation, encoding and buffer drop only; timer overhead included; no I/O or database throughput","total_ns":2254759,"value_bytes":256}
WAL_SMALL_MICRO={"batches":20000,"mean_ns":32.0666,"mutations":1,"p99_ns":41,"payload_bytes":302,"reserved":true,"scope":"hot fixed batch validation, encoding and buffer drop only; timer overhead included; no I/O or database throughput","total_ns":641332,"value_bytes":256}
WAL_SMALL_MICRO={"batches":20000,"mean_ns":31.9979,"mutations":1,"p99_ns":41,"payload_bytes":302,"reserved":true,"scope":"hot fixed batch validation, encoding and buffer drop only; timer overhead included; no I/O or database throughput","total_ns":639958,"value_bytes":256}
WAL_SMALL_MICRO={"batches":20000,"mean_ns":113.07175,"mutations":1,"p99_ns":140,"payload_bytes":302,"reserved":false,"scope":"hot fixed batch validation, encoding and buffer drop only; timer overhead included; no I/O or database throughput","total_ns":2261435,"value_bytes":256}
WAL_SMALL_MICRO={"batches":20000,"mean_ns":144.42955,"mutations":1,"p99_ns":171,"payload_bytes":4142,"reserved":false,"scope":"hot fixed batch validation, encoding and buffer drop only; timer overhead included; no I/O or database throughput","total_ns":2888591,"value_bytes":4096}
WAL_SMALL_MICRO={"batches":20000,"mean_ns":64.88375,"mutations":1,"p99_ns":90,"payload_bytes":4142,"reserved":true,"scope":"hot fixed batch validation, encoding and buffer drop only; timer overhead included; no I/O or database throughput","total_ns":1297675,"value_bytes":4096}
WAL_SMALL_MICRO={"batches":20000,"mean_ns":65.02595,"mutations":1,"p99_ns":81,"payload_bytes":4142,"reserved":true,"scope":"hot fixed batch validation, encoding and buffer drop only; timer overhead included; no I/O or database throughput","total_ns":1300519,"value_bytes":4096}
WAL_SMALL_MICRO={"batches":20000,"mean_ns":144.19825,"mutations":1,"p99_ns":171,"payload_bytes":4142,"reserved":false,"scope":"hot fixed batch validation, encoding and buffer drop only; timer overhead included; no I/O or database throughput","total_ns":2883965,"value_bytes":4096}
WAL_SMALL_MICRO={"batches":20000,"mean_ns":604.77195,"mutations":64,"p99_ns":642,"payload_bytes":2692,"reserved":false,"scope":"hot fixed batch validation, encoding and buffer drop only; timer overhead included; no I/O or database throughput","total_ns":12095439,"value_bytes":0}
WAL_SMALL_MICRO={"batches":20000,"mean_ns":352.0003,"mutations":64,"p99_ns":380,"payload_bytes":2692,"reserved":true,"scope":"hot fixed batch validation, encoding and buffer drop only; timer overhead included; no I/O or database throughput","total_ns":7040006,"value_bytes":0}
WAL_SMALL_MICRO={"batches":20000,"mean_ns":355.50025,"mutations":64,"p99_ns":521,"payload_bytes":2692,"reserved":true,"scope":"hot fixed batch validation, encoding and buffer drop only; timer overhead included; no I/O or database throughput","total_ns":7110005,"value_bytes":0}
WAL_SMALL_MICRO={"batches":20000,"mean_ns":602.7347,"mutations":64,"p99_ns":642,"payload_bytes":2692,"reserved":false,"scope":"hot fixed batch validation, encoding and buffer drop only; timer overhead included; no I/O or database throughput","total_ns":12054694,"value_bytes":0}
WAL_SMALL_MICRO={"batches":20000,"mean_ns":771.1062,"mutations":64,"p99_ns":881,"payload_bytes":19076,"reserved":false,"scope":"hot fixed batch validation, encoding and buffer drop only; timer overhead included; no I/O or database throughput","total_ns":15422124,"value_bytes":256}
WAL_SMALL_MICRO={"batches":20000,"mean_ns":336.18025,"mutations":64,"p99_ns":381,"payload_bytes":19076,"reserved":true,"scope":"hot fixed batch validation, encoding and buffer drop only; timer overhead included; no I/O or database throughput","total_ns":6723605,"value_bytes":256}
WAL_SMALL_MICRO={"batches":20000,"mean_ns":333.174,"mutations":64,"p99_ns":371,"payload_bytes":19076,"reserved":true,"scope":"hot fixed batch validation, encoding and buffer drop only; timer overhead included; no I/O or database throughput","total_ns":6663480,"value_bytes":256}
WAL_SMALL_MICRO={"batches":20000,"mean_ns":683.11395,"mutations":64,"p99_ns":751,"payload_bytes":19076,"reserved":false,"scope":"hot fixed batch validation, encoding and buffer drop only; timer overhead included; no I/O or database throughput","total_ns":13662279,"value_bytes":256}
WAL_SMALL_MICRO={"batches":20000,"mean_ns":4351.2614,"mutations":64,"p99_ns":5070,"payload_bytes":264836,"reserved":false,"scope":"hot fixed batch validation, encoding and buffer drop only; timer overhead included; no I/O or database throughput","total_ns":87025228,"value_bytes":4096}
WAL_SMALL_MICRO={"batches":20000,"mean_ns":2546.9863,"mutations":64,"p99_ns":2735,"payload_bytes":264836,"reserved":true,"scope":"hot fixed batch validation, encoding and buffer drop only; timer overhead included; no I/O or database throughput","total_ns":50939726,"value_bytes":4096}
WAL_SMALL_MICRO={"batches":20000,"mean_ns":2547.80545,"mutations":64,"p99_ns":3196,"payload_bytes":264836,"reserved":true,"scope":"hot fixed batch validation, encoding and buffer drop only; timer overhead included; no I/O or database throughput","total_ns":50956109,"value_bytes":4096}
WAL_SMALL_MICRO={"batches":20000,"mean_ns":3851.09765,"mutations":64,"p99_ns":4298,"payload_bytes":264836,"reserved":false,"scope":"hot fixed batch validation, encoding and buffer drop only; timer overhead included; no I/O or database throughput","total_ns":77021953,"value_bytes":4096}
ok

test result: ok. 1 passed; 0 failed; 0 ignored; 0 measured; 147 filtered out; finished in 0.41s

