    Removing /home/dongxu/kv9/target/release/examples/segment_publication_probe
    Removing /home/dongxu/kv9/target/release/examples/segment_publication_probe.d
    Removing /home/dongxu/kv9/target/release/examples/check-wire-floor
    Removing /home/dongxu/kv9/target/release/examples/check-wire-floor.d
    Removing /home/dongxu/kv9/target/release/examples/admission-pressure
    Removing /home/dongxu/kv9/target/release/examples/admission-pressure.d
    Removing /home/dongxu/kv9/target/release/examples/latency-overhead
    Removing /home/dongxu/kv9/target/release/examples/latency-overhead.d
    Removing /home/dongxu/kv9/target/release/examples/workload-loopback
    Removing /home/dongxu/kv9/target/release/examples/workload-loopback.d
    Removing /home/dongxu/kv9/target/release/.fingerprint/kv9-03172328c9afc2ac
    Removing /home/dongxu/kv9/target/release/.fingerprint/kv9-577dea3bfcbf7831
    Removing /home/dongxu/kv9/target/release/.fingerprint/kv9-baa824aa6d490448
    Removing /home/dongxu/kv9/target/release/deps/kv9-baa824aa6d490448.d
    Removing /home/dongxu/kv9/target/release/deps/kv9-03172328c9afc2ac.d
    Removing /home/dongxu/kv9/target/release/deps/kv9-577dea3bfcbf7831.d
    Removing /home/dongxu/kv9/target/release/deps/kv9-baa824aa6d490448
    Removing /home/dongxu/kv9/target/release/deps/libkv9-577dea3bfcbf7831.rmeta
    Removing /home/dongxu/kv9/target/release/deps/libkv9-03172328c9afc2ac.rmeta
    Removing /home/dongxu/kv9/target/release/.fingerprint/kv9-common-771853b6c7d5cf09
    Removing /home/dongxu/kv9/target/release/.fingerprint/kv9-common-588d5d81608feed7
    Removing /home/dongxu/kv9/target/release/.fingerprint/kv9-common-6f43a4921a76199a
    Removing /home/dongxu/kv9/target/release/.fingerprint/kv9-common-6bdfe562d3805606
    Removing /home/dongxu/kv9/target/release/deps/libkv9_common-6f43a4921a76199a.rlib
    Removing /home/dongxu/kv9/target/release/deps/libkv9_common-771853b6c7d5cf09.rmeta
    Removing /home/dongxu/kv9/target/release/deps/libkv9_common-6bdfe562d3805606.rmeta
    Removing /home/dongxu/kv9/target/release/deps/libkv9_common-6f43a4921a76199a.rmeta
    Removing /home/dongxu/kv9/target/release/deps/kv9_common-6bdfe562d3805606.d
    Removing /home/dongxu/kv9/target/release/deps/kv9_common-771853b6c7d5cf09.d
    Removing /home/dongxu/kv9/target/release/deps/kv9_common-6f43a4921a76199a.d
    Removing /home/dongxu/kv9/target/release/deps/kv9_common-588d5d81608feed7.d
    Removing /home/dongxu/kv9/target/release/deps/kv9_common-588d5d81608feed7
    Removing /home/dongxu/kv9/target/release/.fingerprint/kv9-engine-41db417c7722471f
    Removing /home/dongxu/kv9/target/release/.fingerprint/kv9-engine-3f8b72d23a083cc0
    Removing /home/dongxu/kv9/target/release/.fingerprint/kv9-engine-58bced4d0ca8997d
    Removing /home/dongxu/kv9/target/release/.fingerprint/kv9-engine-65c0d8feb7213e20
    Removing /home/dongxu/kv9/target/release/.fingerprint/kv9-engine-831163ec49c60d58
    Removing /home/dongxu/kv9/target/release/.fingerprint/kv9-engine-eff2e02b802b1590
    Removing /home/dongxu/kv9/target/release/.fingerprint/kv9-engine-d9258cc3a7f71f86
    Removing /home/dongxu/kv9/target/release/.fingerprint/kv9-engine-3dee2d7e0a5611aa
    Removing /home/dongxu/kv9/target/release/.fingerprint/kv9-engine-499604bff28cba5a
    Removing /home/dongxu/kv9/target/release/.fingerprint/kv9-engine-24219b83694478e6
    Removing /home/dongxu/kv9/target/release/.fingerprint/kv9-engine-93479365d4eba270
    Removing /home/dongxu/kv9/target/release/.fingerprint/kv9-engine-a57fa33639f9424d
    Removing /home/dongxu/kv9/target/release/.fingerprint/kv9-engine-3e3a4fe3ed1258fc
    Removing /home/dongxu/kv9/target/release/.fingerprint/kv9-engine-c211b03c5a2c6dcd
    Removing /home/dongxu/kv9/target/release/deps/libkv9_engine-831163ec49c60d58.rlib
    Removing /home/dongxu/kv9/target/release/deps/libkv9_engine-831163ec49c60d58.rmeta
    Removing /home/dongxu/kv9/target/release/deps/libkv9_engine-3e3a4fe3ed1258fc.rmeta
    Removing /home/dongxu/kv9/target/release/deps/libkv9_engine-58bced4d0ca8997d.rmeta
    Removing /home/dongxu/kv9/target/release/deps/kv9_engine-831163ec49c60d58.d
    Removing /home/dongxu/kv9/target/release/deps/kv9_engine-3e3a4fe3ed1258fc.d
    Removing /home/dongxu/kv9/target/release/deps/kv9_engine-58bced4d0ca8997d.d
    Removing /home/dongxu/kv9/target/release/deps/kv9_engine-eff2e02b802b1590.d
    Removing /home/dongxu/kv9/target/release/deps/kv9_engine-eff2e02b802b1590
    Removing /home/dongxu/kv9/target/release/examples/segment_publication_probe-499604bff28cba5a.d
    Removing /home/dongxu/kv9/target/release/examples/segment_publication_probe-3f8b72d23a083cc0.d
    Removing /home/dongxu/kv9/target/release/examples/segment_publication_probe-3f8b72d23a083cc0
    Removing /home/dongxu/kv9/target/release/examples/libsegment_publication_probe-499604bff28cba5a.rmeta
    Removing /home/dongxu/kv9/target/release/deps/batch_atomicity-c211b03c5a2c6dcd.d
    Removing /home/dongxu/kv9/target/release/deps/batch_atomicity-a57fa33639f9424d.d
    Removing /home/dongxu/kv9/target/release/deps/batch_atomicity-a57fa33639f9424d
    Removing /home/dongxu/kv9/target/release/deps/libbatch_atomicity-c211b03c5a2c6dcd.rmeta
    Removing /home/dongxu/kv9/target/release/deps/minio_backend-41db417c7722471f.d
    Removing /home/dongxu/kv9/target/release/deps/minio_backend-41db417c7722471f
    Removing /home/dongxu/kv9/target/release/deps/minio_backend-d9258cc3a7f71f86.d
    Removing /home/dongxu/kv9/target/release/deps/libminio_backend-d9258cc3a7f71f86.rmeta
    Removing /home/dongxu/kv9/target/release/deps/minio_checkpoint-3dee2d7e0a5611aa.d
    Removing /home/dongxu/kv9/target/release/deps/minio_checkpoint-65c0d8feb7213e20
    Removing /home/dongxu/kv9/target/release/deps/minio_checkpoint-65c0d8feb7213e20.d
    Removing /home/dongxu/kv9/target/release/deps/libminio_checkpoint-3dee2d7e0a5611aa.rmeta
    Removing /home/dongxu/kv9/target/release/deps/object_safety-24219b83694478e6
    Removing /home/dongxu/kv9/target/release/deps/object_safety-93479365d4eba270.d
    Removing /home/dongxu/kv9/target/release/deps/object_safety-24219b83694478e6.d
    Removing /home/dongxu/kv9/target/release/deps/libobject_safety-93479365d4eba270.rmeta
    Removing /home/dongxu/kv9/target/release/.fingerprint/kv9-meta-1c1a1abaa9087cff
    Removing /home/dongxu/kv9/target/release/.fingerprint/kv9-meta-75aed97043a43c1f
    Removing /home/dongxu/kv9/target/release/.fingerprint/kv9-meta-330ec82a3a34d3ec
    Removing /home/dongxu/kv9/target/release/.fingerprint/kv9-meta-3701a876e9764107
    Removing /home/dongxu/kv9/target/release/.fingerprint/kv9-meta-4826f8c99abdf039
    Removing /home/dongxu/kv9/target/release/.fingerprint/kv9-meta-1c5e268f524fc3f1
    Removing /home/dongxu/kv9/target/release/.fingerprint/kv9-meta-a7524a7a162c75d2
    Removing /home/dongxu/kv9/target/release/.fingerprint/kv9-meta-41f608735a56b2dd
    Removing /home/dongxu/kv9/target/release/.fingerprint/kv9-meta-cdd1616597b19448
    Removing /home/dongxu/kv9/target/release/.fingerprint/kv9-meta-94d01e013d2bc144
    Removing /home/dongxu/kv9/target/release/.fingerprint/kv9-meta-be84a507033660c0
    Removing /home/dongxu/kv9/target/release/.fingerprint/kv9-meta-3fd0416f867772b2
    Removing /home/dongxu/kv9/target/release/.fingerprint/kv9-meta-51422320c18750fc
    Removing /home/dongxu/kv9/target/release/.fingerprint/kv9-meta-e1fea2c9080256d4
    Removing /home/dongxu/kv9/target/release/.fingerprint/kv9-meta-b6fe32fa1d0310aa
    Removing /home/dongxu/kv9/target/release/.fingerprint/kv9-meta-64e138a049a9735a
    Removing /home/dongxu/kv9/target/release/deps/libkv9_meta-a7524a7a162c75d2.rlib
    Removing /home/dongxu/kv9/target/release/deps/libkv9_meta-1c5e268f524fc3f1.rlib
    Removing /home/dongxu/kv9/target/release/deps/libkv9_meta-75aed97043a43c1f.rlib
    Removing /home/dongxu/kv9/target/release/deps/libkv9_meta-75aed97043a43c1f.rmeta
    Removing /home/dongxu/kv9/target/release/deps/libkv9_meta-1c1a1abaa9087cff.rmeta
    Removing /home/dongxu/kv9/target/release/deps/libkv9_meta-4826f8c99abdf039.rmeta
    Removing /home/dongxu/kv9/target/release/deps/libkv9_meta-1c5e268f524fc3f1.rmeta
    Removing /home/dongxu/kv9/target/release/deps/libkv9_meta-51422320c18750fc.rmeta
    Removing /home/dongxu/kv9/target/release/deps/libkv9_meta-cdd1616597b19448.rmeta
    Removing /home/dongxu/kv9/target/release/deps/libkv9_meta-a7524a7a162c75d2.rmeta
    Removing /home/dongxu/kv9/target/release/deps/kv9_meta-41f608735a56b2dd.d
    Removing /home/dongxu/kv9/target/release/deps/kv9_meta-1c5e268f524fc3f1.d
    Removing /home/dongxu/kv9/target/release/deps/kv9_meta-4826f8c99abdf039.d
    Removing /home/dongxu/kv9/target/release/deps/kv9_meta-75aed97043a43c1f.d
    Removing /home/dongxu/kv9/target/release/deps/kv9_meta-a7524a7a162c75d2.d
    Removing /home/dongxu/kv9/target/release/deps/kv9_meta-1c1a1abaa9087cff.d
    Removing /home/dongxu/kv9/target/release/deps/kv9_meta-cdd1616597b19448.d
    Removing /home/dongxu/kv9/target/release/deps/kv9_meta-51422320c18750fc.d
    Removing /home/dongxu/kv9/target/release/deps/kv9_meta-41f608735a56b2dd
    Removing /home/dongxu/kv9/target/release/deps/admission-e1fea2c9080256d4.d
    Removing /home/dongxu/kv9/target/release/deps/admission-be84a507033660c0.d
    Removing /home/dongxu/kv9/target/release/deps/admission-e1fea2c9080256d4
    Removing /home/dongxu/kv9/target/release/deps/libadmission-be84a507033660c0.rmeta
    Removing /home/dongxu/kv9/target/release/deps/catalog-64e138a049a9735a
    Removing /home/dongxu/kv9/target/release/deps/catalog-64e138a049a9735a.d
    Removing /home/dongxu/kv9/target/release/deps/catalog-94d01e013d2bc144.d
    Removing /home/dongxu/kv9/target/release/deps/libcatalog-94d01e013d2bc144.rmeta
    Removing /home/dongxu/kv9/target/release/deps/catalog_facade-b6fe32fa1d0310aa
    Removing /home/dongxu/kv9/target/release/deps/catalog_facade-b6fe32fa1d0310aa.d
    Removing /home/dongxu/kv9/target/release/deps/catalog_facade-3701a876e9764107.d
    Removing /home/dongxu/kv9/target/release/deps/libcatalog_facade-3701a876e9764107.rmeta
    Removing /home/dongxu/kv9/target/release/deps/endpoint-330ec82a3a34d3ec.d
    Removing /home/dongxu/kv9/target/release/deps/endpoint-330ec82a3a34d3ec
    Removing /home/dongxu/kv9/target/release/deps/endpoint-3fd0416f867772b2.d
    Removing /home/dongxu/kv9/target/release/deps/libendpoint-3fd0416f867772b2.rmeta
    Removing /home/dongxu/kv9/target/release/.fingerprint/kv9-raft-617406db5687a66f
    Removing /home/dongxu/kv9/target/release/.fingerprint/kv9-raft-0ee47cf4de9e0256
    Removing /home/dongxu/kv9/target/release/.fingerprint/kv9-raft-99fc5e164c567a34
    Removing /home/dongxu/kv9/target/release/.fingerprint/kv9-raft-1ea535ef079f8669
    Removing /home/dongxu/kv9/target/release/.fingerprint/kv9-raft-ee420a0c0f361eb2
    Removing /home/dongxu/kv9/target/release/.fingerprint/kv9-raft-77092ae5ae98b42d
    Removing /home/dongxu/kv9/target/release/.fingerprint/kv9-raft-6d269ec3400137c5
    Removing /home/dongxu/kv9/target/release/.fingerprint/kv9-raft-2b2f14ed90155bbd
    Removing /home/dongxu/kv9/target/release/.fingerprint/kv9-raft-285fad374cf742d8
    Removing /home/dongxu/kv9/target/release/.fingerprint/kv9-raft-dd1a9530b8de210a
    Removing /home/dongxu/kv9/target/release/.fingerprint/kv9-raft-972ca47a9eb6b0e0
    Removing /home/dongxu/kv9/target/release/.fingerprint/kv9-raft-5bfd343bb8e68a80
    Removing /home/dongxu/kv9/target/release/.fingerprint/kv9-raft-edb0232d85291349
    Removing /home/dongxu/kv9/target/release/.fingerprint/kv9-raft-2f47bd7333338fc8
    Removing /home/dongxu/kv9/target/release/.fingerprint/kv9-raft-da2a4cdc8ec47149
    Removing /home/dongxu/kv9/target/release/.fingerprint/kv9-raft-b5cb8e3957c774f8
    Removing /home/dongxu/kv9/target/release/.fingerprint/kv9-raft-d79d3d1ab208bd03
    Removing /home/dongxu/kv9/target/release/.fingerprint/kv9-raft-9fe9a94c6001489c
    Removing /home/dongxu/kv9/target/release/.fingerprint/kv9-raft-70f0478564581e06
    Removing /home/dongxu/kv9/target/release/.fingerprint/kv9-raft-856114b0b3db343d
    Removing /home/dongxu/kv9/target/release/.fingerprint/kv9-raft-b1259c68afd1045b
    Removing /home/dongxu/kv9/target/release/.fingerprint/kv9-raft-8371e8890d5002f6
    Removing /home/dongxu/kv9/target/release/.fingerprint/kv9-raft-f079f05fc19c276b
    Removing /home/dongxu/kv9/target/release/.fingerprint/kv9-raft-965f94c5eb2039ee
    Removing /home/dongxu/kv9/target/release/.fingerprint/kv9-raft-ff0a7413b3cfdf06
    Removing /home/dongxu/kv9/target/release/.fingerprint/kv9-raft-219eaa5609158690
    Removing /home/dongxu/kv9/target/release/.fingerprint/kv9-raft-12647db721b1c529
    Removing /home/dongxu/kv9/target/release/.fingerprint/kv9-raft-6e5772ac17be9182
    Removing /home/dongxu/kv9/target/release/.fingerprint/kv9-raft-71a77eaf7816ef01
    Removing /home/dongxu/kv9/target/release/.fingerprint/kv9-raft-9cc2c29e5e1204ca
    Removing /home/dongxu/kv9/target/release/.fingerprint/kv9-raft-1eac288566cd50ac
    Removing /home/dongxu/kv9/target/release/.fingerprint/kv9-raft-3a23ce5bc5171954
    Removing /home/dongxu/kv9/target/release/.fingerprint/kv9-raft-caa1c111b16aa6da
    Removing /home/dongxu/kv9/target/release/.fingerprint/kv9-raft-d770389140291c6e
    Removing /home/dongxu/kv9/target/release/.fingerprint/kv9-raft-b4943c958c3f57c9
    Removing /home/dongxu/kv9/target/release/.fingerprint/kv9-raft-38a2e57f37ae1028
    Removing /home/dongxu/kv9/target/release/.fingerprint/kv9-raft-ff309b01a9079977
    Removing /home/dongxu/kv9/target/release/.fingerprint/kv9-raft-5cdbd38e0e37c5f0
    Removing /home/dongxu/kv9/target/release/.fingerprint/kv9-raft-3451f5e0429d459f
    Removing /home/dongxu/kv9/target/release/.fingerprint/kv9-raft-4fe415a690013107
    Removing /home/dongxu/kv9/target/release/.fingerprint/kv9-raft-46ee1676b2170930
    Removing /home/dongxu/kv9/target/release/.fingerprint/kv9-raft-a7afde5153ebd776
    Removing /home/dongxu/kv9/target/release/.fingerprint/kv9-raft-bdd651aaae2efce8
    Removing /home/dongxu/kv9/target/release/.fingerprint/kv9-raft-16a1d309c8dfef17
    Removing /home/dongxu/kv9/target/release/.fingerprint/kv9-raft-f7b52f8de544a69b
    Removing /home/dongxu/kv9/target/release/.fingerprint/kv9-raft-fa775f2b09481cf3
    Removing /home/dongxu/kv9/target/release/.fingerprint/kv9-raft-66d6c2578266deb4
    Removing /home/dongxu/kv9/target/release/.fingerprint/kv9-raft-0bfba7efd2c82a7e
    Removing /home/dongxu/kv9/target/release/deps/libkv9_raft-70f0478564581e06.rlib
    Removing /home/dongxu/kv9/target/release/deps/libkv9_raft-ee420a0c0f361eb2.rlib
    Removing /home/dongxu/kv9/target/release/deps/libkv9_raft-3451f5e0429d459f.rlib
    Removing /home/dongxu/kv9/target/release/deps/libkv9_raft-da2a4cdc8ec47149.rmeta
    Removing /home/dongxu/kv9/target/release/deps/libkv9_raft-3451f5e0429d459f.rmeta
    Removing /home/dongxu/kv9/target/release/deps/libkv9_raft-77092ae5ae98b42d.rmeta
    Removing /home/dongxu/kv9/target/release/deps/libkv9_raft-70f0478564581e06.rmeta
    Removing /home/dongxu/kv9/target/release/deps/libkv9_raft-ee420a0c0f361eb2.rmeta
    Removing /home/dongxu/kv9/target/release/deps/libkv9_raft-ff309b01a9079977.rmeta
    Removing /home/dongxu/kv9/target/release/deps/libkv9_raft-0bfba7efd2c82a7e.rmeta
    Removing /home/dongxu/kv9/target/release/deps/libkv9_raft-9cc2c29e5e1204ca.rmeta
    Removing /home/dongxu/kv9/target/release/deps/libkv9_raft-4fe415a690013107.rmeta
    Removing /home/dongxu/kv9/target/release/deps/kv9_raft-856114b0b3db343d.d
    Removing /home/dongxu/kv9/target/release/deps/kv9_raft-3451f5e0429d459f.d
    Removing /home/dongxu/kv9/target/release/deps/kv9_raft-617406db5687a66f.d
    Removing /home/dongxu/kv9/target/release/deps/kv9_raft-77092ae5ae98b42d.d
    Removing /home/dongxu/kv9/target/release/deps/kv9_raft-da2a4cdc8ec47149.d
    Removing /home/dongxu/kv9/target/release/deps/kv9_raft-0bfba7efd2c82a7e.d
    Removing /home/dongxu/kv9/target/release/deps/kv9_raft-ee420a0c0f361eb2.d
    Removing /home/dongxu/kv9/target/release/deps/kv9_raft-4fe415a690013107.d
    Removing /home/dongxu/kv9/target/release/deps/kv9_raft-71a77eaf7816ef01.d
    Removing /home/dongxu/kv9/target/release/deps/kv9_raft-9cc2c29e5e1204ca.d
    Removing /home/dongxu/kv9/target/release/deps/kv9_raft-ff309b01a9079977.d
    Removing /home/dongxu/kv9/target/release/deps/kv9_raft-70f0478564581e06.d
    Removing /home/dongxu/kv9/target/release/deps/kv9_raft-856114b0b3db343d
    Removing /home/dongxu/kv9/target/release/deps/kv9_raft-617406db5687a66f
    Removing /home/dongxu/kv9/target/release/deps/kv9_raft-71a77eaf7816ef01
    Removing /home/dongxu/kv9/target/release/examples/check_wire_floor-99fc5e164c567a34.d
    Removing /home/dongxu/kv9/target/release/examples/check_wire_floor-b1259c68afd1045b.d
    Removing /home/dongxu/kv9/target/release/examples/check_wire_floor-bdd651aaae2efce8.d
    Removing /home/dongxu/kv9/target/release/examples/check_wire_floor-bdd651aaae2efce8
    Removing /home/dongxu/kv9/target/release/examples/check_wire_floor-ff0a7413b3cfdf06.d
    Removing /home/dongxu/kv9/target/release/examples/check_wire_floor-5cdbd38e0e37c5f0.d
    Removing /home/dongxu/kv9/target/release/examples/check_wire_floor-b1259c68afd1045b
    Removing /home/dongxu/kv9/target/release/examples/check_wire_floor-0ee47cf4de9e0256
    Removing /home/dongxu/kv9/target/release/examples/check_wire_floor-0ee47cf4de9e0256.d
    Removing /home/dongxu/kv9/target/release/examples/libcheck_wire_floor-ff0a7413b3cfdf06.rmeta
    Removing /home/dongxu/kv9/target/release/examples/libcheck_wire_floor-99fc5e164c567a34.rmeta
    Removing /home/dongxu/kv9/target/release/examples/libcheck_wire_floor-5cdbd38e0e37c5f0.rmeta
    Removing /home/dongxu/kv9/target/release/deps/driver_lock_order-66d6c2578266deb4
    Removing /home/dongxu/kv9/target/release/deps/driver_lock_order-dd1a9530b8de210a
    Removing /home/dongxu/kv9/target/release/deps/driver_lock_order-5bfd343bb8e68a80.d
    Removing /home/dongxu/kv9/target/release/deps/driver_lock_order-12647db721b1c529.d
    Removing /home/dongxu/kv9/target/release/deps/driver_lock_order-8371e8890d5002f6.d
    Removing /home/dongxu/kv9/target/release/deps/driver_lock_order-5bfd343bb8e68a80
    Removing /home/dongxu/kv9/target/release/deps/driver_lock_order-dd1a9530b8de210a.d
    Removing /home/dongxu/kv9/target/release/deps/driver_lock_order-f079f05fc19c276b.d
    Removing /home/dongxu/kv9/target/release/deps/driver_lock_order-66d6c2578266deb4.d
    Removing /home/dongxu/kv9/target/release/deps/libdriver_lock_order-f079f05fc19c276b.rmeta
    Removing /home/dongxu/kv9/target/release/deps/libdriver_lock_order-8371e8890d5002f6.rmeta
    Removing /home/dongxu/kv9/target/release/deps/libdriver_lock_order-12647db721b1c529.rmeta
    Removing /home/dongxu/kv9/target/release/deps/frame_bad_input-b4943c958c3f57c9.d
    Removing /home/dongxu/kv9/target/release/deps/frame_bad_input-fa775f2b09481cf3
    Removing /home/dongxu/kv9/target/release/deps/frame_bad_input-965f94c5eb2039ee.d
    Removing /home/dongxu/kv9/target/release/deps/frame_bad_input-3a23ce5bc5171954.d
    Removing /home/dongxu/kv9/target/release/deps/frame_bad_input-965f94c5eb2039ee
    Removing /home/dongxu/kv9/target/release/deps/frame_bad_input-46ee1676b2170930.d
    Removing /home/dongxu/kv9/target/release/deps/frame_bad_input-6d269ec3400137c5.d
    Removing /home/dongxu/kv9/target/release/deps/frame_bad_input-fa775f2b09481cf3.d
    Removing /home/dongxu/kv9/target/release/deps/frame_bad_input-6d269ec3400137c5
    Removing /home/dongxu/kv9/target/release/deps/libframe_bad_input-b4943c958c3f57c9.rmeta
    Removing /home/dongxu/kv9/target/release/deps/libframe_bad_input-46ee1676b2170930.rmeta
    Removing /home/dongxu/kv9/target/release/deps/libframe_bad_input-3a23ce5bc5171954.rmeta
    Removing /home/dongxu/kv9/target/release/deps/membership-edb0232d85291349.d
    Removing /home/dongxu/kv9/target/release/deps/membership-d770389140291c6e.d
    Removing /home/dongxu/kv9/target/release/deps/membership-16a1d309c8dfef17.d
    Removing /home/dongxu/kv9/target/release/deps/membership-219eaa5609158690
    Removing /home/dongxu/kv9/target/release/deps/membership-d770389140291c6e
    Removing /home/dongxu/kv9/target/release/deps/membership-1ea535ef079f8669.d
    Removing /home/dongxu/kv9/target/release/deps/membership-b5cb8e3957c774f8
    Removing /home/dongxu/kv9/target/release/deps/membership-b5cb8e3957c774f8.d
    Removing /home/dongxu/kv9/target/release/deps/membership-219eaa5609158690.d
    Removing /home/dongxu/kv9/target/release/deps/libmembership-16a1d309c8dfef17.rmeta
    Removing /home/dongxu/kv9/target/release/deps/libmembership-edb0232d85291349.rmeta
    Removing /home/dongxu/kv9/target/release/deps/libmembership-1ea535ef079f8669.rmeta
    Removing /home/dongxu/kv9/target/release/build/kv9-raft-2b2f14ed90155bbd
    Removing /home/dongxu/kv9/target/release/build/kv9-raft-285fad374cf742d8
    Removing /home/dongxu/kv9/target/release/build/kv9-raft-972ca47a9eb6b0e0
    Removing /home/dongxu/kv9/target/release/build/kv9-raft-2f47bd7333338fc8
    Removing /home/dongxu/kv9/target/release/build/kv9-raft-d79d3d1ab208bd03
    Removing /home/dongxu/kv9/target/release/build/kv9-raft-9fe9a94c6001489c
    Removing /home/dongxu/kv9/target/release/build/kv9-raft-6e5772ac17be9182
    Removing /home/dongxu/kv9/target/release/build/kv9-raft-1eac288566cd50ac
    Removing /home/dongxu/kv9/target/release/build/kv9-raft-caa1c111b16aa6da
    Removing /home/dongxu/kv9/target/release/build/kv9-raft-38a2e57f37ae1028
    Removing /home/dongxu/kv9/target/release/build/kv9-raft-a7afde5153ebd776
    Removing /home/dongxu/kv9/target/release/build/kv9-raft-f7b52f8de544a69b
    Removing /home/dongxu/kv9/target/release/.fingerprint/kv9-region-d9b9f000173655db
    Removing /home/dongxu/kv9/target/release/.fingerprint/kv9-region-8abe441808428127
    Removing /home/dongxu/kv9/target/release/.fingerprint/kv9-region-8c9504311a401867
    Removing /home/dongxu/kv9/target/release/.fingerprint/kv9-region-74eb277163708671
    Removing /home/dongxu/kv9/target/release/.fingerprint/kv9-region-da89feaae4558b1e
    Removing /home/dongxu/kv9/target/release/.fingerprint/kv9-region-4a8c46e66544e50b
    Removing /home/dongxu/kv9/target/release/.fingerprint/kv9-region-daeda8af0c1f9c9e
    Removing /home/dongxu/kv9/target/release/.fingerprint/kv9-region-4b823f6d817bf3e8
    Removing /home/dongxu/kv9/target/release/deps/libkv9_region-4a8c46e66544e50b.rlib
    Removing /home/dongxu/kv9/target/release/deps/libkv9_region-4b823f6d817bf3e8.rlib
    Removing /home/dongxu/kv9/target/release/deps/libkv9_region-8c9504311a401867.rlib
    Removing /home/dongxu/kv9/target/release/deps/libkv9_region-4a8c46e66544e50b.rmeta
    Removing /home/dongxu/kv9/target/release/deps/libkv9_region-d9b9f000173655db.rmeta
    Removing /home/dongxu/kv9/target/release/deps/libkv9_region-da89feaae4558b1e.rmeta
    Removing /home/dongxu/kv9/target/release/deps/libkv9_region-8c9504311a401867.rmeta
    Removing /home/dongxu/kv9/target/release/deps/libkv9_region-74eb277163708671.rmeta
    Removing /home/dongxu/kv9/target/release/deps/libkv9_region-4b823f6d817bf3e8.rmeta
    Removing /home/dongxu/kv9/target/release/deps/libkv9_region-daeda8af0c1f9c9e.rmeta
    Removing /home/dongxu/kv9/target/release/deps/kv9_region-d9b9f000173655db.d
    Removing /home/dongxu/kv9/target/release/deps/kv9_region-4b823f6d817bf3e8.d
    Removing /home/dongxu/kv9/target/release/deps/kv9_region-8abe441808428127.d
    Removing /home/dongxu/kv9/target/release/deps/kv9_region-74eb277163708671.d
    Removing /home/dongxu/kv9/target/release/deps/kv9_region-8c9504311a401867.d
    Removing /home/dongxu/kv9/target/release/deps/kv9_region-da89feaae4558b1e.d
    Removing /home/dongxu/kv9/target/release/deps/kv9_region-daeda8af0c1f9c9e.d
    Removing /home/dongxu/kv9/target/release/deps/kv9_region-4a8c46e66544e50b.d
    Removing /home/dongxu/kv9/target/release/deps/kv9_region-8abe441808428127
    Removing /home/dongxu/kv9/target/release/.fingerprint/kv9-server-6139205212733403
    Removing /home/dongxu/kv9/target/release/.fingerprint/kv9-server-ff8afc0e401b4235
    Removing /home/dongxu/kv9/target/release/.fingerprint/kv9-server-a722e3093a42ac2a
    Removing /home/dongxu/kv9/target/release/.fingerprint/kv9-server-fb8945974548204d
    Removing /home/dongxu/kv9/target/release/.fingerprint/kv9-server-90a39c0364f7a65f
    Removing /home/dongxu/kv9/target/release/.fingerprint/kv9-server-040bdb035222e047
    Removing /home/dongxu/kv9/target/release/.fingerprint/kv9-server-becceb623d1e270a
    Removing /home/dongxu/kv9/target/release/.fingerprint/kv9-server-e8dda2cbbafa655b
    Removing /home/dongxu/kv9/target/release/.fingerprint/kv9-server-938eb39c30960d26
    Removing /home/dongxu/kv9/target/release/.fingerprint/kv9-server-7becf65089a91a98
    Removing /home/dongxu/kv9/target/release/.fingerprint/kv9-server-103ec45c10763daf
    Removing /home/dongxu/kv9/target/release/.fingerprint/kv9-server-3efe2d123c470e1f
    Removing /home/dongxu/kv9/target/release/.fingerprint/kv9-server-eeafc2953ec45a28
    Removing /home/dongxu/kv9/target/release/.fingerprint/kv9-server-1ad7246248929ba2
    Removing /home/dongxu/kv9/target/release/.fingerprint/kv9-server-348edf7075dfd1bf
    Removing /home/dongxu/kv9/target/release/.fingerprint/kv9-server-fc030be2270bb378
    Removing /home/dongxu/kv9/target/release/.fingerprint/kv9-server-76f1e04eae4a6461
    Removing /home/dongxu/kv9/target/release/.fingerprint/kv9-server-1b9e60e2af689f44
    Removing /home/dongxu/kv9/target/release/.fingerprint/kv9-server-a22d652dd390a471
    Removing /home/dongxu/kv9/target/release/.fingerprint/kv9-server-17f59ecf7a61974d
    Removing /home/dongxu/kv9/target/release/.fingerprint/kv9-server-1d0e5db0517391ce
    Removing /home/dongxu/kv9/target/release/.fingerprint/kv9-server-f10247a026051eb7
    Removing /home/dongxu/kv9/target/release/.fingerprint/kv9-server-7968f4232eeb8c0f
    Removing /home/dongxu/kv9/target/release/.fingerprint/kv9-server-8ab6752b78810856
    Removing /home/dongxu/kv9/target/release/.fingerprint/kv9-server-55d15c99a5651567
    Removing /home/dongxu/kv9/target/release/.fingerprint/kv9-server-ef7ae6bc70b6228c
    Removing /home/dongxu/kv9/target/release/.fingerprint/kv9-server-55ba1082621a2531
    Removing /home/dongxu/kv9/target/release/.fingerprint/kv9-server-bcfca1537763fac8
    Removing /home/dongxu/kv9/target/release/.fingerprint/kv9-server-87ce01491f432d99
    Removing /home/dongxu/kv9/target/release/.fingerprint/kv9-server-393ad1d2bdc449f0
    Removing /home/dongxu/kv9/target/release/.fingerprint/kv9-server-82e47e5d99235fff
    Removing /home/dongxu/kv9/target/release/.fingerprint/kv9-server-2a18c1f71d619208
    Removing /home/dongxu/kv9/target/release/.fingerprint/kv9-server-f5cabfae941e5e88
    Removing /home/dongxu/kv9/target/release/.fingerprint/kv9-server-1eebb622c227c812
    Removing /home/dongxu/kv9/target/release/.fingerprint/kv9-server-09f7507bbf31bd2c
    Removing /home/dongxu/kv9/target/release/.fingerprint/kv9-server-a958aea545243fa2
    Removing /home/dongxu/kv9/target/release/.fingerprint/kv9-server-e801bbe7755c70b0
    Removing /home/dongxu/kv9/target/release/.fingerprint/kv9-server-78446b70b3c57f0a
    Removing /home/dongxu/kv9/target/release/.fingerprint/kv9-server-3714563a16eb0de3
    Removing /home/dongxu/kv9/target/release/.fingerprint/kv9-server-c315f391401305a0
    Removing /home/dongxu/kv9/target/release/.fingerprint/kv9-server-262c8efb9d4fee51
    Removing /home/dongxu/kv9/target/release/.fingerprint/kv9-server-ea6a1aa60f761895
    Removing /home/dongxu/kv9/target/release/.fingerprint/kv9-server-89995f6084d44c5d
    Removing /home/dongxu/kv9/target/release/.fingerprint/kv9-server-9dd6ee56077a9d4b
    Removing /home/dongxu/kv9/target/release/.fingerprint/kv9-server-41fed09f75472249
    Removing /home/dongxu/kv9/target/release/.fingerprint/kv9-server-5e25c0a110293f0d
    Removing /home/dongxu/kv9/target/release/.fingerprint/kv9-server-97eb6b5ec91d35c6
    Removing /home/dongxu/kv9/target/release/.fingerprint/kv9-server-63a95d798b34c062
    Removing /home/dongxu/kv9/target/release/.fingerprint/kv9-server-8fd92e79a9943b7f
    Removing /home/dongxu/kv9/target/release/.fingerprint/kv9-server-70a2f382b7fa15b0
    Removing /home/dongxu/kv9/target/release/.fingerprint/kv9-server-26ecb0f4ec380de5
    Removing /home/dongxu/kv9/target/release/.fingerprint/kv9-server-4054a3408763a3b1
    Removing /home/dongxu/kv9/target/release/.fingerprint/kv9-server-d9d9fa77c4957c3b
    Removing /home/dongxu/kv9/target/release/.fingerprint/kv9-server-5f0158a69a6360f4
    Removing /home/dongxu/kv9/target/release/.fingerprint/kv9-server-17accd39990e0b61
    Removing /home/dongxu/kv9/target/release/.fingerprint/kv9-server-9478f9b292695321
    Removing /home/dongxu/kv9/target/release/.fingerprint/kv9-server-266a9f10e0ccdb8a
    Removing /home/dongxu/kv9/target/release/.fingerprint/kv9-server-8ffc0603303e7cb8
    Removing /home/dongxu/kv9/target/release/.fingerprint/kv9-server-0c003635b09f4052
    Removing /home/dongxu/kv9/target/release/.fingerprint/kv9-server-2f05143d810d531a
    Removing /home/dongxu/kv9/target/release/.fingerprint/kv9-server-d048e9d575ef83ab
    Removing /home/dongxu/kv9/target/release/.fingerprint/kv9-server-d3513fdeec164b42
    Removing /home/dongxu/kv9/target/release/.fingerprint/kv9-server-90d20e5ff7becfdf
    Removing /home/dongxu/kv9/target/release/.fingerprint/kv9-server-f2d9a2cfcbd46ced
    Removing /home/dongxu/kv9/target/release/.fingerprint/kv9-server-6dbdf7828f69eb9b
    Removing /home/dongxu/kv9/target/release/deps/libkv9_server-3714563a16eb0de3.rlib
    Removing /home/dongxu/kv9/target/release/deps/libkv9_server-d048e9d575ef83ab.rlib
    Removing /home/dongxu/kv9/target/release/deps/libkv9_server-26ecb0f4ec380de5.rlib
    Removing /home/dongxu/kv9/target/release/deps/libkv9_server-26ecb0f4ec380de5.rmeta
    Removing /home/dongxu/kv9/target/release/deps/libkv9_server-348edf7075dfd1bf.rmeta
    Removing /home/dongxu/kv9/target/release/deps/libkv9_server-6dbdf7828f69eb9b.rmeta
    Removing /home/dongxu/kv9/target/release/deps/libkv9_server-d048e9d575ef83ab.rmeta
    Removing /home/dongxu/kv9/target/release/deps/libkv9_server-3714563a16eb0de3.rmeta
    Removing /home/dongxu/kv9/target/release/deps/libkv9_server-8ffc0603303e7cb8.rmeta
    Removing /home/dongxu/kv9/target/release/deps/libkv9_server-f5cabfae941e5e88.rmeta
    Removing /home/dongxu/kv9/target/release/deps/libkv9_server-bcfca1537763fac8.rmeta
    Removing /home/dongxu/kv9/target/release/deps/libkv9_server-e801bbe7755c70b0.rmeta
    Removing /home/dongxu/kv9/target/release/deps/kv9_server-bcfca1537763fac8.d
    Removing /home/dongxu/kv9/target/release/deps/kv9_server-fb8945974548204d.d
    Removing /home/dongxu/kv9/target/release/deps/kv9_server-d048e9d575ef83ab.d
    Removing /home/dongxu/kv9/target/release/deps/kv9_server-26ecb0f4ec380de5.d
    Removing /home/dongxu/kv9/target/release/deps/kv9_server-8ffc0603303e7cb8.d
    Removing /home/dongxu/kv9/target/release/deps/kv9_server-6dbdf7828f69eb9b.d
    Removing /home/dongxu/kv9/target/release/deps/kv9_server-3714563a16eb0de3.d
    Removing /home/dongxu/kv9/target/release/deps/kv9_server-e801bbe7755c70b0.d
    Removing /home/dongxu/kv9/target/release/deps/kv9_server-348edf7075dfd1bf.d
    Removing /home/dongxu/kv9/target/release/deps/kv9_server-63a95d798b34c062.d
    Removing /home/dongxu/kv9/target/release/deps/kv9_server-ea6a1aa60f761895.d
    Removing /home/dongxu/kv9/target/release/deps/kv9_server-f5cabfae941e5e88.d
    Removing /home/dongxu/kv9/target/release/deps/kv9_server-63a95d798b34c062
    Removing /home/dongxu/kv9/target/release/deps/kv9_server-ea6a1aa60f761895
    Removing /home/dongxu/kv9/target/release/deps/kv9_server-fb8945974548204d
    Removing /home/dongxu/kv9/target/release/deps/kv9_batch_benchmark-a722e3093a42ac2a.d
    Removing /home/dongxu/kv9/target/release/deps/kv9_batch_benchmark-3efe2d123c470e1f.d
    Removing /home/dongxu/kv9/target/release/deps/kv9_batch_benchmark-ef7ae6bc70b6228c.d
    Removing /home/dongxu/kv9/target/release/deps/kv9_batch_benchmark-040bdb035222e047.d
    Removing /home/dongxu/kv9/target/release/deps/kv9_batch_benchmark-266a9f10e0ccdb8a.d
    Removing /home/dongxu/kv9/target/release/deps/kv9_batch_benchmark-97eb6b5ec91d35c6.d
    Removing /home/dongxu/kv9/target/release/deps/kv9_batch_benchmark-7968f4232eeb8c0f.d
    Removing /home/dongxu/kv9/target/release/deps/kv9_batch_benchmark-a722e3093a42ac2a
    Removing /home/dongxu/kv9/target/release/deps/kv9_batch_benchmark-266a9f10e0ccdb8a
    Removing /home/dongxu/kv9/target/release/deps/kv9_batch_benchmark-3efe2d123c470e1f
    Removing /home/dongxu/kv9/target/release/deps/kv9_batch_benchmark-76f1e04eae4a6461.d
    Removing /home/dongxu/kv9/target/release/deps/kv9_batch_benchmark-7becf65089a91a98.d
    Removing /home/dongxu/kv9/target/release/deps/libkv9_batch_benchmark-7968f4232eeb8c0f.rmeta
    Removing /home/dongxu/kv9/target/release/deps/libkv9_batch_benchmark-7becf65089a91a98.rmeta
    Removing /home/dongxu/kv9/target/release/deps/libkv9_batch_benchmark-97eb6b5ec91d35c6.rmeta
    Removing /home/dongxu/kv9/target/release/deps/libkv9_batch_benchmark-ef7ae6bc70b6228c.rmeta
    Removing /home/dongxu/kv9/target/release/deps/libkv9_batch_benchmark-76f1e04eae4a6461.rmeta
    Removing /home/dongxu/kv9/target/release/deps/libkv9_batch_benchmark-040bdb035222e047.rmeta
    Removing /home/dongxu/kv9/target/release/deps/kv9_batch_workload-d9d9fa77c4957c3b.d
    Removing /home/dongxu/kv9/target/release/deps/kv9_batch_workload-17accd39990e0b61.d
    Removing /home/dongxu/kv9/target/release/deps/kv9_batch_workload-becceb623d1e270a.d
    Removing /home/dongxu/kv9/target/release/deps/kv9_batch_workload-becceb623d1e270a
    Removing /home/dongxu/kv9/target/release/deps/kv9_batch_workload-55ba1082621a2531.d
    Removing /home/dongxu/kv9/target/release/deps/kv9_batch_workload-c315f391401305a0.d
    Removing /home/dongxu/kv9/target/release/deps/kv9_batch_workload-1eebb622c227c812.d
    Removing /home/dongxu/kv9/target/release/deps/kv9_batch_workload-90a39c0364f7a65f.d
    Removing /home/dongxu/kv9/target/release/deps/kv9_batch_workload-d9d9fa77c4957c3b
    Removing /home/dongxu/kv9/target/release/deps/kv9_batch_workload-c315f391401305a0
    Removing /home/dongxu/kv9/target/release/deps/kv9_batch_workload-89995f6084d44c5d.d
    Removing /home/dongxu/kv9/target/release/deps/kv9_batch_workload-9478f9b292695321.d
    Removing /home/dongxu/kv9/target/release/deps/libkv9_batch_workload-17accd39990e0b61.rmeta
    Removing /home/dongxu/kv9/target/release/deps/libkv9_batch_workload-55ba1082621a2531.rmeta
    Removing /home/dongxu/kv9/target/release/deps/libkv9_batch_workload-90a39c0364f7a65f.rmeta
    Removing /home/dongxu/kv9/target/release/deps/libkv9_batch_workload-89995f6084d44c5d.rmeta
    Removing /home/dongxu/kv9/target/release/deps/libkv9_batch_workload-9478f9b292695321.rmeta
    Removing /home/dongxu/kv9/target/release/deps/libkv9_batch_workload-1eebb622c227c812.rmeta
    Removing /home/dongxu/kv9/target/release/deps/kv9_workload-78446b70b3c57f0a
    Removing /home/dongxu/kv9/target/release/deps/kv9_workload-8ab6752b78810856.d
    Removing /home/dongxu/kv9/target/release/deps/kv9_workload-8ab6752b78810856
    Removing /home/dongxu/kv9/target/release/deps/kv9_workload-ff8afc0e401b4235
    Removing /home/dongxu/kv9/target/release/deps/kv9_workload-eeafc2953ec45a28.d
    Removing /home/dongxu/kv9/target/release/deps/kv9_workload-a958aea545243fa2.d
    Removing /home/dongxu/kv9/target/release/deps/kv9_workload-2f05143d810d531a.d
    Removing /home/dongxu/kv9/target/release/deps/kv9_workload-ff8afc0e401b4235.d
    Removing /home/dongxu/kv9/target/release/deps/kv9_workload-09f7507bbf31bd2c.d
    Removing /home/dongxu/kv9/target/release/deps/kv9_workload-938eb39c30960d26.d
    Removing /home/dongxu/kv9/target/release/deps/kv9_workload-78446b70b3c57f0a.d
    Removing /home/dongxu/kv9/target/release/deps/kv9_workload-4054a3408763a3b1.d
    Removing /home/dongxu/kv9/target/release/deps/libkv9_workload-a958aea545243fa2.rmeta
    Removing /home/dongxu/kv9/target/release/deps/libkv9_workload-eeafc2953ec45a28.rmeta
    Removing /home/dongxu/kv9/target/release/deps/libkv9_workload-4054a3408763a3b1.rmeta
    Removing /home/dongxu/kv9/target/release/deps/libkv9_workload-938eb39c30960d26.rmeta
    Removing /home/dongxu/kv9/target/release/deps/libkv9_workload-09f7507bbf31bd2c.rmeta
    Removing /home/dongxu/kv9/target/release/deps/libkv9_workload-2f05143d810d531a.rmeta
    Removing /home/dongxu/kv9/target/release/examples/admission_pressure-fc030be2270bb378.d
    Removing /home/dongxu/kv9/target/release/examples/admission_pressure-41fed09f75472249.d
    Removing /home/dongxu/kv9/target/release/examples/admission_pressure-87ce01491f432d99
    Removing /home/dongxu/kv9/target/release/examples/admission_pressure-f10247a026051eb7.d
    Removing /home/dongxu/kv9/target/release/examples/admission_pressure-5e25c0a110293f0d
    Removing /home/dongxu/kv9/target/release/examples/admission_pressure-d3513fdeec164b42
    Removing /home/dongxu/kv9/target/release/examples/admission_pressure-d3513fdeec164b42.d
    Removing /home/dongxu/kv9/target/release/examples/admission_pressure-5e25c0a110293f0d.d
    Removing /home/dongxu/kv9/target/release/examples/admission_pressure-87ce01491f432d99.d
    Removing /home/dongxu/kv9/target/release/examples/libadmission_pressure-f10247a026051eb7.rmeta
    Removing /home/dongxu/kv9/target/release/examples/libadmission_pressure-fc030be2270bb378.rmeta
    Removing /home/dongxu/kv9/target/release/examples/libadmission_pressure-41fed09f75472249.rmeta
    Removing /home/dongxu/kv9/target/release/examples/latency_overhead-a22d652dd390a471
    Removing /home/dongxu/kv9/target/release/examples/latency_overhead-e8dda2cbbafa655b.d
    Removing /home/dongxu/kv9/target/release/examples/latency_overhead-9dd6ee56077a9d4b.d
    Removing /home/dongxu/kv9/target/release/examples/latency_overhead-262c8efb9d4fee51.d
    Removing /home/dongxu/kv9/target/release/examples/latency_overhead-2a18c1f71d619208.d
    Removing /home/dongxu/kv9/target/release/examples/latency_overhead-a22d652dd390a471.d
    Removing /home/dongxu/kv9/target/release/examples/latency_overhead-e8dda2cbbafa655b
    Removing /home/dongxu/kv9/target/release/examples/latency_overhead-262c8efb9d4fee51
    Removing /home/dongxu/kv9/target/release/examples/latency_overhead-393ad1d2bdc449f0.d
    Removing /home/dongxu/kv9/target/release/examples/liblatency_overhead-9dd6ee56077a9d4b.rmeta
    Removing /home/dongxu/kv9/target/release/examples/liblatency_overhead-393ad1d2bdc449f0.rmeta
    Removing /home/dongxu/kv9/target/release/examples/liblatency_overhead-2a18c1f71d619208.rmeta
    Removing /home/dongxu/kv9/target/release/examples/workload_loopback-1b9e60e2af689f44
    Removing /home/dongxu/kv9/target/release/examples/workload_loopback-55d15c99a5651567
    Removing /home/dongxu/kv9/target/release/examples/workload_loopback-55d15c99a5651567.d
    Removing /home/dongxu/kv9/target/release/examples/workload_loopback-70a2f382b7fa15b0
    Removing /home/dongxu/kv9/target/release/examples/workload_loopback-1b9e60e2af689f44.d
    Removing /home/dongxu/kv9/target/release/examples/workload_loopback-70a2f382b7fa15b0.d
    Removing /home/dongxu/kv9/target/release/examples/workload_loopback-f2d9a2cfcbd46ced.d
    Removing /home/dongxu/kv9/target/release/examples/workload_loopback-90d20e5ff7becfdf.d
    Removing /home/dongxu/kv9/target/release/examples/workload_loopback-6139205212733403.d
    Removing /home/dongxu/kv9/target/release/examples/libworkload_loopback-90d20e5ff7becfdf.rmeta
    Removing /home/dongxu/kv9/target/release/examples/libworkload_loopback-f2d9a2cfcbd46ced.rmeta
    Removing /home/dongxu/kv9/target/release/examples/libworkload_loopback-6139205212733403.rmeta
    Removing /home/dongxu/kv9/target/release/build/kv9-server-103ec45c10763daf
    Removing /home/dongxu/kv9/target/release/build/kv9-server-1ad7246248929ba2
    Removing /home/dongxu/kv9/target/release/build/kv9-server-17f59ecf7a61974d
    Removing /home/dongxu/kv9/target/release/build/kv9-server-1d0e5db0517391ce
    Removing /home/dongxu/kv9/target/release/build/kv9-server-82e47e5d99235fff
    Removing /home/dongxu/kv9/target/release/build/kv9-server-8fd92e79a9943b7f
    Removing /home/dongxu/kv9/target/release/build/kv9-server-5f0158a69a6360f4
    Removing /home/dongxu/kv9/target/release/build/kv9-server-0c003635b09f4052
    Removing /home/dongxu/kv9/target/release/.fingerprint/kv9-txn-829e887c1eadf610
    Removing /home/dongxu/kv9/target/release/.fingerprint/kv9-txn-e9f9421d53eea3e9
    Removing /home/dongxu/kv9/target/release/.fingerprint/kv9-txn-70a0d14028ce67fe
    Removing /home/dongxu/kv9/target/release/.fingerprint/kv9-txn-346b87e9c855e362
    Removing /home/dongxu/kv9/target/release/.fingerprint/kv9-txn-5cf1d2f6c462d25d
    Removing /home/dongxu/kv9/target/release/.fingerprint/kv9-txn-d13f9cd5b02f4f86
    Removing /home/dongxu/kv9/target/release/.fingerprint/kv9-txn-df0fc2bca827fdcb
    Removing /home/dongxu/kv9/target/release/.fingerprint/kv9-txn-a56d164092779642
    Removing /home/dongxu/kv9/target/release/deps/libkv9_txn-a56d164092779642.rlib
    Removing /home/dongxu/kv9/target/release/deps/libkv9_txn-e9f9421d53eea3e9.rlib
    Removing /home/dongxu/kv9/target/release/deps/libkv9_txn-5cf1d2f6c462d25d.rlib
    Removing /home/dongxu/kv9/target/release/deps/libkv9_txn-df0fc2bca827fdcb.rmeta
    Removing /home/dongxu/kv9/target/release/deps/libkv9_txn-70a0d14028ce67fe.rmeta
    Removing /home/dongxu/kv9/target/release/deps/libkv9_txn-e9f9421d53eea3e9.rmeta
    Removing /home/dongxu/kv9/target/release/deps/libkv9_txn-d13f9cd5b02f4f86.rmeta
    Removing /home/dongxu/kv9/target/release/deps/libkv9_txn-a56d164092779642.rmeta
    Removing /home/dongxu/kv9/target/release/deps/libkv9_txn-5cf1d2f6c462d25d.rmeta
    Removing /home/dongxu/kv9/target/release/deps/libkv9_txn-829e887c1eadf610.rmeta
    Removing /home/dongxu/kv9/target/release/deps/kv9_txn-e9f9421d53eea3e9.d
    Removing /home/dongxu/kv9/target/release/deps/kv9_txn-5cf1d2f6c462d25d.d
    Removing /home/dongxu/kv9/target/release/deps/kv9_txn-a56d164092779642.d
    Removing /home/dongxu/kv9/target/release/deps/kv9_txn-df0fc2bca827fdcb.d
    Removing /home/dongxu/kv9/target/release/deps/kv9_txn-70a0d14028ce67fe.d
    Removing /home/dongxu/kv9/target/release/deps/kv9_txn-d13f9cd5b02f4f86.d
    Removing /home/dongxu/kv9/target/release/deps/kv9_txn-829e887c1eadf610.d
    Removing /home/dongxu/kv9/target/release/deps/kv9_txn-346b87e9c855e362.d
    Removing /home/dongxu/kv9/target/release/deps/kv9_txn-346b87e9c855e362
     Removed 1047 files, 523.2MiB total
