PASS: matched cohort 000-old-point-r000-p00001
PASS: matched cohort 001-new-point-r000-p00001
PASS: matched cohort 002-redis-point-r000-p00001
PASS: matched cohort 003-old-point-r050-p00001
PASS: matched cohort 004-new-point-r050-p00001
PASS: matched cohort 005-redis-point-r050-p00001
PASS: matched cohort 006-old-point-r100-p00001
PASS: matched cohort 007-new-point-r100-p00001
PASS: matched cohort 008-redis-point-r100-p00001
PASS: matched cohort 009-old-batch64-r000-p00001
PASS: matched cohort 010-new-batch64-r000-p00001
PASS: matched cohort 011-redis-batch64-r000-p00001
PASS: matched cohort 012-old-batch64-r050-p00001
PASS: matched cohort 013-new-batch64-r050-p00001
PASS: matched cohort 014-redis-batch64-r050-p00001
PASS: matched cohort 015-old-batch64-r100-p00001
PASS: matched cohort 016-new-batch64-r100-p00001
PASS: matched cohort 017-redis-batch64-r100-p00001
PASS: matched cohort 018-old-point-r000-p00064
PASS: matched cohort 019-new-point-r000-p00064
PASS: matched cohort 020-redis-point-r000-p00064
PASS: matched cohort 021-old-point-r050-p00064
PASS: matched cohort 022-new-point-r050-p00064
PASS: matched cohort 023-redis-point-r050-p00064
PASS: matched cohort 024-old-point-r100-p00064
PASS: matched cohort 025-new-point-r100-p00064
PASS: matched cohort 026-redis-point-r100-p00064
PASS: matched cohort 027-old-batch64-r000-p00064
PASS: matched cohort 028-new-batch64-r000-p00064
PASS: matched cohort 029-redis-batch64-r000-p00064
PASS: matched cohort 030-old-batch64-r050-p00064
PASS: matched cohort 031-new-batch64-r050-p00064
PASS: matched cohort 032-redis-batch64-r050-p00064
PASS: matched cohort 033-old-batch64-r100-p00064
PASS: matched cohort 034-new-batch64-r100-p00064
PASS: matched cohort 035-redis-batch64-r100-p00064
PASS: all matched cohorts complete; independent final audit remains required
