PASS: matched cohort 000-old-point-r000-p00001
PASS: matched cohort 001-new-point-r000-p00001
PASS: matched cohort 002-redis-point-r000-p00001
PASS: matched cohort 003-old-point-r050-p00001
PASS: matched cohort 004-new-point-r050-p00001
PASS: matched cohort 005-redis-point-r050-p00001
PASS: matched cohort 006-old-point-r100-p00001
PASS: matched cohort 007-new-point-r100-p00001
PASS: matched cohort 008-redis-point-r100-p00001
PASS: matched cohort 009-old-batch64-r000-p00001
PASS: matched cohort 010-new-batch64-r000-p00001
PASS: matched cohort 011-redis-batch64-r000-p00001
PASS: matched cohort 012-old-batch64-r050-p00001
PASS: matched cohort 013-new-batch64-r050-p00001
PASS: matched cohort 014-redis-batch64-r050-p00001
PASS: matched cohort 015-old-batch64-r100-p00001
PASS: matched cohort 016-new-batch64-r100-p00001
PASS: matched cohort 017-redis-batch64-r100-p00001
PASS: matched cohort 018-old-point-r000-p00064
PASS: matched cohort 019-new-point-r000-p00064
PASS: matched cohort 020-redis-point-r000-p00064
PASS: matched cohort 021-old-point-r050-p00064
PASS: matched cohort 022-new-point-r050-p00064
PASS: matched cohort 023-redis-point-r050-p00064
PASS: matched cohort 024-old-point-r100-p00064
PASS: matched cohort 025-new-point-r100-p00064
PASS: matched cohort 026-redis-point-r100-p00064
PASS: matched cohort 027-old-batch64-r000-p00064
PASS: matched cohort 028-new-batch64-r000-p00064
PASS: matched cohort 029-redis-batch64-r000-p00064
PASS: matched cohort 030-old-batch64-r050-p00064
PASS: matched cohort 031-new-batch64-r050-p00064
PASS: matched cohort 032-redis-batch64-r050-p00064
PASS: matched cohort 033-old-batch64-r100-p00064
PASS: matched cohort 034-new-batch64-r100-p00064
PASS: matched cohort 035-redis-batch64-r100-p00064
PASS: matched cohort 036-redis-batch64-r100-p10064
PASS: matched cohort 037-new-batch64-r100-p10064
PASS: matched cohort 038-old-batch64-r100-p10064
PASS: matched cohort 039-redis-batch64-r050-p10064
PASS: matched cohort 040-new-batch64-r050-p10064
PASS: matched cohort 041-old-batch64-r050-p10064
PASS: matched cohort 042-redis-batch64-r000-p10064
PASS: matched cohort 043-new-batch64-r000-p10064
PASS: matched cohort 044-old-batch64-r000-p10064
PASS: matched cohort 045-redis-point-r100-p10064
PASS: matched cohort 046-new-point-r100-p10064
PASS: matched cohort 047-old-point-r100-p10064
PASS: matched cohort 048-redis-point-r050-p10064
PASS: matched cohort 049-new-point-r050-p10064
PASS: matched cohort 050-old-point-r050-p10064
PASS: matched cohort 051-redis-point-r000-p10064
PASS: matched cohort 052-new-point-r000-p10064
PASS: matched cohort 053-old-point-r000-p10064
PASS: matched cohort 054-redis-batch64-r100-p10001
PASS: matched cohort 055-new-batch64-r100-p10001
PASS: matched cohort 056-old-batch64-r100-p10001
PASS: matched cohort 057-redis-batch64-r050-p10001
PASS: matched cohort 058-new-batch64-r050-p10001
PASS: matched cohort 059-old-batch64-r050-p10001
PASS: matched cohort 060-redis-batch64-r000-p10001
PASS: matched cohort 061-new-batch64-r000-p10001
PASS: matched cohort 062-old-batch64-r000-p10001
PASS: matched cohort 063-redis-point-r100-p10001
PASS: matched cohort 064-new-point-r100-p10001
PASS: matched cohort 065-old-point-r100-p10001
PASS: matched cohort 066-redis-point-r050-p10001
PASS: matched cohort 067-new-point-r050-p10001
PASS: matched cohort 068-old-point-r050-p10001
PASS: matched cohort 069-redis-point-r000-p10001
PASS: matched cohort 070-new-point-r000-p10001
PASS: matched cohort 071-old-point-r000-p10001
PASS: all matched cohorts complete; independent final audit remains required
{"complete": true, "restoration_complete": true, "exclusive_host": false, "child_exit_code": 0, "child_cleanup_errors": [], "deferred_cleanup_signals": []}
