    Removing /home/dongxu/kv9/target/debug/examples/segment_publication_probe
    Removing /home/dongxu/kv9/target/debug/examples/segment_publication_probe.d
    Removing /home/dongxu/kv9/target/debug/examples/check-wire-floor
    Removing /home/dongxu/kv9/target/debug/examples/check-wire-floor.d
    Removing /home/dongxu/kv9/target/debug/examples/admission-pressure
    Removing /home/dongxu/kv9/target/debug/examples/admission-pressure.d
    Removing /home/dongxu/kv9/target/debug/examples/latency-overhead
    Removing /home/dongxu/kv9/target/debug/examples/latency-overhead.d
    Removing /home/dongxu/kv9/target/debug/examples/workload-loopback
    Removing /home/dongxu/kv9/target/debug/examples/workload-loopback.d
    Removing /home/dongxu/kv9/target/debug/.fingerprint/kv9-d1739b2338d1249a
    Removing /home/dongxu/kv9/target/debug/.fingerprint/kv9-8fc0b3037138df94
    Removing /home/dongxu/kv9/target/debug/.fingerprint/kv9-a51359568b72752d
    Removing /home/dongxu/kv9/target/debug/deps/kv9-8fc0b3037138df94.d
    Removing /home/dongxu/kv9/target/debug/deps/kv9-d1739b2338d1249a.d
    Removing /home/dongxu/kv9/target/debug/deps/kv9-a51359568b72752d.d
    Removing /home/dongxu/kv9/target/debug/deps/kv9-a51359568b72752d
    Removing /home/dongxu/kv9/target/debug/incremental/kv9-35rrqgf0z227v
    Removing /home/dongxu/kv9/target/debug/incremental/kv9-0qo2qtf9e2l43
    Removing /home/dongxu/kv9/target/debug/incremental/kv9-1eotfinrrcsz8
    Removing /home/dongxu/kv9/target/debug/deps/libkv9-d1739b2338d1249a.rmeta
    Removing /home/dongxu/kv9/target/debug/deps/libkv9-8fc0b3037138df94.rmeta
    Removing /home/dongxu/kv9/target/debug/.fingerprint/kv9-common-2e9ff5feb6428737
    Removing /home/dongxu/kv9/target/debug/.fingerprint/kv9-common-19d5c33cdbeef9d6
    Removing /home/dongxu/kv9/target/debug/.fingerprint/kv9-common-dc3b7c21cc7acaf9
    Removing /home/dongxu/kv9/target/debug/.fingerprint/kv9-common-a57ff20ed7ee8aae
    Removing /home/dongxu/kv9/target/debug/deps/libkv9_common-19d5c33cdbeef9d6.rmeta
    Removing /home/dongxu/kv9/target/debug/deps/libkv9_common-dc3b7c21cc7acaf9.rmeta
    Removing /home/dongxu/kv9/target/debug/deps/libkv9_common-3fef2db1adef60ab.rmeta
    Removing /home/dongxu/kv9/target/debug/deps/libkv9_common-a57ff20ed7ee8aae.rmeta
    Removing /home/dongxu/kv9/target/debug/deps/kv9_common-dc3b7c21cc7acaf9.d
    Removing /home/dongxu/kv9/target/debug/deps/kv9_common-19d5c33cdbeef9d6.d
    Removing /home/dongxu/kv9/target/debug/deps/kv9_common-3fef2db1adef60ab.d
    Removing /home/dongxu/kv9/target/debug/deps/kv9_common-a57ff20ed7ee8aae.d
    Removing /home/dongxu/kv9/target/debug/deps/kv9_common-2e9ff5feb6428737.d
    Removing /home/dongxu/kv9/target/debug/incremental/kv9_common-3mfj8bym7na8g
    Removing /home/dongxu/kv9/target/debug/incremental/kv9_common-2s31sszwdvdp7
    Removing /home/dongxu/kv9/target/debug/incremental/kv9_common-1o6yr6osxezgb
    Removing /home/dongxu/kv9/target/debug/incremental/kv9_common-1ucj9k64rty0j
    Removing /home/dongxu/kv9/target/debug/incremental/kv9_common-1au7v99ur937z
    Removing /home/dongxu/kv9/target/debug/deps/kv9_common-2e9ff5feb6428737
    Removing /home/dongxu/kv9/target/debug/.fingerprint/kv9-engine-5abf4e9fcb6afe23
    Removing /home/dongxu/kv9/target/debug/.fingerprint/kv9-engine-d35406e5d2bfc4fd
    Removing /home/dongxu/kv9/target/debug/.fingerprint/kv9-engine-75fdb4359b5e74cd
    Removing /home/dongxu/kv9/target/debug/.fingerprint/kv9-engine-847e48ae88a1fde1
    Removing /home/dongxu/kv9/target/debug/.fingerprint/kv9-engine-9440b63d97edbaf0
    Removing /home/dongxu/kv9/target/debug/.fingerprint/kv9-engine-49373be9ceaf5efb
    Removing /home/dongxu/kv9/target/debug/.fingerprint/kv9-engine-ec2b1252dde975e7
    Removing /home/dongxu/kv9/target/debug/.fingerprint/kv9-engine-c99bbdc2246dccb6
    Removing /home/dongxu/kv9/target/debug/.fingerprint/kv9-engine-f39bdab8b54ab9aa
    Removing /home/dongxu/kv9/target/debug/.fingerprint/kv9-engine-b8ef1d65e69c9c84
    Removing /home/dongxu/kv9/target/debug/.fingerprint/kv9-engine-f0a9c59a57afaab2
    Removing /home/dongxu/kv9/target/debug/.fingerprint/kv9-engine-f9ef102dbefe597f
    Removing /home/dongxu/kv9/target/debug/.fingerprint/kv9-engine-f26e1d54c99f2153
    Removing /home/dongxu/kv9/target/debug/.fingerprint/kv9-engine-1ef300c388d82fbe
    Removing /home/dongxu/kv9/target/debug/deps/libkv9_engine-b8ef1d65e69c9c84.rmeta
    Removing /home/dongxu/kv9/target/debug/deps/libkv9_engine-75fdb4359b5e74cd.rmeta
    Removing /home/dongxu/kv9/target/debug/deps/libkv9_engine-f0a9c59a57afaab2.rmeta
    Removing /home/dongxu/kv9/target/debug/deps/libkv9_engine-25713e4effd429f7.rmeta
    Removing /home/dongxu/kv9/target/debug/deps/libkv9_engine-73bee8509ce3f7d7.rmeta
    Removing /home/dongxu/kv9/target/debug/deps/kv9_engine-75fdb4359b5e74cd.d
    Removing /home/dongxu/kv9/target/debug/deps/kv9_engine-847e48ae88a1fde1.d
    Removing /home/dongxu/kv9/target/debug/deps/kv9_engine-b8ef1d65e69c9c84.d
    Removing /home/dongxu/kv9/target/debug/deps/kv9_engine-73bee8509ce3f7d7.d
    Removing /home/dongxu/kv9/target/debug/deps/kv9_engine-25713e4effd429f7.d
    Removing /home/dongxu/kv9/target/debug/deps/kv9_engine-f0a9c59a57afaab2.d
    Removing /home/dongxu/kv9/target/debug/incremental/kv9_engine-14dpsu220453v
    Removing /home/dongxu/kv9/target/debug/incremental/kv9_engine-0uiwlc1677390
    Removing /home/dongxu/kv9/target/debug/incremental/kv9_engine-1n1bcspo4cpr8
    Removing /home/dongxu/kv9/target/debug/incremental/kv9_engine-0w58n9ys6w28e
    Removing /home/dongxu/kv9/target/debug/incremental/kv9_engine-3bd06dipoao5v
    Removing /home/dongxu/kv9/target/debug/incremental/kv9_engine-2v00yxbg2x9sm
    Removing /home/dongxu/kv9/target/debug/deps/kv9_engine-847e48ae88a1fde1
    Removing /home/dongxu/kv9/target/debug/examples/segment_publication_probe-f9ef102dbefe597f.d
    Removing /home/dongxu/kv9/target/debug/examples/segment_publication_probe-ec2b1252dde975e7.d
    Removing /home/dongxu/kv9/target/debug/examples/segment_publication_probe-f9ef102dbefe597f
    Removing /home/dongxu/kv9/target/debug/incremental/segment_publication_probe-0yq82ysv1ht63
    Removing /home/dongxu/kv9/target/debug/incremental/segment_publication_probe-30xzb4wsn8066
    Removing /home/dongxu/kv9/target/debug/examples/libsegment_publication_probe-ec2b1252dde975e7.rmeta
    Removing /home/dongxu/kv9/target/debug/deps/batch_atomicity-9440b63d97edbaf0
    Removing /home/dongxu/kv9/target/debug/deps/batch_atomicity-9440b63d97edbaf0.d
    Removing /home/dongxu/kv9/target/debug/deps/batch_atomicity-1ef300c388d82fbe.d
    Removing /home/dongxu/kv9/target/debug/incremental/batch_atomicity-02hcb36xn8is4
    Removing /home/dongxu/kv9/target/debug/incremental/batch_atomicity-27hr171aw75mo
    Removing /home/dongxu/kv9/target/debug/deps/libbatch_atomicity-1ef300c388d82fbe.rmeta
    Removing /home/dongxu/kv9/target/debug/deps/minio_backend-c99bbdc2246dccb6.d
    Removing /home/dongxu/kv9/target/debug/deps/minio_backend-f26e1d54c99f2153.d
    Removing /home/dongxu/kv9/target/debug/deps/minio_backend-c99bbdc2246dccb6
    Removing /home/dongxu/kv9/target/debug/incremental/minio_backend-1miyj3rfcz13x
    Removing /home/dongxu/kv9/target/debug/incremental/minio_backend-0n33sa7us9zsp
    Removing /home/dongxu/kv9/target/debug/deps/libminio_backend-f26e1d54c99f2153.rmeta
    Removing /home/dongxu/kv9/target/debug/deps/minio_checkpoint-49373be9ceaf5efb.d
    Removing /home/dongxu/kv9/target/debug/deps/minio_checkpoint-49373be9ceaf5efb
    Removing /home/dongxu/kv9/target/debug/deps/minio_checkpoint-f39bdab8b54ab9aa.d
    Removing /home/dongxu/kv9/target/debug/incremental/minio_checkpoint-0huuc8r3omkhq
    Removing /home/dongxu/kv9/target/debug/incremental/minio_checkpoint-0eck3q2b3rfjq
    Removing /home/dongxu/kv9/target/debug/deps/libminio_checkpoint-f39bdab8b54ab9aa.rmeta
    Removing /home/dongxu/kv9/target/debug/deps/object_safety-d35406e5d2bfc4fd
    Removing /home/dongxu/kv9/target/debug/deps/object_safety-5abf4e9fcb6afe23.d
    Removing /home/dongxu/kv9/target/debug/deps/object_safety-d35406e5d2bfc4fd.d
    Removing /home/dongxu/kv9/target/debug/incremental/object_safety-32w6evany33oi
    Removing /home/dongxu/kv9/target/debug/incremental/object_safety-0exd5gwhxpjzj
    Removing /home/dongxu/kv9/target/debug/deps/libobject_safety-5abf4e9fcb6afe23.rmeta
    Removing /home/dongxu/kv9/target/debug/.fingerprint/kv9-meta-ddd6967b22a61161
    Removing /home/dongxu/kv9/target/debug/.fingerprint/kv9-meta-d7726d04d3da906e
    Removing /home/dongxu/kv9/target/debug/.fingerprint/kv9-meta-a798bc98ca0fca4c
    Removing /home/dongxu/kv9/target/debug/.fingerprint/kv9-meta-1328bb9313917a95
    Removing /home/dongxu/kv9/target/debug/.fingerprint/kv9-meta-a63ed9998dbe44e4
    Removing /home/dongxu/kv9/target/debug/.fingerprint/kv9-meta-5d25285d88da930c
    Removing /home/dongxu/kv9/target/debug/.fingerprint/kv9-meta-4342e630c64c3c44
    Removing /home/dongxu/kv9/target/debug/.fingerprint/kv9-meta-b51cb99b9908773b
    Removing /home/dongxu/kv9/target/debug/.fingerprint/kv9-meta-d9b03b06c6dd1ada
    Removing /home/dongxu/kv9/target/debug/.fingerprint/kv9-meta-3b4057887e431df4
    Removing /home/dongxu/kv9/target/debug/.fingerprint/kv9-meta-7491d3c40094271c
    Removing /home/dongxu/kv9/target/debug/.fingerprint/kv9-meta-1ace62268762a318
    Removing /home/dongxu/kv9/target/debug/deps/libkv9_meta-a798bc98ca0fca4c.rmeta
    Removing /home/dongxu/kv9/target/debug/deps/libkv9_meta-2a4f35801d9be921.rmeta
    Removing /home/dongxu/kv9/target/debug/deps/libkv9_meta-1ace62268762a318.rmeta
    Removing /home/dongxu/kv9/target/debug/deps/libkv9_meta-ddd6967b22a61161.rmeta
    Removing /home/dongxu/kv9/target/debug/deps/kv9_meta-2a4f35801d9be921.d
    Removing /home/dongxu/kv9/target/debug/deps/kv9_meta-ddd6967b22a61161.d
    Removing /home/dongxu/kv9/target/debug/deps/kv9_meta-3b4057887e431df4.d
    Removing /home/dongxu/kv9/target/debug/deps/kv9_meta-a798bc98ca0fca4c.d
    Removing /home/dongxu/kv9/target/debug/deps/kv9_meta-1ace62268762a318.d
    Removing /home/dongxu/kv9/target/debug/incremental/kv9_meta-0r6fi3hhck5v2
    Removing /home/dongxu/kv9/target/debug/incremental/kv9_meta-3ke2g7j16fgem
    Removing /home/dongxu/kv9/target/debug/incremental/kv9_meta-179800m9fz521
    Removing /home/dongxu/kv9/target/debug/incremental/kv9_meta-2893gpl5xcwvb
    Removing /home/dongxu/kv9/target/debug/incremental/kv9_meta-27adxu3pk694d
    Removing /home/dongxu/kv9/target/debug/deps/kv9_meta-3b4057887e431df4
    Removing /home/dongxu/kv9/target/debug/deps/admission-1328bb9313917a95.d
    Removing /home/dongxu/kv9/target/debug/deps/admission-a63ed9998dbe44e4.d
    Removing /home/dongxu/kv9/target/debug/deps/admission-a63ed9998dbe44e4
    Removing /home/dongxu/kv9/target/debug/incremental/admission-32tbd58ws43os
    Removing /home/dongxu/kv9/target/debug/incremental/admission-1a2z1u3b3jqe6
    Removing /home/dongxu/kv9/target/debug/deps/libadmission-1328bb9313917a95.rmeta
    Removing /home/dongxu/kv9/target/debug/deps/catalog-4342e630c64c3c44.d
    Removing /home/dongxu/kv9/target/debug/deps/catalog-7491d3c40094271c
    Removing /home/dongxu/kv9/target/debug/deps/catalog-7491d3c40094271c.d
    Removing /home/dongxu/kv9/target/debug/incremental/catalog-1okqzvrcdriyb
    Removing /home/dongxu/kv9/target/debug/incremental/catalog-1no2erko9e1t2
    Removing /home/dongxu/kv9/target/debug/deps/libcatalog-4342e630c64c3c44.rmeta
    Removing /home/dongxu/kv9/target/debug/deps/catalog_facade-d9b03b06c6dd1ada
    Removing /home/dongxu/kv9/target/debug/deps/catalog_facade-d9b03b06c6dd1ada.d
    Removing /home/dongxu/kv9/target/debug/deps/catalog_facade-5d25285d88da930c.d
    Removing /home/dongxu/kv9/target/debug/incremental/catalog_facade-3pbqqukwfkia1
    Removing /home/dongxu/kv9/target/debug/incremental/catalog_facade-2c3bys3ff7o5f
    Removing /home/dongxu/kv9/target/debug/deps/libcatalog_facade-5d25285d88da930c.rmeta
    Removing /home/dongxu/kv9/target/debug/deps/endpoint-b51cb99b9908773b.d
    Removing /home/dongxu/kv9/target/debug/deps/endpoint-d7726d04d3da906e
    Removing /home/dongxu/kv9/target/debug/deps/endpoint-d7726d04d3da906e.d
    Removing /home/dongxu/kv9/target/debug/incremental/endpoint-1gd7u69plp13s
    Removing /home/dongxu/kv9/target/debug/incremental/endpoint-1m2imh04vyv1m
    Removing /home/dongxu/kv9/target/debug/deps/libendpoint-b51cb99b9908773b.rmeta
    Removing /home/dongxu/kv9/target/debug/.fingerprint/kv9-raft-68d8c1ef7d7206cd
    Removing /home/dongxu/kv9/target/debug/.fingerprint/kv9-raft-4aa8484c99fc3fdf
    Removing /home/dongxu/kv9/target/debug/.fingerprint/kv9-raft-2ec7e558d7903c4b
    Removing /home/dongxu/kv9/target/debug/.fingerprint/kv9-raft-aaee175f981ec65c
    Removing /home/dongxu/kv9/target/debug/.fingerprint/kv9-raft-8ea2b0b206f6a389
    Removing /home/dongxu/kv9/target/debug/.fingerprint/kv9-raft-259e5538368233c6
    Removing /home/dongxu/kv9/target/debug/.fingerprint/kv9-raft-3e979ee7e1fa537e
    Removing /home/dongxu/kv9/target/debug/.fingerprint/kv9-raft-4fc866b070a1d9a3
    Removing /home/dongxu/kv9/target/debug/.fingerprint/kv9-raft-22a654747a83f600
    Removing /home/dongxu/kv9/target/debug/.fingerprint/kv9-raft-69fb04a9511d2ff3
    Removing /home/dongxu/kv9/target/debug/.fingerprint/kv9-raft-8e2aed077918d8ad
    Removing /home/dongxu/kv9/target/debug/.fingerprint/kv9-raft-9094a9d7fd5cdd68
    Removing /home/dongxu/kv9/target/debug/.fingerprint/kv9-raft-04d9a3c288a567f0
    Removing /home/dongxu/kv9/target/debug/.fingerprint/kv9-raft-16b8e3150b22678d
    Removing /home/dongxu/kv9/target/debug/.fingerprint/kv9-raft-1db4c9a489eee04e
    Removing /home/dongxu/kv9/target/debug/.fingerprint/kv9-raft-70a5f872d1fe8f00
    Removing /home/dongxu/kv9/target/debug/.fingerprint/kv9-raft-01d804bcbdc22b40
    Removing /home/dongxu/kv9/target/debug/.fingerprint/kv9-raft-789bd8e29ed02a96
    Removing /home/dongxu/kv9/target/debug/.fingerprint/kv9-raft-3ad71a14d6019678
    Removing /home/dongxu/kv9/target/debug/.fingerprint/kv9-raft-4ae8ba64454d91c6
    Removing /home/dongxu/kv9/target/debug/.fingerprint/kv9-raft-089d0074a5ac89c3
    Removing /home/dongxu/kv9/target/debug/.fingerprint/kv9-raft-1893ba8e898e2a8b
    Removing /home/dongxu/kv9/target/debug/.fingerprint/kv9-raft-aac5c4092a7cf7b1
    Removing /home/dongxu/kv9/target/debug/.fingerprint/kv9-raft-ec5360f79ca531b7
    Removing /home/dongxu/kv9/target/debug/.fingerprint/kv9-raft-b70b88fe1973aa4c
    Removing /home/dongxu/kv9/target/debug/.fingerprint/kv9-raft-b2bd7bbba25a0fc9
    Removing /home/dongxu/kv9/target/debug/.fingerprint/kv9-raft-5c2edb67551d03a9
    Removing /home/dongxu/kv9/target/debug/.fingerprint/kv9-raft-783559f594545477
    Removing /home/dongxu/kv9/target/debug/.fingerprint/kv9-raft-2b47682a5a10eafb
    Removing /home/dongxu/kv9/target/debug/.fingerprint/kv9-raft-b1274f25c8b8ce96
    Removing /home/dongxu/kv9/target/debug/.fingerprint/kv9-raft-bad81259382e317d
    Removing /home/dongxu/kv9/target/debug/deps/libkv9_raft-7f3cf8a747697b55.rmeta
    Removing /home/dongxu/kv9/target/debug/deps/libkv9_raft-4fc866b070a1d9a3.rmeta
    Removing /home/dongxu/kv9/target/debug/deps/libkv9_raft-16b8e3150b22678d.rmeta
    Removing /home/dongxu/kv9/target/debug/deps/libkv9_raft-bad81259382e317d.rmeta
    Removing /home/dongxu/kv9/target/debug/deps/libkv9_raft-aaa18a268e4a479c.rmeta
    Removing /home/dongxu/kv9/target/debug/deps/kv9_raft-7f3cf8a747697b55.d
    Removing /home/dongxu/kv9/target/debug/deps/kv9_raft-16b8e3150b22678d.d
    Removing /home/dongxu/kv9/target/debug/deps/kv9_raft-8ea2b0b206f6a389.d
    Removing /home/dongxu/kv9/target/debug/deps/kv9_raft-aaa18a268e4a479c.d
    Removing /home/dongxu/kv9/target/debug/deps/kv9_raft-bad81259382e317d.d
    Removing /home/dongxu/kv9/target/debug/deps/kv9_raft-01d804bcbdc22b40.d
    Removing /home/dongxu/kv9/target/debug/deps/kv9_raft-4fc866b070a1d9a3.d
    Removing /home/dongxu/kv9/target/debug/incremental/kv9_raft-1vx7j175tem2v
    Removing /home/dongxu/kv9/target/debug/incremental/kv9_raft-0fxwuanr9kxha
    Removing /home/dongxu/kv9/target/debug/incremental/kv9_raft-0nibtcc15ga69
    Removing /home/dongxu/kv9/target/debug/incremental/kv9_raft-0wdzvlpdnmci3
    Removing /home/dongxu/kv9/target/debug/incremental/kv9_raft-0hxu0snc6darn
    Removing /home/dongxu/kv9/target/debug/incremental/kv9_raft-22ehzbrjo2xl9
    Removing /home/dongxu/kv9/target/debug/incremental/kv9_raft-0w4wv6rrm7nns
    Removing /home/dongxu/kv9/target/debug/deps/kv9_raft-01d804bcbdc22b40
    Removing /home/dongxu/kv9/target/debug/deps/kv9_raft-8ea2b0b206f6a389
    Removing /home/dongxu/kv9/target/debug/examples/check_wire_floor-b1274f25c8b8ce96
    Removing /home/dongxu/kv9/target/debug/examples/check_wire_floor-68d8c1ef7d7206cd
    Removing /home/dongxu/kv9/target/debug/examples/check_wire_floor-b1274f25c8b8ce96.d
    Removing /home/dongxu/kv9/target/debug/examples/check_wire_floor-68d8c1ef7d7206cd.d
    Removing /home/dongxu/kv9/target/debug/examples/check_wire_floor-4aa8484c99fc3fdf.d
    Removing /home/dongxu/kv9/target/debug/incremental/check_wire_floor-08rkep2nsh928
    Removing /home/dongxu/kv9/target/debug/incremental/check_wire_floor-3kgclmp8f8fys
    Removing /home/dongxu/kv9/target/debug/incremental/check_wire_floor-2qqhmu7jyeejy
    Removing /home/dongxu/kv9/target/debug/examples/libcheck_wire_floor-4aa8484c99fc3fdf.rmeta
    Removing /home/dongxu/kv9/target/debug/deps/driver_lock_order-2b47682a5a10eafb
    Removing /home/dongxu/kv9/target/debug/deps/driver_lock_order-789bd8e29ed02a96.d
    Removing /home/dongxu/kv9/target/debug/deps/driver_lock_order-2b47682a5a10eafb.d
    Removing /home/dongxu/kv9/target/debug/deps/driver_lock_order-2ec7e558d7903c4b
    Removing /home/dongxu/kv9/target/debug/deps/driver_lock_order-2ec7e558d7903c4b.d
    Removing /home/dongxu/kv9/target/debug/incremental/driver_lock_order-3bfjgmvoon89h
    Removing /home/dongxu/kv9/target/debug/incremental/driver_lock_order-0e0ti3y26bk1h
    Removing /home/dongxu/kv9/target/debug/incremental/driver_lock_order-1hqiri05s1qod
    Removing /home/dongxu/kv9/target/debug/deps/libdriver_lock_order-789bd8e29ed02a96.rmeta
    Removing /home/dongxu/kv9/target/debug/deps/frame_bad_input-783559f594545477
    Removing /home/dongxu/kv9/target/debug/deps/frame_bad_input-783559f594545477.d
    Removing /home/dongxu/kv9/target/debug/deps/frame_bad_input-aaee175f981ec65c.d
    Removing /home/dongxu/kv9/target/debug/deps/frame_bad_input-b2bd7bbba25a0fc9.d
    Removing /home/dongxu/kv9/target/debug/deps/frame_bad_input-b2bd7bbba25a0fc9
    Removing /home/dongxu/kv9/target/debug/incremental/frame_bad_input-07lj9imatstsl
    Removing /home/dongxu/kv9/target/debug/incremental/frame_bad_input-3pz4cfhuighbb
    Removing /home/dongxu/kv9/target/debug/incremental/frame_bad_input-0ismn92mx0k2t
    Removing /home/dongxu/kv9/target/debug/deps/libframe_bad_input-aaee175f981ec65c.rmeta
    Removing /home/dongxu/kv9/target/debug/deps/lease_clock_pause-3e979ee7e1fa537e.d
    Removing /home/dongxu/kv9/target/debug/deps/lease_clock_pause-9094a9d7fd5cdd68.d
    Removing /home/dongxu/kv9/target/debug/deps/lease_clock_pause-b70b88fe1973aa4c
    Removing /home/dongxu/kv9/target/debug/deps/lease_clock_pause-9094a9d7fd5cdd68
    Removing /home/dongxu/kv9/target/debug/deps/lease_clock_pause-b70b88fe1973aa4c.d
    Removing /home/dongxu/kv9/target/debug/incremental/lease_clock_pause-0fvislcve7b1k
    Removing /home/dongxu/kv9/target/debug/incremental/lease_clock_pause-22t2nel0bi504
    Removing /home/dongxu/kv9/target/debug/incremental/lease_clock_pause-17t5eso5eso8w
    Removing /home/dongxu/kv9/target/debug/deps/liblease_clock_pause-3e979ee7e1fa537e.rmeta
    Removing /home/dongxu/kv9/target/debug/deps/lease_restart-1893ba8e898e2a8b
    Removing /home/dongxu/kv9/target/debug/deps/lease_restart-089d0074a5ac89c3.d
    Removing /home/dongxu/kv9/target/debug/deps/lease_restart-69fb04a9511d2ff3
    Removing /home/dongxu/kv9/target/debug/deps/lease_restart-69fb04a9511d2ff3.d
    Removing /home/dongxu/kv9/target/debug/deps/lease_restart-1893ba8e898e2a8b.d
    Removing /home/dongxu/kv9/target/debug/incremental/lease_restart-15hicqcn9lknm
    Removing /home/dongxu/kv9/target/debug/incremental/lease_restart-0qvj124fm9051
    Removing /home/dongxu/kv9/target/debug/incremental/lease_restart-2at2rib4o8dxm
    Removing /home/dongxu/kv9/target/debug/deps/liblease_restart-089d0074a5ac89c3.rmeta
    Removing /home/dongxu/kv9/target/debug/deps/membership-aac5c4092a7cf7b1
    Removing /home/dongxu/kv9/target/debug/deps/membership-ec5360f79ca531b7
    Removing /home/dongxu/kv9/target/debug/deps/membership-aac5c4092a7cf7b1.d
    Removing /home/dongxu/kv9/target/debug/deps/membership-259e5538368233c6.d
    Removing /home/dongxu/kv9/target/debug/deps/membership-ec5360f79ca531b7.d
    Removing /home/dongxu/kv9/target/debug/incremental/membership-2xuq3qhk56nc8
    Removing /home/dongxu/kv9/target/debug/incremental/membership-0wrzgdz73pe7b
    Removing /home/dongxu/kv9/target/debug/incremental/membership-2ze1naz9z37k4
    Removing /home/dongxu/kv9/target/debug/deps/libmembership-259e5538368233c6.rmeta
    Removing /home/dongxu/kv9/target/debug/build/kv9-raft-22a654747a83f600
    Removing /home/dongxu/kv9/target/debug/build/kv9-raft-8e2aed077918d8ad
    Removing /home/dongxu/kv9/target/debug/build/kv9-raft-04d9a3c288a567f0
    Removing /home/dongxu/kv9/target/debug/build/kv9-raft-1db4c9a489eee04e
    Removing /home/dongxu/kv9/target/debug/build/kv9-raft-70a5f872d1fe8f00
    Removing /home/dongxu/kv9/target/debug/build/kv9-raft-3ad71a14d6019678
    Removing /home/dongxu/kv9/target/debug/build/kv9-raft-4ae8ba64454d91c6
    Removing /home/dongxu/kv9/target/debug/build/kv9-raft-5c2edb67551d03a9
    Removing /home/dongxu/kv9/target/debug/.fingerprint/kv9-region-ec3442ed58c0e7bc
    Removing /home/dongxu/kv9/target/debug/.fingerprint/kv9-region-99a6ca883de7bd5f
    Removing /home/dongxu/kv9/target/debug/.fingerprint/kv9-region-26f985e7ecdb0a7b
    Removing /home/dongxu/kv9/target/debug/.fingerprint/kv9-region-56b359f9291a2e14
    Removing /home/dongxu/kv9/target/debug/deps/libkv9_region-56b359f9291a2e14.rmeta
    Removing /home/dongxu/kv9/target/debug/deps/libkv9_region-26f985e7ecdb0a7b.rmeta
    Removing /home/dongxu/kv9/target/debug/deps/libkv9_region-15286eb1a9730c4f.rmeta
    Removing /home/dongxu/kv9/target/debug/deps/libkv9_region-99a6ca883de7bd5f.rmeta
    Removing /home/dongxu/kv9/target/debug/deps/kv9_region-56b359f9291a2e14.d
    Removing /home/dongxu/kv9/target/debug/deps/kv9_region-26f985e7ecdb0a7b.d
    Removing /home/dongxu/kv9/target/debug/deps/kv9_region-15286eb1a9730c4f.d
    Removing /home/dongxu/kv9/target/debug/deps/kv9_region-ec3442ed58c0e7bc.d
    Removing /home/dongxu/kv9/target/debug/deps/kv9_region-99a6ca883de7bd5f.d
    Removing /home/dongxu/kv9/target/debug/incremental/kv9_region-3hl1cz9zi5hve
    Removing /home/dongxu/kv9/target/debug/incremental/kv9_region-12rzhp8cc5j2v
    Removing /home/dongxu/kv9/target/debug/incremental/kv9_region-3hwfvpi5iixqi
    Removing /home/dongxu/kv9/target/debug/incremental/kv9_region-2jbm12auf890u
    Removing /home/dongxu/kv9/target/debug/incremental/kv9_region-0hu1s8gxuuw0t
    Removing /home/dongxu/kv9/target/debug/deps/kv9_region-ec3442ed58c0e7bc
    Removing /home/dongxu/kv9/target/debug/.fingerprint/kv9-server-52857036ae74b338
    Removing /home/dongxu/kv9/target/debug/.fingerprint/kv9-server-e59afdad92614f35
    Removing /home/dongxu/kv9/target/debug/.fingerprint/kv9-server-d414e09f94964ddd
    Removing /home/dongxu/kv9/target/debug/.fingerprint/kv9-server-1050362b997798f9
    Removing /home/dongxu/kv9/target/debug/.fingerprint/kv9-server-d82c3a95f0e1ead9
    Removing /home/dongxu/kv9/target/debug/.fingerprint/kv9-server-2c15968521ca931a
    Removing /home/dongxu/kv9/target/debug/.fingerprint/kv9-server-190c59bf875ae59e
    Removing /home/dongxu/kv9/target/debug/.fingerprint/kv9-server-6f03541a6cec9622
    Removing /home/dongxu/kv9/target/debug/.fingerprint/kv9-server-9972d196fc3370d2
    Removing /home/dongxu/kv9/target/debug/.fingerprint/kv9-server-7f697868a829baa8
    Removing /home/dongxu/kv9/target/debug/.fingerprint/kv9-server-a9cf5b33d6829579
    Removing /home/dongxu/kv9/target/debug/.fingerprint/kv9-server-9aff0d8204b6f0fc
    Removing /home/dongxu/kv9/target/debug/.fingerprint/kv9-server-df160db94d5eee68
    Removing /home/dongxu/kv9/target/debug/.fingerprint/kv9-server-0a4d9a969c4be9d3
    Removing /home/dongxu/kv9/target/debug/.fingerprint/kv9-server-a4475b8b2b4d7099
    Removing /home/dongxu/kv9/target/debug/.fingerprint/kv9-server-f9763726d1810b97
    Removing /home/dongxu/kv9/target/debug/.fingerprint/kv9-server-dc8de9c85f9db608
    Removing /home/dongxu/kv9/target/debug/.fingerprint/kv9-server-f0fdaeab1e708538
    Removing /home/dongxu/kv9/target/debug/.fingerprint/kv9-server-afe4d8926034f69d
    Removing /home/dongxu/kv9/target/debug/.fingerprint/kv9-server-b2024714c7c3fa03
    Removing /home/dongxu/kv9/target/debug/.fingerprint/kv9-server-dc864ab02cd05900
    Removing /home/dongxu/kv9/target/debug/.fingerprint/kv9-server-c75f9ffe66cc644a
    Removing /home/dongxu/kv9/target/debug/.fingerprint/kv9-server-eb943530c23ab78b
    Removing /home/dongxu/kv9/target/debug/.fingerprint/kv9-server-dddc707c66c382e3
    Removing /home/dongxu/kv9/target/debug/.fingerprint/kv9-server-bda2371f07c66964
    Removing /home/dongxu/kv9/target/debug/.fingerprint/kv9-server-cb2898367b6fb364
    Removing /home/dongxu/kv9/target/debug/.fingerprint/kv9-server-54b261f2a1921ae9
    Removing /home/dongxu/kv9/target/debug/.fingerprint/kv9-server-cb5324aa56f12f82
    Removing /home/dongxu/kv9/target/debug/.fingerprint/kv9-server-f687dae33027f04d
    Removing /home/dongxu/kv9/target/debug/.fingerprint/kv9-server-ba455c0231e972e6
    Removing /home/dongxu/kv9/target/debug/.fingerprint/kv9-server-36e3570a8ab98d46
    Removing /home/dongxu/kv9/target/debug/.fingerprint/kv9-server-9f9e5f2ee45d77e0
    Removing /home/dongxu/kv9/target/debug/.fingerprint/kv9-server-a09dd4636382b429
    Removing /home/dongxu/kv9/target/debug/.fingerprint/kv9-server-34ebdf6b95113279
    Removing /home/dongxu/kv9/target/debug/.fingerprint/kv9-server-cfb34f25e24a6c5c
    Removing /home/dongxu/kv9/target/debug/deps/libkv9_server-e59afdad92614f35.rmeta
    Removing /home/dongxu/kv9/target/debug/deps/libkv9_server-54b261f2a1921ae9.rmeta
    Removing /home/dongxu/kv9/target/debug/deps/libkv9_server-7b479cfe9f8e48fa.rmeta
    Removing /home/dongxu/kv9/target/debug/deps/libkv9_server-c75f9ffe66cc644a.rmeta
    Removing /home/dongxu/kv9/target/debug/deps/libkv9_server-52857036ae74b338.rmeta
    Removing /home/dongxu/kv9/target/debug/deps/kv9_server-1050362b997798f9.d
    Removing /home/dongxu/kv9/target/debug/deps/kv9_server-e59afdad92614f35.d
    Removing /home/dongxu/kv9/target/debug/deps/kv9_server-54b261f2a1921ae9.d
    Removing /home/dongxu/kv9/target/debug/deps/kv9_server-c75f9ffe66cc644a.d
    Removing /home/dongxu/kv9/target/debug/deps/kv9_server-7b479cfe9f8e48fa.d
    Removing /home/dongxu/kv9/target/debug/deps/kv9_server-52857036ae74b338.d
    Removing /home/dongxu/kv9/target/debug/incremental/kv9_server-200uq9kxt117m
    Removing /home/dongxu/kv9/target/debug/incremental/kv9_server-0a3qv3q4hmkyo
    Removing /home/dongxu/kv9/target/debug/incremental/kv9_server-2mgpu9atmvedu
    Removing /home/dongxu/kv9/target/debug/incremental/kv9_server-3ti4tw6jirusd
    Removing /home/dongxu/kv9/target/debug/incremental/kv9_server-3f78bj3im20tq
    Removing /home/dongxu/kv9/target/debug/incremental/kv9_server-1f8ypxzo3mdcb
    Removing /home/dongxu/kv9/target/debug/deps/kv9_server-1050362b997798f9
    Removing /home/dongxu/kv9/target/debug/deps/kv9_batch_benchmark-6f03541a6cec9622.d
    Removing /home/dongxu/kv9/target/debug/deps/kv9_batch_benchmark-cb2898367b6fb364.d
    Removing /home/dongxu/kv9/target/debug/deps/kv9_batch_benchmark-f9763726d1810b97.d
    Removing /home/dongxu/kv9/target/debug/deps/kv9_batch_benchmark-190c59bf875ae59e.d
    Removing /home/dongxu/kv9/target/debug/deps/kv9_batch_benchmark-2c15968521ca931a.d
    Removing /home/dongxu/kv9/target/debug/deps/kv9_batch_benchmark-190c59bf875ae59e
    Removing /home/dongxu/kv9/target/debug/incremental/kv9_batch_benchmark-2rrmlzk44vu89
    Removing /home/dongxu/kv9/target/debug/incremental/kv9_batch_benchmark-3a8pro918ikpj
    Removing /home/dongxu/kv9/target/debug/incremental/kv9_batch_benchmark-04h5189xenhpl
    Removing /home/dongxu/kv9/target/debug/incremental/kv9_batch_benchmark-3dn36x62krdzb
    Removing /home/dongxu/kv9/target/debug/incremental/kv9_batch_benchmark-1p6c5p0ehdz6f
    Removing /home/dongxu/kv9/target/debug/deps/libkv9_batch_benchmark-cb2898367b6fb364.rmeta
    Removing /home/dongxu/kv9/target/debug/deps/libkv9_batch_benchmark-f9763726d1810b97.rmeta
    Removing /home/dongxu/kv9/target/debug/deps/libkv9_batch_benchmark-6f03541a6cec9622.rmeta
    Removing /home/dongxu/kv9/target/debug/deps/libkv9_batch_benchmark-2c15968521ca931a.rmeta
    Removing /home/dongxu/kv9/target/debug/deps/kv9_batch_workload-9aff0d8204b6f0fc.d
    Removing /home/dongxu/kv9/target/debug/deps/kv9_batch_workload-eb943530c23ab78b.d
    Removing /home/dongxu/kv9/target/debug/deps/kv9_batch_workload-d414e09f94964ddd.d
    Removing /home/dongxu/kv9/target/debug/deps/kv9_batch_workload-d414e09f94964ddd
    Removing /home/dongxu/kv9/target/debug/deps/kv9_batch_workload-9f9e5f2ee45d77e0.d
    Removing /home/dongxu/kv9/target/debug/deps/kv9_batch_workload-a9cf5b33d6829579.d
    Removing /home/dongxu/kv9/target/debug/incremental/kv9_batch_workload-1q1t21cie5bg2
    Removing /home/dongxu/kv9/target/debug/incremental/kv9_batch_workload-1776j1kg215gn
    Removing /home/dongxu/kv9/target/debug/incremental/kv9_batch_workload-0eqrft1menfgf
    Removing /home/dongxu/kv9/target/debug/incremental/kv9_batch_workload-10vtkkq5fu243
    Removing /home/dongxu/kv9/target/debug/incremental/kv9_batch_workload-3ggtvheolna8c
    Removing /home/dongxu/kv9/target/debug/deps/libkv9_batch_workload-a9cf5b33d6829579.rmeta
    Removing /home/dongxu/kv9/target/debug/deps/libkv9_batch_workload-eb943530c23ab78b.rmeta
    Removing /home/dongxu/kv9/target/debug/deps/libkv9_batch_workload-9f9e5f2ee45d77e0.rmeta
    Removing /home/dongxu/kv9/target/debug/deps/libkv9_batch_workload-9aff0d8204b6f0fc.rmeta
    Removing /home/dongxu/kv9/target/debug/deps/kv9_workload-b2024714c7c3fa03.d
    Removing /home/dongxu/kv9/target/debug/deps/kv9_workload-dc864ab02cd05900.d
    Removing /home/dongxu/kv9/target/debug/deps/kv9_workload-9972d196fc3370d2.d
    Removing /home/dongxu/kv9/target/debug/deps/kv9_workload-b2024714c7c3fa03
    Removing /home/dongxu/kv9/target/debug/deps/kv9_workload-36e3570a8ab98d46.d
    Removing /home/dongxu/kv9/target/debug/deps/kv9_workload-a09dd4636382b429.d
    Removing /home/dongxu/kv9/target/debug/incremental/kv9_workload-33d13j9n8bzbb
    Removing /home/dongxu/kv9/target/debug/incremental/kv9_workload-3scmk2i14fgvx
    Removing /home/dongxu/kv9/target/debug/incremental/kv9_workload-15vl13hx4stza
    Removing /home/dongxu/kv9/target/debug/incremental/kv9_workload-19awbiud22z46
    Removing /home/dongxu/kv9/target/debug/incremental/kv9_workload-1lc6kv5savrjg
    Removing /home/dongxu/kv9/target/debug/deps/libkv9_workload-36e3570a8ab98d46.rmeta
    Removing /home/dongxu/kv9/target/debug/deps/libkv9_workload-9972d196fc3370d2.rmeta
    Removing /home/dongxu/kv9/target/debug/deps/libkv9_workload-a09dd4636382b429.rmeta
    Removing /home/dongxu/kv9/target/debug/deps/libkv9_workload-dc864ab02cd05900.rmeta
    Removing /home/dongxu/kv9/target/debug/examples/admission_pressure-dddc707c66c382e3.d
    Removing /home/dongxu/kv9/target/debug/examples/admission_pressure-f687dae33027f04d
    Removing /home/dongxu/kv9/target/debug/examples/admission_pressure-f687dae33027f04d.d
    Removing /home/dongxu/kv9/target/debug/examples/admission_pressure-34ebdf6b95113279.d
    Removing /home/dongxu/kv9/target/debug/incremental/admission_pressure-0e4pvvyh41l69
    Removing /home/dongxu/kv9/target/debug/incremental/admission_pressure-3qsan5f8n9q4m
    Removing /home/dongxu/kv9/target/debug/incremental/admission_pressure-0ofj5xzlx72zx
    Removing /home/dongxu/kv9/target/debug/examples/libadmission_pressure-dddc707c66c382e3.rmeta
    Removing /home/dongxu/kv9/target/debug/examples/libadmission_pressure-34ebdf6b95113279.rmeta
    Removing /home/dongxu/kv9/target/debug/examples/latency_overhead-0a4d9a969c4be9d3.d
    Removing /home/dongxu/kv9/target/debug/examples/latency_overhead-ba455c0231e972e6.d
    Removing /home/dongxu/kv9/target/debug/examples/latency_overhead-f0fdaeab1e708538.d
    Removing /home/dongxu/kv9/target/debug/examples/latency_overhead-ba455c0231e972e6
    Removing /home/dongxu/kv9/target/debug/incremental/latency_overhead-3a2ar5sy6ncum
    Removing /home/dongxu/kv9/target/debug/incremental/latency_overhead-2mvk5p2husw7b
    Removing /home/dongxu/kv9/target/debug/incremental/latency_overhead-3q97deqed4bv8
    Removing /home/dongxu/kv9/target/debug/examples/liblatency_overhead-0a4d9a969c4be9d3.rmeta
    Removing /home/dongxu/kv9/target/debug/examples/liblatency_overhead-f0fdaeab1e708538.rmeta
    Removing /home/dongxu/kv9/target/debug/examples/workload_loopback-dc8de9c85f9db608.d
    Removing /home/dongxu/kv9/target/debug/examples/workload_loopback-dc8de9c85f9db608
    Removing /home/dongxu/kv9/target/debug/examples/workload_loopback-7f697868a829baa8.d
    Removing /home/dongxu/kv9/target/debug/examples/workload_loopback-bda2371f07c66964.d
    Removing /home/dongxu/kv9/target/debug/incremental/workload_loopback-2il83ovu7zkwh
    Removing /home/dongxu/kv9/target/debug/incremental/workload_loopback-0814o4m0pfezq
    Removing /home/dongxu/kv9/target/debug/incremental/workload_loopback-3i33s94cm8vky
    Removing /home/dongxu/kv9/target/debug/examples/libworkload_loopback-bda2371f07c66964.rmeta
    Removing /home/dongxu/kv9/target/debug/examples/libworkload_loopback-7f697868a829baa8.rmeta
    Removing /home/dongxu/kv9/target/debug/build/kv9-server-d82c3a95f0e1ead9
    Removing /home/dongxu/kv9/target/debug/build/kv9-server-df160db94d5eee68
    Removing /home/dongxu/kv9/target/debug/build/kv9-server-a4475b8b2b4d7099
    Removing /home/dongxu/kv9/target/debug/build/kv9-server-afe4d8926034f69d
    Removing /home/dongxu/kv9/target/debug/build/kv9-server-cb5324aa56f12f82
    Removing /home/dongxu/kv9/target/debug/build/kv9-server-cfb34f25e24a6c5c
    Removing /home/dongxu/kv9/target/debug/.fingerprint/kv9-txn-0e4ef291c0cbf88d
    Removing /home/dongxu/kv9/target/debug/.fingerprint/kv9-txn-94eaa8fd2167ebcc
    Removing /home/dongxu/kv9/target/debug/.fingerprint/kv9-txn-4801d71a5d8dcdb1
    Removing /home/dongxu/kv9/target/debug/.fingerprint/kv9-txn-4be87da3d0e89e65
    Removing /home/dongxu/kv9/target/debug/deps/libkv9_txn-7a00f7bc69615c78.rmeta
    Removing /home/dongxu/kv9/target/debug/deps/libkv9_txn-4801d71a5d8dcdb1.rmeta
    Removing /home/dongxu/kv9/target/debug/deps/libkv9_txn-94eaa8fd2167ebcc.rmeta
    Removing /home/dongxu/kv9/target/debug/deps/libkv9_txn-0e4ef291c0cbf88d.rmeta
    Removing /home/dongxu/kv9/target/debug/deps/kv9_txn-0e4ef291c0cbf88d.d
    Removing /home/dongxu/kv9/target/debug/deps/kv9_txn-4be87da3d0e89e65.d
    Removing /home/dongxu/kv9/target/debug/deps/kv9_txn-4801d71a5d8dcdb1.d
    Removing /home/dongxu/kv9/target/debug/deps/kv9_txn-94eaa8fd2167ebcc.d
    Removing /home/dongxu/kv9/target/debug/deps/kv9_txn-7a00f7bc69615c78.d
    Removing /home/dongxu/kv9/target/debug/incremental/kv9_txn-36jlo2ohpmw6a
    Removing /home/dongxu/kv9/target/debug/incremental/kv9_txn-1thrvqozcjz8a
    Removing /home/dongxu/kv9/target/debug/incremental/kv9_txn-1nnflqhjv5hyl
    Removing /home/dongxu/kv9/target/debug/incremental/kv9_txn-0ocbrb02ejf72
    Removing /home/dongxu/kv9/target/debug/incremental/kv9_txn-0lc30woi1wzz9
    Removing /home/dongxu/kv9/target/debug/deps/kv9_txn-4be87da3d0e89e65
     Removed 5969 files, 6.2GiB total
