       Fresh unicode-ident v1.0.24
       Fresh proc-macro2 v1.0.107
       Fresh quote v1.0.47
       Fresh libc v0.2.189
       Fresh pin-project-lite v0.2.17
       Fresh syn v2.0.119
       Fresh syn v3.0.4
       Fresh jobserver v0.1.35
       Fresh futures-core v0.3.34
       Fresh synstructure v0.13.2
       Fresh shlex v2.0.1
       Fresh find-msvc-tools v0.1.12
       Fresh cc v1.4.5
       Fresh zerofrom-derive v0.1.7
       Fresh itoa v1.0.18
       Fresh yoke-derive v0.8.2
       Fresh zerofrom v0.1.8
       Fresh tokio-macros v2.7.2
       Fresh mio v1.2.2
       Fresh socket2 v0.6.5
       Fresh stable_deref_trait v1.2.1
       Fresh smallvec v1.15.2
       Fresh tokio v1.53.1
       Fresh yoke v0.8.3
       Fresh http v1.5.0
       Fresh serde_core v1.0.229
       Fresh zerovec-derive v0.11.6
       Fresh futures-macro v0.3.34
       Fresh futures-task v0.3.34
       Fresh slab v0.4.12
       Fresh futures-sink v0.3.34
       Fresh typenum v1.20.1
       Fresh zerovec v0.11.8
       Fresh futures-util v0.3.34
       Fresh cmake v0.1.58
       Fresh tracing-core v0.1.36
       Fresh displaydoc v0.2.7
       Fresh tracing-attributes v0.1.31
       Fresh dunce v1.0.5
       Fresh pkg-config v0.3.34
       Fresh fs_extra v1.3.0
       Fresh tracing v0.1.44
       Fresh tokio-util v0.7.19
       Fresh http-body v1.1.0
       Fresh percent-encoding v2.3.2
       Fresh tower-service v0.3.3
       Fresh version_check v0.9.5
       Fresh tinystr v0.8.4
       Fresh serde_derive v1.0.229
       Fresh writeable v0.6.4
       Fresh litemap v0.8.3
       Fresh zeroize v1.9.0
       Fresh icu_locale_core v2.3.0
       Fresh serde v1.0.229
       Fresh zerotrie v0.2.5
       Fresh potential_utf v0.1.6
       Fresh try-lock v0.2.5
       Fresh utf8_iter v1.0.4
       Fresh atomic-waker v1.1.2
       Fresh fnv v1.0.7
       Fresh want v0.3.1
       Fresh h2 v0.4.19
       Fresh icu_collections v2.3.0
       Fresh generic-array v0.14.7
       Fresh icu_provider v2.3.1
       Fresh httparse v1.10.1
       Fresh rustls-pki-types v1.15.1
       Fresh aws-lc-sys v0.45.0
       Fresh futures-channel v0.3.34
       Fresh sync_wrapper v1.0.2
       Fresh httpdate v1.0.3
       Fresh tower-layer v0.3.3
       Fresh bytes v1.12.1
       Fresh hyper v1.11.0
       Fresh aws-lc-rs v1.18.1
       Fresh icu_normalizer_data v2.3.0
       Fresh icu_properties_data v2.3.0
       Fresh untrusted v0.9.0
       Fresh ipnet v2.12.2
       Fresh base64 v0.22.1
       Fresh icu_properties v2.3.0
       Fresh rustls-webpki v0.103.15
       Fresh hyper-util v0.1.20
       Fresh icu_normalizer v2.3.0
       Fresh tower v0.5.3
       Fresh crypto-common v0.1.7
       Fresh block-buffer v0.10.4
       Fresh aho-corasick v1.1.5
       Fresh http-body-util v0.1.5
       Fresh subtle v2.6.1
       Fresh memchr v2.8.3
       Fresh regex-syntax v0.8.11
       Fresh rustls v0.23.44
       Fresh regex-automata v0.4.18
       Fresh digest v0.10.7
       Fresh idna_adapter v1.2.2
       Fresh form_urlencoded v1.2.2
       Fresh hybrid-array v0.4.14
       Fresh autocfg v1.5.1
       Fresh itertools v0.14.0
       Fresh idna v1.1.0
       Fresh regex v1.13.1
       Fresh anyhow v1.0.104
       Fresh thiserror-impl v1.0.69
       Fresh rand_core v0.10.1
       Fresh openssl-probe v0.2.1
       Fresh rustls-native-certs v0.8.4
       Fresh thiserror v1.0.69
       Fresh prost-derive v0.14.4
       Fresh url v2.5.8
       Fresh block-buffer v0.12.1
       Fresh crypto-common v0.2.2
       Fresh tokio-rustls v0.26.5
       Fresh async-trait v0.1.92
       Fresh cpufeatures v0.3.1
       Fresh bitflags v2.13.1
       Fresh scopeguard v1.2.0
       Fresh cpufeatures v0.2.17
       Fresh tower-http v0.6.11
       Fresh sha2 v0.10.9
       Fresh lock_api v0.4.14
       Fresh hyper-rustls v0.27.9
       Fresh rustls-platform-verifier v0.7.0
       Fresh chacha20 v0.10.2
       Fresh digest v0.11.3
       Fresh num-traits v0.2.19
       Fresh parking_lot_core v0.9.12
       Fresh zmij v1.0.23
       Fresh thiserror-impl v2.0.20
       Fresh ryu v1.0.23
       Fresh spin v0.10.1
       Fresh either v1.18.0
       Fresh iana-time-zone v0.1.65
       Fresh triomphe v0.1.16
       Fresh archery v1.2.3
       Fresh chrono v0.4.45
       Fresh crc-fast v1.10.0
       Fresh itertools v0.15.0
       Fresh serde_urlencoded v0.7.1
       Fresh parking_lot v0.12.5
       Fresh rand v0.10.2
       Fresh thiserror v2.0.20
       Fresh serde_json v1.0.151
       Fresh md-5 v0.11.0
       Fresh reqwest v0.13.4
       Fresh quick-xml v0.41.0
       Fresh linux-raw-sys v0.12.1
       Fresh humantime v2.4.0
       Fresh hashbrown v0.17.1
       Fresh equivalent v1.0.2
       Fresh unicase v2.9.0
       Fresh cfg-if v1.0.4
       Fresh foldhash v0.1.5
       Fresh pulldown-cmark v0.13.4
       Fresh getrandom v0.4.3
       Fresh indexmap v2.14.0
       Fresh hashbrown v0.15.5
       Fresh object_store v0.14.1
       Fresh rustix v1.1.4
       Fresh rpds v1.2.1
       Fresh prettyplease v0.2.37
    Checking kv9-common v0.0.0 (/tmp/kv9-receipt-tail-hint-20260914-first/crates/common)
       Fresh fixedbitset v0.5.7
       Fresh once_cell v1.21.4
       Fresh fastrand v2.5.0
     Running `/home/dongxu/.rustup/toolchains/stable-x86_64-unknown-linux-gnu/bin/clippy-driver /home/dongxu/.rustup/toolchains/stable-x86_64-unknown-linux-gnu/bin/rustc --crate-name kv9_common --edition=2021 crates/common/src/lib.rs --error-format=json --json=diagnostic-rendered-ansi,artifacts,future-incompat --crate-type lib --emit=dep-info,metadata -C embed-bitcode=no -C debuginfo=2 --cfg 'feature="testing"' --check-cfg 'cfg(docsrs,test)' --check-cfg 'cfg(feature, values("testing"))' -C metadata=aa730219969d2f6f -C extra-filename=-a57ff20ed7ee8aae --out-dir /home/dongxu/kv9/target/debug/deps -C incremental=/home/dongxu/kv9/target/debug/incremental -L dependency=/home/dongxu/kv9/target/debug/deps --extern serde=/home/dongxu/kv9/target/debug/deps/libserde-282c1297e2611485.rmeta --extern sha2=/home/dongxu/kv9/target/debug/deps/libsha2-b847275cdd3268e4.rmeta --extern thiserror=/home/dongxu/kv9/target/debug/deps/libthiserror-7e829c710aa6ee47.rmeta`
       Fresh tempfile v3.27.0
       Fresh petgraph v0.8.3
       Fresh prost-types v0.14.4
       Fresh pulldown-cmark-to-cmark v22.0.1
       Fresh multimap v0.10.1
       Fresh log v0.4.34
       Fresh heck v0.5.0
       Fresh prost-build v0.14.4
       Fresh protobuf-codegen v2.28.0
       Fresh tonic-build v0.14.6
       Fresh bitflags v1.3.2
       Fresh tonic-prost-build v0.14.6
       Fresh zerocopy v0.8.56
       Fresh protobuf-build v0.14.1
       Fresh rustversion v1.0.23
       Fresh getrandom v0.2.17
       Fresh mime v0.3.17
       Fresh axum-core v0.5.6
       Fresh rand_core v0.6.4
       Fresh ppv-lite86 v0.2.21
       Fresh pin-project-internal v1.1.13
       Fresh matchit v0.8.4
       Fresh rand_chacha v0.3.1
       Fresh axum v0.8.9
       Fresh pin-project v1.1.13
       Fresh protobuf v2.28.0
       Fresh hyper-timeout v0.5.2
       Fresh erased-serde v0.3.31
       Fresh tokio-stream v0.1.19
       Fresh byteorder v1.5.0
       Fresh raft-proto v0.7.0
       Fresh tonic v0.14.6
       Fresh fxhash v0.2.1
       Fresh slog v2.8.2
       Fresh rand v0.8.8
   Compiling kv9-raft v0.0.0 (/tmp/kv9-receipt-tail-hint-20260914-first/crates/raft)
       Fresh prost v0.14.4
       Fresh getset v0.1.7
       Fresh tonic-prost v0.14.6
     Running `/home/dongxu/.rustup/toolchains/stable-x86_64-unknown-linux-gnu/bin/clippy-driver /home/dongxu/.rustup/toolchains/stable-x86_64-unknown-linux-gnu/bin/rustc --crate-name build_script_build --edition=2021 crates/raft/build.rs --error-format=json --json=diagnostic-rendered-ansi,artifacts,future-incompat --crate-type bin --emit=dep-info,link -C embed-bitcode=no --cfg 'feature="experimental-leader-lease"' --cfg 'feature="testing"' --check-cfg 'cfg(docsrs,test)' --check-cfg 'cfg(feature, values("experimental-leader-lease", "read-stage-timing", "testing"))' -C metadata=3b891b946e61519f -C extra-filename=-5c2edb67551d03a9 --out-dir /home/dongxu/kv9/target/debug/build/kv9-raft-5c2edb67551d03a9 -C incremental=/home/dongxu/kv9/target/debug/incremental -L dependency=/home/dongxu/kv9/target/debug/deps --extern tonic_prost_build=/home/dongxu/kv9/target/debug/deps/libtonic_prost_build-deb1b6610e5f0130.rlib`
       Fresh raft v0.7.0
   Compiling kv9-server v0.0.0 (/tmp/kv9-receipt-tail-hint-20260914-first/crates/server)
       Dirty tikv-jemalloc-sys v0.6.1+5.3.0-1-ge13ca993e8ccb9ba9847cc330696e02839f328f7: the dependency `cc` was rebuilt (1789423363.295282338s, 47h 23m 50s after last build at 1789252733.424091400s)
   Compiling tikv-jemalloc-sys v0.6.1+5.3.0-1-ge13ca993e8ccb9ba9847cc330696e02839f328f7
     Running `/home/dongxu/.rustup/toolchains/stable-x86_64-unknown-linux-gnu/bin/clippy-driver /home/dongxu/.rustup/toolchains/stable-x86_64-unknown-linux-gnu/bin/rustc --crate-name build_script_build --edition=2021 crates/server/build.rs --error-format=json --json=diagnostic-rendered-ansi,artifacts,future-incompat --crate-type bin --emit=dep-info,link -C embed-bitcode=no --check-cfg 'cfg(docsrs,test)' --check-cfg 'cfg(feature, values("checkpoint-testing", "experimental-leader-lease", "rpc-experiment"))' -C metadata=331be4d7dee98917 -C extra-filename=-d82c3a95f0e1ead9 --out-dir /home/dongxu/kv9/target/debug/build/kv9-server-d82c3a95f0e1ead9 -C incremental=/home/dongxu/kv9/target/debug/incremental -L dependency=/home/dongxu/kv9/target/debug/deps --extern tonic_prost_build=/home/dongxu/kv9/target/debug/deps/libtonic_prost_build-deb1b6610e5f0130.rlib`
     Running `/home/dongxu/.rustup/toolchains/stable-x86_64-unknown-linux-gnu/bin/rustc --crate-name build_script_build --edition=2018 /home/dongxu/.cargo/registry/src/index.crates.io-1949cf8c6b5b557f/tikv-jemalloc-sys-0.6.1+5.3.0-1-ge13ca993e8ccb9ba9847cc330696e02839f328f7/build.rs --error-format=json --json=diagnostic-rendered-ansi,artifacts,future-incompat --crate-type bin --emit=dep-info,link -C embed-bitcode=no --allow=unexpected_cfgs --check-cfg 'cfg(jemallocator_docs)' --check-cfg 'cfg(prefixed)' --check-cfg 'cfg(docsrs,test)' --check-cfg 'cfg(feature, values("background_threads", "background_threads_runtime_support", "debug", "default", "disable_cache_oblivious", "disable_initial_exec_tls", "override_allocator_on_supported_platforms", "profiling", "stats", "unprefixed_malloc_on_supported_platforms"))' -C metadata=44ac7263bfb845e8 -C extra-filename=-2f8867556d790347 --out-dir /home/dongxu/kv9/target/debug/build/tikv-jemalloc-sys-2f8867556d790347 -L dependency=/home/dongxu/kv9/target/debug/deps --extern cc=/home/dongxu/kv9/target/debug/deps/libcc-f2c2d07657db324d.rlib --cap-lints allow`
     Running `/home/dongxu/kv9/target/debug/build/tikv-jemalloc-sys-2f8867556d790347/build-script-build`
     Running `/home/dongxu/kv9/target/debug/build/kv9-raft-5c2edb67551d03a9/build-script-build`
     Running `/home/dongxu/kv9/target/debug/build/kv9-server-d82c3a95f0e1ead9/build-script-build`
     Running `/home/dongxu/.rustup/toolchains/stable-x86_64-unknown-linux-gnu/bin/clippy-driver /home/dongxu/.rustup/toolchains/stable-x86_64-unknown-linux-gnu/bin/rustc --crate-name kv9_common --edition=2021 crates/common/src/lib.rs --error-format=json --json=diagnostic-rendered-ansi,artifacts,future-incompat --emit=dep-info,metadata -C embed-bitcode=no -C debuginfo=2 --test --cfg 'feature="testing"' --check-cfg 'cfg(docsrs,test)' --check-cfg 'cfg(feature, values("testing"))' -C metadata=c215d884744d6bac -C extra-filename=-dc3b7c21cc7acaf9 --out-dir /home/dongxu/kv9/target/debug/deps -C incremental=/home/dongxu/kv9/target/debug/incremental -L dependency=/home/dongxu/kv9/target/debug/deps --extern serde=/home/dongxu/kv9/target/debug/deps/libserde-282c1297e2611485.rmeta --extern sha2=/home/dongxu/kv9/target/debug/deps/libsha2-b847275cdd3268e4.rmeta --extern thiserror=/home/dongxu/kv9/target/debug/deps/libthiserror-7e829c710aa6ee47.rmeta`
    Checking kv9-engine v0.0.0 (/tmp/kv9-receipt-tail-hint-20260914-first/crates/engine)
     Running `/home/dongxu/.rustup/toolchains/stable-x86_64-unknown-linux-gnu/bin/clippy-driver /home/dongxu/.rustup/toolchains/stable-x86_64-unknown-linux-gnu/bin/rustc --crate-name kv9_engine --edition=2021 crates/engine/src/lib.rs --error-format=json --json=diagnostic-rendered-ansi,artifacts,future-incompat --crate-type lib --emit=dep-info,metadata -C embed-bitcode=no -C debuginfo=2 --cfg 'feature="testing"' --check-cfg 'cfg(docsrs,test)' --check-cfg 'cfg(feature, values("testing"))' -C metadata=c5fa873ba41c38b8 -C extra-filename=-b8ef1d65e69c9c84 --out-dir /home/dongxu/kv9/target/debug/deps -C incremental=/home/dongxu/kv9/target/debug/incremental -L dependency=/home/dongxu/kv9/target/debug/deps --extern futures_util=/home/dongxu/kv9/target/debug/deps/libfutures_util-e78874ed0f7a80c2.rmeta --extern kv9_common=/home/dongxu/kv9/target/debug/deps/libkv9_common-a57ff20ed7ee8aae.rmeta --extern s3_client=/home/dongxu/kv9/target/debug/deps/libobject_store-5bf5e64657fe2fd7.rmeta --extern rpds=/home/dongxu/kv9/target/debug/deps/librpds-667b0b202e7781cd.rmeta --extern serde=/home/dongxu/kv9/target/debug/deps/libserde-282c1297e2611485.rmeta --extern serde_json=/home/dongxu/kv9/target/debug/deps/libserde_json-d63e597107e390f5.rmeta --extern sha2=/home/dongxu/kv9/target/debug/deps/libsha2-b847275cdd3268e4.rmeta --extern thiserror=/home/dongxu/kv9/target/debug/deps/libthiserror-7e829c710aa6ee47.rmeta --extern tokio=/home/dongxu/kv9/target/debug/deps/libtokio-53298d07b0d7a8b4.rmeta -L native=/home/dongxu/kv9/target/debug/build/aws-lc-sys-3f7db2288ca72a9b/out`
     Running `/home/dongxu/.rustup/toolchains/stable-x86_64-unknown-linux-gnu/bin/clippy-driver /home/dongxu/.rustup/toolchains/stable-x86_64-unknown-linux-gnu/bin/rustc --crate-name minio_backend --edition=2021 crates/engine/tests/minio_backend.rs --error-format=json --json=diagnostic-rendered-ansi,artifacts,future-incompat --emit=dep-info,metadata -C embed-bitcode=no -C debuginfo=2 --test --cfg 'feature="testing"' --check-cfg 'cfg(docsrs,test)' --check-cfg 'cfg(feature, values("testing"))' -C metadata=da975efee44ed16a -C extra-filename=-f26e1d54c99f2153 --out-dir /home/dongxu/kv9/target/debug/deps -C incremental=/home/dongxu/kv9/target/debug/incremental -L dependency=/home/dongxu/kv9/target/debug/deps --extern futures_util=/home/dongxu/kv9/target/debug/deps/libfutures_util-e78874ed0f7a80c2.rmeta --extern kv9_common=/home/dongxu/kv9/target/debug/deps/libkv9_common-a57ff20ed7ee8aae.rmeta --extern kv9_engine=/home/dongxu/kv9/target/debug/deps/libkv9_engine-b8ef1d65e69c9c84.rmeta --extern kv9_engine=/home/dongxu/kv9/target/debug/deps/libkv9_engine-b8ef1d65e69c9c84.rmeta --extern s3_client=/home/dongxu/kv9/target/debug/deps/libobject_store-5bf5e64657fe2fd7.rmeta --extern rpds=/home/dongxu/kv9/target/debug/deps/librpds-667b0b202e7781cd.rmeta --extern serde=/home/dongxu/kv9/target/debug/deps/libserde-282c1297e2611485.rmeta --extern serde_json=/home/dongxu/kv9/target/debug/deps/libserde_json-d63e597107e390f5.rmeta --extern sha2=/home/dongxu/kv9/target/debug/deps/libsha2-b847275cdd3268e4.rmeta --extern thiserror=/home/dongxu/kv9/target/debug/deps/libthiserror-7e829c710aa6ee47.rmeta --extern tokio=/home/dongxu/kv9/target/debug/deps/libtokio-53298d07b0d7a8b4.rmeta -L native=/home/dongxu/kv9/target/debug/build/aws-lc-sys-3f7db2288ca72a9b/out`
     Running `/home/dongxu/.rustup/toolchains/stable-x86_64-unknown-linux-gnu/bin/clippy-driver /home/dongxu/.rustup/toolchains/stable-x86_64-unknown-linux-gnu/bin/rustc --crate-name kv9_raft --edition=2021 crates/raft/src/lib.rs --error-format=json --json=diagnostic-rendered-ansi,artifacts,future-incompat --crate-type lib --emit=dep-info,metadata -C embed-bitcode=no -C debuginfo=2 --cfg 'feature="experimental-leader-lease"' --cfg 'feature="testing"' --check-cfg 'cfg(docsrs,test)' --check-cfg 'cfg(feature, values("experimental-leader-lease", "read-stage-timing", "testing"))' -C metadata=c7bfc5be0661837e -C extra-filename=-bad81259382e317d --out-dir /home/dongxu/kv9/target/debug/deps -C incremental=/home/dongxu/kv9/target/debug/incremental -L dependency=/home/dongxu/kv9/target/debug/deps --extern kv9_common=/home/dongxu/kv9/target/debug/deps/libkv9_common-a57ff20ed7ee8aae.rmeta --extern kv9_engine=/home/dongxu/kv9/target/debug/deps/libkv9_engine-b8ef1d65e69c9c84.rmeta --extern libc=/home/dongxu/kv9/target/debug/deps/liblibc-b4b378bff0ade3d7.rmeta --extern prost=/home/dongxu/kv9/target/debug/deps/libprost-b4b714dfbbfc0b11.rmeta --extern protobuf=/home/dongxu/kv9/target/debug/deps/libprotobuf-723f9623bddcd852.rmeta --extern raft=/home/dongxu/kv9/target/debug/deps/libraft-1c1696cce66679ed.rmeta --extern slog=/home/dongxu/kv9/target/debug/deps/libslog-2c0b5f1a05b8b6f0.rmeta --extern tokio=/home/dongxu/kv9/target/debug/deps/libtokio-53298d07b0d7a8b4.rmeta --extern tokio_stream=/home/dongxu/kv9/target/debug/deps/libtokio_stream-06300146b70ec1c0.rmeta --extern tonic=/home/dongxu/kv9/target/debug/deps/libtonic-3ed8a0eb339d2d2f.rmeta --extern tonic_prost=/home/dongxu/kv9/target/debug/deps/libtonic_prost-3cef16322402f4ad.rmeta -L native=/home/dongxu/kv9/target/debug/build/aws-lc-sys-3f7db2288ca72a9b/out`
     Running `/home/dongxu/.rustup/toolchains/stable-x86_64-unknown-linux-gnu/bin/clippy-driver /home/dongxu/.rustup/toolchains/stable-x86_64-unknown-linux-gnu/bin/rustc --crate-name kv9_engine --edition=2021 crates/engine/src/lib.rs --error-format=json --json=diagnostic-rendered-ansi,artifacts,future-incompat --emit=dep-info,metadata -C embed-bitcode=no -C debuginfo=2 --test --cfg 'feature="testing"' --check-cfg 'cfg(docsrs,test)' --check-cfg 'cfg(feature, values("testing"))' -C metadata=e7bc828a474ff60b -C extra-filename=-75fdb4359b5e74cd --out-dir /home/dongxu/kv9/target/debug/deps -C incremental=/home/dongxu/kv9/target/debug/incremental -L dependency=/home/dongxu/kv9/target/debug/deps --extern futures_util=/home/dongxu/kv9/target/debug/deps/libfutures_util-e78874ed0f7a80c2.rmeta --extern kv9_common=/home/dongxu/kv9/target/debug/deps/libkv9_common-a57ff20ed7ee8aae.rmeta --extern kv9_engine=/home/dongxu/kv9/target/debug/deps/libkv9_engine-b8ef1d65e69c9c84.rmeta --extern s3_client=/home/dongxu/kv9/target/debug/deps/libobject_store-5bf5e64657fe2fd7.rmeta --extern rpds=/home/dongxu/kv9/target/debug/deps/librpds-667b0b202e7781cd.rmeta --extern serde=/home/dongxu/kv9/target/debug/deps/libserde-282c1297e2611485.rmeta --extern serde_json=/home/dongxu/kv9/target/debug/deps/libserde_json-d63e597107e390f5.rmeta --extern sha2=/home/dongxu/kv9/target/debug/deps/libsha2-b847275cdd3268e4.rmeta --extern thiserror=/home/dongxu/kv9/target/debug/deps/libthiserror-7e829c710aa6ee47.rmeta --extern tokio=/home/dongxu/kv9/target/debug/deps/libtokio-53298d07b0d7a8b4.rmeta -L native=/home/dongxu/kv9/target/debug/build/aws-lc-sys-3f7db2288ca72a9b/out`
     Running `/home/dongxu/.rustup/toolchains/stable-x86_64-unknown-linux-gnu/bin/clippy-driver /home/dongxu/.rustup/toolchains/stable-x86_64-unknown-linux-gnu/bin/rustc --crate-name object_safety --edition=2021 crates/engine/tests/object_safety.rs --error-format=json --json=diagnostic-rendered-ansi,artifacts,future-incompat --emit=dep-info,metadata -C embed-bitcode=no -C debuginfo=2 --test --cfg 'feature="testing"' --check-cfg 'cfg(docsrs,test)' --check-cfg 'cfg(feature, values("testing"))' -C metadata=aec2ba76771888c4 -C extra-filename=-5abf4e9fcb6afe23 --out-dir /home/dongxu/kv9/target/debug/deps -C incremental=/home/dongxu/kv9/target/debug/incremental -L dependency=/home/dongxu/kv9/target/debug/deps --extern futures_util=/home/dongxu/kv9/target/debug/deps/libfutures_util-e78874ed0f7a80c2.rmeta --extern kv9_common=/home/dongxu/kv9/target/debug/deps/libkv9_common-a57ff20ed7ee8aae.rmeta --extern kv9_engine=/home/dongxu/kv9/target/debug/deps/libkv9_engine-b8ef1d65e69c9c84.rmeta --extern kv9_engine=/home/dongxu/kv9/target/debug/deps/libkv9_engine-b8ef1d65e69c9c84.rmeta --extern s3_client=/home/dongxu/kv9/target/debug/deps/libobject_store-5bf5e64657fe2fd7.rmeta --extern rpds=/home/dongxu/kv9/target/debug/deps/librpds-667b0b202e7781cd.rmeta --extern serde=/home/dongxu/kv9/target/debug/deps/libserde-282c1297e2611485.rmeta --extern serde_json=/home/dongxu/kv9/target/debug/deps/libserde_json-d63e597107e390f5.rmeta --extern sha2=/home/dongxu/kv9/target/debug/deps/libsha2-b847275cdd3268e4.rmeta --extern thiserror=/home/dongxu/kv9/target/debug/deps/libthiserror-7e829c710aa6ee47.rmeta --extern tokio=/home/dongxu/kv9/target/debug/deps/libtokio-53298d07b0d7a8b4.rmeta -L native=/home/dongxu/kv9/target/debug/build/aws-lc-sys-3f7db2288ca72a9b/out`
     Running `/home/dongxu/.rustup/toolchains/stable-x86_64-unknown-linux-gnu/bin/clippy-driver /home/dongxu/.rustup/toolchains/stable-x86_64-unknown-linux-gnu/bin/rustc --crate-name segment_publication_probe --edition=2021 crates/engine/examples/segment_publication_probe.rs --error-format=json --json=diagnostic-rendered-ansi,artifacts,future-incompat --crate-type bin --emit=dep-info,metadata -C embed-bitcode=no -C debuginfo=2 --cfg 'feature="testing"' --check-cfg 'cfg(docsrs,test)' --check-cfg 'cfg(feature, values("testing"))' -C metadata=5af1de009ee54057 -C extra-filename=-ec2b1252dde975e7 --out-dir /home/dongxu/kv9/target/debug/examples -C incremental=/home/dongxu/kv9/target/debug/incremental -L dependency=/home/dongxu/kv9/target/debug/deps --extern futures_util=/home/dongxu/kv9/target/debug/deps/libfutures_util-e78874ed0f7a80c2.rmeta --extern kv9_common=/home/dongxu/kv9/target/debug/deps/libkv9_common-a57ff20ed7ee8aae.rmeta --extern kv9_engine=/home/dongxu/kv9/target/debug/deps/libkv9_engine-b8ef1d65e69c9c84.rmeta --extern kv9_engine=/home/dongxu/kv9/target/debug/deps/libkv9_engine-b8ef1d65e69c9c84.rmeta --extern s3_client=/home/dongxu/kv9/target/debug/deps/libobject_store-5bf5e64657fe2fd7.rmeta --extern rpds=/home/dongxu/kv9/target/debug/deps/librpds-667b0b202e7781cd.rmeta --extern serde=/home/dongxu/kv9/target/debug/deps/libserde-282c1297e2611485.rmeta --extern serde_json=/home/dongxu/kv9/target/debug/deps/libserde_json-d63e597107e390f5.rmeta --extern sha2=/home/dongxu/kv9/target/debug/deps/libsha2-b847275cdd3268e4.rmeta --extern thiserror=/home/dongxu/kv9/target/debug/deps/libthiserror-7e829c710aa6ee47.rmeta --extern tokio=/home/dongxu/kv9/target/debug/deps/libtokio-53298d07b0d7a8b4.rmeta -L native=/home/dongxu/kv9/target/debug/build/aws-lc-sys-3f7db2288ca72a9b/out`
     Running `/home/dongxu/.rustup/toolchains/stable-x86_64-unknown-linux-gnu/bin/clippy-driver /home/dongxu/.rustup/toolchains/stable-x86_64-unknown-linux-gnu/bin/rustc --crate-name minio_checkpoint --edition=2021 crates/engine/tests/minio_checkpoint.rs --error-format=json --json=diagnostic-rendered-ansi,artifacts,future-incompat --emit=dep-info,metadata -C embed-bitcode=no -C debuginfo=2 --test --cfg 'feature="testing"' --check-cfg 'cfg(docsrs,test)' --check-cfg 'cfg(feature, values("testing"))' -C metadata=6dc3b675d0a15df1 -C extra-filename=-f39bdab8b54ab9aa --out-dir /home/dongxu/kv9/target/debug/deps -C incremental=/home/dongxu/kv9/target/debug/incremental -L dependency=/home/dongxu/kv9/target/debug/deps --extern futures_util=/home/dongxu/kv9/target/debug/deps/libfutures_util-e78874ed0f7a80c2.rmeta --extern kv9_common=/home/dongxu/kv9/target/debug/deps/libkv9_common-a57ff20ed7ee8aae.rmeta --extern kv9_engine=/home/dongxu/kv9/target/debug/deps/libkv9_engine-b8ef1d65e69c9c84.rmeta --extern kv9_engine=/home/dongxu/kv9/target/debug/deps/libkv9_engine-b8ef1d65e69c9c84.rmeta --extern s3_client=/home/dongxu/kv9/target/debug/deps/libobject_store-5bf5e64657fe2fd7.rmeta --extern rpds=/home/dongxu/kv9/target/debug/deps/librpds-667b0b202e7781cd.rmeta --extern serde=/home/dongxu/kv9/target/debug/deps/libserde-282c1297e2611485.rmeta --extern serde_json=/home/dongxu/kv9/target/debug/deps/libserde_json-d63e597107e390f5.rmeta --extern sha2=/home/dongxu/kv9/target/debug/deps/libsha2-b847275cdd3268e4.rmeta --extern thiserror=/home/dongxu/kv9/target/debug/deps/libthiserror-7e829c710aa6ee47.rmeta --extern tokio=/home/dongxu/kv9/target/debug/deps/libtokio-53298d07b0d7a8b4.rmeta -L native=/home/dongxu/kv9/target/debug/build/aws-lc-sys-3f7db2288ca72a9b/out`
     Running `/home/dongxu/.rustup/toolchains/stable-x86_64-unknown-linux-gnu/bin/clippy-driver /home/dongxu/.rustup/toolchains/stable-x86_64-unknown-linux-gnu/bin/rustc --crate-name kv9_raft --edition=2021 crates/raft/src/lib.rs --error-format=json --json=diagnostic-rendered-ansi,artifacts,future-incompat --emit=dep-info,metadata -C embed-bitcode=no -C debuginfo=2 --test --cfg 'feature="experimental-leader-lease"' --cfg 'feature="testing"' --check-cfg 'cfg(docsrs,test)' --check-cfg 'cfg(feature, values("experimental-leader-lease", "read-stage-timing", "testing"))' -C metadata=9fce7ff95d0bca68 -C extra-filename=-16b8e3150b22678d --out-dir /home/dongxu/kv9/target/debug/deps -C incremental=/home/dongxu/kv9/target/debug/incremental -L dependency=/home/dongxu/kv9/target/debug/deps --extern kv9_common=/home/dongxu/kv9/target/debug/deps/libkv9_common-a57ff20ed7ee8aae.rmeta --extern kv9_engine=/home/dongxu/kv9/target/debug/deps/libkv9_engine-b8ef1d65e69c9c84.rmeta --extern libc=/home/dongxu/kv9/target/debug/deps/liblibc-b4b378bff0ade3d7.rmeta --extern prost=/home/dongxu/kv9/target/debug/deps/libprost-b4b714dfbbfc0b11.rmeta --extern protobuf=/home/dongxu/kv9/target/debug/deps/libprotobuf-723f9623bddcd852.rmeta --extern raft=/home/dongxu/kv9/target/debug/deps/libraft-1c1696cce66679ed.rmeta --extern slog=/home/dongxu/kv9/target/debug/deps/libslog-2c0b5f1a05b8b6f0.rmeta --extern tokio=/home/dongxu/kv9/target/debug/deps/libtokio-53298d07b0d7a8b4.rmeta --extern tokio_stream=/home/dongxu/kv9/target/debug/deps/libtokio_stream-06300146b70ec1c0.rmeta --extern tonic=/home/dongxu/kv9/target/debug/deps/libtonic-3ed8a0eb339d2d2f.rmeta --extern tonic_prost=/home/dongxu/kv9/target/debug/deps/libtonic_prost-3cef16322402f4ad.rmeta -L native=/home/dongxu/kv9/target/debug/build/aws-lc-sys-3f7db2288ca72a9b/out`
     Running `/home/dongxu/.rustup/toolchains/stable-x86_64-unknown-linux-gnu/bin/clippy-driver /home/dongxu/.rustup/toolchains/stable-x86_64-unknown-linux-gnu/bin/rustc --crate-name batch_atomicity --edition=2021 crates/engine/tests/batch_atomicity.rs --error-format=json --json=diagnostic-rendered-ansi,artifacts,future-incompat --emit=dep-info,metadata -C embed-bitcode=no -C debuginfo=2 --test --cfg 'feature="testing"' --check-cfg 'cfg(docsrs,test)' --check-cfg 'cfg(feature, values("testing"))' -C metadata=bdf403b8f7f911b6 -C extra-filename=-1ef300c388d82fbe --out-dir /home/dongxu/kv9/target/debug/deps -C incremental=/home/dongxu/kv9/target/debug/incremental -L dependency=/home/dongxu/kv9/target/debug/deps --extern futures_util=/home/dongxu/kv9/target/debug/deps/libfutures_util-e78874ed0f7a80c2.rmeta --extern kv9_common=/home/dongxu/kv9/target/debug/deps/libkv9_common-a57ff20ed7ee8aae.rmeta --extern kv9_engine=/home/dongxu/kv9/target/debug/deps/libkv9_engine-b8ef1d65e69c9c84.rmeta --extern kv9_engine=/home/dongxu/kv9/target/debug/deps/libkv9_engine-b8ef1d65e69c9c84.rmeta --extern s3_client=/home/dongxu/kv9/target/debug/deps/libobject_store-5bf5e64657fe2fd7.rmeta --extern rpds=/home/dongxu/kv9/target/debug/deps/librpds-667b0b202e7781cd.rmeta --extern serde=/home/dongxu/kv9/target/debug/deps/libserde-282c1297e2611485.rmeta --extern serde_json=/home/dongxu/kv9/target/debug/deps/libserde_json-d63e597107e390f5.rmeta --extern sha2=/home/dongxu/kv9/target/debug/deps/libsha2-b847275cdd3268e4.rmeta --extern thiserror=/home/dongxu/kv9/target/debug/deps/libthiserror-7e829c710aa6ee47.rmeta --extern tokio=/home/dongxu/kv9/target/debug/deps/libtokio-53298d07b0d7a8b4.rmeta -L native=/home/dongxu/kv9/target/debug/build/aws-lc-sys-3f7db2288ca72a9b/out`
    Checking kv9-region v0.0.0 (/tmp/kv9-receipt-tail-hint-20260914-first/crates/region)
     Running `/home/dongxu/.rustup/toolchains/stable-x86_64-unknown-linux-gnu/bin/clippy-driver /home/dongxu/.rustup/toolchains/stable-x86_64-unknown-linux-gnu/bin/rustc --crate-name kv9_region --edition=2021 crates/region/src/lib.rs --error-format=json --json=diagnostic-rendered-ansi,artifacts,future-incompat --crate-type lib --emit=dep-info,metadata -C embed-bitcode=no -C debuginfo=2 --check-cfg 'cfg(docsrs,test)' --check-cfg 'cfg(feature, values("testing"))' -C metadata=67ebdefac050f7b4 -C extra-filename=-56b359f9291a2e14 --out-dir /home/dongxu/kv9/target/debug/deps -C incremental=/home/dongxu/kv9/target/debug/incremental -L dependency=/home/dongxu/kv9/target/debug/deps --extern kv9_common=/home/dongxu/kv9/target/debug/deps/libkv9_common-a57ff20ed7ee8aae.rmeta --extern kv9_engine=/home/dongxu/kv9/target/debug/deps/libkv9_engine-b8ef1d65e69c9c84.rmeta --extern kv9_raft=/home/dongxu/kv9/target/debug/deps/libkv9_raft-bad81259382e317d.rmeta -L native=/home/dongxu/kv9/target/debug/build/aws-lc-sys-3f7db2288ca72a9b/out`
     Running `/home/dongxu/.rustup/toolchains/stable-x86_64-unknown-linux-gnu/bin/clippy-driver /home/dongxu/.rustup/toolchains/stable-x86_64-unknown-linux-gnu/bin/rustc --crate-name check_wire_floor --edition=2021 crates/raft/examples/check-wire-floor.rs --error-format=json --json=diagnostic-rendered-ansi,artifacts,future-incompat --crate-type bin --emit=dep-info,metadata -C embed-bitcode=no -C debuginfo=2 --cfg 'feature="experimental-leader-lease"' --cfg 'feature="testing"' --check-cfg 'cfg(docsrs,test)' --check-cfg 'cfg(feature, values("experimental-leader-lease", "read-stage-timing", "testing"))' -C metadata=2f8b3966b5165e6f -C extra-filename=-4aa8484c99fc3fdf --out-dir /home/dongxu/kv9/target/debug/examples -C incremental=/home/dongxu/kv9/target/debug/incremental -L dependency=/home/dongxu/kv9/target/debug/deps --extern kv9_common=/home/dongxu/kv9/target/debug/deps/libkv9_common-a57ff20ed7ee8aae.rmeta --extern kv9_engine=/home/dongxu/kv9/target/debug/deps/libkv9_engine-b8ef1d65e69c9c84.rmeta --extern kv9_raft=/home/dongxu/kv9/target/debug/deps/libkv9_raft-bad81259382e317d.rmeta --extern libc=/home/dongxu/kv9/target/debug/deps/liblibc-b4b378bff0ade3d7.rmeta --extern prost=/home/dongxu/kv9/target/debug/deps/libprost-b4b714dfbbfc0b11.rmeta --extern protobuf=/home/dongxu/kv9/target/debug/deps/libprotobuf-723f9623bddcd852.rmeta --extern raft=/home/dongxu/kv9/target/debug/deps/libraft-1c1696cce66679ed.rmeta --extern slog=/home/dongxu/kv9/target/debug/deps/libslog-2c0b5f1a05b8b6f0.rmeta --extern tokio=/home/dongxu/kv9/target/debug/deps/libtokio-53298d07b0d7a8b4.rmeta --extern tokio_stream=/home/dongxu/kv9/target/debug/deps/libtokio_stream-06300146b70ec1c0.rmeta --extern tonic=/home/dongxu/kv9/target/debug/deps/libtonic-3ed8a0eb339d2d2f.rmeta --extern tonic_prost=/home/dongxu/kv9/target/debug/deps/libtonic_prost-3cef16322402f4ad.rmeta -L native=/home/dongxu/kv9/target/debug/build/aws-lc-sys-3f7db2288ca72a9b/out`
     Running `/home/dongxu/.rustup/toolchains/stable-x86_64-unknown-linux-gnu/bin/clippy-driver /home/dongxu/.rustup/toolchains/stable-x86_64-unknown-linux-gnu/bin/rustc --crate-name driver_lock_order --edition=2021 crates/raft/tests/driver_lock_order.rs --error-format=json --json=diagnostic-rendered-ansi,artifacts,future-incompat --emit=dep-info,metadata -C embed-bitcode=no -C debuginfo=2 --test --cfg 'feature="experimental-leader-lease"' --cfg 'feature="testing"' --check-cfg 'cfg(docsrs,test)' --check-cfg 'cfg(feature, values("experimental-leader-lease", "read-stage-timing", "testing"))' -C metadata=a64b9d774d688696 -C extra-filename=-789bd8e29ed02a96 --out-dir /home/dongxu/kv9/target/debug/deps -C incremental=/home/dongxu/kv9/target/debug/incremental -L dependency=/home/dongxu/kv9/target/debug/deps --extern kv9_common=/home/dongxu/kv9/target/debug/deps/libkv9_common-a57ff20ed7ee8aae.rmeta --extern kv9_engine=/home/dongxu/kv9/target/debug/deps/libkv9_engine-b8ef1d65e69c9c84.rmeta --extern kv9_raft=/home/dongxu/kv9/target/debug/deps/libkv9_raft-bad81259382e317d.rmeta --extern libc=/home/dongxu/kv9/target/debug/deps/liblibc-b4b378bff0ade3d7.rmeta --extern prost=/home/dongxu/kv9/target/debug/deps/libprost-b4b714dfbbfc0b11.rmeta --extern protobuf=/home/dongxu/kv9/target/debug/deps/libprotobuf-723f9623bddcd852.rmeta --extern raft=/home/dongxu/kv9/target/debug/deps/libraft-1c1696cce66679ed.rmeta --extern slog=/home/dongxu/kv9/target/debug/deps/libslog-2c0b5f1a05b8b6f0.rmeta --extern tokio=/home/dongxu/kv9/target/debug/deps/libtokio-53298d07b0d7a8b4.rmeta --extern tokio_stream=/home/dongxu/kv9/target/debug/deps/libtokio_stream-06300146b70ec1c0.rmeta --extern tonic=/home/dongxu/kv9/target/debug/deps/libtonic-3ed8a0eb339d2d2f.rmeta --extern tonic_prost=/home/dongxu/kv9/target/debug/deps/libtonic_prost-3cef16322402f4ad.rmeta -L native=/home/dongxu/kv9/target/debug/build/aws-lc-sys-3f7db2288ca72a9b/out`
     Running `/home/dongxu/.rustup/toolchains/stable-x86_64-unknown-linux-gnu/bin/clippy-driver /home/dongxu/.rustup/toolchains/stable-x86_64-unknown-linux-gnu/bin/rustc --crate-name membership --edition=2021 crates/raft/tests/membership.rs --error-format=json --json=diagnostic-rendered-ansi,artifacts,future-incompat --emit=dep-info,metadata -C embed-bitcode=no -C debuginfo=2 --test --cfg 'feature="experimental-leader-lease"' --cfg 'feature="testing"' --check-cfg 'cfg(docsrs,test)' --check-cfg 'cfg(feature, values("experimental-leader-lease", "read-stage-timing", "testing"))' -C metadata=e5556d3ca584d2f3 -C extra-filename=-259e5538368233c6 --out-dir /home/dongxu/kv9/target/debug/deps -C incremental=/home/dongxu/kv9/target/debug/incremental -L dependency=/home/dongxu/kv9/target/debug/deps --extern kv9_common=/home/dongxu/kv9/target/debug/deps/libkv9_common-a57ff20ed7ee8aae.rmeta --extern kv9_engine=/home/dongxu/kv9/target/debug/deps/libkv9_engine-b8ef1d65e69c9c84.rmeta --extern kv9_raft=/home/dongxu/kv9/target/debug/deps/libkv9_raft-bad81259382e317d.rmeta --extern libc=/home/dongxu/kv9/target/debug/deps/liblibc-b4b378bff0ade3d7.rmeta --extern prost=/home/dongxu/kv9/target/debug/deps/libprost-b4b714dfbbfc0b11.rmeta --extern protobuf=/home/dongxu/kv9/target/debug/deps/libprotobuf-723f9623bddcd852.rmeta --extern raft=/home/dongxu/kv9/target/debug/deps/libraft-1c1696cce66679ed.rmeta --extern slog=/home/dongxu/kv9/target/debug/deps/libslog-2c0b5f1a05b8b6f0.rmeta --extern tokio=/home/dongxu/kv9/target/debug/deps/libtokio-53298d07b0d7a8b4.rmeta --extern tokio_stream=/home/dongxu/kv9/target/debug/deps/libtokio_stream-06300146b70ec1c0.rmeta --extern tonic=/home/dongxu/kv9/target/debug/deps/libtonic-3ed8a0eb339d2d2f.rmeta --extern tonic_prost=/home/dongxu/kv9/target/debug/deps/libtonic_prost-3cef16322402f4ad.rmeta -L native=/home/dongxu/kv9/target/debug/build/aws-lc-sys-3f7db2288ca72a9b/out`
    Checking kv9-meta v0.0.0 (/tmp/kv9-receipt-tail-hint-20260914-first/crates/meta)
     Running `/home/dongxu/.rustup/toolchains/stable-x86_64-unknown-linux-gnu/bin/clippy-driver /home/dongxu/.rustup/toolchains/stable-x86_64-unknown-linux-gnu/bin/rustc --crate-name kv9_meta --edition=2021 crates/meta/src/lib.rs --error-format=json --json=diagnostic-rendered-ansi,artifacts,future-incompat --crate-type lib --emit=dep-info,metadata -C embed-bitcode=no -C debuginfo=2 --check-cfg 'cfg(docsrs,test)' --check-cfg 'cfg(feature, values())' -C metadata=55cd52ed3876e665 -C extra-filename=-1ace62268762a318 --out-dir /home/dongxu/kv9/target/debug/deps -C incremental=/home/dongxu/kv9/target/debug/incremental -L dependency=/home/dongxu/kv9/target/debug/deps --extern kv9_common=/home/dongxu/kv9/target/debug/deps/libkv9_common-a57ff20ed7ee8aae.rmeta --extern kv9_engine=/home/dongxu/kv9/target/debug/deps/libkv9_engine-b8ef1d65e69c9c84.rmeta --extern kv9_raft=/home/dongxu/kv9/target/debug/deps/libkv9_raft-bad81259382e317d.rmeta --extern kv9_region=/home/dongxu/kv9/target/debug/deps/libkv9_region-56b359f9291a2e14.rmeta -L native=/home/dongxu/kv9/target/debug/build/aws-lc-sys-3f7db2288ca72a9b/out`
    Checking kv9-txn v0.0.0 (/tmp/kv9-receipt-tail-hint-20260914-first/crates/txn)
     Running `/home/dongxu/.rustup/toolchains/stable-x86_64-unknown-linux-gnu/bin/clippy-driver /home/dongxu/.rustup/toolchains/stable-x86_64-unknown-linux-gnu/bin/rustc --crate-name kv9_txn --edition=2021 crates/txn/src/lib.rs --error-format=json --json=diagnostic-rendered-ansi,artifacts,future-incompat --crate-type lib --emit=dep-info,metadata -C embed-bitcode=no -C debuginfo=2 --check-cfg 'cfg(docsrs,test)' --check-cfg 'cfg(feature, values())' -C metadata=4ab97c5883d45c8a -C extra-filename=-0e4ef291c0cbf88d --out-dir /home/dongxu/kv9/target/debug/deps -C incremental=/home/dongxu/kv9/target/debug/incremental -L dependency=/home/dongxu/kv9/target/debug/deps --extern kv9_common=/home/dongxu/kv9/target/debug/deps/libkv9_common-a57ff20ed7ee8aae.rmeta --extern kv9_engine=/home/dongxu/kv9/target/debug/deps/libkv9_engine-b8ef1d65e69c9c84.rmeta --extern kv9_region=/home/dongxu/kv9/target/debug/deps/libkv9_region-56b359f9291a2e14.rmeta -L native=/home/dongxu/kv9/target/debug/build/aws-lc-sys-3f7db2288ca72a9b/out`
     Running `/home/dongxu/.rustup/toolchains/stable-x86_64-unknown-linux-gnu/bin/clippy-driver /home/dongxu/.rustup/toolchains/stable-x86_64-unknown-linux-gnu/bin/rustc --crate-name kv9_meta --edition=2021 crates/meta/src/lib.rs --error-format=json --json=diagnostic-rendered-ansi,artifacts,future-incompat --emit=dep-info,metadata -C embed-bitcode=no -C debuginfo=2 --test --check-cfg 'cfg(docsrs,test)' --check-cfg 'cfg(feature, values())' -C metadata=d703756918c4b2aa -C extra-filename=-ddd6967b22a61161 --out-dir /home/dongxu/kv9/target/debug/deps -C incremental=/home/dongxu/kv9/target/debug/incremental -L dependency=/home/dongxu/kv9/target/debug/deps --extern kv9_common=/home/dongxu/kv9/target/debug/deps/libkv9_common-a57ff20ed7ee8aae.rmeta --extern kv9_engine=/home/dongxu/kv9/target/debug/deps/libkv9_engine-b8ef1d65e69c9c84.rmeta --extern kv9_raft=/home/dongxu/kv9/target/debug/deps/libkv9_raft-bad81259382e317d.rmeta --extern kv9_region=/home/dongxu/kv9/target/debug/deps/libkv9_region-56b359f9291a2e14.rmeta -L native=/home/dongxu/kv9/target/debug/build/aws-lc-sys-3f7db2288ca72a9b/out`
     Running `/home/dongxu/.rustup/toolchains/stable-x86_64-unknown-linux-gnu/bin/clippy-driver /home/dongxu/.rustup/toolchains/stable-x86_64-unknown-linux-gnu/bin/rustc --crate-name kv9_server --edition=2021 crates/server/src/lib.rs --error-format=json --json=diagnostic-rendered-ansi,artifacts,future-incompat --crate-type lib --emit=dep-info,metadata -C embed-bitcode=no -C debuginfo=2 --check-cfg 'cfg(docsrs,test)' --check-cfg 'cfg(feature, values("checkpoint-testing", "experimental-leader-lease", "rpc-experiment"))' -C metadata=44797703b73bc2cd -C extra-filename=-54b261f2a1921ae9 --out-dir /home/dongxu/kv9/target/debug/deps -C incremental=/home/dongxu/kv9/target/debug/incremental -L dependency=/home/dongxu/kv9/target/debug/deps --extern futures_util=/home/dongxu/kv9/target/debug/deps/libfutures_util-e78874ed0f7a80c2.rmeta --extern kv9_common=/home/dongxu/kv9/target/debug/deps/libkv9_common-a57ff20ed7ee8aae.rmeta --extern kv9_engine=/home/dongxu/kv9/target/debug/deps/libkv9_engine-b8ef1d65e69c9c84.rmeta --extern kv9_meta=/home/dongxu/kv9/target/debug/deps/libkv9_meta-1ace62268762a318.rmeta --extern kv9_raft=/home/dongxu/kv9/target/debug/deps/libkv9_raft-bad81259382e317d.rmeta --extern kv9_region=/home/dongxu/kv9/target/debug/deps/libkv9_region-56b359f9291a2e14.rmeta --extern kv9_txn=/home/dongxu/kv9/target/debug/deps/libkv9_txn-0e4ef291c0cbf88d.rmeta --extern prost=/home/dongxu/kv9/target/debug/deps/libprost-b4b714dfbbfc0b11.rmeta --extern serde=/home/dongxu/kv9/target/debug/deps/libserde-282c1297e2611485.rmeta --extern serde_json=/home/dongxu/kv9/target/debug/deps/libserde_json-d63e597107e390f5.rmeta --extern sha2=/home/dongxu/kv9/target/debug/deps/libsha2-b847275cdd3268e4.rmeta --extern tokio=/home/dongxu/kv9/target/debug/deps/libtokio-53298d07b0d7a8b4.rmeta --extern tokio_stream=/home/dongxu/kv9/target/debug/deps/libtokio_stream-06300146b70ec1c0.rmeta --extern tokio_util=/home/dongxu/kv9/target/debug/deps/libtokio_util-edadd7d4a510b359.rmeta --extern tonic=/home/dongxu/kv9/target/debug/deps/libtonic-3ed8a0eb339d2d2f.rmeta --extern tonic_prost=/home/dongxu/kv9/target/debug/deps/libtonic_prost-3cef16322402f4ad.rmeta -L native=/home/dongxu/kv9/target/debug/build/aws-lc-sys-3f7db2288ca72a9b/out`
     Running `/home/dongxu/.rustup/toolchains/stable-x86_64-unknown-linux-gnu/bin/clippy-driver /home/dongxu/.rustup/toolchains/stable-x86_64-unknown-linux-gnu/bin/rustc --crate-name catalog_facade --edition=2021 crates/meta/tests/catalog_facade.rs --error-format=json --json=diagnostic-rendered-ansi,artifacts,future-incompat --emit=dep-info,metadata -C embed-bitcode=no -C debuginfo=2 --test --check-cfg 'cfg(docsrs,test)' --check-cfg 'cfg(feature, values())' -C metadata=ca49f5eea188d2ee -C extra-filename=-5d25285d88da930c --out-dir /home/dongxu/kv9/target/debug/deps -C incremental=/home/dongxu/kv9/target/debug/incremental -L dependency=/home/dongxu/kv9/target/debug/deps --extern kv9_common=/home/dongxu/kv9/target/debug/deps/libkv9_common-a57ff20ed7ee8aae.rmeta --extern kv9_engine=/home/dongxu/kv9/target/debug/deps/libkv9_engine-b8ef1d65e69c9c84.rmeta --extern kv9_meta=/home/dongxu/kv9/target/debug/deps/libkv9_meta-1ace62268762a318.rmeta --extern kv9_raft=/home/dongxu/kv9/target/debug/deps/libkv9_raft-bad81259382e317d.rmeta --extern kv9_region=/home/dongxu/kv9/target/debug/deps/libkv9_region-56b359f9291a2e14.rmeta -L native=/home/dongxu/kv9/target/debug/build/aws-lc-sys-3f7db2288ca72a9b/out`
     Running `/home/dongxu/.rustup/toolchains/stable-x86_64-unknown-linux-gnu/bin/clippy-driver /home/dongxu/.rustup/toolchains/stable-x86_64-unknown-linux-gnu/bin/rustc --crate-name endpoint --edition=2021 crates/meta/tests/endpoint.rs --error-format=json --json=diagnostic-rendered-ansi,artifacts,future-incompat --emit=dep-info,metadata -C embed-bitcode=no -C debuginfo=2 --test --check-cfg 'cfg(docsrs,test)' --check-cfg 'cfg(feature, values())' -C metadata=766a85b0e5b529b3 -C extra-filename=-b51cb99b9908773b --out-dir /home/dongxu/kv9/target/debug/deps -C incremental=/home/dongxu/kv9/target/debug/incremental -L dependency=/home/dongxu/kv9/target/debug/deps --extern kv9_common=/home/dongxu/kv9/target/debug/deps/libkv9_common-a57ff20ed7ee8aae.rmeta --extern kv9_engine=/home/dongxu/kv9/target/debug/deps/libkv9_engine-b8ef1d65e69c9c84.rmeta --extern kv9_meta=/home/dongxu/kv9/target/debug/deps/libkv9_meta-1ace62268762a318.rmeta --extern kv9_raft=/home/dongxu/kv9/target/debug/deps/libkv9_raft-bad81259382e317d.rmeta --extern kv9_region=/home/dongxu/kv9/target/debug/deps/libkv9_region-56b359f9291a2e14.rmeta -L native=/home/dongxu/kv9/target/debug/build/aws-lc-sys-3f7db2288ca72a9b/out`
     Running `/home/dongxu/.rustup/toolchains/stable-x86_64-unknown-linux-gnu/bin/clippy-driver /home/dongxu/.rustup/toolchains/stable-x86_64-unknown-linux-gnu/bin/rustc --crate-name catalog --edition=2021 crates/meta/tests/catalog.rs --error-format=json --json=diagnostic-rendered-ansi,artifacts,future-incompat --emit=dep-info,metadata -C embed-bitcode=no -C debuginfo=2 --test --check-cfg 'cfg(docsrs,test)' --check-cfg 'cfg(feature, values())' -C metadata=754a7699e7ba65f7 -C extra-filename=-4342e630c64c3c44 --out-dir /home/dongxu/kv9/target/debug/deps -C incremental=/home/dongxu/kv9/target/debug/incremental -L dependency=/home/dongxu/kv9/target/debug/deps --extern kv9_common=/home/dongxu/kv9/target/debug/deps/libkv9_common-a57ff20ed7ee8aae.rmeta --extern kv9_engine=/home/dongxu/kv9/target/debug/deps/libkv9_engine-b8ef1d65e69c9c84.rmeta --extern kv9_meta=/home/dongxu/kv9/target/debug/deps/libkv9_meta-1ace62268762a318.rmeta --extern kv9_raft=/home/dongxu/kv9/target/debug/deps/libkv9_raft-bad81259382e317d.rmeta --extern kv9_region=/home/dongxu/kv9/target/debug/deps/libkv9_region-56b359f9291a2e14.rmeta -L native=/home/dongxu/kv9/target/debug/build/aws-lc-sys-3f7db2288ca72a9b/out`
     Running `/home/dongxu/.rustup/toolchains/stable-x86_64-unknown-linux-gnu/bin/clippy-driver /home/dongxu/.rustup/toolchains/stable-x86_64-unknown-linux-gnu/bin/rustc --crate-name kv9_server --edition=2021 crates/server/src/lib.rs --error-format=json --json=diagnostic-rendered-ansi,artifacts,future-incompat --emit=dep-info,metadata -C embed-bitcode=no -C debuginfo=2 --test --check-cfg 'cfg(docsrs,test)' --check-cfg 'cfg(feature, values("checkpoint-testing", "experimental-leader-lease", "rpc-experiment"))' -C metadata=fe9cbd308518ee28 -C extra-filename=-52857036ae74b338 --out-dir /home/dongxu/kv9/target/debug/deps -C incremental=/home/dongxu/kv9/target/debug/incremental -L dependency=/home/dongxu/kv9/target/debug/deps --extern futures_util=/home/dongxu/kv9/target/debug/deps/libfutures_util-e78874ed0f7a80c2.rmeta --extern kv9_common=/home/dongxu/kv9/target/debug/deps/libkv9_common-a57ff20ed7ee8aae.rmeta --extern kv9_engine=/home/dongxu/kv9/target/debug/deps/libkv9_engine-b8ef1d65e69c9c84.rmeta --extern kv9_meta=/home/dongxu/kv9/target/debug/deps/libkv9_meta-1ace62268762a318.rmeta --extern kv9_raft=/home/dongxu/kv9/target/debug/deps/libkv9_raft-bad81259382e317d.rmeta --extern kv9_region=/home/dongxu/kv9/target/debug/deps/libkv9_region-56b359f9291a2e14.rmeta --extern kv9_txn=/home/dongxu/kv9/target/debug/deps/libkv9_txn-0e4ef291c0cbf88d.rmeta --extern prost=/home/dongxu/kv9/target/debug/deps/libprost-b4b714dfbbfc0b11.rmeta --extern protobuf=/home/dongxu/kv9/target/debug/deps/libprotobuf-723f9623bddcd852.rmeta --extern raft=/home/dongxu/kv9/target/debug/deps/libraft-1c1696cce66679ed.rmeta --extern serde=/home/dongxu/kv9/target/debug/deps/libserde-282c1297e2611485.rmeta --extern serde_json=/home/dongxu/kv9/target/debug/deps/libserde_json-d63e597107e390f5.rmeta --extern sha2=/home/dongxu/kv9/target/debug/deps/libsha2-b847275cdd3268e4.rmeta --extern tokio=/home/dongxu/kv9/target/debug/deps/libtokio-53298d07b0d7a8b4.rmeta --extern tokio_stream=/home/dongxu/kv9/target/debug/deps/libtokio_stream-06300146b70ec1c0.rmeta --extern tokio_util=/home/dongxu/kv9/target/debug/deps/libtokio_util-edadd7d4a510b359.rmeta --extern tonic=/home/dongxu/kv9/target/debug/deps/libtonic-3ed8a0eb339d2d2f.rmeta --extern tonic_prost=/home/dongxu/kv9/target/debug/deps/libtonic_prost-3cef16322402f4ad.rmeta -L native=/home/dongxu/kv9/target/debug/build/aws-lc-sys-3f7db2288ca72a9b/out`
     Running `/home/dongxu/.rustup/toolchains/stable-x86_64-unknown-linux-gnu/bin/clippy-driver /home/dongxu/.rustup/toolchains/stable-x86_64-unknown-linux-gnu/bin/rustc --crate-name admission --edition=2021 crates/meta/tests/admission.rs --error-format=json --json=diagnostic-rendered-ansi,artifacts,future-incompat --emit=dep-info,metadata -C embed-bitcode=no -C debuginfo=2 --test --check-cfg 'cfg(docsrs,test)' --check-cfg 'cfg(feature, values())' -C metadata=a820ff3a64521096 -C extra-filename=-1328bb9313917a95 --out-dir /home/dongxu/kv9/target/debug/deps -C incremental=/home/dongxu/kv9/target/debug/incremental -L dependency=/home/dongxu/kv9/target/debug/deps --extern kv9_common=/home/dongxu/kv9/target/debug/deps/libkv9_common-a57ff20ed7ee8aae.rmeta --extern kv9_engine=/home/dongxu/kv9/target/debug/deps/libkv9_engine-b8ef1d65e69c9c84.rmeta --extern kv9_meta=/home/dongxu/kv9/target/debug/deps/libkv9_meta-1ace62268762a318.rmeta --extern kv9_raft=/home/dongxu/kv9/target/debug/deps/libkv9_raft-bad81259382e317d.rmeta --extern kv9_region=/home/dongxu/kv9/target/debug/deps/libkv9_region-56b359f9291a2e14.rmeta -L native=/home/dongxu/kv9/target/debug/build/aws-lc-sys-3f7db2288ca72a9b/out`
     Running `/home/dongxu/.rustup/toolchains/stable-x86_64-unknown-linux-gnu/bin/clippy-driver /home/dongxu/.rustup/toolchains/stable-x86_64-unknown-linux-gnu/bin/rustc --crate-name kv9_txn --edition=2021 crates/txn/src/lib.rs --error-format=json --json=diagnostic-rendered-ansi,artifacts,future-incompat --emit=dep-info,metadata -C embed-bitcode=no -C debuginfo=2 --test --check-cfg 'cfg(docsrs,test)' --check-cfg 'cfg(feature, values())' -C metadata=1bb0f87941de5686 -C extra-filename=-4801d71a5d8dcdb1 --out-dir /home/dongxu/kv9/target/debug/deps -C incremental=/home/dongxu/kv9/target/debug/incremental -L dependency=/home/dongxu/kv9/target/debug/deps --extern kv9_common=/home/dongxu/kv9/target/debug/deps/libkv9_common-a57ff20ed7ee8aae.rmeta --extern kv9_engine=/home/dongxu/kv9/target/debug/deps/libkv9_engine-b8ef1d65e69c9c84.rmeta --extern kv9_region=/home/dongxu/kv9/target/debug/deps/libkv9_region-56b359f9291a2e14.rmeta -L native=/home/dongxu/kv9/target/debug/build/aws-lc-sys-3f7db2288ca72a9b/out`
     Running `/home/dongxu/.rustup/toolchains/stable-x86_64-unknown-linux-gnu/bin/clippy-driver /home/dongxu/.rustup/toolchains/stable-x86_64-unknown-linux-gnu/bin/rustc --crate-name lease_clock_pause --edition=2021 crates/raft/tests/lease_clock_pause.rs --error-format=json --json=diagnostic-rendered-ansi,artifacts,future-incompat --emit=dep-info,metadata -C embed-bitcode=no -C debuginfo=2 --test --cfg 'feature="experimental-leader-lease"' --cfg 'feature="testing"' --check-cfg 'cfg(docsrs,test)' --check-cfg 'cfg(feature, values("experimental-leader-lease", "read-stage-timing", "testing"))' -C metadata=27eb68acb129a97a -C extra-filename=-3e979ee7e1fa537e --out-dir /home/dongxu/kv9/target/debug/deps -C incremental=/home/dongxu/kv9/target/debug/incremental -L dependency=/home/dongxu/kv9/target/debug/deps --extern kv9_common=/home/dongxu/kv9/target/debug/deps/libkv9_common-a57ff20ed7ee8aae.rmeta --extern kv9_engine=/home/dongxu/kv9/target/debug/deps/libkv9_engine-b8ef1d65e69c9c84.rmeta --extern kv9_raft=/home/dongxu/kv9/target/debug/deps/libkv9_raft-bad81259382e317d.rmeta --extern libc=/home/dongxu/kv9/target/debug/deps/liblibc-b4b378bff0ade3d7.rmeta --extern prost=/home/dongxu/kv9/target/debug/deps/libprost-b4b714dfbbfc0b11.rmeta --extern protobuf=/home/dongxu/kv9/target/debug/deps/libprotobuf-723f9623bddcd852.rmeta --extern raft=/home/dongxu/kv9/target/debug/deps/libraft-1c1696cce66679ed.rmeta --extern slog=/home/dongxu/kv9/target/debug/deps/libslog-2c0b5f1a05b8b6f0.rmeta --extern tokio=/home/dongxu/kv9/target/debug/deps/libtokio-53298d07b0d7a8b4.rmeta --extern tokio_stream=/home/dongxu/kv9/target/debug/deps/libtokio_stream-06300146b70ec1c0.rmeta --extern tonic=/home/dongxu/kv9/target/debug/deps/libtonic-3ed8a0eb339d2d2f.rmeta --extern tonic_prost=/home/dongxu/kv9/target/debug/deps/libtonic_prost-3cef16322402f4ad.rmeta -L native=/home/dongxu/kv9/target/debug/build/aws-lc-sys-3f7db2288ca72a9b/out`
     Running `/home/dongxu/.rustup/toolchains/stable-x86_64-unknown-linux-gnu/bin/clippy-driver /home/dongxu/.rustup/toolchains/stable-x86_64-unknown-linux-gnu/bin/rustc --crate-name kv9_region --edition=2021 crates/region/src/lib.rs --error-format=json --json=diagnostic-rendered-ansi,artifacts,future-incompat --emit=dep-info,metadata -C embed-bitcode=no -C debuginfo=2 --test --check-cfg 'cfg(docsrs,test)' --check-cfg 'cfg(feature, values("testing"))' -C metadata=9ca6b01e09f1bb50 -C extra-filename=-26f985e7ecdb0a7b --out-dir /home/dongxu/kv9/target/debug/deps -C incremental=/home/dongxu/kv9/target/debug/incremental -L dependency=/home/dongxu/kv9/target/debug/deps --extern kv9_common=/home/dongxu/kv9/target/debug/deps/libkv9_common-a57ff20ed7ee8aae.rmeta --extern kv9_engine=/home/dongxu/kv9/target/debug/deps/libkv9_engine-b8ef1d65e69c9c84.rmeta --extern kv9_raft=/home/dongxu/kv9/target/debug/deps/libkv9_raft-bad81259382e317d.rmeta -L native=/home/dongxu/kv9/target/debug/build/aws-lc-sys-3f7db2288ca72a9b/out`
     Running `/home/dongxu/.rustup/toolchains/stable-x86_64-unknown-linux-gnu/bin/clippy-driver /home/dongxu/.rustup/toolchains/stable-x86_64-unknown-linux-gnu/bin/rustc --crate-name frame_bad_input --edition=2021 crates/raft/tests/frame_bad_input.rs --error-format=json --json=diagnostic-rendered-ansi,artifacts,future-incompat --emit=dep-info,metadata -C embed-bitcode=no -C debuginfo=2 --test --cfg 'feature="experimental-leader-lease"' --cfg 'feature="testing"' --check-cfg 'cfg(docsrs,test)' --check-cfg 'cfg(feature, values("experimental-leader-lease", "read-stage-timing", "testing"))' -C metadata=f74aa9a5bc93ee01 -C extra-filename=-aaee175f981ec65c --out-dir /home/dongxu/kv9/target/debug/deps -C incremental=/home/dongxu/kv9/target/debug/incremental -L dependency=/home/dongxu/kv9/target/debug/deps --extern kv9_common=/home/dongxu/kv9/target/debug/deps/libkv9_common-a57ff20ed7ee8aae.rmeta --extern kv9_engine=/home/dongxu/kv9/target/debug/deps/libkv9_engine-b8ef1d65e69c9c84.rmeta --extern kv9_raft=/home/dongxu/kv9/target/debug/deps/libkv9_raft-bad81259382e317d.rmeta --extern libc=/home/dongxu/kv9/target/debug/deps/liblibc-b4b378bff0ade3d7.rmeta --extern prost=/home/dongxu/kv9/target/debug/deps/libprost-b4b714dfbbfc0b11.rmeta --extern protobuf=/home/dongxu/kv9/target/debug/deps/libprotobuf-723f9623bddcd852.rmeta --extern raft=/home/dongxu/kv9/target/debug/deps/libraft-1c1696cce66679ed.rmeta --extern slog=/home/dongxu/kv9/target/debug/deps/libslog-2c0b5f1a05b8b6f0.rmeta --extern tokio=/home/dongxu/kv9/target/debug/deps/libtokio-53298d07b0d7a8b4.rmeta --extern tokio_stream=/home/dongxu/kv9/target/debug/deps/libtokio_stream-06300146b70ec1c0.rmeta --extern tonic=/home/dongxu/kv9/target/debug/deps/libtonic-3ed8a0eb339d2d2f.rmeta --extern tonic_prost=/home/dongxu/kv9/target/debug/deps/libtonic_prost-3cef16322402f4ad.rmeta -L native=/home/dongxu/kv9/target/debug/build/aws-lc-sys-3f7db2288ca72a9b/out`
     Running `/home/dongxu/.rustup/toolchains/stable-x86_64-unknown-linux-gnu/bin/clippy-driver /home/dongxu/.rustup/toolchains/stable-x86_64-unknown-linux-gnu/bin/rustc --crate-name lease_restart --edition=2021 crates/raft/tests/lease_restart.rs --error-format=json --json=diagnostic-rendered-ansi,artifacts,future-incompat --emit=dep-info,metadata -C embed-bitcode=no -C debuginfo=2 --test --cfg 'feature="experimental-leader-lease"' --cfg 'feature="testing"' --check-cfg 'cfg(docsrs,test)' --check-cfg 'cfg(feature, values("experimental-leader-lease", "read-stage-timing", "testing"))' -C metadata=9748dfefeef69216 -C extra-filename=-089d0074a5ac89c3 --out-dir /home/dongxu/kv9/target/debug/deps -C incremental=/home/dongxu/kv9/target/debug/incremental -L dependency=/home/dongxu/kv9/target/debug/deps --extern kv9_common=/home/dongxu/kv9/target/debug/deps/libkv9_common-a57ff20ed7ee8aae.rmeta --extern kv9_engine=/home/dongxu/kv9/target/debug/deps/libkv9_engine-b8ef1d65e69c9c84.rmeta --extern kv9_raft=/home/dongxu/kv9/target/debug/deps/libkv9_raft-bad81259382e317d.rmeta --extern libc=/home/dongxu/kv9/target/debug/deps/liblibc-b4b378bff0ade3d7.rmeta --extern prost=/home/dongxu/kv9/target/debug/deps/libprost-b4b714dfbbfc0b11.rmeta --extern protobuf=/home/dongxu/kv9/target/debug/deps/libprotobuf-723f9623bddcd852.rmeta --extern raft=/home/dongxu/kv9/target/debug/deps/libraft-1c1696cce66679ed.rmeta --extern slog=/home/dongxu/kv9/target/debug/deps/libslog-2c0b5f1a05b8b6f0.rmeta --extern tokio=/home/dongxu/kv9/target/debug/deps/libtokio-53298d07b0d7a8b4.rmeta --extern tokio_stream=/home/dongxu/kv9/target/debug/deps/libtokio_stream-06300146b70ec1c0.rmeta --extern tonic=/home/dongxu/kv9/target/debug/deps/libtonic-3ed8a0eb339d2d2f.rmeta --extern tonic_prost=/home/dongxu/kv9/target/debug/deps/libtonic_prost-3cef16322402f4ad.rmeta -L native=/home/dongxu/kv9/target/debug/build/aws-lc-sys-3f7db2288ca72a9b/out`
     Running `/home/dongxu/.rustup/toolchains/stable-x86_64-unknown-linux-gnu/bin/clippy-driver /home/dongxu/.rustup/toolchains/stable-x86_64-unknown-linux-gnu/bin/rustc --crate-name kv9_workload --edition=2021 crates/server/src/bin/kv9-workload.rs --error-format=json --json=diagnostic-rendered-ansi,artifacts,future-incompat --crate-type bin --emit=dep-info,metadata -C embed-bitcode=no -C debuginfo=2 --check-cfg 'cfg(docsrs,test)' --check-cfg 'cfg(feature, values("checkpoint-testing", "experimental-leader-lease", "rpc-experiment"))' -C metadata=04d753384b9658a1 -C extra-filename=-a09dd4636382b429 --out-dir /home/dongxu/kv9/target/debug/deps -C incremental=/home/dongxu/kv9/target/debug/incremental -L dependency=/home/dongxu/kv9/target/debug/deps --extern futures_util=/home/dongxu/kv9/target/debug/deps/libfutures_util-e78874ed0f7a80c2.rmeta --extern kv9_common=/home/dongxu/kv9/target/debug/deps/libkv9_common-a57ff20ed7ee8aae.rmeta --extern kv9_engine=/home/dongxu/kv9/target/debug/deps/libkv9_engine-b8ef1d65e69c9c84.rmeta --extern kv9_meta=/home/dongxu/kv9/target/debug/deps/libkv9_meta-1ace62268762a318.rmeta --extern kv9_raft=/home/dongxu/kv9/target/debug/deps/libkv9_raft-bad81259382e317d.rmeta --extern kv9_region=/home/dongxu/kv9/target/debug/deps/libkv9_region-56b359f9291a2e14.rmeta --extern kv9_server=/home/dongxu/kv9/target/debug/deps/libkv9_server-54b261f2a1921ae9.rmeta --extern kv9_txn=/home/dongxu/kv9/target/debug/deps/libkv9_txn-0e4ef291c0cbf88d.rmeta --extern prost=/home/dongxu/kv9/target/debug/deps/libprost-b4b714dfbbfc0b11.rmeta --extern serde=/home/dongxu/kv9/target/debug/deps/libserde-282c1297e2611485.rmeta --extern serde_json=/home/dongxu/kv9/target/debug/deps/libserde_json-d63e597107e390f5.rmeta --extern sha2=/home/dongxu/kv9/target/debug/deps/libsha2-b847275cdd3268e4.rmeta --extern tokio=/home/dongxu/kv9/target/debug/deps/libtokio-53298d07b0d7a8b4.rmeta --extern tokio_stream=/home/dongxu/kv9/target/debug/deps/libtokio_stream-06300146b70ec1c0.rmeta --extern tokio_util=/home/dongxu/kv9/target/debug/deps/libtokio_util-edadd7d4a510b359.rmeta --extern tonic=/home/dongxu/kv9/target/debug/deps/libtonic-3ed8a0eb339d2d2f.rmeta --extern tonic_prost=/home/dongxu/kv9/target/debug/deps/libtonic_prost-3cef16322402f4ad.rmeta -L native=/home/dongxu/kv9/target/debug/build/aws-lc-sys-3f7db2288ca72a9b/out`
     Running `/home/dongxu/.rustup/toolchains/stable-x86_64-unknown-linux-gnu/bin/clippy-driver /home/dongxu/.rustup/toolchains/stable-x86_64-unknown-linux-gnu/bin/rustc --crate-name kv9_batch_workload --edition=2021 crates/server/src/bin/kv9-batch-workload.rs --error-format=json --json=diagnostic-rendered-ansi,artifacts,future-incompat --emit=dep-info,metadata -C embed-bitcode=no -C debuginfo=2 --test --check-cfg 'cfg(docsrs,test)' --check-cfg 'cfg(feature, values("checkpoint-testing", "experimental-leader-lease", "rpc-experiment"))' -C metadata=3f4cb971492e4751 -C extra-filename=-9aff0d8204b6f0fc --out-dir /home/dongxu/kv9/target/debug/deps -C incremental=/home/dongxu/kv9/target/debug/incremental -L dependency=/home/dongxu/kv9/target/debug/deps --extern futures_util=/home/dongxu/kv9/target/debug/deps/libfutures_util-e78874ed0f7a80c2.rmeta --extern kv9_common=/home/dongxu/kv9/target/debug/deps/libkv9_common-a57ff20ed7ee8aae.rmeta --extern kv9_engine=/home/dongxu/kv9/target/debug/deps/libkv9_engine-b8ef1d65e69c9c84.rmeta --extern kv9_meta=/home/dongxu/kv9/target/debug/deps/libkv9_meta-1ace62268762a318.rmeta --extern kv9_raft=/home/dongxu/kv9/target/debug/deps/libkv9_raft-bad81259382e317d.rmeta --extern kv9_region=/home/dongxu/kv9/target/debug/deps/libkv9_region-56b359f9291a2e14.rmeta --extern kv9_server=/home/dongxu/kv9/target/debug/deps/libkv9_server-54b261f2a1921ae9.rmeta --extern kv9_txn=/home/dongxu/kv9/target/debug/deps/libkv9_txn-0e4ef291c0cbf88d.rmeta --extern prost=/home/dongxu/kv9/target/debug/deps/libprost-b4b714dfbbfc0b11.rmeta --extern protobuf=/home/dongxu/kv9/target/debug/deps/libprotobuf-723f9623bddcd852.rmeta --extern raft=/home/dongxu/kv9/target/debug/deps/libraft-1c1696cce66679ed.rmeta --extern serde=/home/dongxu/kv9/target/debug/deps/libserde-282c1297e2611485.rmeta --extern serde_json=/home/dongxu/kv9/target/debug/deps/libserde_json-d63e597107e390f5.rmeta --extern sha2=/home/dongxu/kv9/target/debug/deps/libsha2-b847275cdd3268e4.rmeta --extern tokio=/home/dongxu/kv9/target/debug/deps/libtokio-53298d07b0d7a8b4.rmeta --extern tokio_stream=/home/dongxu/kv9/target/debug/deps/libtokio_stream-06300146b70ec1c0.rmeta --extern tokio_util=/home/dongxu/kv9/target/debug/deps/libtokio_util-edadd7d4a510b359.rmeta --extern tonic=/home/dongxu/kv9/target/debug/deps/libtonic-3ed8a0eb339d2d2f.rmeta --extern tonic_prost=/home/dongxu/kv9/target/debug/deps/libtonic_prost-3cef16322402f4ad.rmeta -L native=/home/dongxu/kv9/target/debug/build/aws-lc-sys-3f7db2288ca72a9b/out`
     Running `/home/dongxu/.rustup/toolchains/stable-x86_64-unknown-linux-gnu/bin/clippy-driver /home/dongxu/.rustup/toolchains/stable-x86_64-unknown-linux-gnu/bin/rustc --crate-name kv9_batch_benchmark --edition=2021 crates/server/src/bin/kv9-batch-benchmark.rs --error-format=json --json=diagnostic-rendered-ansi,artifacts,future-incompat --emit=dep-info,metadata -C embed-bitcode=no -C debuginfo=2 --test --check-cfg 'cfg(docsrs,test)' --check-cfg 'cfg(feature, values("checkpoint-testing", "experimental-leader-lease", "rpc-experiment"))' -C metadata=d48da1509bbf72dc -C extra-filename=-2c15968521ca931a --out-dir /home/dongxu/kv9/target/debug/deps -C incremental=/home/dongxu/kv9/target/debug/incremental -L dependency=/home/dongxu/kv9/target/debug/deps --extern futures_util=/home/dongxu/kv9/target/debug/deps/libfutures_util-e78874ed0f7a80c2.rmeta --extern kv9_common=/home/dongxu/kv9/target/debug/deps/libkv9_common-a57ff20ed7ee8aae.rmeta --extern kv9_engine=/home/dongxu/kv9/target/debug/deps/libkv9_engine-b8ef1d65e69c9c84.rmeta --extern kv9_meta=/home/dongxu/kv9/target/debug/deps/libkv9_meta-1ace62268762a318.rmeta --extern kv9_raft=/home/dongxu/kv9/target/debug/deps/libkv9_raft-bad81259382e317d.rmeta --extern kv9_region=/home/dongxu/kv9/target/debug/deps/libkv9_region-56b359f9291a2e14.rmeta --extern kv9_server=/home/dongxu/kv9/target/debug/deps/libkv9_server-54b261f2a1921ae9.rmeta --extern kv9_txn=/home/dongxu/kv9/target/debug/deps/libkv9_txn-0e4ef291c0cbf88d.rmeta --extern prost=/home/dongxu/kv9/target/debug/deps/libprost-b4b714dfbbfc0b11.rmeta --extern protobuf=/home/dongxu/kv9/target/debug/deps/libprotobuf-723f9623bddcd852.rmeta --extern raft=/home/dongxu/kv9/target/debug/deps/libraft-1c1696cce66679ed.rmeta --extern serde=/home/dongxu/kv9/target/debug/deps/libserde-282c1297e2611485.rmeta --extern serde_json=/home/dongxu/kv9/target/debug/deps/libserde_json-d63e597107e390f5.rmeta --extern sha2=/home/dongxu/kv9/target/debug/deps/libsha2-b847275cdd3268e4.rmeta --extern tokio=/home/dongxu/kv9/target/debug/deps/libtokio-53298d07b0d7a8b4.rmeta --extern tokio_stream=/home/dongxu/kv9/target/debug/deps/libtokio_stream-06300146b70ec1c0.rmeta --extern tokio_util=/home/dongxu/kv9/target/debug/deps/libtokio_util-edadd7d4a510b359.rmeta --extern tonic=/home/dongxu/kv9/target/debug/deps/libtonic-3ed8a0eb339d2d2f.rmeta --extern tonic_prost=/home/dongxu/kv9/target/debug/deps/libtonic_prost-3cef16322402f4ad.rmeta -L native=/home/dongxu/kv9/target/debug/build/aws-lc-sys-3f7db2288ca72a9b/out`
     Running `/home/dongxu/.rustup/toolchains/stable-x86_64-unknown-linux-gnu/bin/clippy-driver /home/dongxu/.rustup/toolchains/stable-x86_64-unknown-linux-gnu/bin/rustc --crate-name latency_overhead --edition=2021 crates/server/examples/latency-overhead.rs --error-format=json --json=diagnostic-rendered-ansi,artifacts,future-incompat --crate-type bin --emit=dep-info,metadata -C embed-bitcode=no -C debuginfo=2 --check-cfg 'cfg(docsrs,test)' --check-cfg 'cfg(feature, values("checkpoint-testing", "experimental-leader-lease", "rpc-experiment"))' -C metadata=b8f3b51bf0acc978 -C extra-filename=-0a4d9a969c4be9d3 --out-dir /home/dongxu/kv9/target/debug/examples -C incremental=/home/dongxu/kv9/target/debug/incremental -L dependency=/home/dongxu/kv9/target/debug/deps --extern futures_util=/home/dongxu/kv9/target/debug/deps/libfutures_util-e78874ed0f7a80c2.rmeta --extern kv9_common=/home/dongxu/kv9/target/debug/deps/libkv9_common-a57ff20ed7ee8aae.rmeta --extern kv9_engine=/home/dongxu/kv9/target/debug/deps/libkv9_engine-b8ef1d65e69c9c84.rmeta --extern kv9_meta=/home/dongxu/kv9/target/debug/deps/libkv9_meta-1ace62268762a318.rmeta --extern kv9_raft=/home/dongxu/kv9/target/debug/deps/libkv9_raft-bad81259382e317d.rmeta --extern kv9_region=/home/dongxu/kv9/target/debug/deps/libkv9_region-56b359f9291a2e14.rmeta --extern kv9_server=/home/dongxu/kv9/target/debug/deps/libkv9_server-54b261f2a1921ae9.rmeta --extern kv9_txn=/home/dongxu/kv9/target/debug/deps/libkv9_txn-0e4ef291c0cbf88d.rmeta --extern prost=/home/dongxu/kv9/target/debug/deps/libprost-b4b714dfbbfc0b11.rmeta --extern protobuf=/home/dongxu/kv9/target/debug/deps/libprotobuf-723f9623bddcd852.rmeta --extern raft=/home/dongxu/kv9/target/debug/deps/libraft-1c1696cce66679ed.rmeta --extern serde=/home/dongxu/kv9/target/debug/deps/libserde-282c1297e2611485.rmeta --extern serde_json=/home/dongxu/kv9/target/debug/deps/libserde_json-d63e597107e390f5.rmeta --extern sha2=/home/dongxu/kv9/target/debug/deps/libsha2-b847275cdd3268e4.rmeta --extern tokio=/home/dongxu/kv9/target/debug/deps/libtokio-53298d07b0d7a8b4.rmeta --extern tokio_stream=/home/dongxu/kv9/target/debug/deps/libtokio_stream-06300146b70ec1c0.rmeta --extern tokio_util=/home/dongxu/kv9/target/debug/deps/libtokio_util-edadd7d4a510b359.rmeta --extern tonic=/home/dongxu/kv9/target/debug/deps/libtonic-3ed8a0eb339d2d2f.rmeta --extern tonic_prost=/home/dongxu/kv9/target/debug/deps/libtonic_prost-3cef16322402f4ad.rmeta -L native=/home/dongxu/kv9/target/debug/build/aws-lc-sys-3f7db2288ca72a9b/out`
     Running `/home/dongxu/.rustup/toolchains/stable-x86_64-unknown-linux-gnu/bin/clippy-driver /home/dongxu/.rustup/toolchains/stable-x86_64-unknown-linux-gnu/bin/rustc --crate-name kv9_workload --edition=2021 crates/server/src/bin/kv9-workload.rs --error-format=json --json=diagnostic-rendered-ansi,artifacts,future-incompat --emit=dep-info,metadata -C embed-bitcode=no -C debuginfo=2 --test --check-cfg 'cfg(docsrs,test)' --check-cfg 'cfg(feature, values("checkpoint-testing", "experimental-leader-lease", "rpc-experiment"))' -C metadata=433513c7f9e91ed4 -C extra-filename=-9972d196fc3370d2 --out-dir /home/dongxu/kv9/target/debug/deps -C incremental=/home/dongxu/kv9/target/debug/incremental -L dependency=/home/dongxu/kv9/target/debug/deps --extern futures_util=/home/dongxu/kv9/target/debug/deps/libfutures_util-e78874ed0f7a80c2.rmeta --extern kv9_common=/home/dongxu/kv9/target/debug/deps/libkv9_common-a57ff20ed7ee8aae.rmeta --extern kv9_engine=/home/dongxu/kv9/target/debug/deps/libkv9_engine-b8ef1d65e69c9c84.rmeta --extern kv9_meta=/home/dongxu/kv9/target/debug/deps/libkv9_meta-1ace62268762a318.rmeta --extern kv9_raft=/home/dongxu/kv9/target/debug/deps/libkv9_raft-bad81259382e317d.rmeta --extern kv9_region=/home/dongxu/kv9/target/debug/deps/libkv9_region-56b359f9291a2e14.rmeta --extern kv9_server=/home/dongxu/kv9/target/debug/deps/libkv9_server-54b261f2a1921ae9.rmeta --extern kv9_txn=/home/dongxu/kv9/target/debug/deps/libkv9_txn-0e4ef291c0cbf88d.rmeta --extern prost=/home/dongxu/kv9/target/debug/deps/libprost-b4b714dfbbfc0b11.rmeta --extern protobuf=/home/dongxu/kv9/target/debug/deps/libprotobuf-723f9623bddcd852.rmeta --extern raft=/home/dongxu/kv9/target/debug/deps/libraft-1c1696cce66679ed.rmeta --extern serde=/home/dongxu/kv9/target/debug/deps/libserde-282c1297e2611485.rmeta --extern serde_json=/home/dongxu/kv9/target/debug/deps/libserde_json-d63e597107e390f5.rmeta --extern sha2=/home/dongxu/kv9/target/debug/deps/libsha2-b847275cdd3268e4.rmeta --extern tokio=/home/dongxu/kv9/target/debug/deps/libtokio-53298d07b0d7a8b4.rmeta --extern tokio_stream=/home/dongxu/kv9/target/debug/deps/libtokio_stream-06300146b70ec1c0.rmeta --extern tokio_util=/home/dongxu/kv9/target/debug/deps/libtokio_util-edadd7d4a510b359.rmeta --extern tonic=/home/dongxu/kv9/target/debug/deps/libtonic-3ed8a0eb339d2d2f.rmeta --extern tonic_prost=/home/dongxu/kv9/target/debug/deps/libtonic_prost-3cef16322402f4ad.rmeta -L native=/home/dongxu/kv9/target/debug/build/aws-lc-sys-3f7db2288ca72a9b/out`
     Running `/home/dongxu/.rustup/toolchains/stable-x86_64-unknown-linux-gnu/bin/clippy-driver /home/dongxu/.rustup/toolchains/stable-x86_64-unknown-linux-gnu/bin/rustc --crate-name admission_pressure --edition=2021 crates/server/examples/admission-pressure.rs --error-format=json --json=diagnostic-rendered-ansi,artifacts,future-incompat --crate-type bin --emit=dep-info,metadata -C embed-bitcode=no -C debuginfo=2 --check-cfg 'cfg(docsrs,test)' --check-cfg 'cfg(feature, values("checkpoint-testing", "experimental-leader-lease", "rpc-experiment"))' -C metadata=9f65cd6dd820ff60 -C extra-filename=-dddc707c66c382e3 --out-dir /home/dongxu/kv9/target/debug/examples -C incremental=/home/dongxu/kv9/target/debug/incremental -L dependency=/home/dongxu/kv9/target/debug/deps --extern futures_util=/home/dongxu/kv9/target/debug/deps/libfutures_util-e78874ed0f7a80c2.rmeta --extern kv9_common=/home/dongxu/kv9/target/debug/deps/libkv9_common-a57ff20ed7ee8aae.rmeta --extern kv9_engine=/home/dongxu/kv9/target/debug/deps/libkv9_engine-b8ef1d65e69c9c84.rmeta --extern kv9_meta=/home/dongxu/kv9/target/debug/deps/libkv9_meta-1ace62268762a318.rmeta --extern kv9_raft=/home/dongxu/kv9/target/debug/deps/libkv9_raft-bad81259382e317d.rmeta --extern kv9_region=/home/dongxu/kv9/target/debug/deps/libkv9_region-56b359f9291a2e14.rmeta --extern kv9_server=/home/dongxu/kv9/target/debug/deps/libkv9_server-54b261f2a1921ae9.rmeta --extern kv9_txn=/home/dongxu/kv9/target/debug/deps/libkv9_txn-0e4ef291c0cbf88d.rmeta --extern prost=/home/dongxu/kv9/target/debug/deps/libprost-b4b714dfbbfc0b11.rmeta --extern protobuf=/home/dongxu/kv9/target/debug/deps/libprotobuf-723f9623bddcd852.rmeta --extern raft=/home/dongxu/kv9/target/debug/deps/libraft-1c1696cce66679ed.rmeta --extern serde=/home/dongxu/kv9/target/debug/deps/libserde-282c1297e2611485.rmeta --extern serde_json=/home/dongxu/kv9/target/debug/deps/libserde_json-d63e597107e390f5.rmeta --extern sha2=/home/dongxu/kv9/target/debug/deps/libsha2-b847275cdd3268e4.rmeta --extern tokio=/home/dongxu/kv9/target/debug/deps/libtokio-53298d07b0d7a8b4.rmeta --extern tokio_stream=/home/dongxu/kv9/target/debug/deps/libtokio_stream-06300146b70ec1c0.rmeta --extern tokio_util=/home/dongxu/kv9/target/debug/deps/libtokio_util-edadd7d4a510b359.rmeta --extern tonic=/home/dongxu/kv9/target/debug/deps/libtonic-3ed8a0eb339d2d2f.rmeta --extern tonic_prost=/home/dongxu/kv9/target/debug/deps/libtonic_prost-3cef16322402f4ad.rmeta -L native=/home/dongxu/kv9/target/debug/build/aws-lc-sys-3f7db2288ca72a9b/out`
     Running `/home/dongxu/.rustup/toolchains/stable-x86_64-unknown-linux-gnu/bin/clippy-driver /home/dongxu/.rustup/toolchains/stable-x86_64-unknown-linux-gnu/bin/rustc --crate-name workload_loopback --edition=2021 crates/server/examples/workload-loopback.rs --error-format=json --json=diagnostic-rendered-ansi,artifacts,future-incompat --crate-type bin --emit=dep-info,metadata -C embed-bitcode=no -C debuginfo=2 --check-cfg 'cfg(docsrs,test)' --check-cfg 'cfg(feature, values("checkpoint-testing", "experimental-leader-lease", "rpc-experiment"))' -C metadata=4cf9d5b655f011e8 -C extra-filename=-7f697868a829baa8 --out-dir /home/dongxu/kv9/target/debug/examples -C incremental=/home/dongxu/kv9/target/debug/incremental -L dependency=/home/dongxu/kv9/target/debug/deps --extern futures_util=/home/dongxu/kv9/target/debug/deps/libfutures_util-e78874ed0f7a80c2.rmeta --extern kv9_common=/home/dongxu/kv9/target/debug/deps/libkv9_common-a57ff20ed7ee8aae.rmeta --extern kv9_engine=/home/dongxu/kv9/target/debug/deps/libkv9_engine-b8ef1d65e69c9c84.rmeta --extern kv9_meta=/home/dongxu/kv9/target/debug/deps/libkv9_meta-1ace62268762a318.rmeta --extern kv9_raft=/home/dongxu/kv9/target/debug/deps/libkv9_raft-bad81259382e317d.rmeta --extern kv9_region=/home/dongxu/kv9/target/debug/deps/libkv9_region-56b359f9291a2e14.rmeta --extern kv9_server=/home/dongxu/kv9/target/debug/deps/libkv9_server-54b261f2a1921ae9.rmeta --extern kv9_txn=/home/dongxu/kv9/target/debug/deps/libkv9_txn-0e4ef291c0cbf88d.rmeta --extern prost=/home/dongxu/kv9/target/debug/deps/libprost-b4b714dfbbfc0b11.rmeta --extern protobuf=/home/dongxu/kv9/target/debug/deps/libprotobuf-723f9623bddcd852.rmeta --extern raft=/home/dongxu/kv9/target/debug/deps/libraft-1c1696cce66679ed.rmeta --extern serde=/home/dongxu/kv9/target/debug/deps/libserde-282c1297e2611485.rmeta --extern serde_json=/home/dongxu/kv9/target/debug/deps/libserde_json-d63e597107e390f5.rmeta --extern sha2=/home/dongxu/kv9/target/debug/deps/libsha2-b847275cdd3268e4.rmeta --extern tokio=/home/dongxu/kv9/target/debug/deps/libtokio-53298d07b0d7a8b4.rmeta --extern tokio_stream=/home/dongxu/kv9/target/debug/deps/libtokio_stream-06300146b70ec1c0.rmeta --extern tokio_util=/home/dongxu/kv9/target/debug/deps/libtokio_util-edadd7d4a510b359.rmeta --extern tonic=/home/dongxu/kv9/target/debug/deps/libtonic-3ed8a0eb339d2d2f.rmeta --extern tonic_prost=/home/dongxu/kv9/target/debug/deps/libtonic_prost-3cef16322402f4ad.rmeta -L native=/home/dongxu/kv9/target/debug/build/aws-lc-sys-3f7db2288ca72a9b/out`
     Running `/home/dongxu/.rustup/toolchains/stable-x86_64-unknown-linux-gnu/bin/clippy-driver /home/dongxu/.rustup/toolchains/stable-x86_64-unknown-linux-gnu/bin/rustc --crate-name kv9_batch_workload --edition=2021 crates/server/src/bin/kv9-batch-workload.rs --error-format=json --json=diagnostic-rendered-ansi,artifacts,future-incompat --crate-type bin --emit=dep-info,metadata -C embed-bitcode=no -C debuginfo=2 --check-cfg 'cfg(docsrs,test)' --check-cfg 'cfg(feature, values("checkpoint-testing", "experimental-leader-lease", "rpc-experiment"))' -C metadata=1f674ff538b74ab0 -C extra-filename=-9f9e5f2ee45d77e0 --out-dir /home/dongxu/kv9/target/debug/deps -C incremental=/home/dongxu/kv9/target/debug/incremental -L dependency=/home/dongxu/kv9/target/debug/deps --extern futures_util=/home/dongxu/kv9/target/debug/deps/libfutures_util-e78874ed0f7a80c2.rmeta --extern kv9_common=/home/dongxu/kv9/target/debug/deps/libkv9_common-a57ff20ed7ee8aae.rmeta --extern kv9_engine=/home/dongxu/kv9/target/debug/deps/libkv9_engine-b8ef1d65e69c9c84.rmeta --extern kv9_meta=/home/dongxu/kv9/target/debug/deps/libkv9_meta-1ace62268762a318.rmeta --extern kv9_raft=/home/dongxu/kv9/target/debug/deps/libkv9_raft-bad81259382e317d.rmeta --extern kv9_region=/home/dongxu/kv9/target/debug/deps/libkv9_region-56b359f9291a2e14.rmeta --extern kv9_server=/home/dongxu/kv9/target/debug/deps/libkv9_server-54b261f2a1921ae9.rmeta --extern kv9_txn=/home/dongxu/kv9/target/debug/deps/libkv9_txn-0e4ef291c0cbf88d.rmeta --extern prost=/home/dongxu/kv9/target/debug/deps/libprost-b4b714dfbbfc0b11.rmeta --extern serde=/home/dongxu/kv9/target/debug/deps/libserde-282c1297e2611485.rmeta --extern serde_json=/home/dongxu/kv9/target/debug/deps/libserde_json-d63e597107e390f5.rmeta --extern sha2=/home/dongxu/kv9/target/debug/deps/libsha2-b847275cdd3268e4.rmeta --extern tokio=/home/dongxu/kv9/target/debug/deps/libtokio-53298d07b0d7a8b4.rmeta --extern tokio_stream=/home/dongxu/kv9/target/debug/deps/libtokio_stream-06300146b70ec1c0.rmeta --extern tokio_util=/home/dongxu/kv9/target/debug/deps/libtokio_util-edadd7d4a510b359.rmeta --extern tonic=/home/dongxu/kv9/target/debug/deps/libtonic-3ed8a0eb339d2d2f.rmeta --extern tonic_prost=/home/dongxu/kv9/target/debug/deps/libtonic_prost-3cef16322402f4ad.rmeta -L native=/home/dongxu/kv9/target/debug/build/aws-lc-sys-3f7db2288ca72a9b/out`
     Running `/home/dongxu/.rustup/toolchains/stable-x86_64-unknown-linux-gnu/bin/clippy-driver /home/dongxu/.rustup/toolchains/stable-x86_64-unknown-linux-gnu/bin/rustc --crate-name kv9_batch_benchmark --edition=2021 crates/server/src/bin/kv9-batch-benchmark.rs --error-format=json --json=diagnostic-rendered-ansi,artifacts,future-incompat --crate-type bin --emit=dep-info,metadata -C embed-bitcode=no -C debuginfo=2 --check-cfg 'cfg(docsrs,test)' --check-cfg 'cfg(feature, values("checkpoint-testing", "experimental-leader-lease", "rpc-experiment"))' -C metadata=98d4a531799e358b -C extra-filename=-cb2898367b6fb364 --out-dir /home/dongxu/kv9/target/debug/deps -C incremental=/home/dongxu/kv9/target/debug/incremental -L dependency=/home/dongxu/kv9/target/debug/deps --extern futures_util=/home/dongxu/kv9/target/debug/deps/libfutures_util-e78874ed0f7a80c2.rmeta --extern kv9_common=/home/dongxu/kv9/target/debug/deps/libkv9_common-a57ff20ed7ee8aae.rmeta --extern kv9_engine=/home/dongxu/kv9/target/debug/deps/libkv9_engine-b8ef1d65e69c9c84.rmeta --extern kv9_meta=/home/dongxu/kv9/target/debug/deps/libkv9_meta-1ace62268762a318.rmeta --extern kv9_raft=/home/dongxu/kv9/target/debug/deps/libkv9_raft-bad81259382e317d.rmeta --extern kv9_region=/home/dongxu/kv9/target/debug/deps/libkv9_region-56b359f9291a2e14.rmeta --extern kv9_server=/home/dongxu/kv9/target/debug/deps/libkv9_server-54b261f2a1921ae9.rmeta --extern kv9_txn=/home/dongxu/kv9/target/debug/deps/libkv9_txn-0e4ef291c0cbf88d.rmeta --extern prost=/home/dongxu/kv9/target/debug/deps/libprost-b4b714dfbbfc0b11.rmeta --extern serde=/home/dongxu/kv9/target/debug/deps/libserde-282c1297e2611485.rmeta --extern serde_json=/home/dongxu/kv9/target/debug/deps/libserde_json-d63e597107e390f5.rmeta --extern sha2=/home/dongxu/kv9/target/debug/deps/libsha2-b847275cdd3268e4.rmeta --extern tokio=/home/dongxu/kv9/target/debug/deps/libtokio-53298d07b0d7a8b4.rmeta --extern tokio_stream=/home/dongxu/kv9/target/debug/deps/libtokio_stream-06300146b70ec1c0.rmeta --extern tokio_util=/home/dongxu/kv9/target/debug/deps/libtokio_util-edadd7d4a510b359.rmeta --extern tonic=/home/dongxu/kv9/target/debug/deps/libtonic-3ed8a0eb339d2d2f.rmeta --extern tonic_prost=/home/dongxu/kv9/target/debug/deps/libtonic_prost-3cef16322402f4ad.rmeta -L native=/home/dongxu/kv9/target/debug/build/aws-lc-sys-3f7db2288ca72a9b/out`
     Running `/home/dongxu/.rustup/toolchains/stable-x86_64-unknown-linux-gnu/bin/rustc --crate-name tikv_jemalloc_sys --edition=2018 /home/dongxu/.cargo/registry/src/index.crates.io-1949cf8c6b5b557f/tikv-jemalloc-sys-0.6.1+5.3.0-1-ge13ca993e8ccb9ba9847cc330696e02839f328f7/src/lib.rs --error-format=json --json=diagnostic-rendered-ansi,artifacts,future-incompat --crate-type lib --emit=dep-info,metadata -C embed-bitcode=no -C debuginfo=2 --allow=unexpected_cfgs --check-cfg 'cfg(jemallocator_docs)' --check-cfg 'cfg(prefixed)' --check-cfg 'cfg(docsrs,test)' --check-cfg 'cfg(feature, values("background_threads", "background_threads_runtime_support", "debug", "default", "disable_cache_oblivious", "disable_initial_exec_tls", "override_allocator_on_supported_platforms", "profiling", "stats", "unprefixed_malloc_on_supported_platforms"))' -C metadata=1af489c2cccb437f -C extra-filename=-361ebd967c86c546 --out-dir /home/dongxu/kv9/target/debug/deps -L dependency=/home/dongxu/kv9/target/debug/deps --extern libc=/home/dongxu/kv9/target/debug/deps/liblibc-b4b378bff0ade3d7.rmeta --cap-lints allow -L native=/home/dongxu/kv9/target/debug/build/tikv-jemalloc-sys-f69041158bf25917/out/build/lib -l static=jemalloc_pic -C link-arg=-pthread --cfg prefixed`
    Checking tikv-jemallocator v0.6.1
     Running `/home/dongxu/.rustup/toolchains/stable-x86_64-unknown-linux-gnu/bin/rustc --crate-name tikv_jemallocator --edition=2018 /home/dongxu/.cargo/registry/src/index.crates.io-1949cf8c6b5b557f/tikv-jemallocator-0.6.1/src/lib.rs --error-format=json --json=diagnostic-rendered-ansi,artifacts,future-incompat --crate-type lib --emit=dep-info,metadata -C embed-bitcode=no -C debuginfo=2 --check-cfg 'cfg(docsrs,test)' --check-cfg 'cfg(feature, values("alloc_trait", "background_threads", "background_threads_runtime_support", "debug", "default", "disable_cache_oblivious", "disable_initial_exec_tls", "override_allocator_on_supported_platforms", "profiling", "stats", "unprefixed_malloc_on_supported_platforms"))' -C metadata=b2dd7389c7c6e41b -C extra-filename=-ea0506307dc61598 --out-dir /home/dongxu/kv9/target/debug/deps -L dependency=/home/dongxu/kv9/target/debug/deps --extern libc=/home/dongxu/kv9/target/debug/deps/liblibc-b4b378bff0ade3d7.rmeta --extern tikv_jemalloc_sys=/home/dongxu/kv9/target/debug/deps/libtikv_jemalloc_sys-361ebd967c86c546.rmeta --cap-lints allow -L native=/home/dongxu/kv9/target/debug/build/tikv-jemalloc-sys-f69041158bf25917/out/build/lib`
    Checking kv9 v0.0.0 (/tmp/kv9-receipt-tail-hint-20260914-first)
     Running `/home/dongxu/.rustup/toolchains/stable-x86_64-unknown-linux-gnu/bin/clippy-driver /home/dongxu/.rustup/toolchains/stable-x86_64-unknown-linux-gnu/bin/rustc --crate-name kv9 --edition=2021 src/main.rs --error-format=json --json=diagnostic-rendered-ansi,artifacts,future-incompat --crate-type bin --emit=dep-info,metadata -C embed-bitcode=no -C debuginfo=2 --check-cfg 'cfg(docsrs,test)' --check-cfg 'cfg(feature, values("checkpoint-testing", "partition-testing", "rpc-experiment"))' -C metadata=7159d9c47776aa30 -C extra-filename=-d1739b2338d1249a --out-dir /home/dongxu/kv9/target/debug/deps -C incremental=/home/dongxu/kv9/target/debug/incremental -L dependency=/home/dongxu/kv9/target/debug/deps --extern kv9_common=/home/dongxu/kv9/target/debug/deps/libkv9_common-a57ff20ed7ee8aae.rmeta --extern kv9_engine=/home/dongxu/kv9/target/debug/deps/libkv9_engine-b8ef1d65e69c9c84.rmeta --extern kv9_meta=/home/dongxu/kv9/target/debug/deps/libkv9_meta-1ace62268762a318.rmeta --extern kv9_raft=/home/dongxu/kv9/target/debug/deps/libkv9_raft-bad81259382e317d.rmeta --extern kv9_region=/home/dongxu/kv9/target/debug/deps/libkv9_region-56b359f9291a2e14.rmeta --extern kv9_server=/home/dongxu/kv9/target/debug/deps/libkv9_server-54b261f2a1921ae9.rmeta --extern kv9_txn=/home/dongxu/kv9/target/debug/deps/libkv9_txn-0e4ef291c0cbf88d.rmeta --extern tikv_jemallocator=/home/dongxu/kv9/target/debug/deps/libtikv_jemallocator-ea0506307dc61598.rmeta -L native=/home/dongxu/kv9/target/debug/build/aws-lc-sys-3f7db2288ca72a9b/out -L native=/home/dongxu/kv9/target/debug/build/tikv-jemalloc-sys-f69041158bf25917/out/build/lib`
     Running `/home/dongxu/.rustup/toolchains/stable-x86_64-unknown-linux-gnu/bin/clippy-driver /home/dongxu/.rustup/toolchains/stable-x86_64-unknown-linux-gnu/bin/rustc --crate-name kv9 --edition=2021 src/main.rs --error-format=json --json=diagnostic-rendered-ansi,artifacts,future-incompat --emit=dep-info,metadata -C embed-bitcode=no -C debuginfo=2 --test --check-cfg 'cfg(docsrs,test)' --check-cfg 'cfg(feature, values("checkpoint-testing", "partition-testing", "rpc-experiment"))' -C metadata=2aa0a2e29eb76f45 -C extra-filename=-8fc0b3037138df94 --out-dir /home/dongxu/kv9/target/debug/deps -C incremental=/home/dongxu/kv9/target/debug/incremental -L dependency=/home/dongxu/kv9/target/debug/deps --extern kv9_common=/home/dongxu/kv9/target/debug/deps/libkv9_common-a57ff20ed7ee8aae.rmeta --extern kv9_engine=/home/dongxu/kv9/target/debug/deps/libkv9_engine-b8ef1d65e69c9c84.rmeta --extern kv9_meta=/home/dongxu/kv9/target/debug/deps/libkv9_meta-1ace62268762a318.rmeta --extern kv9_raft=/home/dongxu/kv9/target/debug/deps/libkv9_raft-bad81259382e317d.rmeta --extern kv9_region=/home/dongxu/kv9/target/debug/deps/libkv9_region-56b359f9291a2e14.rmeta --extern kv9_server=/home/dongxu/kv9/target/debug/deps/libkv9_server-54b261f2a1921ae9.rmeta --extern kv9_txn=/home/dongxu/kv9/target/debug/deps/libkv9_txn-0e4ef291c0cbf88d.rmeta --extern tikv_jemallocator=/home/dongxu/kv9/target/debug/deps/libtikv_jemallocator-ea0506307dc61598.rmeta -L native=/home/dongxu/kv9/target/debug/build/aws-lc-sys-3f7db2288ca72a9b/out -L native=/home/dongxu/kv9/target/debug/build/tikv-jemalloc-sys-f69041158bf25917/out/build/lib`
    Finished `dev` profile [unoptimized + debuginfo] target(s) in 14.00s
