
running 1 test
test mem::value_reuse::tests::retained_corpus_microbenchmark ... VALUE_REUSE_MICRO={"batches":1272,"cold_start_per_pass":false,"final_items":4096,"mean_ns":116395.85849056604,"p99_ns":333264,"pinned_snapshot":false,"reuse":false,"scope":"resident-map CPU only; not a database throughput or client latency result","total_ns":148055532,"workload":"retained_overwrite"}
VALUE_REUSE_MICRO={"batches":1272,"cold_start_per_pass":false,"final_items":4096,"mean_ns":94975.63443396226,"p99_ns":263112,"pinned_snapshot":false,"reuse":true,"scope":"resident-map CPU only; not a database throughput or client latency result","total_ns":120809007,"workload":"retained_overwrite"}
VALUE_REUSE_MICRO={"batches":1272,"cold_start_per_pass":false,"final_items":4096,"mean_ns":94725.12185534592,"p99_ns":250228,"pinned_snapshot":false,"reuse":true,"scope":"resident-map CPU only; not a database throughput or client latency result","total_ns":120490355,"workload":"retained_overwrite"}
VALUE_REUSE_MICRO={"batches":1272,"cold_start_per_pass":false,"final_items":4096,"mean_ns":99832.93710691824,"p99_ns":278902,"pinned_snapshot":false,"reuse":false,"scope":"resident-map CPU only; not a database throughput or client latency result","total_ns":126987496,"workload":"retained_overwrite"}
VALUE_REUSE_MICRO={"batches":1272,"cold_start_per_pass":false,"final_items":4096,"mean_ns":117033.37421383648,"p99_ns":305421,"pinned_snapshot":true,"reuse":false,"scope":"resident-map CPU only; not a database throughput or client latency result","total_ns":148866452,"workload":"retained_overwrite"}
VALUE_REUSE_MICRO={"batches":1272,"cold_start_per_pass":false,"final_items":4096,"mean_ns":115950.6965408805,"p99_ns":299791,"pinned_snapshot":true,"reuse":true,"scope":"resident-map CPU only; not a database throughput or client latency result","total_ns":147489286,"workload":"retained_overwrite"}
VALUE_REUSE_MICRO={"batches":1272,"cold_start_per_pass":false,"final_items":4096,"mean_ns":115505.27751572327,"p99_ns":305632,"pinned_snapshot":true,"reuse":true,"scope":"resident-map CPU only; not a database throughput or client latency result","total_ns":146922713,"workload":"retained_overwrite"}
VALUE_REUSE_MICRO={"batches":1272,"cold_start_per_pass":false,"final_items":4096,"mean_ns":116657.63993710691,"p99_ns":312755,"pinned_snapshot":true,"reuse":false,"scope":"resident-map CPU only; not a database throughput or client latency result","total_ns":148388518,"workload":"retained_overwrite"}
VALUE_REUSE_MICRO={"batches":1272,"cold_start_per_pass":true,"final_items":4096,"mean_ns":101240.38050314465,"p99_ns":268944,"pinned_snapshot":false,"reuse":false,"scope":"resident-map CPU only; not a database throughput or client latency result","total_ns":128777764,"workload":"retained_cold_start"}
VALUE_REUSE_MICRO={"batches":1272,"cold_start_per_pass":true,"final_items":4096,"mean_ns":96894.0896226415,"p99_ns":263363,"pinned_snapshot":false,"reuse":true,"scope":"resident-map CPU only; not a database throughput or client latency result","total_ns":123249282,"workload":"retained_cold_start"}
VALUE_REUSE_MICRO={"batches":1272,"cold_start_per_pass":true,"final_items":4096,"mean_ns":97739.93317610063,"p99_ns":265237,"pinned_snapshot":false,"reuse":true,"scope":"resident-map CPU only; not a database throughput or client latency result","total_ns":124325195,"workload":"retained_cold_start"}
VALUE_REUSE_MICRO={"batches":1272,"cold_start_per_pass":true,"final_items":4096,"mean_ns":103905.6289308176,"p99_ns":281176,"pinned_snapshot":false,"reuse":false,"scope":"resident-map CPU only; not a database throughput or client latency result","total_ns":132167960,"workload":"retained_cold_start"}
VALUE_REUSE_MICRO={"batches":1272,"cold_start_per_pass":true,"final_items":4096,"mean_ns":117035.17374213836,"p99_ns":314478,"pinned_snapshot":true,"reuse":false,"scope":"resident-map CPU only; not a database throughput or client latency result","total_ns":148868741,"workload":"retained_cold_start"}
VALUE_REUSE_MICRO={"batches":1272,"cold_start_per_pass":true,"final_items":4096,"mean_ns":118778.3891509434,"p99_ns":303929,"pinned_snapshot":true,"reuse":true,"scope":"resident-map CPU only; not a database throughput or client latency result","total_ns":151086111,"workload":"retained_cold_start"}
VALUE_REUSE_MICRO={"batches":1272,"cold_start_per_pass":true,"final_items":4096,"mean_ns":117585.54166666667,"p99_ns":306383,"pinned_snapshot":true,"reuse":true,"scope":"resident-map CPU only; not a database throughput or client latency result","total_ns":149568809,"workload":"retained_cold_start"}
VALUE_REUSE_MICRO={"batches":1272,"cold_start_per_pass":true,"final_items":4096,"mean_ns":117110.11556603774,"p99_ns":312766,"pinned_snapshot":true,"reuse":false,"scope":"resident-map CPU only; not a database throughput or client latency result","total_ns":148964067,"workload":"retained_cold_start"}
VALUE_REUSE_MICRO={"batches":1272,"cold_start_per_pass":true,"final_items":100096,"mean_ns":319521.9213836478,"p99_ns":962802,"pinned_snapshot":false,"reuse":false,"scope":"resident-map CPU only; not a database throughput or client latency result","total_ns":406431884,"workload":"unique_insert"}
VALUE_REUSE_MICRO={"batches":1272,"cold_start_per_pass":true,"final_items":100096,"mean_ns":347277.3081761006,"p99_ns":977289,"pinned_snapshot":false,"reuse":true,"scope":"resident-map CPU only; not a database throughput or client latency result","total_ns":441736736,"workload":"unique_insert"}
VALUE_REUSE_MICRO={"batches":1272,"cold_start_per_pass":true,"final_items":100096,"mean_ns":353268.15880503145,"p99_ns":1061256,"pinned_snapshot":false,"reuse":true,"scope":"resident-map CPU only; not a database throughput or client latency result","total_ns":449357098,"workload":"unique_insert"}
VALUE_REUSE_MICRO={"batches":1272,"cold_start_per_pass":true,"final_items":100096,"mean_ns":305289.6218553459,"p99_ns":902268,"pinned_snapshot":false,"reuse":false,"scope":"resident-map CPU only; not a database throughput or client latency result","total_ns":388328399,"workload":"unique_insert"}
VALUE_REUSE_MICRO={"batches":1272,"cold_start_per_pass":true,"final_items":100096,"mean_ns":528656.7279874213,"p99_ns":1576520,"pinned_snapshot":true,"reuse":false,"scope":"resident-map CPU only; not a database throughput or client latency result","total_ns":672451358,"workload":"unique_insert"}
VALUE_REUSE_MICRO={"batches":1272,"cold_start_per_pass":true,"final_items":100096,"mean_ns":536692.8757861635,"p99_ns":1557986,"pinned_snapshot":true,"reuse":true,"scope":"resident-map CPU only; not a database throughput or client latency result","total_ns":682673338,"workload":"unique_insert"}
VALUE_REUSE_MICRO={"batches":1272,"cold_start_per_pass":true,"final_items":100096,"mean_ns":533440.3128930818,"p99_ns":1552535,"pinned_snapshot":true,"reuse":true,"scope":"resident-map CPU only; not a database throughput or client latency result","total_ns":678536078,"workload":"unique_insert"}
VALUE_REUSE_MICRO={"batches":1272,"cold_start_per_pass":true,"final_items":100096,"mean_ns":523216.9811320755,"p99_ns":1544029,"pinned_snapshot":true,"reuse":false,"scope":"resident-map CPU only; not a database throughput or client latency result","total_ns":665532000,"workload":"unique_insert"}
ok

test result: ok. 1 passed; 0 failed; 0 ignored; 0 measured; 144 filtered out; finished in 7.80s

