PASS: retained diagnostic cohort 0 old-point-r000 c1
PASS: retained diagnostic cohort 1 new-point-r000 c1
PASS: retained diagnostic cohort 2 redis-point-r000 c1
PASS: retained diagnostic cohort 3 old-batch64-r000 c1
PASS: retained diagnostic cohort 4 new-batch64-r000 c1
PASS: retained diagnostic cohort 5 redis-batch64-r000 c1
PASS: retained diagnostic cohort 6 old-point-r000 c64
PASS: retained diagnostic cohort 7 new-point-r000 c64
PASS: retained diagnostic cohort 8 redis-point-r000 c64
PASS: retained diagnostic cohort 9 old-batch64-r000 c64
PASS: retained diagnostic cohort 10 new-batch64-r000 c64
PASS: retained diagnostic cohort 11 redis-batch64-r000 c64
PASS: retained diagnostic cohort 12 redis-batch64-r000 c64
PASS: retained diagnostic cohort 13 new-batch64-r000 c64
PASS: retained diagnostic cohort 14 old-batch64-r000 c64
PASS: retained diagnostic cohort 15 redis-point-r000 c64
PASS: retained diagnostic cohort 16 new-point-r000 c64
PASS: retained diagnostic cohort 17 old-point-r000 c64
PASS: retained diagnostic cohort 18 redis-batch64-r000 c1
PASS: retained diagnostic cohort 19 new-batch64-r000 c1
PASS: retained diagnostic cohort 20 old-batch64-r000 c1
PASS: retained diagnostic cohort 21 redis-point-r000 c1
PASS: retained diagnostic cohort 22 new-point-r000 c1
PASS: retained diagnostic cohort 23 old-point-r000 c1
PASS: twenty-four write-only v3 c1/c64 matched cohorts and exact outer restoration accepted
