RustSlicing.lean:44:90: error: unsolved goals
c : BitVec 32
b0 b1 b2 b3 b4 b5 b6 b7 : BitVec 8
⊢ sliceEntry 7 (byteAt (c ^^^ packed b0 b1 b2 b3) 0) ^^^ sliceEntry 6 (byteAt (c ^^^ packed b0 b1 b2 b3) 1) ^^^
                sliceEntry 5 (byteAt (c ^^^ packed b0 b1 b2 b3) 2) ^^^
              sliceEntry 4 (byteAt (c ^^^ packed b0 b1 b2 b3) 3) ^^^
            sliceEntry 3 b4 ^^^
          sliceEntry 2 b5 ^^^
        sliceEntry 1 b6 ^^^
      sliceEntry 0 b7 =
    sliceEntry 6 (byteAt (c ^^^ packed b0 b1 b2 b3) 0) ^^^ sliceEntry 6 (byteAt (c ^^^ packed b0 b1 b2 b3) 1) ^^^
                sliceEntry 5 (byteAt (c ^^^ packed b0 b1 b2 b3) 2) ^^^
              sliceEntry 4 (byteAt (c ^^^ packed b0 b1 b2 b3) 3) ^^^
            sliceEntry 3 b4 ^^^
          sliceEntry 2 b5 ^^^
        sliceEntry 1 b6 ^^^
      sliceEntry 0 b7
RustSlicing.lean:47:4: error: This simp argument is unused:
  compiled_slice_entry 7 (by decide)

Hint: Omit it from the simp argument list.
  [apply] simp only [sliceBlock, compiledSliceBlock, compiled_slice_entry 6 (by decide),
    compiled_slice_entry 5 (by decide), compiled_slice_entry 4 (by decide), compiled_slice_entry 3 (by decide),
    compiled_slice_entry 2 (by decide), compiled_slice_entry 1 (by decide), compiled_slice_entry 0 (by decide)]

Note: This linter can be disabled with `set_option linter.unusedSimpArgs false`
'Kv9.CRC32.compiled_slicing_rows' does not depend on any axioms
'Kv9.CRC32.compiled_slicing_columns' depends on axioms: [propext]
'Kv9.CRC32.compiled_slicing_entries' depends on axioms: [propext, Quot.sound]
'Kv9.CRC32.compiled_slice_entry' depends on axioms: [propext, Quot.sound]
'Kv9.CRC32.compiled_block_transition' depends on axioms: [propext, sorryAx, Classical.choice, Quot.sound]
'Kv9.CRC32.compiled_slicing_list_equivalence' depends on axioms: [propext, sorryAx, Classical.choice, Quot.sound]
'Kv9.CRC32.compiled_slicing_parts_equivalence' depends on axioms: [propext, sorryAx, Classical.choice, Quot.sound]
'Kv9.CRC32.compiled_slicing_checksum_equivalence' depends on axioms: [propext, sorryAx, Classical.choice, Quot.sound]
'Kv9.CRC32.compiled_slicing_fragmentation_invariant' depends on axioms: [propext, sorryAx, Classical.choice, Quot.sound]
