    Removing /home/dongxu/kv9/target/release/kv9
    Removing /home/dongxu/kv9/target/release/kv9.d
    Removing /home/dongxu/kv9/target/release/kv9-batch-workload
    Removing /home/dongxu/kv9/target/release/kv9-batch-workload.d
    Removing /home/dongxu/kv9/target/release/.fingerprint/kv9-6fcf2662c62208d1
    Removing /home/dongxu/kv9/target/release/deps/kv9-6fcf2662c62208d1.d
    Removing /home/dongxu/kv9/target/release/deps/kv9-6fcf2662c62208d1
    Removing /home/dongxu/kv9/target/release/.fingerprint/kv9-common-256e539b8af1ba35
    Removing /home/dongxu/kv9/target/release/deps/libkv9_common-256e539b8af1ba35.rlib
    Removing /home/dongxu/kv9/target/release/deps/libkv9_common-256e539b8af1ba35.rmeta
    Removing /home/dongxu/kv9/target/release/deps/kv9_common-256e539b8af1ba35.d
    Removing /home/dongxu/kv9/target/release/.fingerprint/kv9-engine-a138971bf33a8003
    Removing /home/dongxu/kv9/target/release/deps/libkv9_engine-a138971bf33a8003.rlib
    Removing /home/dongxu/kv9/target/release/deps/libkv9_engine-a138971bf33a8003.rmeta
    Removing /home/dongxu/kv9/target/release/deps/kv9_engine-a138971bf33a8003.d
    Removing /home/dongxu/kv9/target/release/.fingerprint/kv9-meta-ae2e043020e88854
    Removing /home/dongxu/kv9/target/release/.fingerprint/kv9-meta-b2365b94bd07fe3b
    Removing /home/dongxu/kv9/target/release/deps/libkv9_meta-b2365b94bd07fe3b.rlib
    Removing /home/dongxu/kv9/target/release/deps/libkv9_meta-ae2e043020e88854.rlib
    Removing /home/dongxu/kv9/target/release/deps/libkv9_meta-ae2e043020e88854.rmeta
    Removing /home/dongxu/kv9/target/release/deps/libkv9_meta-b2365b94bd07fe3b.rmeta
    Removing /home/dongxu/kv9/target/release/deps/kv9_meta-ae2e043020e88854.d
    Removing /home/dongxu/kv9/target/release/deps/kv9_meta-b2365b94bd07fe3b.d
    Removing /home/dongxu/kv9/target/release/.fingerprint/kv9-raft-b7f012c21c8c3b78
    Removing /home/dongxu/kv9/target/release/.fingerprint/kv9-raft-bf84395ec00d62d7
    Removing /home/dongxu/kv9/target/release/.fingerprint/kv9-raft-3185f1218bc56729
    Removing /home/dongxu/kv9/target/release/.fingerprint/kv9-raft-e654441b3b467806
    Removing /home/dongxu/kv9/target/release/.fingerprint/kv9-raft-90dbbd8859ac76b1
    Removing /home/dongxu/kv9/target/release/.fingerprint/kv9-raft-951de3ace5b1ddd6
    Removing /home/dongxu/kv9/target/release/deps/libkv9_raft-b7f012c21c8c3b78.rlib
    Removing /home/dongxu/kv9/target/release/deps/libkv9_raft-e654441b3b467806.rlib
    Removing /home/dongxu/kv9/target/release/deps/libkv9_raft-b7f012c21c8c3b78.rmeta
    Removing /home/dongxu/kv9/target/release/deps/libkv9_raft-e654441b3b467806.rmeta
    Removing /home/dongxu/kv9/target/release/deps/kv9_raft-e654441b3b467806.d
    Removing /home/dongxu/kv9/target/release/deps/kv9_raft-b7f012c21c8c3b78.d
    Removing /home/dongxu/kv9/target/release/build/kv9-raft-bf84395ec00d62d7
    Removing /home/dongxu/kv9/target/release/build/kv9-raft-3185f1218bc56729
    Removing /home/dongxu/kv9/target/release/build/kv9-raft-90dbbd8859ac76b1
    Removing /home/dongxu/kv9/target/release/build/kv9-raft-951de3ace5b1ddd6
    Removing /home/dongxu/kv9/target/release/.fingerprint/kv9-region-0da7e9ad7390124c
    Removing /home/dongxu/kv9/target/release/.fingerprint/kv9-region-35b7efff56aa0737
    Removing /home/dongxu/kv9/target/release/deps/libkv9_region-35b7efff56aa0737.rlib
    Removing /home/dongxu/kv9/target/release/deps/libkv9_region-0da7e9ad7390124c.rlib
    Removing /home/dongxu/kv9/target/release/deps/libkv9_region-35b7efff56aa0737.rmeta
    Removing /home/dongxu/kv9/target/release/deps/libkv9_region-0da7e9ad7390124c.rmeta
    Removing /home/dongxu/kv9/target/release/deps/kv9_region-0da7e9ad7390124c.d
    Removing /home/dongxu/kv9/target/release/deps/kv9_region-35b7efff56aa0737.d
    Removing /home/dongxu/kv9/target/release/.fingerprint/kv9-server-103ec45c10763daf
    Removing /home/dongxu/kv9/target/release/.fingerprint/kv9-server-82e47e5d99235fff
    Removing /home/dongxu/kv9/target/release/.fingerprint/kv9-server-c7633d499c27a672
    Removing /home/dongxu/kv9/target/release/.fingerprint/kv9-server-8fd92e79a9943b7f
    Removing /home/dongxu/kv9/target/release/.fingerprint/kv9-server-18898ef7238a6e9e
    Removing /home/dongxu/kv9/target/release/.fingerprint/kv9-server-d5f2bc1cbcad164e
    Removing /home/dongxu/kv9/target/release/.fingerprint/kv9-server-0c003635b09f4052
    Removing /home/dongxu/kv9/target/release/deps/libkv9_server-18898ef7238a6e9e.rlib
    Removing /home/dongxu/kv9/target/release/deps/libkv9_server-d5f2bc1cbcad164e.rlib
    Removing /home/dongxu/kv9/target/release/deps/libkv9_server-d5f2bc1cbcad164e.rmeta
    Removing /home/dongxu/kv9/target/release/deps/libkv9_server-18898ef7238a6e9e.rmeta
    Removing /home/dongxu/kv9/target/release/deps/kv9_server-d5f2bc1cbcad164e.d
    Removing /home/dongxu/kv9/target/release/deps/kv9_server-18898ef7238a6e9e.d
    Removing /home/dongxu/kv9/target/release/deps/kv9_batch_workload-c7633d499c27a672.d
    Removing /home/dongxu/kv9/target/release/deps/kv9_batch_workload-c7633d499c27a672
    Removing /home/dongxu/kv9/target/release/build/kv9-server-103ec45c10763daf
    Removing /home/dongxu/kv9/target/release/build/kv9-server-82e47e5d99235fff
    Removing /home/dongxu/kv9/target/release/build/kv9-server-8fd92e79a9943b7f
    Removing /home/dongxu/kv9/target/release/build/kv9-server-0c003635b09f4052
    Removing /home/dongxu/kv9/target/release/.fingerprint/kv9-txn-73e36447a281a541
    Removing /home/dongxu/kv9/target/release/.fingerprint/kv9-txn-731d723f8417c1e0
    Removing /home/dongxu/kv9/target/release/deps/libkv9_txn-73e36447a281a541.rlib
    Removing /home/dongxu/kv9/target/release/deps/libkv9_txn-731d723f8417c1e0.rlib
    Removing /home/dongxu/kv9/target/release/deps/libkv9_txn-73e36447a281a541.rmeta
    Removing /home/dongxu/kv9/target/release/deps/libkv9_txn-731d723f8417c1e0.rmeta
    Removing /home/dongxu/kv9/target/release/deps/kv9_txn-731d723f8417c1e0.d
    Removing /home/dongxu/kv9/target/release/deps/kv9_txn-73e36447a281a541.d
     Removed 158 files, 184.0MiB total
