PASS: retained diagnostic cohort 0 old-point-r000 c1
PASS: retained diagnostic cohort 1 new-point-r000 c1
PASS: retained diagnostic cohort 2 redis-point-r000 c1
PASS: retained diagnostic cohort 3 old-point-r050 c1
PASS: retained diagnostic cohort 4 new-point-r050 c1
PASS: retained diagnostic cohort 5 redis-point-r050 c1
PASS: retained diagnostic cohort 6 old-point-r100 c1
PASS: retained diagnostic cohort 7 new-point-r100 c1
PASS: retained diagnostic cohort 8 redis-point-r100 c1
PASS: retained diagnostic cohort 9 old-batch64-r000 c1
PASS: retained diagnostic cohort 10 new-batch64-r000 c1
PASS: retained diagnostic cohort 11 redis-batch64-r000 c1
PASS: retained diagnostic cohort 12 old-batch64-r050 c1
PASS: retained diagnostic cohort 13 new-batch64-r050 c1
PASS: retained diagnostic cohort 14 redis-batch64-r050 c1
PASS: retained diagnostic cohort 15 old-batch64-r100 c1
PASS: retained diagnostic cohort 16 new-batch64-r100 c1
PASS: retained diagnostic cohort 17 redis-batch64-r100 c1
PASS: retained diagnostic cohort 18 old-point-r000 c64
PASS: retained diagnostic cohort 19 new-point-r000 c64
PASS: retained diagnostic cohort 20 redis-point-r000 c64
PASS: retained diagnostic cohort 21 old-point-r050 c64
PASS: retained diagnostic cohort 22 new-point-r050 c64
PASS: retained diagnostic cohort 23 redis-point-r050 c64
PASS: retained diagnostic cohort 24 old-point-r100 c64
PASS: retained diagnostic cohort 25 new-point-r100 c64
PASS: retained diagnostic cohort 26 redis-point-r100 c64
PASS: retained diagnostic cohort 27 old-batch64-r000 c64
PASS: retained diagnostic cohort 28 new-batch64-r000 c64
PASS: retained diagnostic cohort 29 redis-batch64-r000 c64
PASS: retained diagnostic cohort 30 old-batch64-r050 c64
PASS: retained diagnostic cohort 31 new-batch64-r050 c64
PASS: retained diagnostic cohort 32 redis-batch64-r050 c64
PASS: retained diagnostic cohort 33 old-batch64-r100 c64
PASS: retained diagnostic cohort 34 new-batch64-r100 c64
PASS: retained diagnostic cohort 35 redis-batch64-r100 c64
PASS: retained diagnostic cohort 36 redis-batch64-r100 c64
PASS: retained diagnostic cohort 37 new-batch64-r100 c64
PASS: retained diagnostic cohort 38 old-batch64-r100 c64
PASS: retained diagnostic cohort 39 redis-batch64-r050 c64
PASS: retained diagnostic cohort 40 new-batch64-r050 c64
PASS: retained diagnostic cohort 41 old-batch64-r050 c64
PASS: retained diagnostic cohort 42 redis-batch64-r000 c64
PASS: retained diagnostic cohort 43 new-batch64-r000 c64
PASS: retained diagnostic cohort 44 old-batch64-r000 c64
PASS: retained diagnostic cohort 45 redis-point-r100 c64
PASS: retained diagnostic cohort 46 new-point-r100 c64
PASS: retained diagnostic cohort 47 old-point-r100 c64
PASS: retained diagnostic cohort 48 redis-point-r050 c64
PASS: retained diagnostic cohort 49 new-point-r050 c64
PASS: retained diagnostic cohort 50 old-point-r050 c64
PASS: retained diagnostic cohort 51 redis-point-r000 c64
PASS: retained diagnostic cohort 52 new-point-r000 c64
PASS: retained diagnostic cohort 53 old-point-r000 c64
PASS: retained diagnostic cohort 54 redis-batch64-r100 c1
PASS: retained diagnostic cohort 55 new-batch64-r100 c1
PASS: retained diagnostic cohort 56 old-batch64-r100 c1
PASS: retained diagnostic cohort 57 redis-batch64-r050 c1
PASS: retained diagnostic cohort 58 new-batch64-r050 c1
PASS: retained diagnostic cohort 59 old-batch64-r050 c1
PASS: retained diagnostic cohort 60 redis-batch64-r000 c1
PASS: retained diagnostic cohort 61 new-batch64-r000 c1
PASS: retained diagnostic cohort 62 old-batch64-r000 c1
PASS: retained diagnostic cohort 63 redis-point-r100 c1
PASS: retained diagnostic cohort 64 new-point-r100 c1
PASS: retained diagnostic cohort 65 old-point-r100 c1
PASS: retained diagnostic cohort 66 redis-point-r050 c1
PASS: retained diagnostic cohort 67 new-point-r050 c1
PASS: retained diagnostic cohort 68 old-point-r050 c1
PASS: retained diagnostic cohort 69 redis-point-r000 c1
PASS: retained diagnostic cohort 70 new-point-r000 c1
PASS: retained diagnostic cohort 71 old-point-r000 c1
PASS: seventy-two v3 c1/c64 matched cohorts and exact outer restoration accepted
