PASS: retained diagnostic cohort 0 old-point c1
PASS: retained diagnostic cohort 1 old-batch1 c1
PASS: retained diagnostic cohort 2 new-point c1
PASS: retained diagnostic cohort 3 new-batch1 c1
PASS: retained diagnostic cohort 4 redis-mget1 c1
PASS: retained diagnostic cohort 5 redis-get1 c1
PASS: retained diagnostic cohort 6 old-point c64
PASS: retained diagnostic cohort 7 old-batch1 c64
PASS: retained diagnostic cohort 8 new-point c64
PASS: retained diagnostic cohort 9 new-batch1 c64
PASS: retained diagnostic cohort 10 redis-mget1 c64
PASS: retained diagnostic cohort 11 redis-get1 c64
PASS: retained diagnostic cohort 12 redis-get1 c64
PASS: retained diagnostic cohort 13 redis-mget1 c64
PASS: retained diagnostic cohort 14 new-batch1 c64
PASS: retained diagnostic cohort 15 new-point c64
PASS: retained diagnostic cohort 16 old-batch1 c64
PASS: retained diagnostic cohort 17 old-point c64
PASS: retained diagnostic cohort 18 redis-get1 c1
PASS: retained diagnostic cohort 19 redis-mget1 c1
PASS: retained diagnostic cohort 20 new-batch1 c1
PASS: retained diagnostic cohort 21 new-point c1
PASS: retained diagnostic cohort 22 old-batch1 c1
PASS: retained diagnostic cohort 23 old-point c1
PASS: retained diagnostic cohort 24 redis-get1 c64
PASS: retained diagnostic cohort 25 redis-mget1 c64
PASS: retained diagnostic cohort 26 new-batch1 c64
PASS: retained diagnostic cohort 27 new-point c64
PASS: retained diagnostic cohort 28 old-batch1 c64
PASS: retained diagnostic cohort 29 old-point c64
PASS: retained diagnostic cohort 30 redis-get1 c1
PASS: retained diagnostic cohort 31 redis-mget1 c1
PASS: retained diagnostic cohort 32 new-batch1 c1
PASS: retained diagnostic cohort 33 new-point c1
PASS: retained diagnostic cohort 34 old-batch1 c1
PASS: retained diagnostic cohort 35 old-point c1
PASS: retained diagnostic cohort 36 old-point c1
PASS: retained diagnostic cohort 37 old-batch1 c1
PASS: retained diagnostic cohort 38 new-point c1
PASS: retained diagnostic cohort 39 new-batch1 c1
PASS: retained diagnostic cohort 40 redis-mget1 c1
PASS: retained diagnostic cohort 41 redis-get1 c1
PASS: retained diagnostic cohort 42 old-point c64
PASS: retained diagnostic cohort 43 old-batch1 c64
PASS: retained diagnostic cohort 44 new-point c64
PASS: retained diagnostic cohort 45 new-batch1 c64
PASS: retained diagnostic cohort 46 redis-mget1 c64
PASS: retained diagnostic cohort 47 redis-get1 c64
PASS: forty-eight c1/c64 matched cohorts and exact outer restoration accepted
